NATIVE REVIEW project=/var/folders/jx/ps1h62vx3gdgly_ddwly4mqr0000gn/T/voxy-native-editor-review-8488-1790968181526813000 pid=8488
METAL WINDOW number=25471 occlusion=8192 visible=true miniaturized=false key=false
EDITOR PRESENT frames=0 draws=0 outcome=SkippedOccluded positions=[(NodeId { scene: 1, slot: 0, generation: 0 }, Vec4(0.0, 0.0, 0.5, 1.0))]
EDITOR WINDOW event=Resized(PhysicalSize { width: 1280, height: 1360 }) visible=Some(true) focused=Some(false)
EDITOR WINDOW event=Resized(PhysicalSize { width: 1280, height: 1360 }) visible=Some(true) focused=Some(false)
EDITOR WINDOW event=Focused(false) visible=Some(true) focused=Some(false)
EDITOR WINDOW event=Focused(true) visible=Some(true) focused=Some(true)
EDITOR WINDOW event=Occluded(false) visible=Some(true) focused=Some(true)
MODEL PUBLISHED frames=0 first_x=0 asset=model.vmodel
LOD DRAW view=0 asset=model.vmodel level=Some(1) triangles=256 viewport=[1280, 1360]
METAL WINDOW number=25471 occlusion=8194 visible=true miniaturized=false key=true
EDITOR PRESENT frames=0 draws=3 outcome=Presented positions=[(NodeId { scene: 1, slot: 0, generation: 0 }, Vec4(0.0, 0.0, 0.5, 1.0))]
LOD NATIVE SNAPSHOT PASS frames=3 owners=1
LOD NATIVE FAR PASS frames=3 levels=[1] bytes=34076
LOD DRAW view=0 asset=model.vmodel level=Some(0) triangles=512 viewport=[1280, 1360]
LOD NATIVE SNAPSHOT PASS frames=6 owners=1
GPU MODEL DEFERRED asset=model.vmodel error=GPU geometry budget exceeded: live=31812 additional=31004 limit=0
LOD NATIVE NEAR AND LAST GOOD PASS frames=6 levels=[0]
LOD DRAW view=0 asset=model.vmodel level=Some(0) triangles=512 viewport=[1280, 1360]
LOD NATIVE SNAPSHOT PASS frames=9 owners=1
LOD NATIVE BUDGET RECOVERY PASS frames=9
LOD NATIVE PRESENTED AFTER FAILURE PASS frames=9
