warning: unexpected `cfg` condition value: `nightly`
 --> crates/physics/src/biomechanics/mod.rs:5:7
  |
5 | #[cfg(feature = "nightly")]
  |       ^^^^^^^^^^^^^^^^^^^ help: remove the condition
  |
  = note: no expected values for `feature`
  = help: consider adding `nightly` as a feature in `Cargo.toml`
  = note: see <https://doc.rust-lang.org/nightly/rustc/check-cfg/cargo-specifics.html> for more information about checking conditional configuration
  = note: `#[warn(unexpected_cfgs)]` on by default

warning: unexpected `cfg` condition value: `nightly`
   --> crates/physics/src/biomechanics/mod.rs:891:7
    |
891 | #[cfg(feature = "nightly")]
    |       ^^^^^^^^^^^^^^^^^^^ help: remove the condition
    |
    = note: no expected values for `feature`
    = help: consider adding `nightly` as a feature in `Cargo.toml`
    = note: see <https://doc.rust-lang.org/nightly/rustc/check-cfg/cargo-specifics.html> for more information about checking conditional configuration

warning: `physics` (lib test) generated 2 warnings
    Finished `release` profile [optimized] target(s) in 0.20s
     Running unittests src/lib.rs (/tmp/voxy-release-120fps-20261007/release/deps/physics-b8ab5053a74b0b10)

running 5 tests
test skin::shell::objective_tests::benchmark_objective_evaluations ... ignored, manual release performance measurement
test skin::contact::broadphase_tests::bounding_box_never_discards_an_active_closest_feature ... ok
test skin::shell::objective_tests::contiguous_hessian_rows_preserve_operator_bits ... ok
test skin::shell::objective_tests::scalar_objective_matches_full_derivatives_with_history_and_contacts ... ok
test skin::shell::objective_tests::parallel_elements_preserve_derivatives_and_integrated_state_exactly ... ok

test result: ok. 4 passed; 0 failed; 1 ignored; 0 measured; 150 filtered out; finished in 0.07s

