
running 1 test
PHYSICAL_BODY_ERROR (0, 0.0, 0, [65536.259765625, 2.5, -3.125], [1.025679108869894e-9, 9.605114005615093e-10, 9.55463630239304e-10], 2.941654139670708e-9)
PHYSICAL_BODY_ERROR (0, 0.0, 1, [65536.259765625, 2.5, -2.875], [1.025679108869894e-9, 9.605114005615093e-10, 9.55463630239304e-10], 2.941654139670708e-9)
PHYSICAL_BODY_ERROR (0, 0.0, 2, [65535.759765625, 2.5, -3.125], [1.025679108869894e-9, 9.605114005615093e-10, 9.55463630239304e-10], 2.941654139670708e-9)
PHYSICAL_BODY_ERROR (0, 0.0, 3, [65535.759765625, 2.5, -2.875], [1.025679108869894e-9, 9.605114005615093e-10, 9.55463630239304e-10], 2.941654139670708e-9)
PHYSICAL_BODY_ERROR (0, 0.0, 4, [65536.259765625, 1.5, -3.125], [1.025679108869894e-9, 9.605114005615093e-10, 9.55463630239304e-10], 2.941654139670708e-9)
PHYSICAL_BODY_ERROR (0, 0.0, 5, [65536.259765625, 1.5, -2.875], [1.025679108869894e-9, 9.605114005615093e-10, 9.55463630239304e-10], 2.941654139670708e-9)
PHYSICAL_BODY_ERROR (0, 0.0, 6, [65535.759765625, 1.5, -3.125], [1.025679108869894e-9, 9.605114005615093e-10, 9.55463630239304e-10], 2.941654139670708e-9)
PHYSICAL_BODY_ERROR (0, 0.0, 7, [65535.759765625, 1.5, -2.875], [1.025679108869894e-9, 9.605114005615093e-10, 9.55463630239304e-10], 2.941654139670708e-9)
PHYSICAL_BODY_ERROR (0, 0.1, 0, [65536.37366588606, 2.5, -3.1686362000512136], [1.025679108869894e-9, 9.605114005615093e-10, 9.55463630239304e-10], 2.941654139670708e-9)
PHYSICAL_BODY_ERROR (0, 0.1, 1, [65536.3649176724, 2.5, -2.9187893094203416], [1.025679108869894e-9, 9.605114005615093e-10, 9.55463630239304e-10], 2.941654139670708e-9)
PHYSICAL_BODY_ERROR (0, 0.1, 2, [65535.87397210479, 2.5, -3.186132627353382], [1.025679108869894e-9, 9.605114005615093e-10, 9.55463630239304e-10], 2.941654139670708e-9)
PHYSICAL_BODY_ERROR (0, 0.1, 3, [65535.86522389114, 2.5, -2.93628573672251], [1.025679108869894e-9, 9.605114005615093e-10, 9.55463630239304e-10], 2.941654139670708e-9)
PHYSICAL_BODY_ERROR (0, 0.1, 4, [65536.37366588606, 1.5, -3.1686362000512136], [1.025679108869894e-9, 9.605114005615093e-10, 9.55463630239304e-10], 2.941654139670708e-9)
PHYSICAL_BODY_ERROR (0, 0.1, 5, [65536.3649176724, 1.5, -2.9187893094203416], [1.025679108869894e-9, 9.605114005615093e-10, 9.55463630239304e-10], 2.941654139670708e-9)
PHYSICAL_BODY_ERROR (0, 0.1, 6, [65535.87397210479, 1.5, -3.186132627353382], [1.025679108869894e-9, 9.605114005615093e-10, 9.55463630239304e-10], 2.941654139670708e-9)
PHYSICAL_BODY_ERROR (0, 0.1, 7, [65535.86522389114, 1.5, -2.93628573672251], [1.025679108869894e-9, 9.605114005615093e-10, 9.55463630239304e-10], 2.941654139670708e-9)
PHYSICAL_BODY_ERROR (0, 0.5, 0, [65536.8424180458, 2.5, -3.302596385466526], [1.025679108869894e-9, 9.605114005615093e-10, 9.55463630239304e-10], 2.941654139670708e-9)
PHYSICAL_BODY_ERROR (0, 0.5, 1, [65536.7988910114, 2.5, -3.056414750740293], [1.025679108869894e-9, 9.605114005615093e-10, 9.55463630239304e-10], 2.941654139670708e-9)
PHYSICAL_BODY_ERROR (0, 0.5, 2, [65536.35005477634, 2.5, -3.389650454263324], [1.025679108869894e-9, 9.605114005615093e-10, 9.55463630239304e-10], 2.941654139670708e-9)
PHYSICAL_BODY_ERROR (0, 0.5, 3, [65536.30652774195, 2.5, -3.1434688195370906], [1.025679108869894e-9, 9.605114005615093e-10, 9.55463630239304e-10], 2.941654139670708e-9)
PHYSICAL_BODY_ERROR (0, 0.5, 4, [65536.8424180458, 1.5, -3.302596385466526], [1.025679108869894e-9, 9.605114005615093e-10, 9.55463630239304e-10], 2.941654139670708e-9)
PHYSICAL_BODY_ERROR (0, 0.5, 5, [65536.7988910114, 1.5, -3.056414750740293], [1.025679108869894e-9, 9.605114005615093e-10, 9.55463630239304e-10], 2.941654139670708e-9)
PHYSICAL_BODY_ERROR (0, 0.5, 6, [65536.35005477634, 1.5, -3.389650454263324], [1.025679108869894e-9, 9.605114005615093e-10, 9.55463630239304e-10], 2.941654139670708e-9)
PHYSICAL_BODY_ERROR (0, 0.5, 7, [65536.30652774195, 1.5, -3.1434688195370906], [1.025679108869894e-9, 9.605114005615093e-10, 9.55463630239304e-10], 2.941654139670708e-9)
PHYSICAL_BODY_ERROR (0, 0.875, 0, [65537.2948631013, 2.5, -3.367618667814217], [1.025679108869894e-9, 9.605114005615093e-10, 9.55463630239304e-10], 2.941654139670708e-9)
PHYSICAL_BODY_ERROR (0, 0.875, 1, [65537.21949178906, 2.5, -3.129250957563309], [1.025679108869894e-9, 9.605114005615093e-10, 9.55463630239304e-10], 2.941654139670708e-9)
PHYSICAL_BODY_ERROR (0, 0.875, 2, [65536.8181276808, 2.5, -3.518361292306948], [1.025679108869894e-9, 9.605114005615093e-10, 9.55463630239304e-10], 2.941654139670708e-9)
PHYSICAL_BODY_ERROR (0, 0.875, 3, [65536.74275636856, 2.5, -3.27999358205604], [1.025679108869894e-9, 9.605114005615093e-10, 9.55463630239304e-10], 2.941654139670708e-9)
PHYSICAL_BODY_ERROR (0, 0.875, 4, [65537.2948631013, 1.5, -3.3676186678142175], [1.025679108869894e-9, 9.605114005615093e-10, 9.55463630239304e-10], 2.941654139670708e-9)
PHYSICAL_BODY_ERROR (0, 0.875, 5, [65537.21949178906, 1.5, -3.1292509575633094], [1.025679108869894e-9, 9.605114005615093e-10, 9.55463630239304e-10], 2.941654139670708e-9)
PHYSICAL_BODY_ERROR (0, 0.875, 6, [65536.8181276808, 1.5, -3.5183612923069485], [1.025679108869894e-9, 9.605114005615093e-10, 9.55463630239304e-10], 2.941654139670708e-9)
PHYSICAL_BODY_ERROR (0, 0.875, 7, [65536.74275636856, 1.5, -3.2799935820560404], [1.025679108869894e-9, 9.605114005615093e-10, 9.55463630239304e-10], 2.941654139670708e-9)
PHYSICAL_BODY_ERROR (0, 1.0, 0, [65537.44709232343, 2.5, -3.37603573160042], [1.025679108869894e-9, 9.605114005615093e-10, 9.55463630239304e-10], 2.941654139670708e-9)
PHYSICAL_BODY_ERROR (0, 1.0, 1, [65537.36136787156, 2.5, -3.1411925533885756], [1.025679108869894e-9, 9.605114005615093e-10, 9.55463630239304e-10], 2.941654139670708e-9)
PHYSICAL_BODY_ERROR (0, 1.0, 2, [65536.977405967, 2.5, -3.547484635328146], [1.025679108869894e-9, 9.605114005615093e-10, 9.55463630239304e-10], 2.941654139670708e-9)
PHYSICAL_BODY_ERROR (0, 1.0, 3, [65536.89168151513, 2.5, -3.312641457116301], [1.025679108869894e-9, 9.605114005615093e-10, 9.55463630239304e-10], 2.941654139670708e-9)
PHYSICAL_BODY_ERROR (0, 1.0, 4, [65537.44709232343, 1.5, -3.3760357316004206], [1.025679108869894e-9, 9.605114005615093e-10, 9.55463630239304e-10], 2.941654139670708e-9)
PHYSICAL_BODY_ERROR (0, 1.0, 5, [65537.36136787156, 1.5, -3.1411925533885756], [1.025679108869894e-9, 9.605114005615093e-10, 9.55463630239304e-10], 2.941654139670708e-9)
PHYSICAL_BODY_ERROR (0, 1.0, 6, [65536.977405967, 1.5, -3.547484635328146], [1.025679108869894e-9, 9.605114005615093e-10, 9.55463630239304e-10], 2.941654139670708e-9)
PHYSICAL_BODY_ERROR (0, 1.0, 7, [65536.89168151513, 1.5, -3.3126414571163014], [1.025679108869894e-9, 9.605114005615093e-10, 9.55463630239304e-10], 2.941654139670708e-9)
PHYSICAL_BODY_ERROR (1, 0.0, 0, [65537.44709232343, 2.5, -3.37603573160042], [1.025679108869894e-9, 9.605114005615093e-10, 9.55463630239304e-10], 2.941654139670708e-9)
PHYSICAL_BODY_ERROR (1, 0.0, 1, [65537.36136787156, 2.5, -3.1411925533885756], [1.025679108869894e-9, 9.605114005615093e-10, 9.55463630239304e-10], 2.941654139670708e-9)
PHYSICAL_BODY_ERROR (1, 0.0, 2, [65536.977405967, 2.5, -3.547484635328146], [1.025679108869894e-9, 9.605114005615093e-10, 9.55463630239304e-10], 2.941654139670708e-9)
PHYSICAL_BODY_ERROR (1, 0.0, 3, [65536.89168151513, 2.5, -3.312641457116301], [1.025679108869894e-9, 9.605114005615093e-10, 9.55463630239304e-10], 2.941654139670708e-9)
PHYSICAL_BODY_ERROR (1, 0.0, 4, [65537.44709232343, 1.5, -3.3760357316004206], [1.025679108869894e-9, 9.605114005615093e-10, 9.55463630239304e-10], 2.941654139670708e-9)
PHYSICAL_BODY_ERROR (1, 0.0, 5, [65537.36136787156, 1.5, -3.1411925533885756], [1.025679108869894e-9, 9.605114005615093e-10, 9.55463630239304e-10], 2.941654139670708e-9)
PHYSICAL_BODY_ERROR (1, 0.0, 6, [65536.977405967, 1.5, -3.547484635328146], [1.025679108869894e-9, 9.605114005615093e-10, 9.55463630239304e-10], 2.941654139670708e-9)
PHYSICAL_BODY_ERROR (1, 0.0, 7, [65536.89168151513, 1.5, -3.3126414571163014], [1.025679108869894e-9, 9.605114005615093e-10, 9.55463630239304e-10], 2.941654139670708e-9)
PHYSICAL_BODY_ERROR (1, 0.1, 0, [65537.44709232343, 2.5217772171975015, -3.3608721181526207], [1.025679108869894e-9, 9.605114005615093e-10, 9.55463630239304e-10], 2.941654139670708e-9)
PHYSICAL_BODY_ERROR (1, 0.1, 1, [65537.36136787156, 2.5182547016221255, -3.1260553593029563], [1.025679108869894e-9, 9.605114005615093e-10, 9.55463630239304e-10], 2.941654139670708e-9)
PHYSICAL_BODY_ERROR (1, 0.1, 2, [65536.977405967, 2.524348854314494, -3.5323017342403245], [1.025679108869894e-9, 9.605114005615093e-10, 9.55463630239304e-10], 2.941654139670708e-9)
PHYSICAL_BODY_ERROR (1, 0.1, 3, [65536.89168151513, 2.520826338739118, -3.29748497539066], [1.025679108869894e-9, 9.605114005615093e-10, 9.55463630239304e-10], 2.941654139670708e-9)
PHYSICAL_BODY_ERROR (1, 0.1, 4, [65537.44709232343, 1.5218897150881423, -3.3758715556589487], [1.025679108869894e-9, 9.605114005615093e-10, 9.55463630239304e-10], 2.941654139670708e-9)
PHYSICAL_BODY_ERROR (1, 0.1, 5, [65537.36136787156, 1.5183671995127663, -3.1410547968092843], [1.025679108869894e-9, 9.605114005615093e-10, 9.55463630239304e-10], 2.941654139670708e-9)
PHYSICAL_BODY_ERROR (1, 0.1, 6, [65536.977405967, 1.524461352205135, -3.5473011717466525], [1.025679108869894e-9, 9.605114005615093e-10, 9.55463630239304e-10], 2.941654139670708e-9)
PHYSICAL_BODY_ERROR (1, 0.1, 7, [65536.89168151513, 1.520938836629759, -3.312484412896988], [1.025679108869894e-9, 9.605114005615093e-10, 9.55463630239304e-10], 2.941654139670708e-9)
PHYSICAL_BODY_ERROR (1, 0.5, 0, [65537.44709232343, 2.6065389149505895, -3.2970034724447315], [1.025679108869894e-9, 9.605114005615093e-10, 9.55463630239304e-10], 2.941654139670708e-9)
PHYSICAL_BODY_ERROR (1, 0.5, 1, [65537.36136787156, 2.5889421843521756, -3.0628204811219475], [1.025679108869894e-9, 9.605114005615093e-10, 9.55463630239304e-10], 2.941654139670708e-9)
PHYSICAL_BODY_ERROR (1, 0.5, 2, [65536.977405967, 2.61938553111914, -3.4679704021196156], [1.025679108869894e-9, 9.605114005615093e-10, 9.55463630239304e-10], 2.941654139670708e-9)
PHYSICAL_BODY_ERROR (1, 0.5, 3, [65536.89168151513, 2.601788800520726, -3.2337874107968316], [1.025679108869894e-9, 9.605114005615093e-10, 9.55463630239304e-10], 2.941654139670708e-9)
PHYSICAL_BODY_ERROR (1, 0.5, 4, [65537.44709232343, 1.6093500968383816, -3.371933179717474], [1.025679108869894e-9, 9.605114005615093e-10, 9.55463630239304e-10], 2.941654139670708e-9)
PHYSICAL_BODY_ERROR (1, 0.5, 5, [65537.36136787156, 1.5917533662399677, -3.13775018839469], [1.025679108869894e-9, 9.605114005615093e-10, 9.55463630239304e-10], 2.941654139670708e-9)
PHYSICAL_BODY_ERROR (1, 0.5, 6, [65536.977405967, 1.6221967130069326, -3.542900109392358], [1.025679108869894e-9, 9.605114005615093e-10, 9.55463630239304e-10], 2.941654139670708e-9)
PHYSICAL_BODY_ERROR (1, 0.5, 7, [65536.89168151513, 1.6045999824085186, -3.3087171180695742], [1.025679108869894e-9, 9.605114005615093e-10, 9.55463630239304e-10], 2.941654139670708e-9)
PHYSICAL_BODY_ERROR (1, 0.875, 0, [65537.44709232343, 2.6823918040904724, -3.232610316412086], [1.025679108869894e-9, 9.605114005615093e-10, 9.55463630239304e-10], 2.941654139670708e-9)
PHYSICAL_BODY_ERROR (1, 0.875, 1, [65537.36136787156, 2.651657056959688, -2.9997870064290715], [1.025679108869894e-9, 9.605114005615093e-10, 9.55463630239304e-10], 2.941654139670708e-9)
PHYSICAL_BODY_ERROR (1, 0.875, 2, [65536.977405967, 2.7048299210587605, -3.402584601221161], [1.025679108869894e-9, 9.605114005615093e-10, 9.55463630239304e-10], 2.941654139670708e-9)
PHYSICAL_BODY_ERROR (1, 0.875, 3, [65536.89168151513, 2.674095173927976, -3.169761291238146], [1.025679108869894e-9, 9.605114005615093e-10, 9.55463630239304e-10], 2.941654139670708e-9)
PHYSICAL_BODY_ERROR (1, 0.875, 4, [65537.44709232343, 1.6909927276693888, -3.36348380979949], [1.025679108869894e-9, 9.605114005615093e-10, 9.55463630239304e-10], 2.941654139670708e-9)
PHYSICAL_BODY_ERROR (1, 0.875, 5, [65537.36136787156, 1.6602579805386042, -3.130660499816475], [1.025679108869894e-9, 9.605114005615093e-10, 9.55463630239304e-10], 2.941654139670708e-9)
PHYSICAL_BODY_ERROR (1, 0.875, 6, [65536.977405967, 1.713430844637677, -3.5334580946085645], [1.025679108869894e-9, 9.605114005615093e-10, 9.55463630239304e-10], 2.941654139670708e-9)
PHYSICAL_BODY_ERROR (1, 0.875, 7, [65536.89168151513, 1.6826960975068923, -3.30063478462555], [1.025679108869894e-9, 9.605114005615093e-10, 9.55463630239304e-10], 2.941654139670708e-9)
PHYSICAL_BODY_ERROR (1, 1.0, 0, [65537.44709232343, 2.7068564655894853, -3.210210457634129], [1.025679108869894e-9, 9.605114005615093e-10, 9.55463630239304e-10], 2.941654139670708e-9)
PHYSICAL_BODY_ERROR (1, 1.0, 1, [65537.36136787156, 2.6717619396133427, -2.978004315167677], [1.025679108869894e-9, 9.605114005615093e-10, 9.55463630239304e-10], 2.941654139670708e-9)
PHYSICAL_BODY_ERROR (1, 1.0, 2, [65536.977405967, 2.7324774695772027, -3.379734174983945], [1.025679108869894e-9, 9.605114005615093e-10, 9.55463630239304e-10], 2.941654139670708e-9)
PHYSICAL_BODY_ERROR (1, 1.0, 3, [65536.89168151513, 2.6973829436010597, -3.1475280325174935], [1.025679108869894e-9, 9.605114005615093e-10, 9.55463630239304e-10], 2.941654139670708e-9)
PHYSICAL_BODY_ERROR (1, 1.0, 4, [65537.44709232343, 1.7180853876534428, -3.3596485901077284], [1.025679108869894e-9, 9.605114005615093e-10, 9.55463630239304e-10], 2.941654139670708e-9)
PHYSICAL_BODY_ERROR (1, 1.0, 5, [65537.36136787156, 1.6829908616773, -3.1274424476412768], [1.025679108869894e-9, 9.605114005615093e-10, 9.55463630239304e-10], 2.941654139670708e-9)
PHYSICAL_BODY_ERROR (1, 1.0, 6, [65536.977405967, 1.74370639164116, -3.5291723074575447], [1.025679108869894e-9, 9.605114005615093e-10, 9.55463630239304e-10], 2.941654139670708e-9)
PHYSICAL_BODY_ERROR (1, 1.0, 7, [65536.89168151513, 1.7086118656650173, -3.296966164991093], [1.025679108869894e-9, 9.605114005615093e-10, 9.55463630239304e-10], 2.941654139670708e-9)
test angular_sweep::physical_body_error_tests::actual_controller_center_and_edges_fit_uniform_whole_body_caps ... ok

test result: ok. 1 passed; 0 failed; 0 ignored; 0 measured; 64 filtered out; finished in 0.00s

