warning: unexpected `cfg` condition value: `nightly`
 --> crates/physics/src/biomechanics/mod.rs:5:7
  |
5 | #[cfg(feature = "nightly")]
  |       ^^^^^^^^^^^^^^^^^^^ help: remove the condition
  |
  = note: no expected values for `feature`
  = help: consider adding `nightly` as a feature in `Cargo.toml`
  = note: see <https://doc.rust-lang.org/nightly/rustc/check-cfg/cargo-specifics.html> for more information about checking conditional configuration
  = note: `#[warn(unexpected_cfgs)]` on by default

warning: unexpected `cfg` condition value: `nightly`
   --> crates/physics/src/biomechanics/mod.rs:893:7
    |
893 | #[cfg(feature = "nightly")]
    |       ^^^^^^^^^^^^^^^^^^^ help: remove the condition
    |
    = note: no expected values for `feature`
    = help: consider adding `nightly` as a feature in `Cargo.toml`
    = note: see <https://doc.rust-lang.org/nightly/rustc/check-cfg/cargo-specifics.html> for more information about checking conditional configuration

warning: `physics` (lib) generated 2 warnings
warning: field `weak_refs` is never read
  --> crates/voxy_assets/src/lib.rs:22:5
   |
18 | pub struct AssetCache {
   |            ---------- field in this struct
...
22 |     weak_refs: HashMap<String, usize>,
   |     ^^^^^^^^^
   |
   = note: `#[warn(dead_code)]` (part of `#[warn(unused)]`) on by default

warning: type does not implement `Debug`; consider adding `#[derive(Debug)]` or a manual implementation
  --> crates/voxy_assets/src/lib.rs:18:1
   |
18 | / pub struct AssetCache {
19 | |     /// In-memory cached assets (strong refs)
20 | |     strong_cache: Mutex<HashMap<String, Arc<dyn std::any::Any>>>,
21 | |     /// Weak references to prevent premature collection
22 | |     weak_refs: HashMap<String, usize>,
23 | | }
   | |_^
   |
   = note: requested on the command line with `-W missing-debug-implementations`

warning: `voxy_assets` (lib) generated 2 warnings
warning: function `admit_motion` is never used
   --> crates/voxy_gameplay/src/liquid_runtime/rigid_support.rs:888:15
    |
888 | pub(super) fn admit_motion(
    |               ^^^^^^^^^^^^
    |
    = note: `#[warn(dead_code)]` (part of `#[warn(unused)]`) on by default

warning: function `sweep_spin_path_static` is never used
   --> crates/voxy_gameplay/src/angular_sweep/rigid_pair.rs:299:15
    |
299 | pub(crate) fn sweep_spin_path_static(
    |               ^^^^^^^^^^^^^^^^^^^^^^

warning: function `sweep_rigid_motion_static` is never used
   --> crates/voxy_gameplay/src/angular_sweep/rigid_pair.rs:372:15
    |
372 | pub(crate) fn sweep_rigid_motion_static(
    |               ^^^^^^^^^^^^^^^^^^^^^^^^^

warning: function `sweep_rigid_motions` is never used
   --> crates/voxy_gameplay/src/angular_sweep/rigid_pair.rs:489:15
    |
489 | pub(crate) fn sweep_rigid_motions(
    |               ^^^^^^^^^^^^^^^^^^^

warning: fields `model_error_m`, `first`, and `second` are never read
   --> crates/voxy_gameplay/src/angular_sweep/rigid_pair.rs:734:9
    |
728 | pub(crate) struct RigidTrajectoryContact {
    |                   ---------------------- fields in this struct
...
734 |     pub model_error_m: f64,
    |         ^^^^^^^^^^^^^
735 |     pub first: physics::contact::ContactBody,
    |         ^^^^^
736 |     pub second: physics::contact::ContactBody,
    |         ^^^^^^
    |
    = note: `RigidTrajectoryContact` has derived impls for the traits `Debug` and `Clone`, but these are intentionally ignored during dead code analysis

warning: `voxy_gameplay` (lib) generated 5 warnings
warning: method `prepare_targets` is never used
   --> crates/voxy_editor/src/fog_draw.rs:156:12
    |
 43 | impl FogDraw {
    | ------------ method in this implementation
...
156 |     pub fn prepare_targets(
    |            ^^^^^^^^^^^^^^^
    |
    = note: `#[warn(dead_code)]` (part of `#[warn(unused)]`) on by default

warning: associated function `prepare` is never used
  --> crates/voxy_editor/src/frame_styles.rs:17:12
   |
16 | impl FrameStyles {
   | ---------------- associated function in this implementation
17 |     pub fn prepare(
   |            ^^^^^^^

warning: multiple methods are never used
   --> crates/voxy_editor/src/animation_runtime.rs:205:19
    |
202 | impl AnimationRuntime {
    | --------------------- methods in this implementation
...
205 |     pub(super) fn initialize_root_reference(
    |                   ^^^^^^^^^^^^^^^^^^^^^^^^^
...
235 |     pub(super) fn initialize_root_reference_at_phase(
    |                   ^^^^^^^^^^^^^^^^^^^^^^^^^^^^^^^^^^
...
251 |     fn initialize_root_reference_at_scaled_phase(
    |        ^^^^^^^^^^^^^^^^^^^^^^^^^^^^^^^^^^^^^^^^^
...
286 |     pub(super) fn capture_owner_reference_with_scale(
    |                   ^^^^^^^^^^^^^^^^^^^^^^^^^^^^^^^^^^
...
308 |     fn capture_owner_reference_with_similarity(
    |        ^^^^^^^^^^^^^^^^^^^^^^^^^^^^^^^^^^^^^^^
...
336 |     pub(super) fn capture_owner_reference_from_parent(
    |                   ^^^^^^^^^^^^^^^^^^^^^^^^^^^^^^^^^^^
...
644 |     pub(super) fn fixed_step_scene_fades(
    |                   ^^^^^^^^^^^^^^^^^^^^^^
...
767 |     pub(super) fn set_clip_events(
    |                   ^^^^^^^^^^^^^^^
...
997 |     pub(super) fn prepare(
    |                   ^^^^^^^

warning: associated function `new` is never used
   --> crates/voxy_editor/src/foot_placement.rs:235:19
    |
228 | impl FootRuntime {
    | ---------------- associated function in this implementation
...
235 |     pub(super) fn new(model: &ModelAsset, settings: ModelFootPlacement) -> Result<Self, String> {
    |                   ^^^

warning: method `bind_motion` is never used
   --> crates/voxy_editor/src/model_playback.rs:179:19
    |
150 | impl PreparedModelFade {
    | ---------------------- method in this implementation
...
179 |     pub(crate) fn bind_motion(
    |                   ^^^^^^^^^^^

warning: methods `prepare_certified_fade`, `set_clip_events`, and `advance_with_motion` are never used
   --> crates/voxy_editor/src/model_playback.rs:370:19
    |
337 | impl ModelPlayback {
    | ------------------ methods in this implementation
...
370 |     pub(crate) fn prepare_certified_fade(
    |                   ^^^^^^^^^^^^^^^^^^^^^^
...
523 |     pub(crate) fn set_clip_events(
    |                   ^^^^^^^^^^^^^^^
...
648 |     pub(crate) fn advance_with_motion<T>(
    |                   ^^^^^^^^^^^^^^^^^^^

warning: `voxy_editor` (lib) generated 6 warnings
warning: function `start_refinement_diagnostics` is never used
  --> crates/voxy_app/src/tissue_demo.rs:21:15
   |
21 | pub(crate) fn start_refinement_diagnostics() {
   |               ^^^^^^^^^^^^^^^^^^^^^^^^^^^^
   |
   = note: `#[warn(dead_code)]` (part of `#[warn(unused)]`) on by default

warning: function `take_refinement_diagnostics` is never used
  --> crates/voxy_app/src/tissue_demo.rs:24:15
   |
24 | pub(crate) fn take_refinement_diagnostics() -> BTreeMap<(&'static str, usize), u64> {
   |               ^^^^^^^^^^^^^^^^^^^^^^^^^^^

warning: method `body_volumes_m3` is never used
   --> crates/voxy_app/src/tissue_demo.rs:535:19
    |
268 | impl TissueDemo {
    | --------------- method in this implementation
...
535 |     pub(crate) fn body_volumes_m3(&self) -> Vec<f64> {
    |                   ^^^^^^^^^^^^^^^

warning: associated items `female_from_assets`, `advance_hair`, `set_strain_fixture`, and `orbit` are never used
    --> crates/voxy_app/src/female_demo.rs:199:19
     |
 195 | impl FemaleDemo {
     | --------------- associated items in this implementation
...
 199 |     pub(crate) fn female_from_assets(
     |                   ^^^^^^^^^^^^^^^^^^
...
 749 |     fn advance_hair(&mut self, h: f64, time: f64, head: glam::Mat4) -> Result<(), &'static str> {
     |        ^^^^^^^^^^^^
...
1028 |     pub(crate) fn set_strain_fixture(&mut self, x_stretch: f64) -> Result<(), &'static str> {
     |                   ^^^^^^^^^^^^^^^^^^
...
1146 |     pub(crate) fn orbit(&mut self, x: f32, y: f32) {
     |                   ^^^^^

warning: method `append_lod` is never used
   --> crates/voxy_app/src/female_hair.rs:319:12
    |
 21 | impl FemaleHair {
    | --------------- method in this implementation
...
319 |     pub fn append_lod(
    |            ^^^^^^^^^^

warning: method `topology` is never used
   --> crates/voxy_app/src/fem_demo.rs:100:19
    |
 56 | impl FemDemo {
    | ------------ method in this implementation
...
100 |     pub(crate) fn topology(&self) -> Result<(usize, usize), Box<dyn std::error::Error>> {
    |                   ^^^^^^^^

warning: `voxy_app` (lib test) generated 6 warnings
    Finished `release` profile [optimized] target(s) in 0.58s
     Running unittests src/lib.rs (/tmp/voxy-release-120fps-20261007/release/deps/voxy_app-1c1560a10812259f)

running 1 test
HAIR: 469 Cosserat guides, 20 segments each; E=4 GPa, fiber diameter=80 um; animated triangle contacts + guide self-contact
HAIR: 469 Cosserat guides, 20 segments each; E=4 GPa, fiber diameter=80 um; animated triangle contacts + guide self-contact
HYBRID HAIR ADAPTER AdapterInfo { name: "Apple M4 Max", vendor: 0, device: 0, device_type: IntegratedGpu, device_pci_bus_id: "", driver: "", driver_info: "", backend: Metal, subgroup_min_size: 4, subgroup_max_size: 64, transient_saves_memory: Some(true), limit_bucket: None }
HYBRID CONTACT CASE full
HYBRID TEST BACKEND cpu_control=false perturbation=0
HYBRID HAIR FRAME frame=1 max_position_error_m=0.000000000008320455435750773 max_quaternion_component_error=0.0000000002786700870061054
HYBRID HAIR FRAME frame=2 max_position_error_m=0.000000000014837645001541944 max_quaternion_component_error=0.0000000005035651479134984
HYBRID HAIR FRAME frame=3 max_position_error_m=0.000000000020856288918125188 max_quaternion_component_error=0.0000000005258902202598392
HYBRID HAIR FRAME frame=4 max_position_error_m=0.00000000014071024206918636 max_quaternion_component_error=0.0000000028643251659410396
HYBRID HAIR FRAME frame=5 max_position_error_m=0.00000000015790600771392604 max_quaternion_component_error=0.0000000031518080367831658
HYBRID HAIR FRAME frame=6 max_position_error_m=0.0000000006679138769838389 max_quaternion_component_error=0.000000021321012344532875
HYBRID HAIR FRAME frame=7 max_position_error_m=0.000000003926466596304579 max_quaternion_component_error=0.00000008608778664931371
HYBRID HAIR FRAME frame=8 max_position_error_m=0.000000009575760240299047 max_quaternion_component_error=0.00000021050839094094442
HYBRID HAIR FRAME frame=9 max_position_error_m=0.000000012178392197470522 max_quaternion_component_error=0.0000006145899430071156
HYBRID HAIR FRAME frame=10 max_position_error_m=0.000000021015038709215617 max_quaternion_component_error=0.0000006762747068733699
HYBRID HAIR FRAME frame=11 max_position_error_m=0.0000001387860540102981 max_quaternion_component_error=0.0000029101662501473946
HYBRID HAIR FRAME frame=12 max_position_error_m=0.0000007585222316225382 max_quaternion_component_error=0.000018043357776928448
HYBRID HAIR FRAME frame=13 max_position_error_m=0.0000007585222316225382 max_quaternion_component_error=0.0000250246574771823
HYBRID HAIR FRAME frame=14 max_position_error_m=0.0000008289120445731379 max_quaternion_component_error=0.00002648732894525163
HAIR FIRST DIVERGENCE frame=15 rod=463 point=20 error_m=0.0000012018713092531996
HAIR DIVERGENCE NEIGHBOR native point=19 position=[0.11554161151973655, 0.5482932629735743, 0.0426597060464177] body_distance_m=0.0030125265329936806 body_normal=[0.23159076087423613, 0.5910160753881865, 0.7727002770223639]
HAIR DIVERGENCE NEIGHBOR native point=20 position=[0.11827733393112315, 0.5376427694735091, 0.04775549102928523] body_distance_m=0.0014051861321737159 body_normal=[0.2721326672299474, 0.5846711131256379, 0.7642666425422103]
HAIR DIVERGENCE NEIGHBOR external point=19 position=[0.11554073070074271, 0.5482930967623781, 0.0426601792821344] body_distance_m=0.0030125899793332768 body_normal=[0.23159076087423613, 0.5910160753881865, 0.7727002770223639]
HAIR DIVERGENCE NEIGHBOR external point=20 position=[0.1182761320598139, 0.5376425252555741, 0.047755973575643734] body_distance_m=0.0014050850706420325 body_normal=[0.2721326672299474, 0.5846711131256379, 0.7642666425422103]
HYBRID HAIR FRAME frame=15 max_position_error_m=0.0000012018713092531996 max_quaternion_component_error=0.000026534060913241397
HYBRID HAIR FRAME frame=16 max_position_error_m=0.0000015278691143927325 max_quaternion_component_error=0.000026534060913241397
HYBRID HAIR FRAME frame=17 max_position_error_m=0.0000018245416160134198 max_quaternion_component_error=0.000026534060913241397
HYBRID HAIR FRAME frame=18 max_position_error_m=0.000002113229490424695 max_quaternion_component_error=0.00004635100128114189
HYBRID HAIR FRAME frame=19 max_position_error_m=0.000002130771837263734 max_quaternion_component_error=0.00004635100128114189
HYBRID HAIR FRAME frame=20 max_position_error_m=0.0000023645184019649435 max_quaternion_component_error=0.00004635100128114189
HYBRID HAIR FRAME frame=21 max_position_error_m=0.000003036901827638272 max_quaternion_component_error=0.00005039489986985446
HYBRID HAIR FRAME frame=22 max_position_error_m=0.0000035927247374195614 max_quaternion_component_error=0.00005039489986985446
HYBRID HAIR FRAME frame=23 max_position_error_m=0.0000040479886287830835 max_quaternion_component_error=0.00005039489986985446
HYBRID HAIR FRAME frame=24 max_position_error_m=0.000004564970517553779 max_quaternion_component_error=0.00005039489986985446
HYBRID HAIR FRAME frame=25 max_position_error_m=0.00002201371593436169 max_quaternion_component_error=0.000269263584322485
HYBRID HAIR FRAME frame=26 max_position_error_m=0.00004515461921645453 max_quaternion_component_error=0.0003893556858098335
HYBRID HAIR FRAME frame=27 max_position_error_m=0.00006583857687020994 max_quaternion_component_error=0.0006277385841669814
HYBRID HAIR FRAME frame=28 max_position_error_m=0.00008226920096896656 max_quaternion_component_error=0.0007505452340686447
HYBRID HAIR FRAME frame=29 max_position_error_m=0.00009251367457864534 max_quaternion_component_error=0.0010444954034893317
HYBRID HAIR FRAME frame=30 max_position_error_m=0.00009500438700087849 max_quaternion_component_error=0.001051854490163373
HYBRID FULL HAIR guides=469 frames=30 calls=360 position_error_m=0.00009500438700087849 quaternion_component_error=0.001051854490163373 native_ms=3546.2100850000006 hybrid_ms=12953.267126999996 solver_bridge_ms=5792.154502999999
HYBRID LINEAR AUDIT max_errors=[0.0, 0.0] enabled=false

thread 'female_hair::tests::gpu_linear_solver_tracks_full_model_jump_with_contacts' (19545974) panicked at crates/voxy_app/src/female_hair.rs:789:9:
GPU position drift 0.00009500438700087849
note: run with `RUST_BACKTRACE=1` environment variable to display a backtrace
test female_hair::tests::gpu_linear_solver_tracks_full_model_jump_with_contacts ... FAILED

failures:

failures:
    female_hair::tests::gpu_linear_solver_tracks_full_model_jump_with_contacts

test result: FAILED. 0 passed; 1 failed; 0 ignored; 0 measured; 304 filtered out; finished in 20.50s

error: test failed, to rerun pass `-p voxy_app --lib`
