    Blocking waiting for file lock on package cache
    Blocking waiting for file lock on package cache
    Blocking waiting for file lock on package cache
    Blocking waiting for file lock on package cache
    Blocking waiting for file lock on build directory
warning: unexpected `cfg` condition value: `nightly`
 --> crates/physics/src/biomechanics/mod.rs:5:7
  |
5 | #[cfg(feature = "nightly")]
  |       ^^^^^^^^^^^^^^^^^^^ help: remove the condition
  |
  = note: no expected values for `feature`
  = help: consider adding `nightly` as a feature in `Cargo.toml`
  = note: see <https://doc.rust-lang.org/nightly/rustc/check-cfg/cargo-specifics.html> for more information about checking conditional configuration
  = note: `#[warn(unexpected_cfgs)]` on by default

warning: unexpected `cfg` condition value: `nightly`
   --> crates/physics/src/biomechanics/mod.rs:893:7
    |
893 | #[cfg(feature = "nightly")]
    |       ^^^^^^^^^^^^^^^^^^^ help: remove the condition
    |
    = note: no expected values for `feature`
    = help: consider adding `nightly` as a feature in `Cargo.toml`
    = note: see <https://doc.rust-lang.org/nightly/rustc/check-cfg/cargo-specifics.html> for more information about checking conditional configuration

warning: `physics` (lib) generated 2 warnings
warning: field `weak_refs` is never read
  --> crates/voxy_assets/src/lib.rs:22:5
   |
18 | pub struct AssetCache {
   |            ---------- field in this struct
...
22 |     weak_refs: HashMap<String, usize>,
   |     ^^^^^^^^^
   |
   = note: `#[warn(dead_code)]` (part of `#[warn(unused)]`) on by default

warning: type does not implement `Debug`; consider adding `#[derive(Debug)]` or a manual implementation
  --> crates/voxy_assets/src/lib.rs:18:1
   |
18 | / pub struct AssetCache {
19 | |     /// In-memory cached assets (strong refs)
20 | |     strong_cache: Mutex<HashMap<String, Arc<dyn std::any::Any>>>,
21 | |     /// Weak references to prevent premature collection
22 | |     weak_refs: HashMap<String, usize>,
23 | | }
   | |_^
   |
   = note: requested on the command line with `-W missing-debug-implementations`

warning: `voxy_assets` (lib) generated 2 warnings
warning: function `admit_motion` is never used
   --> crates/voxy_gameplay/src/liquid_runtime/rigid_support.rs:888:15
    |
888 | pub(super) fn admit_motion(
    |               ^^^^^^^^^^^^
    |
    = note: `#[warn(dead_code)]` (part of `#[warn(unused)]`) on by default

warning: function `sweep_spin_path_static` is never used
   --> crates/voxy_gameplay/src/angular_sweep/rigid_pair.rs:299:15
    |
299 | pub(crate) fn sweep_spin_path_static(
    |               ^^^^^^^^^^^^^^^^^^^^^^

warning: function `sweep_rigid_motion_static` is never used
   --> crates/voxy_gameplay/src/angular_sweep/rigid_pair.rs:372:15
    |
372 | pub(crate) fn sweep_rigid_motion_static(
    |               ^^^^^^^^^^^^^^^^^^^^^^^^^

warning: function `sweep_rigid_motions` is never used
   --> crates/voxy_gameplay/src/angular_sweep/rigid_pair.rs:489:15
    |
489 | pub(crate) fn sweep_rigid_motions(
    |               ^^^^^^^^^^^^^^^^^^^

warning: fields `model_error_m`, `first`, and `second` are never read
   --> crates/voxy_gameplay/src/angular_sweep/rigid_pair.rs:734:9
    |
728 | pub(crate) struct RigidTrajectoryContact {
    |                   ---------------------- fields in this struct
...
734 |     pub model_error_m: f64,
    |         ^^^^^^^^^^^^^
735 |     pub first: physics::contact::ContactBody,
    |         ^^^^^
736 |     pub second: physics::contact::ContactBody,
    |         ^^^^^^
    |
    = note: `RigidTrajectoryContact` has derived impls for the traits `Debug` and `Clone`, but these are intentionally ignored during dead code analysis

warning: `voxy_gameplay` (lib) generated 5 warnings
warning: method `prepare_targets` is never used
   --> crates/voxy_editor/src/fog_draw.rs:156:12
    |
 43 | impl FogDraw {
    | ------------ method in this implementation
...
156 |     pub fn prepare_targets(
    |            ^^^^^^^^^^^^^^^
    |
    = note: `#[warn(dead_code)]` (part of `#[warn(unused)]`) on by default

warning: associated function `prepare` is never used
  --> crates/voxy_editor/src/frame_styles.rs:17:12
   |
16 | impl FrameStyles {
   | ---------------- associated function in this implementation
17 |     pub fn prepare(
   |            ^^^^^^^

warning: multiple methods are never used
   --> crates/voxy_editor/src/animation_runtime.rs:205:19
    |
202 | impl AnimationRuntime {
    | --------------------- methods in this implementation
...
205 |     pub(super) fn initialize_root_reference(
    |                   ^^^^^^^^^^^^^^^^^^^^^^^^^
...
235 |     pub(super) fn initialize_root_reference_at_phase(
    |                   ^^^^^^^^^^^^^^^^^^^^^^^^^^^^^^^^^^
...
251 |     fn initialize_root_reference_at_scaled_phase(
    |        ^^^^^^^^^^^^^^^^^^^^^^^^^^^^^^^^^^^^^^^^^
...
286 |     pub(super) fn capture_owner_reference_with_scale(
    |                   ^^^^^^^^^^^^^^^^^^^^^^^^^^^^^^^^^^
...
308 |     fn capture_owner_reference_with_similarity(
    |        ^^^^^^^^^^^^^^^^^^^^^^^^^^^^^^^^^^^^^^^
...
336 |     pub(super) fn capture_owner_reference_from_parent(
    |                   ^^^^^^^^^^^^^^^^^^^^^^^^^^^^^^^^^^^
...
644 |     pub(super) fn fixed_step_scene_fades(
    |                   ^^^^^^^^^^^^^^^^^^^^^^
...
767 |     pub(super) fn set_clip_events(
    |                   ^^^^^^^^^^^^^^^
...
997 |     pub(super) fn prepare(
    |                   ^^^^^^^

warning: associated function `new` is never used
   --> crates/voxy_editor/src/foot_placement.rs:235:19
    |
228 | impl FootRuntime {
    | ---------------- associated function in this implementation
...
235 |     pub(super) fn new(model: &ModelAsset, settings: ModelFootPlacement) -> Result<Self, String> {
    |                   ^^^

warning: method `bind_motion` is never used
   --> crates/voxy_editor/src/model_playback.rs:179:19
    |
150 | impl PreparedModelFade {
    | ---------------------- method in this implementation
...
179 |     pub(crate) fn bind_motion(
    |                   ^^^^^^^^^^^

warning: methods `prepare_certified_fade`, `set_clip_events`, and `advance_with_motion` are never used
   --> crates/voxy_editor/src/model_playback.rs:370:19
    |
337 | impl ModelPlayback {
    | ------------------ methods in this implementation
...
370 |     pub(crate) fn prepare_certified_fade(
    |                   ^^^^^^^^^^^^^^^^^^^^^^
...
523 |     pub(crate) fn set_clip_events(
    |                   ^^^^^^^^^^^^^^^
...
648 |     pub(crate) fn advance_with_motion<T>(
    |                   ^^^^^^^^^^^^^^^^^^^

warning: `voxy_editor` (lib) generated 6 warnings
warning: function `start_refinement_diagnostics` is never used
  --> crates/voxy_app/src/tissue_demo.rs:21:15
   |
21 | pub(crate) fn start_refinement_diagnostics() {
   |               ^^^^^^^^^^^^^^^^^^^^^^^^^^^^
   |
   = note: `#[warn(dead_code)]` (part of `#[warn(unused)]`) on by default

warning: function `take_refinement_diagnostics` is never used
  --> crates/voxy_app/src/tissue_demo.rs:24:15
   |
24 | pub(crate) fn take_refinement_diagnostics() -> BTreeMap<(&'static str, usize), u64> {
   |               ^^^^^^^^^^^^^^^^^^^^^^^^^^^

warning: method `body_volumes_m3` is never used
   --> crates/voxy_app/src/tissue_demo.rs:535:19
    |
268 | impl TissueDemo {
    | --------------- method in this implementation
...
535 |     pub(crate) fn body_volumes_m3(&self) -> Vec<f64> {
    |                   ^^^^^^^^^^^^^^^

warning: associated items `female_from_assets`, `advance_hair`, `set_strain_fixture`, and `orbit` are never used
    --> crates/voxy_app/src/female_demo.rs:199:19
     |
 195 | impl FemaleDemo {
     | --------------- associated items in this implementation
...
 199 |     pub(crate) fn female_from_assets(
     |                   ^^^^^^^^^^^^^^^^^^
...
 749 |     fn advance_hair(&mut self, h: f64, time: f64, head: glam::Mat4) -> Result<(), &'static str> {
     |        ^^^^^^^^^^^^
...
1028 |     pub(crate) fn set_strain_fixture(&mut self, x_stretch: f64) -> Result<(), &'static str> {
     |                   ^^^^^^^^^^^^^^^^^^
...
1146 |     pub(crate) fn orbit(&mut self, x: f32, y: f32) {
     |                   ^^^^^

warning: method `append_lod` is never used
   --> crates/voxy_app/src/female_hair.rs:319:12
    |
 21 | impl FemaleHair {
    | --------------- method in this implementation
...
319 |     pub fn append_lod(
    |            ^^^^^^^^^^

warning: method `topology` is never used
   --> crates/voxy_app/src/fem_demo.rs:100:19
    |
 56 | impl FemDemo {
    | ------------ method in this implementation
...
100 |     pub(crate) fn topology(&self) -> Result<(usize, usize), Box<dyn std::error::Error>> {
    |                   ^^^^^^^^

warning: `voxy_app` (lib test) generated 6 warnings
    Finished `release` profile [optimized] target(s) in 0.78s
     Running unittests src/lib.rs (/tmp/voxy-release-120fps-20261007/release/deps/voxy_app-1c1560a10812259f)

running 1 test
HAIR: 469 Cosserat guides, 20 segments each; E=4 GPa, fiber diameter=80 um; animated triangle contacts + guide self-contact
HAIR: 469 Cosserat guides, 20 segments each; E=4 GPa, fiber diameter=80 um; animated triangle contacts + guide self-contact
HYBRID HAIR ADAPTER AdapterInfo { name: "Apple M4 Max", vendor: 0, device: 0, device_type: IntegratedGpu, device_pci_bus_id: "", driver: "", driver_info: "", backend: Metal, subgroup_min_size: 4, subgroup_max_size: 64, transient_saves_memory: Some(true), limit_bucket: None }
HYBRID EXTRA DIVISION REFINEMENT false
HYBRID CONTACT CASE mesh
HYBRID TEST BACKEND cpu_control=true perturbation=0.0000000001
HYBRID HAIR FRAME frame=1 max_position_error_m=0.00000000000006250555628639631 max_quaternion_component_error=0.000000000002195993387132944
HYBRID HAIR FRAME frame=2 max_position_error_m=0.0000000000001811467642554021 max_quaternion_component_error=0.000000000003991973418493444
HYBRID HAIR FRAME frame=3 max_position_error_m=0.0000000000009126033262418787 max_quaternion_component_error=0.000000000024567015088905464
HYBRID HAIR FRAME frame=4 max_position_error_m=0.000000000004314659740600746 max_quaternion_component_error=0.00000000003131117587429344
HYBRID HAIR FRAME frame=5 max_position_error_m=0.000000000005774047906470514 max_quaternion_component_error=0.00000000003574246454363106
HYBRID HAIR FRAME frame=6 max_position_error_m=0.000000000010463553634654232 max_quaternion_component_error=0.00000000026761864946323044
HYBRID HAIR FRAME frame=7 max_position_error_m=0.00000000001096460422456147 max_quaternion_component_error=0.00000000026761864946323044
HYBRID HAIR FRAME frame=8 max_position_error_m=0.000000000011848473591147268 max_quaternion_component_error=0.00000000027265506519214
HYBRID HAIR FRAME frame=9 max_position_error_m=0.00000000001425570772539686 max_quaternion_component_error=0.00000000027265506519214
HYBRID HAIR FRAME frame=10 max_position_error_m=0.00000000001482414191400494 max_quaternion_component_error=0.00000000027265506519214
HYBRID HAIR FRAME frame=11 max_position_error_m=0.000000000017557399978329613 max_quaternion_component_error=0.00000000027265506519214
HYBRID HAIR FRAME frame=12 max_position_error_m=0.000000000017557399978329613 max_quaternion_component_error=0.00000000027265506519214
HYBRID HAIR FRAME frame=13 max_position_error_m=0.00000000001921052206199647 max_quaternion_component_error=0.00000000027265506519214
HYBRID HAIR FRAME frame=14 max_position_error_m=0.00000000001921052206199647 max_quaternion_component_error=0.00000000027265506519214
HYBRID HAIR FRAME frame=15 max_position_error_m=0.00000000001921052206199647 max_quaternion_component_error=0.00000000027265506519214
HYBRID HAIR FRAME frame=16 max_position_error_m=0.00000000001921052206199647 max_quaternion_component_error=0.00000000027265506519214
HYBRID HAIR FRAME frame=17 max_position_error_m=0.00000000001921052206199647 max_quaternion_component_error=0.00000000027265506519214
HYBRID HAIR FRAME frame=18 max_position_error_m=0.00000000001921052206199647 max_quaternion_component_error=0.00000000027265506519214
HYBRID HAIR FRAME frame=19 max_position_error_m=0.00000000002011900368525943 max_quaternion_component_error=0.0000000003056882524887783
HYBRID HAIR FRAME frame=20 max_position_error_m=0.000000000036543004733324835 max_quaternion_component_error=0.0000000005420554005652889
HYBRID HAIR FRAME frame=21 max_position_error_m=0.00000000010722149557107485 max_quaternion_component_error=0.000000001563308649199513
HYBRID HAIR FRAME frame=22 max_position_error_m=0.00000000015020679144939209 max_quaternion_component_error=0.0000000023640169821703694
HYBRID HAIR FRAME frame=23 max_position_error_m=0.00000000017169565769137307 max_quaternion_component_error=0.0000000023640169821703694
HYBRID HAIR FRAME frame=24 max_position_error_m=0.00000000017169565769137307 max_quaternion_component_error=0.000000002496414852615203
HYBRID HAIR FRAME frame=25 max_position_error_m=0.00000000017169565769137307 max_quaternion_component_error=0.0000000025053912833250536
HYBRID HAIR FRAME frame=26 max_position_error_m=0.00000000017169565769137307 max_quaternion_component_error=0.0000000025053912833250536
HYBRID HAIR FRAME frame=27 max_position_error_m=0.00000000017169565769137307 max_quaternion_component_error=0.0000000025053912833250536
HYBRID HAIR FRAME frame=28 max_position_error_m=0.00000000019210745494380177 max_quaternion_component_error=0.0000000025053912833250536
HYBRID HAIR FRAME frame=29 max_position_error_m=0.00000000019210745494380177 max_quaternion_component_error=0.0000000025053912833250536
HYBRID HAIR FRAME frame=30 max_position_error_m=0.00000000019210745494380177 max_quaternion_component_error=0.0000000025053912833250536
HYBRID HAIR FRAME frame=31 max_position_error_m=0.00000000020802379263606952 max_quaternion_component_error=0.0000000025053912833250536
HYBRID HAIR FRAME frame=32 max_position_error_m=0.0000000004336187797715496 max_quaternion_component_error=0.000000005393292645816672
HYBRID HAIR FRAME frame=33 max_position_error_m=0.0000000004336187797715496 max_quaternion_component_error=0.000000005393292645816672
HYBRID HAIR FRAME frame=34 max_position_error_m=0.0000000004336187797715496 max_quaternion_component_error=0.000000005393292645816672
HYBRID HAIR FRAME frame=35 max_position_error_m=0.0000000004336187797715496 max_quaternion_component_error=0.000000005581187234593443
HYBRID HAIR FRAME frame=36 max_position_error_m=0.0000000004336187797715496 max_quaternion_component_error=0.000000007106764898789919
HYBRID HAIR FRAME frame=37 max_position_error_m=0.0000000004557872967936305 max_quaternion_component_error=0.000000008004825469143384
HYBRID HAIR FRAME frame=38 max_position_error_m=0.0000000005235945010895193 max_quaternion_component_error=0.000000008259451844683241
HYBRID HAIR FRAME frame=39 max_position_error_m=0.0000000005838840522187638 max_quaternion_component_error=0.000000008259451844683241
HYBRID HAIR FRAME frame=40 max_position_error_m=0.0000000006367192328937676 max_quaternion_component_error=0.000000008259451844683241
HYBRID HAIR FRAME frame=41 max_position_error_m=0.0000000006815025210826775 max_quaternion_component_error=0.000000008259451844683241
HYBRID HAIR FRAME frame=42 max_position_error_m=0.0000000007178110328354137 max_quaternion_component_error=0.000000008259451844683241
HYBRID HAIR FRAME frame=43 max_position_error_m=0.0000000007462891415954687 max_quaternion_component_error=0.000000008259451844683241
HYBRID HAIR FRAME frame=44 max_position_error_m=0.0000000007692383396928903 max_quaternion_component_error=0.000000008259451844683241
HYBRID HAIR FRAME frame=45 max_position_error_m=0.0000000008208059787406796 max_quaternion_component_error=0.000000008259451844683241
HYBRID HAIR FRAME frame=46 max_position_error_m=0.0000000008986944521893747 max_quaternion_component_error=0.000000008259451844683241
HYBRID HAIR FRAME frame=47 max_position_error_m=0.0000000009693847946579126 max_quaternion_component_error=0.000000008259451844683241
HYBRID HAIR FRAME frame=48 max_position_error_m=0.0000000010417315898791912 max_quaternion_component_error=0.000000008259451844683241
HYBRID HAIR FRAME frame=49 max_position_error_m=0.0000000010417315898791912 max_quaternion_component_error=0.000000008259451844683241
HYBRID HAIR FRAME frame=50 max_position_error_m=0.0000000010536260752758153 max_quaternion_component_error=0.000000008259451844683241
HYBRID HAIR FRAME frame=51 max_position_error_m=0.0000000010770168090701304 max_quaternion_component_error=0.000000008259451844683241
HYBRID HAIR FRAME frame=52 max_position_error_m=0.0000000011008361999742533 max_quaternion_component_error=0.000000008259451844683241
HYBRID HAIR FRAME frame=53 max_position_error_m=0.0000000011230972818410123 max_quaternion_component_error=0.000000008259451844683241
HYBRID HAIR FRAME frame=54 max_position_error_m=0.0000000011428737956009627 max_quaternion_component_error=0.000000008259451844683241
HYBRID HAIR FRAME frame=55 max_position_error_m=0.0000000011428737956009627 max_quaternion_component_error=0.000000008259451844683241
HYBRID HAIR FRAME frame=56 max_position_error_m=0.0000000011428737956009627 max_quaternion_component_error=0.000000008259451844683241
HYBRID HAIR FRAME frame=57 max_position_error_m=0.0000000011428737956009627 max_quaternion_component_error=0.000000008259451844683241
HYBRID HAIR FRAME frame=58 max_position_error_m=0.0000000011428737956009627 max_quaternion_component_error=0.000000008259451844683241
HYBRID HAIR FRAME frame=59 max_position_error_m=0.0000000011428737956009627 max_quaternion_component_error=0.00000000950502487828686
HYBRID HAIR FRAME frame=60 max_position_error_m=0.0000000011428737956009627 max_quaternion_component_error=0.00000001234676383354838
HYBRID HAIR FRAME frame=61 max_position_error_m=0.0000000011428737956009627 max_quaternion_component_error=0.00000001689858442066594
HYBRID HAIR FRAME frame=62 max_position_error_m=0.0000000015207106615622301 max_quaternion_component_error=0.00000002608738991494164
HYBRID HAIR FRAME frame=63 max_position_error_m=0.000000002209959881760426 max_quaternion_component_error=0.00000003542773624465312
HYBRID HAIR FRAME frame=64 max_position_error_m=0.000000002671599788617307 max_quaternion_component_error=0.00000005470725256140341
HYBRID HAIR FRAME frame=65 max_position_error_m=0.0000000030221608549041434 max_quaternion_component_error=0.00000006792633444607787
HYBRID HAIR FRAME frame=66 max_position_error_m=0.000000003601763443050743 max_quaternion_component_error=0.00000007006417562793743
HYBRID HAIR FRAME frame=67 max_position_error_m=0.000000003601763443050743 max_quaternion_component_error=0.00000007006417562793743
HYBRID HAIR FRAME frame=68 max_position_error_m=0.000000003968708917057029 max_quaternion_component_error=0.00000007006417562793743
HYBRID HAIR FRAME frame=69 max_position_error_m=0.000000005601171193525545 max_quaternion_component_error=0.00000007006417562793743
HYBRID HAIR FRAME frame=70 max_position_error_m=0.000000008871526291365228 max_quaternion_component_error=0.00000007006417562793743
HYBRID HAIR FRAME frame=71 max_position_error_m=0.000000008871526291365228 max_quaternion_component_error=0.00000013884313093681655
HYBRID HAIR FRAME frame=72 max_position_error_m=0.000000012082086775500045 max_quaternion_component_error=0.00000013884313093681655
HYBRID HAIR FRAME frame=73 max_position_error_m=0.000000012082086775500045 max_quaternion_component_error=0.00000017270652258316588
HYBRID HAIR FRAME frame=74 max_position_error_m=0.000000014925081059935508 max_quaternion_component_error=0.00000022460618093189666
HYBRID HAIR FRAME frame=75 max_position_error_m=0.000000017494273585327846 max_quaternion_component_error=0.00000030329947697804727
HYBRID HAIR FRAME frame=76 max_position_error_m=0.000000023317448971660326 max_quaternion_component_error=0.0000003350456119766143
HYBRID HAIR FRAME frame=77 max_position_error_m=0.000000024933905717894334 max_quaternion_component_error=0.00000038292303417009066
HYBRID HAIR FRAME frame=78 max_position_error_m=0.000000024933905717894334 max_quaternion_component_error=0.0000003857497545278754
HYBRID HAIR FRAME frame=79 max_position_error_m=0.000000024933905717894334 max_quaternion_component_error=0.00000039409412821989065
HYBRID HAIR FRAME frame=80 max_position_error_m=0.000000024933905717894334 max_quaternion_component_error=0.00000039409412821989065
HYBRID HAIR FRAME frame=81 max_position_error_m=0.000000024933905717894334 max_quaternion_component_error=0.00000039409412821989065
HYBRID HAIR FRAME frame=82 max_position_error_m=0.000000024933905717894334 max_quaternion_component_error=0.00000039409412821989065
HYBRID HAIR FRAME frame=83 max_position_error_m=0.000000024933905717894334 max_quaternion_component_error=0.00000039409412821989065
HYBRID HAIR FRAME frame=84 max_position_error_m=0.000000024933905717894334 max_quaternion_component_error=0.00000039409412821989065
HYBRID HAIR FRAME frame=85 max_position_error_m=0.000000024933905717894334 max_quaternion_component_error=0.00000039409412821989065
HYBRID HAIR FRAME frame=86 max_position_error_m=0.000000024933905717894334 max_quaternion_component_error=0.00000039409412821989065
HYBRID HAIR FRAME frame=87 max_position_error_m=0.000000024933905717894334 max_quaternion_component_error=0.00000039409412821989065
HYBRID HAIR FRAME frame=88 max_position_error_m=0.000000024933905717894334 max_quaternion_component_error=0.00000039409412821989065
HYBRID HAIR FRAME frame=89 max_position_error_m=0.000000024933905717894334 max_quaternion_component_error=0.00000039409412821989065
HYBRID HAIR FRAME frame=90 max_position_error_m=0.000000024933905717894334 max_quaternion_component_error=0.00000039409412821989065
HYBRID HAIR FRAME frame=91 max_position_error_m=0.000000024933905717894334 max_quaternion_component_error=0.00000039409412821989065
HYBRID HAIR FRAME frame=92 max_position_error_m=0.000000024933905717894334 max_quaternion_component_error=0.00000039409412821989065
HYBRID HAIR FRAME frame=93 max_position_error_m=0.000000024933905717894334 max_quaternion_component_error=0.00000039409412821989065
HYBRID HAIR FRAME frame=94 max_position_error_m=0.0000000308930971915089 max_quaternion_component_error=0.00000039409412821989065
HYBRID HAIR FRAME frame=95 max_position_error_m=0.00000004178575885305236 max_quaternion_component_error=0.00000039409412821989065
HYBRID HAIR FRAME frame=96 max_position_error_m=0.00000005181512274798905 max_quaternion_component_error=0.00000039409412821989065
HYBRID HAIR FRAME frame=97 max_position_error_m=0.00000006098920835029276 max_quaternion_component_error=0.00000045769006222148856
HYBRID HAIR FRAME frame=98 max_position_error_m=0.0000000693513479976815 max_quaternion_component_error=0.0000005231652818122115
HYBRID HAIR FRAME frame=99 max_position_error_m=0.00000007734034754292018 max_quaternion_component_error=0.0000005802576465948391
HYBRID HAIR FRAME frame=100 max_position_error_m=0.00000008396279804756546 max_quaternion_component_error=0.0000006290737963998011
HYBRID HAIR FRAME frame=101 max_position_error_m=0.00000009043794335639177 max_quaternion_component_error=0.0000006692904713691966
HYBRID HAIR FRAME frame=102 max_position_error_m=0.00000010178082798795174 max_quaternion_component_error=0.0000007426135139425305
HYBRID HAIR FRAME frame=103 max_position_error_m=0.00000011308686964639492 max_quaternion_component_error=0.0000010461216481960633
HYBRID HAIR FRAME frame=104 max_position_error_m=0.00000012460709605810472 max_quaternion_component_error=0.000001290785293511787
HYBRID HAIR FRAME frame=105 max_position_error_m=0.0000001654285664842714 max_quaternion_component_error=0.0000014718510088773673
HYBRID HAIR FRAME frame=106 max_position_error_m=0.00000020554736981925892 max_quaternion_component_error=0.0000016170683644067818
HYBRID HAIR FRAME frame=107 max_position_error_m=0.00000024485866903511955 max_quaternion_component_error=0.000001742129973669737
HYBRID HAIR FRAME frame=108 max_position_error_m=0.0000002832071184649676 max_quaternion_component_error=0.0000018420305245014923
HYBRID HAIR FRAME frame=109 max_position_error_m=0.0000002832071184649676 max_quaternion_component_error=0.0000028104531204220518
HYBRID HAIR FRAME frame=110 max_position_error_m=0.0000002832071184649676 max_quaternion_component_error=0.0000029072734322177496
HYBRID HAIR FRAME frame=111 max_position_error_m=0.0000002832071184649676 max_quaternion_component_error=0.00000319934393666621
HYBRID HAIR FRAME frame=112 max_position_error_m=0.0000002832071184649676 max_quaternion_component_error=0.0000032860790976640963
HYBRID HAIR FRAME frame=113 max_position_error_m=0.0000003017734935273353 max_quaternion_component_error=0.0000032860790976640963
HYBRID HAIR FRAME frame=114 max_position_error_m=0.0000003017734935273353 max_quaternion_component_error=0.0000032860790976640963
HYBRID HAIR FRAME frame=115 max_position_error_m=0.0000008945266014026565 max_quaternion_component_error=0.000015918914481688473
HAIR FIRST DIVERGENCE frame=116 rod=436 point=19 error_m=0.000001186719252088686
HAIR DIVERGENCE NEIGHBOR native point=18 position=[0.13271440867874126, 0.5240410887023963, 0.04227429471050181] body_distance_m=0.010699668982397069 body_normal=[-0.17458451566076905, 0.5858811133008485, 0.7913681620894621]
HAIR DIVERGENCE NEIGHBOR native point=19 position=[0.133372396449708, 0.5181165343032309, 0.04874121414376288] body_distance_m=0.012965193858247894 body_normal=[-0.15473700531414245, 0.46765376641674344, 0.8702622673324665]
HAIR DIVERGENCE NEIGHBOR native point=20 position=[0.1445849923156851, 0.40327620982760365, 0.0690627477839816] body_distance_m=0.007346905695987101 body_normal=[0.9804468995309583, 0.19465102654866706, -0.02889385858069291]
HAIR DIVERGENCE NEIGHBOR external point=18 position=[0.13271451373285442, 0.5240399887673414, 0.04227363626358337] body_distance_m=0.010698485136473394 body_normal=[-0.17458451566076905, 0.5858811133008485, 0.7913681620894621]
HAIR DIVERGENCE NEIGHBOR external point=19 position=[0.1333731357649637, 0.5181153475839788, 0.048740411633934146] body_distance_m=0.01296382609106823 body_normal=[-0.15473700531414245, 0.46765376641674344, 0.8702622673324665]
HAIR DIVERGENCE NEIGHBOR external point=20 position=[0.14458583010437223, 0.4032751448282357, 0.06906257899457934] body_distance_m=0.007347524677064731 body_normal=[0.9804468995309583, 0.19465102654866706, -0.02889385858069291]
HYBRID HAIR FRAME frame=116 max_position_error_m=0.000001186719252088686 max_quaternion_component_error=0.000029101101501671778
HYBRID HAIR FRAME frame=117 max_position_error_m=0.000008408176874752371 max_quaternion_component_error=0.00016116918086389598
HYBRID HAIR FRAME frame=118 max_position_error_m=0.000016775270075528037 max_quaternion_component_error=0.0001838347290142872
HYBRID HAIR FRAME frame=119 max_position_error_m=0.000016775270075528037 max_quaternion_component_error=0.0003134302462429739
HYBRID HAIR FRAME frame=120 max_position_error_m=0.000016775270075528037 max_quaternion_component_error=0.0003443493480349835
HYBRID FULL HAIR guides=469 frames=120 calls=0 position_error_m=0.000016775270075528037 quaternion_component_error=0.0003443493480349835 native_ms=6393.274421999999 hybrid_ms=22476.150455999996 solver_bridge_ms=0
HYBRID LINEAR AUDIT max_errors=[0.0, 0.0] enabled=false

thread 'female_hair::tests::gpu_linear_solver_tracks_full_model_jump_with_contacts' (19918794) panicked at crates/voxy_app/src/female_hair.rs:793:9:
GPU position drift 0.000016775270075528037
note: run with `RUST_BACKTRACE=1` environment variable to display a backtrace
test female_hair::tests::gpu_linear_solver_tracks_full_model_jump_with_contacts ... FAILED

failures:

failures:
    female_hair::tests::gpu_linear_solver_tracks_full_model_jump_with_contacts

test result: FAILED. 0 passed; 1 failed; 0 ignored; 0 measured; 304 filtered out; finished in 32.86s

error: test failed, to rerun pass `-p voxy_app --lib`
