    Blocking waiting for file lock on package cache
    Blocking waiting for file lock on package cache
    Blocking waiting for file lock on package cache
warning: unexpected `cfg` condition value: `nightly`
 --> crates/physics/src/biomechanics/mod.rs:5:7
  |
5 | #[cfg(feature = "nightly")]
  |       ^^^^^^^^^^^^^^^^^^^ help: remove the condition
  |
  = note: no expected values for `feature`
  = help: consider adding `nightly` as a feature in `Cargo.toml`
  = note: see <https://doc.rust-lang.org/nightly/rustc/check-cfg/cargo-specifics.html> for more information about checking conditional configuration
  = note: `#[warn(unexpected_cfgs)]` on by default

warning: unexpected `cfg` condition value: `nightly`
   --> crates/physics/src/biomechanics/mod.rs:893:7
    |
893 | #[cfg(feature = "nightly")]
    |       ^^^^^^^^^^^^^^^^^^^ help: remove the condition
    |
    = note: no expected values for `feature`
    = help: consider adding `nightly` as a feature in `Cargo.toml`
    = note: see <https://doc.rust-lang.org/nightly/rustc/check-cfg/cargo-specifics.html> for more information about checking conditional configuration

warning: `physics` (lib) generated 2 warnings
warning: field `weak_refs` is never read
  --> crates/voxy_assets/src/lib.rs:22:5
   |
18 | pub struct AssetCache {
   |            ---------- field in this struct
...
22 |     weak_refs: HashMap<String, usize>,
   |     ^^^^^^^^^
   |
   = note: `#[warn(dead_code)]` (part of `#[warn(unused)]`) on by default

warning: type does not implement `Debug`; consider adding `#[derive(Debug)]` or a manual implementation
  --> crates/voxy_assets/src/lib.rs:18:1
   |
18 | / pub struct AssetCache {
19 | |     /// In-memory cached assets (strong refs)
20 | |     strong_cache: Mutex<HashMap<String, Arc<dyn std::any::Any>>>,
21 | |     /// Weak references to prevent premature collection
22 | |     weak_refs: HashMap<String, usize>,
23 | | }
   | |_^
   |
   = note: requested on the command line with `-W missing-debug-implementations`

warning: `voxy_assets` (lib) generated 2 warnings
warning: function `admit_motion` is never used
   --> crates/voxy_gameplay/src/liquid_runtime/rigid_support.rs:888:15
    |
888 | pub(super) fn admit_motion(
    |               ^^^^^^^^^^^^
    |
    = note: `#[warn(dead_code)]` (part of `#[warn(unused)]`) on by default

warning: function `sweep_spin_path_static` is never used
   --> crates/voxy_gameplay/src/angular_sweep/rigid_pair.rs:299:15
    |
299 | pub(crate) fn sweep_spin_path_static(
    |               ^^^^^^^^^^^^^^^^^^^^^^

warning: function `sweep_rigid_motion_static` is never used
   --> crates/voxy_gameplay/src/angular_sweep/rigid_pair.rs:372:15
    |
372 | pub(crate) fn sweep_rigid_motion_static(
    |               ^^^^^^^^^^^^^^^^^^^^^^^^^

warning: function `sweep_rigid_motions` is never used
   --> crates/voxy_gameplay/src/angular_sweep/rigid_pair.rs:489:15
    |
489 | pub(crate) fn sweep_rigid_motions(
    |               ^^^^^^^^^^^^^^^^^^^

warning: fields `model_error_m`, `first`, and `second` are never read
   --> crates/voxy_gameplay/src/angular_sweep/rigid_pair.rs:734:9
    |
728 | pub(crate) struct RigidTrajectoryContact {
    |                   ---------------------- fields in this struct
...
734 |     pub model_error_m: f64,
    |         ^^^^^^^^^^^^^
735 |     pub first: physics::contact::ContactBody,
    |         ^^^^^
736 |     pub second: physics::contact::ContactBody,
    |         ^^^^^^
    |
    = note: `RigidTrajectoryContact` has derived impls for the traits `Debug` and `Clone`, but these are intentionally ignored during dead code analysis

warning: `voxy_gameplay` (lib) generated 5 warnings
warning: method `prepare_targets` is never used
   --> crates/voxy_editor/src/fog_draw.rs:156:12
    |
 43 | impl FogDraw {
    | ------------ method in this implementation
...
156 |     pub fn prepare_targets(
    |            ^^^^^^^^^^^^^^^
    |
    = note: `#[warn(dead_code)]` (part of `#[warn(unused)]`) on by default

warning: associated function `prepare` is never used
  --> crates/voxy_editor/src/frame_styles.rs:17:12
   |
16 | impl FrameStyles {
   | ---------------- associated function in this implementation
17 |     pub fn prepare(
   |            ^^^^^^^

warning: multiple methods are never used
   --> crates/voxy_editor/src/animation_runtime.rs:205:19
    |
202 | impl AnimationRuntime {
    | --------------------- methods in this implementation
...
205 |     pub(super) fn initialize_root_reference(
    |                   ^^^^^^^^^^^^^^^^^^^^^^^^^
...
235 |     pub(super) fn initialize_root_reference_at_phase(
    |                   ^^^^^^^^^^^^^^^^^^^^^^^^^^^^^^^^^^
...
251 |     fn initialize_root_reference_at_scaled_phase(
    |        ^^^^^^^^^^^^^^^^^^^^^^^^^^^^^^^^^^^^^^^^^
...
286 |     pub(super) fn capture_owner_reference_with_scale(
    |                   ^^^^^^^^^^^^^^^^^^^^^^^^^^^^^^^^^^
...
308 |     fn capture_owner_reference_with_similarity(
    |        ^^^^^^^^^^^^^^^^^^^^^^^^^^^^^^^^^^^^^^^
...
336 |     pub(super) fn capture_owner_reference_from_parent(
    |                   ^^^^^^^^^^^^^^^^^^^^^^^^^^^^^^^^^^^
...
644 |     pub(super) fn fixed_step_scene_fades(
    |                   ^^^^^^^^^^^^^^^^^^^^^^
...
767 |     pub(super) fn set_clip_events(
    |                   ^^^^^^^^^^^^^^^
...
997 |     pub(super) fn prepare(
    |                   ^^^^^^^

warning: associated function `new` is never used
   --> crates/voxy_editor/src/foot_placement.rs:235:19
    |
228 | impl FootRuntime {
    | ---------------- associated function in this implementation
...
235 |     pub(super) fn new(model: &ModelAsset, settings: ModelFootPlacement) -> Result<Self, String> {
    |                   ^^^

warning: method `bind_motion` is never used
   --> crates/voxy_editor/src/model_playback.rs:179:19
    |
150 | impl PreparedModelFade {
    | ---------------------- method in this implementation
...
179 |     pub(crate) fn bind_motion(
    |                   ^^^^^^^^^^^

warning: methods `prepare_certified_fade`, `set_clip_events`, and `advance_with_motion` are never used
   --> crates/voxy_editor/src/model_playback.rs:370:19
    |
337 | impl ModelPlayback {
    | ------------------ methods in this implementation
...
370 |     pub(crate) fn prepare_certified_fade(
    |                   ^^^^^^^^^^^^^^^^^^^^^^
...
523 |     pub(crate) fn set_clip_events(
    |                   ^^^^^^^^^^^^^^^
...
648 |     pub(crate) fn advance_with_motion<T>(
    |                   ^^^^^^^^^^^^^^^^^^^

warning: `voxy_editor` (lib) generated 6 warnings
warning: function `start_refinement_diagnostics` is never used
  --> crates/voxy_app/src/tissue_demo.rs:21:15
   |
21 | pub(crate) fn start_refinement_diagnostics() {
   |               ^^^^^^^^^^^^^^^^^^^^^^^^^^^^
   |
   = note: `#[warn(dead_code)]` (part of `#[warn(unused)]`) on by default

warning: function `take_refinement_diagnostics` is never used
  --> crates/voxy_app/src/tissue_demo.rs:24:15
   |
24 | pub(crate) fn take_refinement_diagnostics() -> BTreeMap<(&'static str, usize), u64> {
   |               ^^^^^^^^^^^^^^^^^^^^^^^^^^^

warning: method `body_volumes_m3` is never used
   --> crates/voxy_app/src/tissue_demo.rs:535:19
    |
268 | impl TissueDemo {
    | --------------- method in this implementation
...
535 |     pub(crate) fn body_volumes_m3(&self) -> Vec<f64> {
    |                   ^^^^^^^^^^^^^^^

warning: associated items `female_from_assets`, `advance_hair`, `set_strain_fixture`, and `orbit` are never used
    --> crates/voxy_app/src/female_demo.rs:199:19
     |
 195 | impl FemaleDemo {
     | --------------- associated items in this implementation
...
 199 |     pub(crate) fn female_from_assets(
     |                   ^^^^^^^^^^^^^^^^^^
...
 749 |     fn advance_hair(&mut self, h: f64, time: f64, head: glam::Mat4) -> Result<(), &'static str> {
     |        ^^^^^^^^^^^^
...
1028 |     pub(crate) fn set_strain_fixture(&mut self, x_stretch: f64) -> Result<(), &'static str> {
     |                   ^^^^^^^^^^^^^^^^^^
...
1146 |     pub(crate) fn orbit(&mut self, x: f32, y: f32) {
     |                   ^^^^^

warning: method `append_lod` is never used
   --> crates/voxy_app/src/female_hair.rs:319:12
    |
 21 | impl FemaleHair {
    | --------------- method in this implementation
...
319 |     pub fn append_lod(
    |            ^^^^^^^^^^

warning: method `topology` is never used
   --> crates/voxy_app/src/fem_demo.rs:100:19
    |
 56 | impl FemDemo {
    | ------------ method in this implementation
...
100 |     pub(crate) fn topology(&self) -> Result<(usize, usize), Box<dyn std::error::Error>> {
    |                   ^^^^^^^^

warning: `voxy_app` (lib test) generated 6 warnings
    Finished `release` profile [optimized] target(s) in 0.70s
     Running unittests src/lib.rs (/tmp/voxy-release-120fps-20261007/release/deps/voxy_app-1c1560a10812259f)

running 1 test
HAIR: 469 Cosserat guides, 20 segments each; E=4 GPa, fiber diameter=80 um; animated triangle contacts + guide self-contact
HAIR: 469 Cosserat guides, 20 segments each; E=4 GPa, fiber diameter=80 um; animated triangle contacts + guide self-contact
HYBRID HAIR ADAPTER AdapterInfo { name: "Apple M4 Max", vendor: 0, device: 0, device_type: IntegratedGpu, device_pci_bus_id: "", driver: "", driver_info: "", backend: Metal, subgroup_min_size: 4, subgroup_max_size: 64, transient_saves_memory: Some(true), limit_bucket: None }
HYBRID EXTRA DIVISION REFINEMENT false
HYBRID CONTACT CASE self
HYBRID TEST BACKEND cpu_control=true perturbation=0.0000000001
HYBRID HAIR FRAME frame=1 max_position_error_m=0.00000000000014451460861319987 max_quaternion_component_error=0.0000000000035660641106716184
HYBRID HAIR FRAME frame=2 max_position_error_m=0.0000000000003333548714845591 max_quaternion_component_error=0.000000000007551237413139233
HYBRID HAIR FRAME frame=3 max_position_error_m=0.0000000000004568949385497234 max_quaternion_component_error=0.000000000008924500027873705
HYBRID HAIR FRAME frame=4 max_position_error_m=0.00000000000053284460177494 max_quaternion_component_error=0.000000000008924500027873705
HYBRID HAIR FRAME frame=5 max_position_error_m=0.00000000000053284460177494 max_quaternion_component_error=0.000000000008924500027873705
HYBRID HAIR FRAME frame=6 max_position_error_m=0.00000000000053284460177494 max_quaternion_component_error=0.000000000008924500027873705
HYBRID HAIR FRAME frame=7 max_position_error_m=0.0000000000018376064558900396 max_quaternion_component_error=0.00000000004117473029197072
HYBRID HAIR FRAME frame=8 max_position_error_m=0.0000000000045354831001986895 max_quaternion_component_error=0.00000000017271878371971638
HYBRID HAIR FRAME frame=9 max_position_error_m=0.000000000006746018674230747 max_quaternion_component_error=0.00000000017271878371971638
HYBRID HAIR FRAME frame=10 max_position_error_m=0.000000000008844126819784748 max_quaternion_component_error=0.00000000018488427455665146
HYBRID HAIR FRAME frame=11 max_position_error_m=0.00000000001059821674864736 max_quaternion_component_error=0.0000000003005352633422831
HYBRID HAIR FRAME frame=12 max_position_error_m=0.000000000015229123517812582 max_quaternion_component_error=0.000000000361158325468125
HYBRID HAIR FRAME frame=13 max_position_error_m=0.000000000016411455527887142 max_quaternion_component_error=0.000000000361158325468125
HYBRID HAIR FRAME frame=14 max_position_error_m=0.000000000016411455527887142 max_quaternion_component_error=0.000000000361158325468125
HYBRID HAIR FRAME frame=15 max_position_error_m=0.000000000016411455527887142 max_quaternion_component_error=0.000000000361158325468125
HYBRID HAIR FRAME frame=16 max_position_error_m=0.0000000000546807521137338 max_quaternion_component_error=0.0000000013460916270524592
HYBRID HAIR FRAME frame=17 max_position_error_m=0.00000000011889130218517563 max_quaternion_component_error=0.0000000020200145445237183
HYBRID HAIR FRAME frame=18 max_position_error_m=0.00000000016827351664860934 max_quaternion_component_error=0.0000000025899818401065033
HYBRID HAIR FRAME frame=19 max_position_error_m=0.00000000020866698039606613 max_quaternion_component_error=0.0000000030664741856867295
HYBRID HAIR FRAME frame=20 max_position_error_m=0.00000000024076093722846803 max_quaternion_component_error=0.000000003463602904485441
HYBRID HAIR FRAME frame=21 max_position_error_m=0.00000000026464671426529307 max_quaternion_component_error=0.000000003783125868128678
HYBRID HAIR FRAME frame=22 max_position_error_m=0.0000000002801917326628045 max_quaternion_component_error=0.000000003984802376955088
HYBRID HAIR FRAME frame=23 max_position_error_m=0.0000000002875397021179227 max_quaternion_component_error=0.000000004021018573663326
HYBRID HAIR FRAME frame=24 max_position_error_m=0.0000000002880213081923877 max_quaternion_component_error=0.000000004021018573663326
HYBRID HAIR FRAME frame=25 max_position_error_m=0.0000000002880213081923877 max_quaternion_component_error=0.000000004021018573663326
HYBRID HAIR FRAME frame=26 max_position_error_m=0.0000000002880213081923877 max_quaternion_component_error=0.000000004021018573663326
HYBRID HAIR FRAME frame=27 max_position_error_m=0.0000000002880213081923877 max_quaternion_component_error=0.000000004021018573663326
HYBRID HAIR FRAME frame=28 max_position_error_m=0.0000000002880213081923877 max_quaternion_component_error=0.000000004021018573663326
HYBRID HAIR FRAME frame=29 max_position_error_m=0.0000000002880213081923877 max_quaternion_component_error=0.000000004021018573663326
HYBRID HAIR FRAME frame=30 max_position_error_m=0.0000000002880213081923877 max_quaternion_component_error=0.000000004021018573663326
HYBRID HAIR FRAME frame=31 max_position_error_m=0.0000000002880213081923877 max_quaternion_component_error=0.000000004021018573663326
HYBRID HAIR FRAME frame=32 max_position_error_m=0.0000000002880213081923877 max_quaternion_component_error=0.000000004021018573663326
HYBRID HAIR FRAME frame=33 max_position_error_m=0.0000000002880213081923877 max_quaternion_component_error=0.000000004021018573663326
HYBRID HAIR FRAME frame=34 max_position_error_m=0.0000000002880213081923877 max_quaternion_component_error=0.000000004021018573663326
HYBRID HAIR FRAME frame=35 max_position_error_m=0.0000000002880213081923877 max_quaternion_component_error=0.000000004021018573663326
HYBRID HAIR FRAME frame=36 max_position_error_m=0.0000000002880213081923877 max_quaternion_component_error=0.000000004021018573663326
HYBRID HAIR FRAME frame=37 max_position_error_m=0.0000000002880213081923877 max_quaternion_component_error=0.000000004021018573663326
HYBRID HAIR FRAME frame=38 max_position_error_m=0.0000000002880213081923877 max_quaternion_component_error=0.000000004021018573663326
HYBRID HAIR FRAME frame=39 max_position_error_m=0.0000000002880213081923877 max_quaternion_component_error=0.000000004021018573663326
HYBRID HAIR FRAME frame=40 max_position_error_m=0.0000000002880213081923877 max_quaternion_component_error=0.000000004021018573663326
HYBRID HAIR FRAME frame=41 max_position_error_m=0.0000000002880213081923877 max_quaternion_component_error=0.000000004021018573663326
HYBRID HAIR FRAME frame=42 max_position_error_m=0.0000000002880213081923877 max_quaternion_component_error=0.000000004021018573663326
HYBRID HAIR FRAME frame=43 max_position_error_m=0.0000000003045023538872371 max_quaternion_component_error=0.000000004021018573663326
HYBRID HAIR FRAME frame=44 max_position_error_m=0.0000000003591723723994633 max_quaternion_component_error=0.000000004021018573663326
HYBRID HAIR FRAME frame=45 max_position_error_m=0.0000000004029743622124826 max_quaternion_component_error=0.000000004021018573663326
HYBRID HAIR FRAME frame=46 max_position_error_m=0.00000000044106120145048777 max_quaternion_component_error=0.000000004021018573663326
HYBRID HAIR FRAME frame=47 max_position_error_m=0.0000000005927244528525222 max_quaternion_component_error=0.0000000054843203312060496
HYBRID HAIR FRAME frame=48 max_position_error_m=0.0000000007328313095245065 max_quaternion_component_error=0.000000006944302577416295
HYBRID HAIR FRAME frame=49 max_position_error_m=0.0000000008480071367333863 max_quaternion_component_error=0.000000007930739898132089
HYBRID HAIR FRAME frame=50 max_position_error_m=0.0000000009356918712066786 max_quaternion_component_error=0.000000008343822688328117
HYBRID HAIR FRAME frame=51 max_position_error_m=0.0000000009959594260422477 max_quaternion_component_error=0.000000008343822688328117
HYBRID HAIR FRAME frame=52 max_position_error_m=0.000000001030760823916843 max_quaternion_component_error=0.000000008343822688328117
HYBRID HAIR FRAME frame=53 max_position_error_m=0.000000001043100356090676 max_quaternion_component_error=0.000000008343822688328117
HYBRID HAIR FRAME frame=54 max_position_error_m=0.000000001043100356090676 max_quaternion_component_error=0.000000008343822688328117
HYBRID HAIR FRAME frame=55 max_position_error_m=0.000000001043100356090676 max_quaternion_component_error=0.000000008343822688328117
HYBRID HAIR FRAME frame=56 max_position_error_m=0.000000001043100356090676 max_quaternion_component_error=0.000000008343822688328117
HYBRID HAIR FRAME frame=57 max_position_error_m=0.000000001043100356090676 max_quaternion_component_error=0.000000008343822688328117
HYBRID HAIR FRAME frame=58 max_position_error_m=0.000000001043100356090676 max_quaternion_component_error=0.000000008343822688328117
HYBRID HAIR FRAME frame=59 max_position_error_m=0.000000001043100356090676 max_quaternion_component_error=0.000000008343822688328117
HYBRID HAIR FRAME frame=60 max_position_error_m=0.000000001043100356090676 max_quaternion_component_error=0.000000008632449310930213
HYBRID HAIR FRAME frame=61 max_position_error_m=0.000000001043100356090676 max_quaternion_component_error=0.000000010067025102422633
HYBRID HAIR FRAME frame=62 max_position_error_m=0.000000001043100356090676 max_quaternion_component_error=0.000000011100750041403984
HYBRID HAIR FRAME frame=63 max_position_error_m=0.000000001043100356090676 max_quaternion_component_error=0.000000011100750041403984
HYBRID HAIR FRAME frame=64 max_position_error_m=0.000000001043100356090676 max_quaternion_component_error=0.000000011100750041403984
HYBRID HAIR FRAME frame=65 max_position_error_m=0.000000001043100356090676 max_quaternion_component_error=0.000000011100750041403984
HYBRID HAIR FRAME frame=66 max_position_error_m=0.000000001043100356090676 max_quaternion_component_error=0.000000011100750041403984
HYBRID HAIR FRAME frame=67 max_position_error_m=0.000000001043100356090676 max_quaternion_component_error=0.000000011678625455591174
HYBRID HAIR FRAME frame=68 max_position_error_m=0.000000001043100356090676 max_quaternion_component_error=0.000000012254814607537412
HYBRID HAIR FRAME frame=69 max_position_error_m=0.000000001043100356090676 max_quaternion_component_error=0.000000012680584415836194
HYBRID HAIR FRAME frame=70 max_position_error_m=0.000000001043100356090676 max_quaternion_component_error=0.000000014377919743679968
HYBRID HAIR FRAME frame=71 max_position_error_m=0.000000001043100356090676 max_quaternion_component_error=0.000000015959799815057352
HYBRID HAIR FRAME frame=72 max_position_error_m=0.000000001043100356090676 max_quaternion_component_error=0.00000001668670468468747
HYBRID HAIR FRAME frame=73 max_position_error_m=0.000000001043100356090676 max_quaternion_component_error=0.00000001668670468468747
HYBRID HAIR FRAME frame=74 max_position_error_m=0.000000001043100356090676 max_quaternion_component_error=0.00000001668670468468747
HYBRID HAIR FRAME frame=75 max_position_error_m=0.000000001043100356090676 max_quaternion_component_error=0.00000001668670468468747
HYBRID HAIR FRAME frame=76 max_position_error_m=0.000000001043100356090676 max_quaternion_component_error=0.00000001668670468468747
HYBRID HAIR FRAME frame=77 max_position_error_m=0.000000001043100356090676 max_quaternion_component_error=0.00000001668670468468747
HYBRID HAIR FRAME frame=78 max_position_error_m=0.000000001043100356090676 max_quaternion_component_error=0.00000001668670468468747
HYBRID HAIR FRAME frame=79 max_position_error_m=0.000000001043100356090676 max_quaternion_component_error=0.00000001668670468468747
HYBRID HAIR FRAME frame=80 max_position_error_m=0.000000001043100356090676 max_quaternion_component_error=0.00000001668670468468747
HYBRID HAIR FRAME frame=81 max_position_error_m=0.000000001043100356090676 max_quaternion_component_error=0.00000001668670468468747
HYBRID HAIR FRAME frame=82 max_position_error_m=0.000000001043100356090676 max_quaternion_component_error=0.00000001668670468468747
HYBRID HAIR FRAME frame=83 max_position_error_m=0.000000001043100356090676 max_quaternion_component_error=0.00000001668670468468747
HYBRID HAIR FRAME frame=84 max_position_error_m=0.000000001043100356090676 max_quaternion_component_error=0.00000001668670468468747
HYBRID HAIR FRAME frame=85 max_position_error_m=0.0000000011461249171951238 max_quaternion_component_error=0.00000001668670468468747
HYBRID HAIR FRAME frame=86 max_position_error_m=0.0000000016236795935542503 max_quaternion_component_error=0.00000001668670468468747
HYBRID HAIR FRAME frame=87 max_position_error_m=0.0000000023771651036508246 max_quaternion_component_error=0.000000018771140558593302
HYBRID HAIR FRAME frame=88 max_position_error_m=0.0000000030154577029817276 max_quaternion_component_error=0.00000002389229258881187
HYBRID HAIR FRAME frame=89 max_position_error_m=0.0000000035384913055214184 max_quaternion_component_error=0.000000027988671436052215
HYBRID HAIR FRAME frame=90 max_position_error_m=0.000000003965798092697703 max_quaternion_component_error=0.00000003066882572899665
HYBRID HAIR FRAME frame=91 max_position_error_m=0.000000004334292119656524 max_quaternion_component_error=0.00000003225182779176272
HYBRID HAIR FRAME frame=92 max_position_error_m=0.000000004680619031249833 max_quaternion_component_error=0.000000033755967049353686
HYBRID HAIR FRAME frame=93 max_position_error_m=0.000000005027873617446943 max_quaternion_component_error=0.00000003651429358875191
HYBRID HAIR FRAME frame=94 max_position_error_m=0.0000000053823348833415 max_quaternion_component_error=0.000000038563584325856937
HYBRID HAIR FRAME frame=95 max_position_error_m=0.000000005742634590077955 max_quaternion_component_error=0.00000003997302236435907
HYBRID HAIR FRAME frame=96 max_position_error_m=0.000000006103004601687445 max_quaternion_component_error=0.00000004087525937168657
HYBRID HAIR FRAME frame=97 max_position_error_m=0.000000006444871095134808 max_quaternion_component_error=0.00000004124730396126708
HYBRID HAIR FRAME frame=98 max_position_error_m=0.000000006758975865106542 max_quaternion_component_error=0.00000004158377629737142
HYBRID HAIR FRAME frame=99 max_position_error_m=0.000000007037173274659914 max_quaternion_component_error=0.00000004158377629737142
HYBRID HAIR FRAME frame=100 max_position_error_m=0.00000000727117047127912 max_quaternion_component_error=0.00000004747938775473415
HYBRID HAIR FRAME frame=101 max_position_error_m=0.00000000746247882932316 max_quaternion_component_error=0.00000004747938775473415
HYBRID HAIR FRAME frame=102 max_position_error_m=0.00000000760158795631849 max_quaternion_component_error=0.00000004747938775473415
HYBRID HAIR FRAME frame=103 max_position_error_m=0.000000007670465818065964 max_quaternion_component_error=0.00000004747938775473415
HYBRID HAIR FRAME frame=104 max_position_error_m=0.000000007670465818065964 max_quaternion_component_error=0.00000004747938775473415
HYBRID HAIR FRAME frame=105 max_position_error_m=0.000000007670465818065964 max_quaternion_component_error=0.00000010503501665648507
HYBRID HAIR FRAME frame=106 max_position_error_m=0.000000007670465818065964 max_quaternion_component_error=0.00000013795870745791916
HYBRID HAIR FRAME frame=107 max_position_error_m=0.000000007942597364529735 max_quaternion_component_error=0.00000015424454979928726
HYBRID HAIR FRAME frame=108 max_position_error_m=0.000000008544360215884117 max_quaternion_component_error=0.00000015424454979928726
HYBRID HAIR FRAME frame=109 max_position_error_m=0.00000000857147015864701 max_quaternion_component_error=0.00000015424454979928726
HYBRID HAIR FRAME frame=110 max_position_error_m=0.000000009109767506315647 max_quaternion_component_error=0.00000015424454979928726
HYBRID HAIR FRAME frame=111 max_position_error_m=0.00000000952453923022678 max_quaternion_component_error=0.00000015424454979928726
HYBRID HAIR FRAME frame=112 max_position_error_m=0.000000009841421007988904 max_quaternion_component_error=0.00000015424454979928726
HYBRID HAIR FRAME frame=113 max_position_error_m=0.000000010080394687375649 max_quaternion_component_error=0.00000015424454979928726
HYBRID HAIR FRAME frame=114 max_position_error_m=0.000000010243198681619825 max_quaternion_component_error=0.00000015424454979928726
HYBRID HAIR FRAME frame=115 max_position_error_m=0.000000010309631093274874 max_quaternion_component_error=0.00000015424454979928726
HYBRID HAIR FRAME frame=116 max_position_error_m=0.000000010309631093274874 max_quaternion_component_error=0.00000015424454979928726
HYBRID HAIR FRAME frame=117 max_position_error_m=0.000000010309631093274874 max_quaternion_component_error=0.00000015424454979928726
HYBRID HAIR FRAME frame=118 max_position_error_m=0.000000010309631093274874 max_quaternion_component_error=0.00000015424454979928726
HYBRID HAIR FRAME frame=119 max_position_error_m=0.000000010309631093274874 max_quaternion_component_error=0.000000203915511948205
HYBRID HAIR FRAME frame=120 max_position_error_m=0.000000010309631093274874 max_quaternion_component_error=0.00000024175558430150623
HYBRID FULL HAIR guides=469 frames=120 calls=0 position_error_m=0.000000010309631093274874 quaternion_component_error=0.00000024175558430150623 native_ms=7141.790878 hybrid_ms=15507.468212000003 solver_bridge_ms=0
HYBRID LINEAR AUDIT max_errors=[0.0, 0.0] enabled=false
test female_hair::tests::gpu_linear_solver_tracks_full_model_jump_with_contacts ... ok

test result: ok. 1 passed; 0 failed; 0 ignored; 0 measured; 304 filtered out; finished in 26.56s

