
running 1 test
EXACT_GAP_SIGN ([0.7499999999999999, 0.0, 0.0], [[0.125, 0.0, 0.0], [0.0, 0.25, 0.0], [0.0, 0.0, 0.5]], [1.0, 0.0, 0.0], [[0.125, 0.0, 0.0], [0.0, 0.25, 0.0], [0.0, 0.0, 0.5]], [1.0, 0.0, 0.0], 1)
EXACT_GAP_SIGN ([0.75, 0.0, 0.0], [[0.125, 0.0, 0.0], [0.0, 0.25, 0.0], [0.0, 0.0, 0.5]], [1.0, 0.0, 0.0], [[0.125, 0.0, 0.0], [0.0, 0.25, 0.0], [0.0, 0.0, 0.5]], [1.0, 0.0, 0.0], 0)
EXACT_GAP_SIGN ([0.7500000000000001, 0.0, 0.0], [[0.125, 0.0, 0.0], [0.0, 0.25, 0.0], [0.0, 0.0, 0.5]], [1.0, 0.0, 0.0], [[0.125, 0.0, 0.0], [0.0, 0.25, 0.0], [0.0, 0.0, 0.5]], [1.0, 0.0, 0.0], -1)
EXACT_GAP_SIGN ([5e-324, 5e-324, -5e-324], [[0.0, 0.0, 0.0], [0.0, 0.0, 0.0], [0.0, 0.0, 0.0]], [-5e-324, -5e-324, 5e-324], [[0.0, 0.0, 0.0], [0.0, 0.0, 0.0], [0.0, 0.0, 0.0]], [1.0, 0.0, 0.0], 1)
EXACT_GAP_SIGN ([5e-324, 5e-324, -5e-324], [[0.0, 0.0, 0.0], [0.0, 0.0, 0.0], [0.0, 0.0, 0.0]], [-5e-324, -5e-324, 5e-324], [[0.0, 0.0, 0.0], [0.0, 0.0, 0.0], [0.0, 0.0, 0.0]], [5e-324, 0.0, 0.0], 1)
EXACT_GAP_SIGN ([5e-324, 5e-324, -5e-324], [[0.0, 0.0, 0.0], [0.0, 0.0, 0.0], [0.0, 0.0, 0.0]], [-5e-324, -5e-324, 5e-324], [[0.0, 0.0, 0.0], [0.0, 0.0, 0.0], [0.0, 0.0, 0.0]], [5e-324, -5e-324, 5e-324], 1)
EXACT_GAP_SIGN ([2.2250738585072014e-308, 2.2250738585072014e-308, -2.2250738585072014e-308], [[5.562684646268003e-309, 0.0, 0.0], [0.0, 2.781342323134e-309, 0.0], [0.0, 0.0, 1.390671161567e-309]], [-2.2250738585072014e-308, -2.2250738585072014e-308, 2.2250738585072014e-308], [[5.562684646268003e-309, 0.0, 0.0], [0.0, 2.781342323134e-309, 0.0], [0.0, 0.0, 1.390671161567e-309]], [1.0, 0.0, 0.0], 1)
EXACT_GAP_SIGN ([2.2250738585072014e-308, 2.2250738585072014e-308, -2.2250738585072014e-308], [[5.562684646268003e-309, 0.0, 0.0], [0.0, 2.781342323134e-309, 0.0], [0.0, 0.0, 1.390671161567e-309]], [-2.2250738585072014e-308, -2.2250738585072014e-308, 2.2250738585072014e-308], [[5.562684646268003e-309, 0.0, 0.0], [0.0, 2.781342323134e-309, 0.0], [0.0, 0.0, 1.390671161567e-309]], [2.2250738585072014e-308, 0.0, 0.0], 1)
EXACT_GAP_SIGN ([2.2250738585072014e-308, 2.2250738585072014e-308, -2.2250738585072014e-308], [[5.562684646268003e-309, 0.0, 0.0], [0.0, 2.781342323134e-309, 0.0], [0.0, 0.0, 1.390671161567e-309]], [-2.2250738585072014e-308, -2.2250738585072014e-308, 2.2250738585072014e-308], [[5.562684646268003e-309, 0.0, 0.0], [0.0, 2.781342323134e-309, 0.0], [0.0, 0.0, 1.390671161567e-309]], [2.2250738585072014e-308, -2.2250738585072014e-308, 2.2250738585072014e-308], 1)
EXACT_GAP_SIGN ([1e-100, 1e-100, -1e-100], [[2.5e-101, 0.0, 0.0], [0.0, 1.25e-101, 0.0], [0.0, 0.0, 6.25e-102]], [-1e-100, -1e-100, 1e-100], [[2.5e-101, 0.0, 0.0], [0.0, 1.25e-101, 0.0], [0.0, 0.0, 6.25e-102]], [1.0, 0.0, 0.0], 1)
EXACT_GAP_SIGN ([1e-100, 1e-100, -1e-100], [[2.5e-101, 0.0, 0.0], [0.0, 1.25e-101, 0.0], [0.0, 0.0, 6.25e-102]], [-1e-100, -1e-100, 1e-100], [[2.5e-101, 0.0, 0.0], [0.0, 1.25e-101, 0.0], [0.0, 0.0, 6.25e-102]], [1e-100, 0.0, 0.0], 1)
EXACT_GAP_SIGN ([1e-100, 1e-100, -1e-100], [[2.5e-101, 0.0, 0.0], [0.0, 1.25e-101, 0.0], [0.0, 0.0, 6.25e-102]], [-1e-100, -1e-100, 1e-100], [[2.5e-101, 0.0, 0.0], [0.0, 1.25e-101, 0.0], [0.0, 0.0, 6.25e-102]], [1e-100, -1e-100, 1e-100], 1)
EXACT_GAP_SIGN ([1.0, 1.0, -1.0], [[0.25, 0.0, 0.0], [0.0, 0.125, 0.0], [0.0, 0.0, 0.0625]], [-1.0, -1.0, 1.0], [[0.25, 0.0, 0.0], [0.0, 0.125, 0.0], [0.0, 0.0, 0.0625]], [1.0, 0.0, 0.0], 1)
EXACT_GAP_SIGN ([1.0, 1.0, -1.0], [[0.25, 0.0, 0.0], [0.0, 0.125, 0.0], [0.0, 0.0, 0.0625]], [-1.0, -1.0, 1.0], [[0.25, 0.0, 0.0], [0.0, 0.125, 0.0], [0.0, 0.0, 0.0625]], [1.0, 0.0, 0.0], 1)
EXACT_GAP_SIGN ([1.0, 1.0, -1.0], [[0.25, 0.0, 0.0], [0.0, 0.125, 0.0], [0.0, 0.0, 0.0625]], [-1.0, -1.0, 1.0], [[0.25, 0.0, 0.0], [0.0, 0.125, 0.0], [0.0, 0.0, 0.0625]], [1.0, -1.0, 1.0], 1)
EXACT_GAP_SIGN ([1e100, 1e100, -1e100], [[2.5e99, 0.0, 0.0], [0.0, 1.25e99, 0.0], [0.0, 0.0, 6.25e98]], [-1e100, -1e100, 1e100], [[2.5e99, 0.0, 0.0], [0.0, 1.25e99, 0.0], [0.0, 0.0, 6.25e98]], [1.0, 0.0, 0.0], 1)
EXACT_GAP_SIGN ([1e100, 1e100, -1e100], [[2.5e99, 0.0, 0.0], [0.0, 1.25e99, 0.0], [0.0, 0.0, 6.25e98]], [-1e100, -1e100, 1e100], [[2.5e99, 0.0, 0.0], [0.0, 1.25e99, 0.0], [0.0, 0.0, 6.25e98]], [1e100, 0.0, 0.0], 1)
EXACT_GAP_SIGN ([1e100, 1e100, -1e100], [[2.5e99, 0.0, 0.0], [0.0, 1.25e99, 0.0], [0.0, 0.0, 6.25e98]], [-1e100, -1e100, 1e100], [[2.5e99, 0.0, 0.0], [0.0, 1.25e99, 0.0], [0.0, 0.0, 6.25e98]], [1e100, -1e100, 1e100], 1)
EXACT_GAP_SIGN ([1.7976931348623157e308, 1.7976931348623157e308, -1.7976931348623157e308], [[4.4942328371557893e307, 0.0, 0.0], [0.0, 2.2471164185778946e307, 0.0], [0.0, 0.0, 1.1235582092889473e307]], [-1.7976931348623157e308, -1.7976931348623157e308, 1.7976931348623157e308], [[4.4942328371557893e307, 0.0, 0.0], [0.0, 2.2471164185778946e307, 0.0], [0.0, 0.0, 1.1235582092889473e307]], [1.0, 0.0, 0.0], 1)
EXACT_GAP_SIGN ([1.7976931348623157e308, 1.7976931348623157e308, -1.7976931348623157e308], [[4.4942328371557893e307, 0.0, 0.0], [0.0, 2.2471164185778946e307, 0.0], [0.0, 0.0, 1.1235582092889473e307]], [-1.7976931348623157e308, -1.7976931348623157e308, 1.7976931348623157e308], [[4.4942328371557893e307, 0.0, 0.0], [0.0, 2.2471164185778946e307, 0.0], [0.0, 0.0, 1.1235582092889473e307]], [1.7976931348623157e308, 0.0, 0.0], 1)
EXACT_GAP_SIGN ([1.7976931348623157e308, 1.7976931348623157e308, -1.7976931348623157e308], [[4.4942328371557893e307, 0.0, 0.0], [0.0, 2.2471164185778946e307, 0.0], [0.0, 0.0, 1.1235582092889473e307]], [-1.7976931348623157e308, -1.7976931348623157e308, 1.7976931348623157e308], [[4.4942328371557893e307, 0.0, 0.0], [0.0, 2.2471164185778946e307, 0.0], [0.0, 0.0, 1.1235582092889473e307]], [1.7976931348623157e308, -1.7976931348623157e308, 1.7976931348623157e308], 1)
test angular_sweep::exact_gap::tests::exact_gap_distinguishes_touching_from_adjacent_float_penetration ... ok

test result: ok. 1 passed; 0 failed; 0 ignored; 0 measured; 50 filtered out; finished in 0.00s

