    Blocking waiting for file lock on build directory
warning: unexpected `cfg` condition value: `nightly`
 --> crates/physics/src/biomechanics/mod.rs:5:7
  |
5 | #[cfg(feature = "nightly")]
  |       ^^^^^^^^^^^^^^^^^^^ help: remove the condition
  |
  = note: no expected values for `feature`
  = help: consider adding `nightly` as a feature in `Cargo.toml`
  = note: see <https://doc.rust-lang.org/nightly/rustc/check-cfg/cargo-specifics.html> for more information about checking conditional configuration
  = note: `#[warn(unexpected_cfgs)]` on by default

warning: unexpected `cfg` condition value: `nightly`
   --> crates/physics/src/biomechanics/mod.rs:893:7
    |
893 | #[cfg(feature = "nightly")]
    |       ^^^^^^^^^^^^^^^^^^^ help: remove the condition
    |
    = note: no expected values for `feature`
    = help: consider adding `nightly` as a feature in `Cargo.toml`
    = note: see <https://doc.rust-lang.org/nightly/rustc/check-cfg/cargo-specifics.html> for more information about checking conditional configuration

warning: method `restore_replay_motion` is never used
  --> crates/physics/src/hair/contact.rs:70:19
   |
63 | impl TriangleMesh {
   | ----------------- method in this implementation
...
70 |     pub(super) fn restore_replay_motion(&mut self,previous:&[V],velocity:&[V]) {
   |                   ^^^^^^^^^^^^^^^^^^^^^
   |
   = note: `#[warn(dead_code)]` (part of `#[warn(unused)]`) on by default

warning: `physics` (lib) generated 3 warnings
    Finished `release` profile [optimized] target(s) in 1.47s
     Running tests/moisture_sparse.rs (/tmp/voxy-release-120fps-20261007/release/deps/moisture_sparse-ca7340aab71c4c21)

running 1 test
CYCLIC_COST cells=257 samples=8 median_ns=1131916 min_ns=1015792 max_ns=1577000 max_error=1.2212453270876722e-15 max_defect=2.609024107869118e-14 checksum=1.49155347470206994e5
test stiff_cyclic_transport_cost ... ok

test result: ok. 1 passed; 0 failed; 0 ignored; 0 measured; 10 filtered out; finished in 0.01s

