    Blocking waiting for file lock on build directory
warning: unexpected `cfg` condition value: `nightly`
 --> crates/physics/src/biomechanics/mod.rs:5:7
  |
5 | #[cfg(feature = "nightly")]
  |       ^^^^^^^^^^^^^^^^^^^ help: remove the condition
  |
  = note: no expected values for `feature`
  = help: consider adding `nightly` as a feature in `Cargo.toml`
  = note: see <https://doc.rust-lang.org/nightly/rustc/check-cfg/cargo-specifics.html> for more information about checking conditional configuration
  = note: `#[warn(unexpected_cfgs)]` on by default

warning: unexpected `cfg` condition value: `nightly`
   --> crates/physics/src/biomechanics/mod.rs:893:7
    |
893 | #[cfg(feature = "nightly")]
    |       ^^^^^^^^^^^^^^^^^^^ help: remove the condition
    |
    = note: no expected values for `feature`
    = help: consider adding `nightly` as a feature in `Cargo.toml`
    = note: see <https://doc.rust-lang.org/nightly/rustc/check-cfg/cargo-specifics.html> for more information about checking conditional configuration

warning: method `restore_replay_motion` is never used
  --> crates/physics/src/hair/contact.rs:70:19
   |
63 | impl TriangleMesh {
   | ----------------- method in this implementation
...
70 |     pub(super) fn restore_replay_motion(&mut self,previous:&[V],velocity:&[V]) {
   |                   ^^^^^^^^^^^^^^^^^^^^^
   |
   = note: `#[warn(dead_code)]` (part of `#[warn(unused)]`) on by default

warning: `physics` (lib) generated 3 warnings
    Finished `release` profile [optimized] target(s) in 0.30s
     Running tests/tissue_surface.rs (/tmp/voxy-release-120fps-20261007/release/deps/tissue_surface-15e19bd39e3e9703)

running 1 test
cells=256 queries=512 owned=256 repeated_prepare_and_bind_us=15788 reused_prepare_and_query_us=102
test repeated_binding_vs_reused_point_location ... ok

test result: ok. 1 passed; 0 failed; 0 ignored; 0 measured; 13 filtered out; finished in 0.02s

