NATIVE REVIEW project=/var/folders/jx/ps1h62vx3gdgly_ddwly4mqr0000gn/T/voxy-native-editor-review-18373-1790968797677546000 pid=18373
METAL WINDOW number=25576 occlusion=8192 visible=true miniaturized=false key=false
EDITOR PRESENT frames=0 draws=0 outcome=SkippedOccluded positions=[(NodeId { scene: 5, slot: 0, generation: 0 }, Vec4(-0.25, 0.0, 0.5, 1.0)), (NodeId { scene: 5, slot: 1, generation: 0 }, Vec4(0.25, 0.0, 0.5, 1.0))]
EDITOR WINDOW event=Resized(PhysicalSize { width: 1280, height: 1360 }) visible=Some(true) focused=Some(false)
EDITOR WINDOW event=Resized(PhysicalSize { width: 1280, height: 1360 }) visible=Some(true) focused=Some(false)
EDITOR WINDOW event=Focused(false) visible=Some(true) focused=Some(false)
EDITOR WINDOW event=Focused(true) visible=Some(true) focused=Some(true)
EDITOR WINDOW event=Occluded(false) visible=Some(true) focused=Some(true)
METAL WINDOW number=25576 occlusion=8194 visible=true miniaturized=false key=true
EDITOR PRESENT frames=0 draws=0 outcome=Presented positions=[(NodeId { scene: 5, slot: 0, generation: 0 }, Vec4(-0.25, 0.0, 0.5, 1.0)), (NodeId { scene: 5, slot: 1, generation: 0 }, Vec4(0.25, 0.0, 0.5, 1.0))]
MODEL PUBLISHED frames=1 first_x=0 asset=a
LOD DRAW view=0 asset=a level=Some(1) triangles=256 viewport=[1280, 1360]
LOD NATIVE SNAPSHOT PASS frames=3 owners=2
LOD NATIVE FAR PASS frames=3 levels=[1] bytes=34076
LOD DRAW view=0 asset=a level=Some(0) triangles=512 viewport=[1280, 1360]
LOD NATIVE SNAPSHOT PASS frames=6 owners=2
GPU MODEL DEFERRED asset=a error=GPU geometry budget exceeded: live=31812 additional=31004 limit=0
LOD NATIVE NEAR AND LAST GOOD PASS frames=6 levels=[0]
MODEL PUBLISHED frames=6 first_x=0 asset=b
LOD DRAW view=0 asset=a level=Some(0) triangles=512 viewport=[1280, 1360]
LOD DRAW view=0 asset=b level=Some(0) triangles=512 viewport=[1280, 1360]
LOD NATIVE SNAPSHOT PASS frames=9 owners=2
LOD NATIVE BUDGET RECOVERY PASS frames=9
LOD NATIVE PRESENTED AFTER FAILURE PASS frames=9
EDITOR KEY frames=9 key=F4
LOD DRAW view=0 asset=a level=Some(0) triangles=512 viewport=[640, 1360]
LOD DRAW view=0 asset=b level=Some(0) triangles=512 viewport=[640, 1360]
LOD DRAW view=1 asset=a level=Some(1) triangles=256 viewport=[640, 1360]
LOD DRAW view=1 asset=b level=Some(1) triangles=256 viewport=[640, 1360]
EDITOR PRESENT frames=9 draws=8 outcome=Presented positions=[(NodeId { scene: 5, slot: 0, generation: 0 }, Vec4(-0.25, 0.0, 0.5, 1.0)), (NodeId { scene: 5, slot: 1, generation: 0 }, Vec4(0.25, 0.0, 0.5, 1.0))]
LOD NATIVE SNAPSHOT PASS frames=12 owners=2
LOD NATIVE SPLIT PASS frames=12 phase=3 msaa4=false levels=[[Some(0)], [Some(1)]] bytes=34076
EDITOR KEY frames=12 key=F10
EDITOR PRESENT frames=12 draws=8 outcome=Presented positions=[(NodeId { scene: 5, slot: 0, generation: 0 }, Vec4(-0.25, 0.0, 0.5, 1.0)), (NodeId { scene: 5, slot: 1, generation: 0 }, Vec4(0.25, 0.0, 0.5, 1.0))]
LOD NATIVE SNAPSHOT PASS frames=15 owners=2
LOD NATIVE SPLIT PASS frames=15 phase=4 msaa4=true levels=[[Some(0)], [Some(1)]] bytes=34076
LOD DRAW view=0 asset=a level=Some(1) triangles=256 viewport=[640, 1360]
LOD DRAW view=0 asset=b level=Some(1) triangles=256 viewport=[640, 1360]
LOD DRAW view=1 asset=a level=Some(0) triangles=512 viewport=[640, 1360]
LOD DRAW view=1 asset=b level=Some(0) triangles=512 viewport=[640, 1360]
LOD NATIVE SNAPSHOT PASS frames=18 owners=2
LOD NATIVE SPLIT PASS frames=18 phase=5 msaa4=true levels=[[Some(1)], [Some(0)]] bytes=34076
EDITOR KEY frames=18 key=F10
EDITOR KEY frames=18 key=F4
LOD DRAW view=0 asset=a level=Some(0) triangles=512 viewport=[1280, 1360]
LOD DRAW view=0 asset=b level=Some(0) triangles=512 viewport=[1280, 1360]
EDITOR PRESENT frames=18 draws=4 outcome=Presented positions=[(NodeId { scene: 5, slot: 0, generation: 0 }, Vec4(-0.25, 0.0, 0.5, 1.0)), (NodeId { scene: 5, slot: 1, generation: 0 }, Vec4(0.25, 0.0, 0.5, 1.0))]
LOD NATIVE SNAPSHOT PASS frames=21 owners=2
LOD NATIVE SINGLE RESTORED PASS frames=21
LOD DRAW view=0 asset=a level=Some(1) triangles=256 viewport=[1280, 1360]
LOD DRAW view=0 asset=b level=Some(1) triangles=256 viewport=[1280, 1360]
LOD NATIVE SNAPSHOT PASS frames=24 owners=2
LOD NATIVE COMPETITION CONTRACT frames=24 mandatory=62816 optional=[3072, 3072] budget=65888
LOD RESIDENCY live=65888 budget=65888 pending={(AssetId("b"), 1)}
LOD DRAW view=0 asset=b level=Some(0) triangles=512 viewport=[1280, 1360]
LOD NATIVE SNAPSHOT PASS frames=27 owners=2
LOD NATIVE COMPETITION FALLBACK PASS frames=27 live=65888 budget=65888 pending={(AssetId("b"), 1)}
LOD RESIDENCY live=68960 budget=268435456 pending={}
LOD DRAW view=0 asset=b level=Some(1) triangles=256 viewport=[1280, 1360]
MODEL PUBLISHED frames=28 first_x=0 asset=a
LOD DRAW view=0 asset=a level=Some(1) triangles=256 viewport=[1280, 1360]
LOD NATIVE SNAPSHOT PASS frames=30 owners=2
LOD NATIVE COMPETITION RECOVERY PASS frames=30 live=68960 budget=268435456
