METAL WINDOW number=2787 occlusion=8192 visible=true miniaturized=false key=false active_space=true main_thread=true class="NSKVONotifying_WinitWindow"
EDITOR PRESENT frames=0 draws=0 outcome=SkippedOccluded positions=[(NodeId { scene: 6, slot: 0, generation: 0 }, Vec4(-0.35, -0.455, 0.5, 1.0)), (NodeId { scene: 6, slot: 1, generation: 0 }, Vec4(0.0, -0.5, 0.5, 1.0)), (NodeId { scene: 6, slot: 2, generation: 0 }, Vec4(0.0, 0.0, 0.0, 1.0)), (NodeId { scene: 6, slot: 3, generation: 0 }, Vec4(0.0, 0.0, 0.0, 1.0)), (NodeId { scene: 6, slot: 4, generation: 0 }, Vec4(0.0, -0.35, 0.5, 1.0)), (NodeId { scene: 6, slot: 5, generation: 0 }, Vec4(0.35, -0.38, 0.55, 1.0))]
EDITOR WINDOW event=Resized(PhysicalSize { width: 1280, height: 1360 }) visible=Some(true) focused=Some(false)
EDITOR WINDOW event=Resized(PhysicalSize { width: 1280, height: 1360 }) visible=Some(true) focused=Some(false)
EDITOR WINDOW event=Focused(false) visible=Some(true) focused=Some(false)
MODEL PUBLISHED frames=0 first_x=-0.02606931 asset=assembly
MODEL PUBLISHED frames=0 first_x=-0.7 asset=ground
MODEL PUBLISHED frames=0 first_x=-0.04 asset=player
MODEL PUBLISHED frames=0 first_x=-0.02606931 asset=assembly
MODEL PUBLISHED frames=0 first_x=-0.7 asset=ground
MODEL PUBLISHED frames=0 first_x=-0.04 asset=player
EDITOR WINDOW event=Focused(true) visible=Some(true) focused=Some(true)
METAL WINDOW number=2787 occlusion=8192 visible=true miniaturized=false key=true active_space=true main_thread=true class="NSKVONotifying_WinitWindow"
EDITOR KEY frames=0 key=Tab
EDITOR PRESENT frames=0 draws=6 outcome=SkippedOccluded positions=[(NodeId { scene: 6, slot: 0, generation: 0 }, Vec4(-0.35, -0.455, 0.5, 1.0)), (NodeId { scene: 6, slot: 1, generation: 0 }, Vec4(0.0, -0.5, 0.5, 1.0)), (NodeId { scene: 6, slot: 2, generation: 0 }, Vec4(0.0, 0.0, 0.0, 1.0)), (NodeId { scene: 6, slot: 3, generation: 0 }, Vec4(0.0, 0.0, 0.0, 1.0)), (NodeId { scene: 6, slot: 4, generation: 0 }, Vec4(0.0, -0.35, 0.5, 1.0)), (NodeId { scene: 6, slot: 5, generation: 0 }, Vec4(0.35, -0.38, 0.55, 1.0))]
EDITOR WINDOW event=Occluded(false) visible=Some(true) focused=Some(true)
METAL WINDOW number=2787 occlusion=8194 visible=true miniaturized=false key=true active_space=true main_thread=true class="NSKVONotifying_WinitWindow"
EDITOR PRESENT frames=0 draws=6 outcome=Presented positions=[(NodeId { scene: 6, slot: 0, generation: 0 }, Vec4(-0.35, -0.455, 0.5, 1.0)), (NodeId { scene: 6, slot: 1, generation: 0 }, Vec4(0.0, -0.5, 0.5, 1.0)), (NodeId { scene: 6, slot: 2, generation: 0 }, Vec4(0.0, 0.0, 0.0, 1.0)), (NodeId { scene: 6, slot: 3, generation: 0 }, Vec4(0.0, 0.0, 0.0, 1.0)), (NodeId { scene: 6, slot: 4, generation: 0 }, Vec4(0.0, -0.35, 0.5, 1.0)), (NodeId { scene: 6, slot: 5, generation: 0 }, Vec4(0.35, -0.38, 0.55, 1.0))]
EDITOR FOG PRESENT frame=1 views=1 owner=NodeId { scene: 6, slot: 6, generation: 0 }
EDITOR FOG PRESENT frame=2 views=1 owner=NodeId { scene: 6, slot: 6, generation: 0 }
EDITOR FOG PRESENT frame=3 views=1 owner=NodeId { scene: 6, slot: 6, generation: 0 }
SCENE3D GPU GEOMETRY BYTES unique=19792 naive=28896
SCENE3D GPU SHARING MIPS PASS frames=3
METAL WINDOW number=2787 occlusion=8194 visible=false miniaturized=false key=false active_space=true main_thread=true class="NSKVONotifying_WinitWindow"
EDITOR FOG PRESENT frame=4 views=1 owner=NodeId { scene: 6, slot: 6, generation: 0 }
Error: "missing model reference"
