
running 1 test
UNIFORM_WORLD_POINT (0, 0.0, [-0.125, -0.25, -0.5], [65537.0078125, 2.25, -2.5], [0.007812500014961385, 4.768375675383459e-7, 4.768375684985547e-7], 0.007813453690097425)
UNIFORM_WORLD_POINT (0, 0.0, [0.125, -0.25, -0.5], [65537.0078125, 1.75, -2.5], [0.007812500014961385, 4.768375675383459e-7, 4.768375684985547e-7], 0.007813453690097425)
UNIFORM_WORLD_POINT (0, 0.0, [-0.125, 0.25, -0.5], [65537.0078125, 2.25, -3.5], [0.007812500014961385, 4.768375675383459e-7, 4.768375684985547e-7], 0.007813453690097425)
UNIFORM_WORLD_POINT (0, 0.0, [0.125, 0.25, -0.5], [65537.0078125, 1.75, -3.5], [0.007812500014961385, 4.768375675383459e-7, 4.768375684985547e-7], 0.007813453690097425)
UNIFORM_WORLD_POINT (0, 0.0, [-0.125, -0.25, 0.5], [65535.0078125, 2.25, -2.5], [0.007812500014961385, 4.768375675383459e-7, 4.768375684985547e-7], 0.007813453690097425)
UNIFORM_WORLD_POINT (0, 0.0, [0.125, -0.25, 0.5], [65535.0078125, 1.75, -2.5], [0.007812500014961385, 4.768375675383459e-7, 4.768375684985547e-7], 0.007813453690097425)
UNIFORM_WORLD_POINT (0, 0.0, [-0.125, 0.25, 0.5], [65535.0078125, 2.25, -3.5], [0.007812500014961385, 4.768375675383459e-7, 4.768375684985547e-7], 0.007813453690097425)
UNIFORM_WORLD_POINT (0, 0.0, [0.125, 0.25, 0.5], [65535.0078125, 1.75, -3.5], [0.007812500014961385, 4.768375675383459e-7, 4.768375684985547e-7], 0.007813453690097425)
UNIFORM_WORLD_POINT (0, 0.1, [-0.125, -0.25, -0.5], [65536.953125, 2.1839852333068848, -2.5], [0.007812500014961385, 4.768375675383459e-7, 4.768375684985547e-7], 0.007813453690097425)
UNIFORM_WORLD_POINT (0, 0.1, [0.125, -0.25, -0.5], [65536.96875, 1.6842914819717407, -2.5], [0.007812500014961385, 4.768375675383459e-7, 4.768375684985547e-7], 0.007813453690097425)
UNIFORM_WORLD_POINT (0, 0.1, [-0.125, 0.25, -0.5], [65536.953125, 2.1839852333068848, -3.5], [0.007812500014961385, 4.768375675383459e-7, 4.768375684985547e-7], 0.007813453690097425)
UNIFORM_WORLD_POINT (0, 0.1, [0.125, 0.25, -0.5], [65536.96875, 1.6842914819717407, -3.5], [0.007812500014961385, 4.768375675383459e-7, 4.768375684985547e-7], 0.007813453690097425)
UNIFORM_WORLD_POINT (0, 0.1, [-0.125, -0.25, 0.5], [65534.953125, 2.113999605178833, -2.5], [0.007812500014961385, 4.768375675383459e-7, 4.768375684985547e-7], 0.007813453690097425)
UNIFORM_WORLD_POINT (0, 0.1, [0.125, -0.25, 0.5], [65534.97265625, 1.6143057346343994, -2.5], [0.007812500014961385, 4.768375675383459e-7, 4.768375684985547e-7], 0.007813453690097425)
UNIFORM_WORLD_POINT (0, 0.1, [-0.125, 0.25, 0.5], [65534.953125, 2.113999605178833, -3.5], [0.007812500014961385, 4.768375675383459e-7, 4.768375684985547e-7], 0.007813453690097425)
UNIFORM_WORLD_POINT (0, 0.1, [0.125, 0.25, 0.5], [65534.97265625, 1.6143057346343994, -3.5], [0.007812500014961385, 4.768375675383459e-7, 4.768375684985547e-7], 0.007813453690097425)
UNIFORM_WORLD_POINT (0, 0.5, [-0.125, -0.25, -0.5], [65536.7421875, 1.901018738746643, -2.5], [0.007812500014961385, 4.768375675383459e-7, 4.768375684985547e-7], 0.007813453690097425)
UNIFORM_WORLD_POINT (0, 0.5, [0.125, -0.25, -0.5], [65536.8359375, 1.4086554050445557, -2.5], [0.007812500014961385, 4.768375675383459e-7, 4.768375684985547e-7], 0.007813453690097425)
UNIFORM_WORLD_POINT (0, 0.5, [-0.125, 0.25, -0.5], [65536.7421875, 1.901018738746643, -3.5], [0.007812500014961385, 4.768375675383459e-7, 4.768375684985547e-7], 0.007813453690097425)
UNIFORM_WORLD_POINT (0, 0.5, [0.125, 0.25, -0.5], [65536.8359375, 1.4086554050445557, -3.5], [0.007812500014961385, 4.768375675383459e-7, 4.768375684985547e-7], 0.007813453690097425)
UNIFORM_WORLD_POINT (0, 0.5, [-0.125, -0.25, 0.5], [65534.77734375, 1.5528024435043335, -2.5], [0.007812500014961385, 4.768375675383459e-7, 4.768375684985547e-7], 0.007813453690097425)
UNIFORM_WORLD_POINT (0, 0.5, [0.125, -0.25, 0.5], [65534.86328125, 1.0604392290115356, -2.5], [0.007812500014961385, 4.768375675383459e-7, 4.768375684985547e-7], 0.007813453690097425)
UNIFORM_WORLD_POINT (0, 0.5, [-0.125, 0.25, 0.5], [65534.77734375, 1.5528024435043335, -3.5], [0.007812500014961385, 4.768375675383459e-7, 4.768375684985547e-7], 0.007813453690097425)
UNIFORM_WORLD_POINT (0, 0.5, [0.125, 0.25, 0.5], [65534.86328125, 1.0604392290115356, -3.5], [0.007812500014961385, 4.768375675383459e-7, 4.768375684985547e-7], 0.007813453690097425)
UNIFORM_WORLD_POINT (0, 0.875, [-0.125, -0.25, -0.5], [65536.59375, 1.6119962930679321, -2.5], [0.007812500014961385, 4.768375675383459e-7, 4.768375684985547e-7], 0.007813453690097425)
UNIFORM_WORLD_POINT (0, 0.875, [0.125, -0.25, -0.5], [65536.7421875, 1.1352609395980835, -2.5], [0.007812500014961385, 4.768375675383459e-7, 4.768375684985547e-7], 0.007813453690097425)
UNIFORM_WORLD_POINT (0, 0.875, [-0.125, 0.25, -0.5], [65536.59375, 1.6119962930679321, -3.5], [0.007812500014961385, 4.768375675383459e-7, 4.768375684985547e-7], 0.007813453690097425)
UNIFORM_WORLD_POINT (0, 0.875, [0.125, 0.25, -0.5], [65536.7421875, 1.1352609395980835, -3.5], [0.007812500014961385, 4.768375675383459e-7, 4.768375684985547e-7], 0.007813453690097425)
UNIFORM_WORLD_POINT (0, 0.875, [-0.125, -0.25, 0.5], [65534.68359375, 1.0090258121490479, -2.5], [0.007812500014961385, 4.768375675383459e-7, 4.768375684985547e-7], 0.007813453690097425)
UNIFORM_WORLD_POINT (0, 0.875, [0.125, -0.25, 0.5], [65534.83203125, 0.5322903990745544, -2.5], [0.007812500014961385, 4.768375675383459e-7, 4.768375684985547e-7], 0.007813453690097425)
UNIFORM_WORLD_POINT (0, 0.875, [-0.125, 0.25, 0.5], [65534.68359375, 1.0090258121490479, -3.5], [0.007812500014961385, 4.768375675383459e-7, 4.768375684985547e-7], 0.007813453690097425)
UNIFORM_WORLD_POINT (0, 0.875, [0.125, 0.25, 0.5], [65534.83203125, 0.5322903990745544, -3.5], [0.007812500014961385, 4.768375675383459e-7, 4.768375684985547e-7], 0.007813453690097425)
UNIFORM_WORLD_POINT (0, 1.0, [-0.125, -0.25, -0.5], [65536.546875, 1.5114225149154663, -2.5], [0.007812500014961385, 4.768375675383459e-7, 4.768375684985547e-7], 0.007813453690097425)
UNIFORM_WORLD_POINT (0, 1.0, [0.125, -0.25, -0.5], [65536.71875, 1.0417362451553345, -2.5], [0.007812500014961385, 4.768375675383459e-7, 4.768375684985547e-7], 0.007813453690097425)
UNIFORM_WORLD_POINT (0, 1.0, [-0.125, 0.25, -0.5], [65536.546875, 1.5114225149154663, -3.5], [0.007812500014961385, 4.768375675383459e-7, 4.768375684985547e-7], 0.007813453690097425)
UNIFORM_WORLD_POINT (0, 1.0, [0.125, 0.25, -0.5], [65536.71875, 1.0417362451553345, -3.5], [0.007812500014961385, 4.768375675383459e-7, 4.768375684985547e-7], 0.007813453690097425)
UNIFORM_WORLD_POINT (0, 1.0, [-0.125, -0.25, 0.5], [65534.66796875, 0.8256269097328186, -2.5], [0.007812500014961385, 4.768375675383459e-7, 4.768375684985547e-7], 0.007813453690097425)
UNIFORM_WORLD_POINT (0, 1.0, [0.125, -0.25, 0.5], [65534.83984375, 0.355940580368042, -2.5], [0.007812500014961385, 4.768375675383459e-7, 4.768375684985547e-7], 0.007813453690097425)
UNIFORM_WORLD_POINT (0, 1.0, [-0.125, 0.25, 0.5], [65534.66796875, 0.8256269097328186, -3.5], [0.007812500014961385, 4.768375675383459e-7, 4.768375684985547e-7], 0.007813453690097425)
UNIFORM_WORLD_POINT (0, 1.0, [0.125, 0.25, 0.5], [65534.83984375, 0.355940580368042, -3.5], [0.007812500014961385, 4.768375675383459e-7, 4.768375684985547e-7], 0.007813453690097425)
UNIFORM_WORLD_POINT (1, 0.0, [-0.125, -0.25, -0.5], [65536.546875, 1.5114225149154663, -2.5], [0.007812500014961385, 4.768375675383459e-7, 4.768375684985547e-7], 0.007813453690097425)
UNIFORM_WORLD_POINT (1, 0.0, [0.125, -0.25, -0.5], [65536.71875, 1.0417362451553345, -2.5], [0.007812500014961385, 4.768375675383459e-7, 4.768375684985547e-7], 0.007813453690097425)
UNIFORM_WORLD_POINT (1, 0.0, [-0.125, 0.25, -0.5], [65536.546875, 1.5114225149154663, -3.5], [0.007812500014961385, 4.768375675383459e-7, 4.768375684985547e-7], 0.007813453690097425)
UNIFORM_WORLD_POINT (1, 0.0, [0.125, 0.25, -0.5], [65536.71875, 1.0417362451553345, -3.5], [0.007812500014961385, 4.768375675383459e-7, 4.768375684985547e-7], 0.007813453690097425)
UNIFORM_WORLD_POINT (1, 0.0, [-0.125, -0.25, 0.5], [65534.66796875, 0.8256269097328186, -2.5], [0.007812500014961385, 4.768375675383459e-7, 4.768375684985547e-7], 0.007813453690097425)
UNIFORM_WORLD_POINT (1, 0.0, [0.125, -0.25, 0.5], [65534.83984375, 0.355940580368042, -2.5], [0.007812500014961385, 4.768375675383459e-7, 4.768375684985547e-7], 0.007813453690097425)
UNIFORM_WORLD_POINT (1, 0.0, [-0.125, 0.25, 0.5], [65534.66796875, 0.8256269097328186, -3.5], [0.007812500014961385, 4.768375675383459e-7, 4.768375684985547e-7], 0.007813453690097425)
UNIFORM_WORLD_POINT (1, 0.0, [0.125, 0.25, 0.5], [65534.83984375, 0.355940580368042, -3.5], [0.007812500014961385, 4.768375675383459e-7, 4.768375684985547e-7], 0.007813453690097425)
UNIFORM_WORLD_POINT (1, 0.1, [-0.125, -0.25, -0.5], [65536.5390625, 1.5114225149154663, -2.5045008659362793], [0.007812500014961385, 4.768375675383459e-7, 4.768375684985547e-7], 0.007813453690097425)
UNIFORM_WORLD_POINT (1, 0.1, [0.125, -0.25, -0.5], [65536.7109375, 1.0417362451553345, -2.50192928314209], [0.007812500014961385, 4.768375675383459e-7, 4.768375684985547e-7], 0.007813453690097425)
UNIFORM_WORLD_POINT (1, 0.1, [-0.125, 0.25, -0.5], [65536.5546875, 1.5114225149154663, -3.5043883323669434], [0.007812500014961385, 4.768375675383459e-7, 4.768375684985547e-7], 0.007813453690097425)
UNIFORM_WORLD_POINT (1, 0.1, [0.125, 0.25, -0.5], [65536.7265625, 1.0417362451553345, -3.501816749572754], [0.007812500014961385, 4.768375675383459e-7, 4.768375684985547e-7], 0.007813453690097425)
UNIFORM_WORLD_POINT (1, 0.1, [-0.125, -0.25, 0.5], [65534.66015625, 0.8256269097328186, -2.5326809883117676], [0.007812500014961385, 4.768375675383459e-7, 4.768375684985547e-7], 0.007813453690097425)
UNIFORM_WORLD_POINT (1, 0.1, [0.125, -0.25, 0.5], [65534.83203125, 0.355940580368042, -2.530109405517578], [0.007812500014961385, 4.768375675383459e-7, 4.768375684985547e-7], 0.007813453690097425)
UNIFORM_WORLD_POINT (1, 0.1, [-0.125, 0.25, 0.5], [65534.67578125, 0.8256269097328186, -3.5325684547424316], [0.007812500014961385, 4.768375675383459e-7, 4.768375684985547e-7], 0.007813453690097425)
UNIFORM_WORLD_POINT (1, 0.1, [0.125, 0.25, 0.5], [65534.84765625, 0.355940580368042, -3.529996871948242], [0.007812500014961385, 4.768375675383459e-7, 4.768375684985547e-7], 0.007813453690097425)
UNIFORM_WORLD_POINT (1, 0.5, [-0.125, -0.25, -0.5], [65536.5078125, 1.5114225149154663, -2.523608684539795], [0.007812500014961385, 4.768375675383459e-7, 4.768375684985547e-7], 0.007813453690097425)
UNIFORM_WORLD_POINT (1, 0.5, [0.125, -0.25, -0.5], [65536.6796875, 1.0417362451553345, -2.5107619762420654], [0.007812500014961385, 4.768375675383459e-7, 4.768375684985547e-7], 0.007813453690097425)
UNIFORM_WORLD_POINT (1, 0.5, [-0.125, 0.25, -0.5], [65536.5859375, 1.5114225149154663, -3.5207974910736084], [0.007812500014961385, 4.768375675383459e-7, 4.768375684985547e-7], 0.007813453690097425)
UNIFORM_WORLD_POINT (1, 0.5, [0.125, 0.25, -0.5], [65536.7578125, 1.0417362451553345, -3.507950782775879], [0.007812500014961385, 4.768375675383459e-7, 4.768375684985547e-7], 0.007813453690097425)
UNIFORM_WORLD_POINT (1, 0.5, [-0.125, -0.25, 0.5], [65534.63671875, 0.8256269097328186, -2.6643824577331543], [0.007812500014961385, 4.768375675383459e-7, 4.768375684985547e-7], 0.007813453690097425)
UNIFORM_WORLD_POINT (1, 0.5, [0.125, -0.25, 0.5], [65534.80859375, 0.355940580368042, -2.651535749435425], [0.007812500014961385, 4.768375675383459e-7, 4.768375684985547e-7], 0.007813453690097425)
UNIFORM_WORLD_POINT (1, 0.5, [-0.125, 0.25, 0.5], [65534.7109375, 0.8256269097328186, -3.6615712642669678], [0.007812500014961385, 4.768375675383459e-7, 4.768375684985547e-7], 0.007813453690097425)
UNIFORM_WORLD_POINT (1, 0.5, [0.125, 0.25, 0.5], [65534.8828125, 0.355940580368042, -3.6487247943878174], [0.007812500014961385, 4.768375675383459e-7, 4.768375684985547e-7], 0.007813453690097425)
UNIFORM_WORLD_POINT (1, 0.875, [-0.125, -0.25, -0.5], [65536.484375, 1.5114225149154663, -2.5430805683135986], [0.007812500014961385, 4.768375675383459e-7, 4.768375684985547e-7], 0.007813453690097425)
UNIFORM_WORLD_POINT (1, 0.875, [0.125, -0.25, -0.5], [65536.65625, 1.0417362451553345, -2.5206425189971924], [0.007812500014961385, 4.768375675383459e-7, 4.768375684985547e-7], 0.007813453690097425)
UNIFORM_WORLD_POINT (1, 0.875, [-0.125, 0.25, -0.5], [65536.6171875, 1.5114225149154663, -3.534479856491089], [0.007812500014961385, 4.768375675383459e-7, 4.768375684985547e-7], 0.007813453690097425)
UNIFORM_WORLD_POINT (1, 0.875, [0.125, 0.25, -0.5], [65536.78125, 1.0417362451553345, -3.5120415687561035], [0.007812500014961385, 4.768375675383459e-7, 4.768375684985547e-7], 0.007813453690097425)
UNIFORM_WORLD_POINT (1, 0.875, [-0.125, -0.25, 0.5], [65534.62109375, 0.8256269097328186, -2.7889585494995117], [0.007812500014961385, 4.768375675383459e-7, 4.768375684985547e-7], 0.007813453690097425)
UNIFORM_WORLD_POINT (1, 0.875, [0.125, -0.25, 0.5], [65534.79296875, 0.355940580368042, -2.7665205001831055], [0.007812500014961385, 4.768375675383459e-7, 4.768375684985547e-7], 0.007813453690097425)
UNIFORM_WORLD_POINT (1, 0.875, [-0.125, 0.25, 0.5], [65534.75390625, 0.8256269097328186, -3.780357837677002], [0.007812500014961385, 4.768375675383459e-7, 4.768375684985547e-7], 0.007813453690097425)
UNIFORM_WORLD_POINT (1, 0.875, [0.125, 0.25, 0.5], [65534.921875, 0.355940580368042, -3.7579195499420166], [0.007812500014961385, 4.768375675383459e-7, 4.768375684985547e-7], 0.007813453690097425)
UNIFORM_WORLD_POINT (1, 1.0, [-0.125, -0.25, -0.5], [65536.4765625, 1.5114225149154663, -2.549895763397217], [0.007812500014961385, 4.768375675383459e-7, 4.768375684985547e-7], 0.007813453690097425)
UNIFORM_WORLD_POINT (1, 1.0, [0.125, -0.25, -0.5], [65536.6484375, 1.0417362451553345, -2.5242745876312256], [0.007812500014961385, 4.768375675383459e-7, 4.768375684985547e-7], 0.007813453690097425)
UNIFORM_WORLD_POINT (1, 1.0, [-0.125, 0.25, -0.5], [65536.625, 1.5114225149154663, -3.5386667251586914], [0.007812500014961385, 4.768375675383459e-7, 4.768375684985547e-7], 0.007813453690097425)
UNIFORM_WORLD_POINT (1, 1.0, [0.125, 0.25, -0.5], [65536.796875, 1.0417362451553345, -3.5130457878112793], [0.007812500014961385, 4.768375675383459e-7, 4.768375684985547e-7], 0.007813453690097425)
UNIFORM_WORLD_POINT (1, 1.0, [-0.125, -0.25, 0.5], [65534.6171875, 0.8256269097328186, -2.8306519985198975], [0.007812500014961385, 4.768375675383459e-7, 4.768375684985547e-7], 0.007813453690097425)
UNIFORM_WORLD_POINT (1, 1.0, [0.125, -0.25, 0.5], [65534.7890625, 0.355940580368042, -2.8050308227539063], [0.007812500014961385, 4.768375675383459e-7, 4.768375684985547e-7], 0.007813453690097425)
UNIFORM_WORLD_POINT (1, 1.0, [-0.125, 0.25, 0.5], [65534.765625, 0.8256269097328186, -3.819422960281372], [0.007812500014961385, 4.768375675383459e-7, 4.768375684985547e-7], 0.007813453690097425)
UNIFORM_WORLD_POINT (1, 1.0, [0.125, 0.25, 0.5], [65534.9375, 0.355940580368042, -3.79380202293396], [0.007812500014961385, 4.768375675383459e-7, 4.768375684985547e-7], 0.007813453690097425)
test root_rigid::tests::uniform_screw_point_box_error_covers_all_times_signed_world_mapping_and_publication ... ok

test result: ok. 1 passed; 0 failed; 0 ignored; 0 measured; 188 filtered out; finished in 0.00s

