
running 1 test
WORLD_POINT_ENCLOSURE (0.0, [0.0, 0.0, 0.0], -2.0, 0.01, 0.003, 0.02300000000000001)
WORLD_POINT_ENCLOSURE (0.0, [0.0, 0.0, 0.0], 0.0, 0.01, 0.003, 0.003)
WORLD_POINT_ENCLOSURE (0.0, [0.0, 0.0, 0.0], 0.5, 0.01, 0.003, 0.008000000000000004)
WORLD_POINT_ENCLOSURE (0.0, [0.0, 0.0, 0.0], 2.0, 0.01, 0.003, 0.02300000000000001)
WORLD_POINT_ENCLOSURE (0.0, [0.4, -0.1, 0.2], -2.0, 0.01, 0.003, 0.02300000000000001)
WORLD_POINT_ENCLOSURE (0.0, [0.4, -0.1, 0.2], 0.0, 0.01, 0.003, 0.003)
WORLD_POINT_ENCLOSURE (0.0, [0.4, -0.1, 0.2], 0.5, 0.01, 0.003, 0.008000000000000004)
WORLD_POINT_ENCLOSURE (0.0, [0.4, -0.1, 0.2], 2.0, 0.01, 0.003, 0.02300000000000001)
WORLD_POINT_ENCLOSURE (0.0, [2.0, 3.0, 4.0], -2.0, 0.01, 0.003, 0.02300000000000001)
WORLD_POINT_ENCLOSURE (0.0, [2.0, 3.0, 4.0], 0.0, 0.01, 0.003, 0.003)
WORLD_POINT_ENCLOSURE (0.0, [2.0, 3.0, 4.0], 0.5, 0.01, 0.003, 0.008000000000000004)
WORLD_POINT_ENCLOSURE (0.0, [2.0, 3.0, 4.0], 2.0, 0.01, 0.003, 0.02300000000000001)
WORLD_POINT_ENCLOSURE (1e-12, [0.0, 0.0, 0.0], -2.0, 0.01, 0.003, 0.02300000000000001)
WORLD_POINT_ENCLOSURE (1e-12, [0.0, 0.0, 0.0], 0.0, 0.01, 0.003, 0.003)
WORLD_POINT_ENCLOSURE (1e-12, [0.0, 0.0, 0.0], 0.5, 0.01, 0.003, 0.008000000000000004)
WORLD_POINT_ENCLOSURE (1e-12, [0.0, 0.0, 0.0], 2.0, 0.01, 0.003, 0.02300000000000001)
WORLD_POINT_ENCLOSURE (1e-12, [0.4, -0.1, 0.2], -2.0, 0.01, 0.003, 0.023000000000916527)
WORLD_POINT_ENCLOSURE (1e-12, [0.4, -0.1, 0.2], 0.0, 0.01, 0.003, 0.003)
WORLD_POINT_ENCLOSURE (1e-12, [0.4, -0.1, 0.2], 0.5, 0.01, 0.003, 0.008000000000229133)
WORLD_POINT_ENCLOSURE (1e-12, [0.4, -0.1, 0.2], 2.0, 0.01, 0.003, 0.023000000000916527)
WORLD_POINT_ENCLOSURE (1e-12, [2.0, 3.0, 4.0], -2.0, 0.01, 0.003, 0.02300000001077034)
WORLD_POINT_ENCLOSURE (1e-12, [2.0, 3.0, 4.0], 0.0, 0.01, 0.003, 0.003)
WORLD_POINT_ENCLOSURE (1e-12, [2.0, 3.0, 4.0], 0.5, 0.01, 0.003, 0.008000000002692586)
WORLD_POINT_ENCLOSURE (1e-12, [2.0, 3.0, 4.0], 2.0, 0.01, 0.003, 0.02300000001077034)
WORLD_POINT_ENCLOSURE (0.2, [0.0, 0.0, 0.0], -2.0, 0.01, 0.003, 0.02300000000000001)
WORLD_POINT_ENCLOSURE (0.2, [0.0, 0.0, 0.0], 0.0, 0.01, 0.003, 0.003)
WORLD_POINT_ENCLOSURE (0.2, [0.0, 0.0, 0.0], 0.5, 0.01, 0.003, 0.008000000000000004)
WORLD_POINT_ENCLOSURE (0.2, [0.0, 0.0, 0.0], 2.0, 0.01, 0.003, 0.02300000000000001)
WORLD_POINT_ENCLOSURE (0.2, [0.4, -0.1, 0.2], -2.0, 0.01, 0.003, 0.20599767546806216)
WORLD_POINT_ENCLOSURE (0.2, [0.4, -0.1, 0.2], 0.0, 0.01, 0.003, 0.003)
WORLD_POINT_ENCLOSURE (0.2, [0.4, -0.1, 0.2], 0.5, 0.01, 0.003, 0.05374941886701554)
WORLD_POINT_ENCLOSURE (0.2, [0.4, -0.1, 0.2], 2.0, 0.01, 0.003, 0.20599767546806216)
WORLD_POINT_ENCLOSURE (0.2, [2.0, 3.0, 4.0], -2.0, 0.01, 0.003, 2.173477607609984)
WORLD_POINT_ENCLOSURE (0.2, [2.0, 3.0, 4.0], 0.0, 0.01, 0.003, 0.003)
WORLD_POINT_ENCLOSURE (0.2, [2.0, 3.0, 4.0], 0.5, 0.01, 0.003, 0.545619401902496)
WORLD_POINT_ENCLOSURE (0.2, [2.0, 3.0, 4.0], 2.0, 0.01, 0.003, 2.173477607609984)
WORLD_POINT_ENCLOSURE (1.0, [0.0, 0.0, 0.0], -2.0, 0.01, 0.003, 0.02300000000000001)
WORLD_POINT_ENCLOSURE (1.0, [0.0, 0.0, 0.0], 0.0, 0.01, 0.003, 0.003)
WORLD_POINT_ENCLOSURE (1.0, [0.0, 0.0, 0.0], 0.5, 0.01, 0.003, 0.008000000000000004)
WORLD_POINT_ENCLOSURE (1.0, [0.0, 0.0, 0.0], 2.0, 0.01, 0.003, 0.02300000000000001)
WORLD_POINT_ENCLOSURE (1.0, [0.4, -0.1, 0.2], -2.0, 0.01, 0.003, 0.9018015282994952)
WORLD_POINT_ENCLOSURE (1.0, [0.4, -0.1, 0.2], 0.0, 0.01, 0.003, 0.003)
WORLD_POINT_ENCLOSURE (1.0, [0.4, -0.1, 0.2], 0.5, 0.01, 0.003, 0.2277003820748738)
WORLD_POINT_ENCLOSURE (1.0, [0.4, -0.1, 0.2], 2.0, 0.01, 0.003, 0.9018015282994952)
WORLD_POINT_ENCLOSURE (1.0, [2.0, 3.0, 4.0], -2.0, 0.01, 0.003, 10.350142152531454)
WORLD_POINT_ENCLOSURE (1.0, [2.0, 3.0, 4.0], 0.0, 0.01, 0.003, 0.003)
WORLD_POINT_ENCLOSURE (1.0, [2.0, 3.0, 4.0], 0.5, 0.01, 0.003, 2.5897855381328636)
WORLD_POINT_ENCLOSURE (1.0, [2.0, 3.0, 4.0], 2.0, 0.01, 0.003, 10.350142152531454)
WORLD_POINT_ENCLOSURE (2.0, [0.0, 0.0, 0.0], -2.0, 0.01, 0.003, 0.02300000000000001)
WORLD_POINT_ENCLOSURE (2.0, [0.0, 0.0, 0.0], 0.0, 0.01, 0.003, 0.003)
WORLD_POINT_ENCLOSURE (2.0, [0.0, 0.0, 0.0], 0.5, 0.01, 0.003, 0.008000000000000004)
WORLD_POINT_ENCLOSURE (2.0, [0.0, 0.0, 0.0], 2.0, 0.01, 0.003, 0.02300000000000001)
WORLD_POINT_ENCLOSURE (2.0, [0.4, -0.1, 0.2], -2.0, 0.01, 0.003, 1.5654417931964921)
WORLD_POINT_ENCLOSURE (2.0, [0.4, -0.1, 0.2], 0.0, 0.01, 0.003, 0.003)
WORLD_POINT_ENCLOSURE (2.0, [0.4, -0.1, 0.2], 0.5, 0.01, 0.003, 0.39361044829912306)
WORLD_POINT_ENCLOSURE (2.0, [0.4, -0.1, 0.2], 2.0, 0.01, 0.003, 1.5654417931964921)
WORLD_POINT_ENCLOSURE (2.0, [2.0, 3.0, 4.0], -2.0, 0.01, 0.003, 18.148839734449233)
WORLD_POINT_ENCLOSURE (2.0, [2.0, 3.0, 4.0], 0.0, 0.01, 0.003, 0.003)
WORLD_POINT_ENCLOSURE (2.0, [2.0, 3.0, 4.0], 0.5, 0.01, 0.003, 4.539459933612308)
WORLD_POINT_ENCLOSURE (2.0, [2.0, 3.0, 4.0], 2.0, 0.01, 0.003, 18.148839734449233)
WORLD_POINT_ENCLOSURE (3.1415926535897927, [0.0, 0.0, 0.0], -2.0, 0.01, 0.003, 0.02300000000000001)
WORLD_POINT_ENCLOSURE (3.1415926535897927, [0.0, 0.0, 0.0], 0.0, 0.01, 0.003, 0.003)
WORLD_POINT_ENCLOSURE (3.1415926535897927, [0.0, 0.0, 0.0], 0.5, 0.01, 0.003, 0.008000000000000004)
WORLD_POINT_ENCLOSURE (3.1415926535897927, [0.0, 0.0, 0.0], 2.0, 0.01, 0.003, 0.02300000000000001)
WORLD_POINT_ENCLOSURE (3.1415926535897927, [0.4, -0.1, 0.2], -2.0, 0.01, 0.003, 1.8560302779823377)
WORLD_POINT_ENCLOSURE (3.1415926535897927, [0.4, -0.1, 0.2], 0.0, 0.01, 0.003, 0.003)
WORLD_POINT_ENCLOSURE (3.1415926535897927, [0.4, -0.1, 0.2], 0.5, 0.01, 0.003, 0.46625756949558445)
WORLD_POINT_ENCLOSURE (3.1415926535897927, [0.4, -0.1, 0.2], 2.0, 0.01, 0.003, 1.8560302779823377)
WORLD_POINT_ENCLOSURE (3.1415926535897927, [2.0, 3.0, 4.0], -2.0, 0.01, 0.003, 21.563659228538036)
WORLD_POINT_ENCLOSURE (3.1415926535897927, [2.0, 3.0, 4.0], 0.0, 0.01, 0.003, 0.003)
WORLD_POINT_ENCLOSURE (3.1415926535897927, [2.0, 3.0, 4.0], 0.5, 0.01, 0.003, 5.393164807134509)
WORLD_POINT_ENCLOSURE (3.1415926535897927, [2.0, 3.0, 4.0], 2.0, 0.01, 0.003, 21.563659228538036)
WORLD_POINT_ENCLOSURE (3.141592653589793, [0.0, 0.0, 0.0], -2.0, 0.01, 0.003, 0.02300000000000001)
WORLD_POINT_ENCLOSURE (3.141592653589793, [0.0, 0.0, 0.0], 0.0, 0.01, 0.003, 0.003)
WORLD_POINT_ENCLOSURE (3.141592653589793, [0.0, 0.0, 0.0], 0.5, 0.01, 0.003, 0.008000000000000004)
WORLD_POINT_ENCLOSURE (3.141592653589793, [0.0, 0.0, 0.0], 2.0, 0.01, 0.003, 0.02300000000000001)
WORLD_POINT_ENCLOSURE (3.141592653589793, [0.4, -0.1, 0.2], -2.0, 0.01, 0.003, 1.8560302779823377)
WORLD_POINT_ENCLOSURE (3.141592653589793, [0.4, -0.1, 0.2], 0.0, 0.01, 0.003, 0.003)
WORLD_POINT_ENCLOSURE (3.141592653589793, [0.4, -0.1, 0.2], 0.5, 0.01, 0.003, 0.46625756949558445)
WORLD_POINT_ENCLOSURE (3.141592653589793, [0.4, -0.1, 0.2], 2.0, 0.01, 0.003, 1.8560302779823377)
WORLD_POINT_ENCLOSURE (3.141592653589793, [2.0, 3.0, 4.0], -2.0, 0.01, 0.003, 21.563659228538036)
WORLD_POINT_ENCLOSURE (3.141592653589793, [2.0, 3.0, 4.0], 0.0, 0.01, 0.003, 0.003)
WORLD_POINT_ENCLOSURE (3.141592653589793, [2.0, 3.0, 4.0], 0.5, 0.01, 0.003, 5.393164807134509)
WORLD_POINT_ENCLOSURE (3.141592653589793, [2.0, 3.0, 4.0], 2.0, 0.01, 0.003, 21.563659228538036)
WORLD_POINT_ENCLOSURE (7.0, [0.0, 0.0, 0.0], -2.0, 0.01, 0.003, 0.02300000000000001)
WORLD_POINT_ENCLOSURE (7.0, [0.0, 0.0, 0.0], 0.0, 0.01, 0.003, 0.003)
WORLD_POINT_ENCLOSURE (7.0, [0.0, 0.0, 0.0], 0.5, 0.01, 0.003, 0.008000000000000004)
WORLD_POINT_ENCLOSURE (7.0, [0.0, 0.0, 0.0], 2.0, 0.01, 0.003, 0.02300000000000001)
WORLD_POINT_ENCLOSURE (7.0, [0.4, -0.1, 0.2], -2.0, 0.01, 0.003, 1.8560302779823377)
WORLD_POINT_ENCLOSURE (7.0, [0.4, -0.1, 0.2], 0.0, 0.01, 0.003, 0.003)
WORLD_POINT_ENCLOSURE (7.0, [0.4, -0.1, 0.2], 0.5, 0.01, 0.003, 0.46625756949558445)
WORLD_POINT_ENCLOSURE (7.0, [0.4, -0.1, 0.2], 2.0, 0.01, 0.003, 1.8560302779823377)
WORLD_POINT_ENCLOSURE (7.0, [2.0, 3.0, 4.0], -2.0, 0.01, 0.003, 21.563659228538036)
WORLD_POINT_ENCLOSURE (7.0, [2.0, 3.0, 4.0], 0.0, 0.01, 0.003, 0.003)
WORLD_POINT_ENCLOSURE (7.0, [2.0, 3.0, 4.0], 0.5, 0.01, 0.003, 5.393164807134509)
WORLD_POINT_ENCLOSURE (7.0, [2.0, 3.0, 4.0], 2.0, 0.01, 0.003, 21.563659228538036)
test root_rigid::tests::world_point_envelope_encloses_rotation_chord_scaling_and_error_sum ... ok

test result: ok. 1 passed; 0 failed; 0 ignored; 0 measured; 109 filtered out; finished in 0.00s

