
running 1 test
POST_SNAP_RELOCATION (0.0, 0.0, [65536.009765625, 2.003, -3.0], [2.072002556725744e-10, 7.207916240661364e-11, 6.042427855132761e-11], 3.397036966305157e-10)
POST_SNAP_RELOCATION (0.0, 0.1, [65536.009765625, 2.0025, -3.0], [2.072002556725744e-10, 7.207916240661364e-11, 6.042427855132761e-11], 3.397036966305157e-10)
POST_SNAP_RELOCATION (0.0, 0.5, [65536.009765625, 2.0005, -3.0], [2.072002556725744e-10, 7.207916240661364e-11, 6.042427855132761e-11], 3.397036966305157e-10)
POST_SNAP_RELOCATION (0.0, 1.0, [65536.009765625, 1.9980000000000002, -3.0], [2.072002556725744e-10, 7.207916240661364e-11, 6.042427855132761e-11], 3.397036966305157e-10)
POST_SNAP_RELOCATION (0.1, 0.0, [65536.01601434904, 2.003, -3.0001093638350915], [2.072002556725744e-10, 7.207916240661364e-11, 6.042427855132761e-11], 3.397036966305157e-10)
POST_SNAP_RELOCATION (0.1, 0.1, [65536.01601434904, 2.0025, -3.0001093638350915], [2.072002556725744e-10, 7.207916240661364e-11, 6.042427855132761e-11], 3.397036966305157e-10)
POST_SNAP_RELOCATION (0.1, 0.5, [65536.01601434904, 2.0005, -3.0001093638350915], [2.072002556725744e-10, 7.207916240661364e-11, 6.042427855132761e-11], 3.397036966305157e-10)
POST_SNAP_RELOCATION (0.1, 1.0, [65536.01601434904, 1.9980000000000002, -3.0001093638350915], [2.072002556725744e-10, 7.207916240661364e-11, 6.042427855132761e-11], 3.397036966305157e-10)
POST_SNAP_RELOCATION (0.5, 0.0, [65536.04085636386, 2.003, -3.002727403766976], [2.072002556725744e-10, 7.207916240661364e-11, 6.042427855132761e-11], 3.397036966305157e-10)
POST_SNAP_RELOCATION (0.5, 0.1, [65536.04085636386, 2.0025, -3.002727403766976], [2.072002556725744e-10, 7.207916240661364e-11, 6.042427855132761e-11], 3.397036966305157e-10)
POST_SNAP_RELOCATION (0.5, 0.5, [65536.04085636386, 2.0005, -3.002727403766976], [2.072002556725744e-10, 7.207916240661364e-11, 6.042427855132761e-11], 3.397036966305157e-10)
POST_SNAP_RELOCATION (0.5, 1.0, [65536.04085636386, 1.9980000000000002, -3.002727403766976], [2.072002556725744e-10, 7.207916240661364e-11, 6.042427855132761e-11], 3.397036966305157e-10)
POST_SNAP_RELOCATION (0.875, 0.0, [65536.0636022766, 2.003, -3.0083087783922084], [2.072002556725744e-10, 7.207916240661364e-11, 6.042427855132761e-11], 3.397036966305157e-10)
POST_SNAP_RELOCATION (0.875, 0.1, [65536.0636022766, 2.0025, -3.0083087783922084], [2.072002556725744e-10, 7.207916240661364e-11, 6.042427855132761e-11], 3.397036966305157e-10)
POST_SNAP_RELOCATION (0.875, 0.5, [65536.0636022766, 2.0005, -3.0083087783922084], [2.072002556725744e-10, 7.207916240661364e-11, 6.042427855132761e-11], 3.397036966305157e-10)
POST_SNAP_RELOCATION (0.875, 1.0, [65536.0636022766, 1.9980000000000002, -3.0083087783922084], [2.072002556725744e-10, 7.207916240661364e-11, 6.042427855132761e-11], 3.397036966305157e-10)
POST_SNAP_RELOCATION (1.0, 0.0, [65536.07099737633, 2.003, -3.0108263012772536], [2.072002556725744e-10, 7.207916240661364e-11, 6.042427855132761e-11], 3.397036966305157e-10)
POST_SNAP_RELOCATION (1.0, 0.1, [65536.07099737633, 2.0025, -3.0108263012772536], [2.072002556725744e-10, 7.207916240661364e-11, 6.042427855132761e-11], 3.397036966305157e-10)
POST_SNAP_RELOCATION (1.0, 0.5, [65536.07099737633, 2.0005, -3.0108263012772536], [2.072002556725744e-10, 7.207916240661364e-11, 6.042427855132761e-11], 3.397036966305157e-10)
POST_SNAP_RELOCATION (1.0, 1.0, [65536.07099737633, 1.9980000000000002, -3.0108263012772536], [2.072002556725744e-10, 7.207916240661364e-11, 6.042427855132761e-11], 3.397036966305157e-10)
test post_snap_relocation_error_tests::snap_and_actual_relocation_fit_numeric_bounds_relative_to_selected_fraction ... ok

test result: ok. 1 passed; 0 failed; 0 ignored; 0 measured; 65 filtered out; finished in 0.00s

