warning: unused import: `separation_lower_bound`
 --> crates/physics/src/biomechanics/surface_contact.rs:3:23
  |
3 |     PreparedTriangle, separation_lower_bound, triangle_distance, triangle_pair_path_is_open,
  |                       ^^^^^^^^^^^^^^^^^^^^^^
  |
  = note: `#[warn(unused_imports)]` (part of `#[warn(unused)]`) on by default

warning: `physics` (lib) generated 1 warning (run `cargo fix --lib -p physics` to apply 1 suggestion)
    Finished `release` profile [optimized] target(s) in 0.06s
     Running tests/embedded_skin_contact.rs (/tmp/voxy-moving-supports-final-20261005/release/deps/embedded_skin_contact-ec5ff303cc9ec7d6)

running 23 tests
test embedded_contact_requires_actual_material_cell_membership ... ok
test embedded_ccd_rejects_crossing_even_with_open_endpoints ... ok
test embedded_normal_metric_is_symmetric_positive_and_preserves_tangent_nullspace ... ok
test existing_inertial_step_rejects_embedded_tunnelling_without_mutating_state ... ok
test invalid_embedded_contact_topology_never_enters_evaluation ... ok
test existing_step_books_moving_skin_rig_and_obstacle_work ... ok
test moving_skin_crossing_and_work_failure_preserve_complete_state ... ok
test moving_skin_failure_rolls_back_maxwell_history_and_thermal_storage ... ok
test actual_contact_potential_matches_all_tissue_rig_and_obstacle_forces ... ok
test existing_inertial_step_responds_to_embedded_contact_and_books_parameter_work_once ... ok
test moving_skin_maxwell_transaction_balances_mechanics_heat_and_actuator_work ... ok
test existing_implicit_solver_includes_stationary_embedded_contact_in_averaged_material_path ... ok
test same_pose_native_branch_bundles_preserve_selected_response_and_force_balance ... ok
test implicit_moving_skin_admits_independent_energy_and_commits_pose_atomically ... ok
test simultaneous_comotion_uses_moving_ccd_instead_of_old_stationary_skin_guard ... ok
test simultaneous_tissue_rig_and_obstacle_motion_passes_work_budget ... ok
test moving_skin_energy_discrepancy_converges_under_time_refinement ... ok
test implicit_maxwell_moving_skin_and_native_contact_balance_heat_and_both_actuators ... ok
test wrong_rest_contact_owner_is_rejected_atomically ... ok
test staged_skin_motion_uses_actual_nodes_instead_of_rest_pose_for_admission ... ok
test parallel_native_terminal_feature_kink_has_distinct_one_sided_derivatives ... ok
test implicit_moving_skin_stiffness_sweep_and_work_rejection_are_transactional ... ok
test implicit_maxwell_parallel_native_feature_limit_preserves_complete_state ... ok

test result: ok. 23 passed; 0 failed; 0 ignored; 0 measured; 0 filtered out; finished in 0.04s
