
running 1 test
RIGID_CYCLE_POINT_REFERENCE (0, 0.25, [1.3163129973474799, 0.0, 0.35809018567639256], [2.637504730019983e-10, 1.7584448958845803e-10, 1.7584480763643325e-10])
RIGID_CYCLE_POINT_REFERENCE (0, 0.28125, [1.3892041981160461, 0.0, 0.45194500477515387], [2.637504730019983e-10, 1.7584448958845803e-10, 1.7584480763643325e-10])
RIGID_CYCLE_POINT_REFERENCE (0, 0.3125, [1.4796324770718314, 0.0, 0.553472392492613], [2.637504730019983e-10, 1.7584448958845803e-10, 1.7584480763643325e-10])
RIGID_CYCLE_POINT_REFERENCE (0, 0.34375, [1.5914759541761225, 0.0, 0.6588503320024776], [2.637504730019983e-10, 1.7584448958845803e-10, 1.7584480763643325e-10])
RIGID_CYCLE_POINT_REFERENCE (0, 0.375, [1.72787473780455, 0.0, 0.7623836927876084], [2.637504730019983e-10, 1.7584448958845803e-10, 1.7584480763643325e-10])
RIGID_CYCLE_POINT_REFERENCE (0, 0.40625, [1.8902102452737408, 0.0, 0.8565646336045298], [2.637504730019983e-10, 1.7584448958845803e-10, 1.7584480763643325e-10])
RIGID_CYCLE_POINT_REFERENCE (0, 0.4375, [2.076995436645263, 0.0, 0.9327574496086388], [2.637504730019983e-10, 1.7584448958845803e-10, 1.7584480763643325e-10])
RIGID_CYCLE_POINT_REFERENCE (0, 0.46875, [2.2831213960910586, 0.0, 0.9826199781252251], [2.637504730019983e-10, 1.7584448958845803e-10, 1.7584480763643325e-10])
RIGID_CYCLE_POINT_REFERENCE (0, 0.5, [2.5, 0.0, 1.0000000000000002], [2.637504730019983e-10, 1.7584448958845803e-10, 1.7584480763643325e-10])
RIGID_CYCLE_POINT_REFERENCE (0, 0.53125, [2.7168786039089414, 0.0, 0.9826199781252251], [2.637504730019983e-10, 1.7584448958845803e-10, 1.7584480763643325e-10])
RIGID_CYCLE_POINT_REFERENCE (0, 0.5625, [2.9230045633547364, 0.0, 0.9327574496086388], [2.637504730019983e-10, 1.7584448958845803e-10, 1.7584480763643325e-10])
RIGID_CYCLE_POINT_REFERENCE (0, 0.59375, [3.1097897547262594, 0.0, 0.8565646336045298], [2.637504730019983e-10, 1.7584448958845803e-10, 1.7584480763643325e-10])
RIGID_CYCLE_POINT_REFERENCE (0, 0.625, [3.27212526219545, 0.0, 0.7623836927876084], [2.637504730019983e-10, 1.7584448958845803e-10, 1.7584480763643325e-10])
RIGID_CYCLE_POINT_REFERENCE (0, 0.65625, [3.4085240458238775, 0.0, 0.6588503320024776], [2.637504730019983e-10, 1.7584448958845803e-10, 1.7584480763643325e-10])
RIGID_CYCLE_POINT_REFERENCE (0, 0.6875, [3.5203675229281686, 0.0, 0.553472392492613], [2.637504730019983e-10, 1.7584448958845803e-10, 1.7584480763643325e-10])
RIGID_CYCLE_POINT_REFERENCE (0, 0.71875, [3.610795801883954, 0.0, 0.45194500477515387], [2.637504730019983e-10, 1.7584448958845803e-10, 1.7584480763643325e-10])
RIGID_CYCLE_POINT_REFERENCE (0, 0.75, [3.68368700265252, 0.0, 0.35809018567639256], [2.637504730019983e-10, 1.7584448958845803e-10, 1.7584480763643325e-10])
RIGID_CYCLE_POINT_REFERENCE (1, 0.25, [3.68368700265252, 0.0, -0.35809018567639256], [2.6433870184871914e-10, 1.922383832384783e-10, 1.7628101063078598e-10])
RIGID_CYCLE_POINT_REFERENCE (1, 0.28125, [3.610795801883954, 0.0, -0.45194500477515387], [2.6433870184871914e-10, 1.922383832384783e-10, 1.7628101063078598e-10])
RIGID_CYCLE_POINT_REFERENCE (1, 0.3125, [3.5203675229281686, 0.0, -0.553472392492613], [2.6433870184871914e-10, 1.922383832384783e-10, 1.7628101063078598e-10])
RIGID_CYCLE_POINT_REFERENCE (1, 0.34375, [3.4085240458238775, 0.0, -0.6588503320024776], [2.6433870184871914e-10, 1.922383832384783e-10, 1.7628101063078598e-10])
RIGID_CYCLE_POINT_REFERENCE (1, 0.375, [3.27212526219545, 0.0, -0.7623836927876084], [2.6433870184871914e-10, 1.922383832384783e-10, 1.7628101063078598e-10])
RIGID_CYCLE_POINT_REFERENCE (1, 0.40625, [3.1097897547262594, 0.0, -0.8565646336045298], [2.6433870184871914e-10, 1.922383832384783e-10, 1.7628101063078598e-10])
RIGID_CYCLE_POINT_REFERENCE (1, 0.4375, [2.9230045633547364, 0.0, -0.9327574496086388], [2.6433870184871914e-10, 1.922383832384783e-10, 1.7628101063078598e-10])
RIGID_CYCLE_POINT_REFERENCE (1, 0.46875, [2.7168786039089414, 0.0, -0.9826199781252251], [2.6433870184871914e-10, 1.922383832384783e-10, 1.7628101063078598e-10])
RIGID_CYCLE_POINT_REFERENCE (1, 0.5, [2.5, 0.0, -1.0000000000000002], [2.6433870184871914e-10, 1.922383832384783e-10, 1.7628101063078598e-10])
RIGID_CYCLE_POINT_REFERENCE (1, 0.53125, [2.2831213960910586, 0.0, -0.9826199781252251], [2.6433870184871914e-10, 1.922383832384783e-10, 1.7628101063078598e-10])
RIGID_CYCLE_POINT_REFERENCE (1, 0.5625, [2.0769954366452636, 0.0, -0.9327574496086388], [2.6433870184871914e-10, 1.922383832384783e-10, 1.7628101063078598e-10])
RIGID_CYCLE_POINT_REFERENCE (1, 0.59375, [1.8902102452737408, 0.0, -0.8565646336045298], [2.6433870184871914e-10, 1.922383832384783e-10, 1.7628101063078598e-10])
RIGID_CYCLE_POINT_REFERENCE (1, 0.625, [1.72787473780455, 0.0, -0.7623836927876084], [2.6433870184871914e-10, 1.922383832384783e-10, 1.7628101063078598e-10])
RIGID_CYCLE_POINT_REFERENCE (1, 0.65625, [1.5914759541761225, 0.0, -0.6588503320024776], [2.6433870184871914e-10, 1.922383832384783e-10, 1.7628101063078598e-10])
RIGID_CYCLE_POINT_REFERENCE (1, 0.6875, [1.4796324770718314, 0.0, -0.553472392492613], [2.6433870184871914e-10, 1.922383832384783e-10, 1.7628101063078598e-10])
RIGID_CYCLE_POINT_REFERENCE (1, 0.71875, [1.3892041981160461, 0.0, -0.45194500477515387], [2.6433870184871914e-10, 1.922383832384783e-10, 1.7628101063078598e-10])
RIGID_CYCLE_POINT_REFERENCE (1, 0.75, [1.3163129973474803, 0.0, -0.35809018567639256], [2.6433870184871914e-10, 1.922383832384783e-10, 1.7628101063078598e-10])
RIGID_CYCLE_POINT_REFERENCE (4, 0.25, [1.3163129973474799, 0.0, 0.35809018567639256], [2.663268173859671e-10, 1.7743025814199272e-10, 1.7766723922219881e-10])
RIGID_CYCLE_POINT_REFERENCE (4, 0.28125, [1.3892041981160461, 0.0, 0.45194500477515387], [2.663268173859671e-10, 1.7743025814199272e-10, 1.7766723922219881e-10])
RIGID_CYCLE_POINT_REFERENCE (4, 0.3125, [1.4796324770718314, 0.0, 0.553472392492613], [2.663268173859671e-10, 1.7743025814199272e-10, 1.7766723922219881e-10])
RIGID_CYCLE_POINT_REFERENCE (4, 0.34375, [1.5914759541761225, 0.0, 0.6588503320024776], [2.663268173859671e-10, 1.7743025814199272e-10, 1.7766723922219881e-10])
RIGID_CYCLE_POINT_REFERENCE (4, 0.375, [1.72787473780455, 0.0, 0.7623836927876084], [2.663268173859671e-10, 1.7743025814199272e-10, 1.7766723922219881e-10])
RIGID_CYCLE_POINT_REFERENCE (4, 0.40625, [1.8902102452737408, 0.0, 0.8565646336045298], [2.663268173859671e-10, 1.7743025814199272e-10, 1.7766723922219881e-10])
RIGID_CYCLE_POINT_REFERENCE (4, 0.4375, [2.076995436645263, 0.0, 0.9327574496086388], [2.663268173859671e-10, 1.7743025814199272e-10, 1.7766723922219881e-10])
RIGID_CYCLE_POINT_REFERENCE (4, 0.46875, [2.2831213960910586, 0.0, 0.9826199781252251], [2.663268173859671e-10, 1.7743025814199272e-10, 1.7766723922219881e-10])
RIGID_CYCLE_POINT_REFERENCE (4, 0.5, [2.5, 0.0, 1.0000000000000002], [2.663268173859671e-10, 1.7743025814199272e-10, 1.7766723922219881e-10])
RIGID_CYCLE_POINT_REFERENCE (4, 0.53125, [2.7168786039089414, 0.0, 0.9826199781252251], [2.663268173859671e-10, 1.7743025814199272e-10, 1.7766723922219881e-10])
RIGID_CYCLE_POINT_REFERENCE (4, 0.5625, [2.9230045633547364, 0.0, 0.9327574496086388], [2.663268173859671e-10, 1.7743025814199272e-10, 1.7766723922219881e-10])
RIGID_CYCLE_POINT_REFERENCE (4, 0.59375, [3.1097897547262594, 0.0, 0.8565646336045298], [2.663268173859671e-10, 1.7743025814199272e-10, 1.7766723922219881e-10])
RIGID_CYCLE_POINT_REFERENCE (4, 0.625, [3.27212526219545, 0.0, 0.7623836927876084], [2.663268173859671e-10, 1.7743025814199272e-10, 1.7766723922219881e-10])
RIGID_CYCLE_POINT_REFERENCE (4, 0.65625, [3.4085240458238775, 0.0, 0.6588503320024776], [2.663268173859671e-10, 1.7743025814199272e-10, 1.7766723922219881e-10])
RIGID_CYCLE_POINT_REFERENCE (4, 0.6875, [3.5203675229281686, 0.0, 0.553472392492613], [2.663268173859671e-10, 1.7743025814199272e-10, 1.7766723922219881e-10])
RIGID_CYCLE_POINT_REFERENCE (4, 0.71875, [3.610795801883954, 0.0, 0.45194500477515387], [2.663268173859671e-10, 1.7743025814199272e-10, 1.7766723922219881e-10])
RIGID_CYCLE_POINT_REFERENCE (4, 0.75, [3.68368700265252, 0.0, 0.35809018567639256], [2.663268173859671e-10, 1.7743025814199272e-10, 1.7766723922219881e-10])
SOURCE_TURN_REFERENCE (0, [[2.499999999999979, 2.5000000000000218], [0.0, 0.0], [1.9999999999999807, 2.00000000000002]], [[0.0, 0.0], [0.7071067811865441, 0.707106781186551], [0.0, 0.0], [0.7071067811865444, 0.7071067811865508]])
SOURCE_TURN_REFERENCE (1, [[2.499999999999887, 2.500000000000111], [0.0, 0.0], [-2.000000000000089, -1.9999999999999152]], [[0.0, 0.0], [0.707106781186542, 0.7071067811865532], [0.0, 0.0], [-0.7071067811865535, -0.7071067811865418]])
SOURCE_TURN_REFERENCE (2, [[2.499999999999848, 2.5000000000001528], [0.0, 0.0], [1.999999999999948, 2.0000000000000533]], [[0.0, 0.0], [-0.7071067811865558, -0.7071067811865398], [0.0, 0.0], [-0.7071067811865556, -0.70710678118654]])
SOURCE_TURN_REFERENCE (3, [[2.4999999999994635, 2.5000000000005294], [0.0, 0.0], [-2.000000000000206, -1.9999999999998033]], [[0.0, 0.0], [-0.7071067811865579, -0.7071067811865378], [0.0, 0.0], [0.7071067811865376, 0.7071067811865581]])
SOURCE_TURN_REFERENCE (4, [[2.4999999999997184, 2.5000000000002824], [0.0, 0.0], [1.999999999999916, 2.0000000000000853]], [[0.0, 0.0], [0.7071067811865355, 0.7071067811865606], [0.0, 0.0], [0.7071067811865357, 0.7071067811865603]])
SOURCE_TURN_REFERENCE (5, [[2.499999999999039, 2.500000000000947], [0.0, 0.0], [-2.0000000000003233, -1.9999999999996914]], [[0.0, 0.0], [0.7071067811865337, 0.7071067811865626], [0.0, 0.0], [-0.7071067811865628, -0.7071067811865335]])
SOURCE_TURN_REFERENCE (6, [[2.4999999999995888, 2.500000000000412], [0.0, 0.0], [1.999999999999884, 2.0000000000001172]], [[0.0, 0.0], [-0.7071067811865652, -0.7071067811865313], [0.0, 0.0], [-0.707106781186565, -0.7071067811865315]])
SOURCE_TURN_REFERENCE (7, [[2.4999999999986153, 2.5000000000013634], [0.0, 0.0], [-2.0000000000004405, -1.9999999999995794]], [[0.0, 0.0], [-0.7071067811865673, -0.7071067811865294], [0.0, 0.0], [0.7071067811865291, 0.7071067811865676]])
SOURCE_TURN_REFERENCE (8, [[2.499999999999459, 2.500000000000542], [0.0, 0.0], [1.9999999999998521, 2.000000000000149]], [[0.0, 0.0], [0.707106781186527, 0.7071067811865699], [0.0, 0.0], [0.7071067811865273, 0.7071067811865697]])
test root_rigid::tests::source_turning_cycles_cover_analytic_half_turn_and_pivot ... ok

test result: ok. 1 passed; 0 failed; 0 ignored; 0 measured; 172 filtered out; finished in 0.01s

