BODY MODEL: 60866 vertices, 121728 triangles; actual surface skin: 636 vertices, 1268 triangles; 60866 render bindings
HAIR: 469 Cosserat guides, 20 segments each; E=4 GPa, fiber diameter=80 um; animated triangle contacts + guide self-contact
Facial render mouth opening: 340 seal triangles
Model smoke on AdapterInfo { name: "Apple M4 Max", vendor: 0, device: 0, device_type: IntegratedGpu, device_pci_bus_id: "", driver: "", driver_info: "", backend: Metal, subgroup_min_size: 4, subgroup_max_size: 64, transient_saves_memory: Some(true), limit_bucket: None }
SECONDARY SAMPLE: frame=0 simulated_s=0.000000 advance_ms=0.000
SECONDARY SAMPLE: frame=1 simulated_s=0.050000 advance_ms=178.136
SECONDARY SAMPLE: frame=2 simulated_s=0.100000 advance_ms=173.748
SECONDARY SAMPLE: frame=3 simulated_s=0.150000 advance_ms=174.688
SECONDARY SAMPLE: frame=4 simulated_s=0.200000 advance_ms=170.232
SECONDARY SAMPLE: frame=5 simulated_s=0.250000 advance_ms=177.460
SECONDARY SAMPLE: frame=6 simulated_s=0.300000 advance_ms=252.095
SECONDARY SAMPLE: frame=7 simulated_s=0.350000 advance_ms=171.756
SECONDARY SAMPLE: frame=8 simulated_s=0.400000 advance_ms=175.992
SECONDARY SAMPLE: frame=9 simulated_s=0.450000 advance_ms=184.910
SECONDARY SAMPLE: frame=10 simulated_s=0.500000 advance_ms=214.988
SECONDARY SAMPLE: frame=11 simulated_s=0.550000 advance_ms=171.336
SECONDARY SAMPLE: frame=12 simulated_s=0.600000 advance_ms=174.265
SECONDARY SAMPLE: frame=13 simulated_s=0.650000 advance_ms=176.175
SECONDARY SAMPLE: frame=14 simulated_s=0.700000 advance_ms=171.008
SECONDARY SAMPLE: frame=15 simulated_s=0.750000 advance_ms=171.256
SECONDARY SAMPLE: frame=16 simulated_s=0.800000 advance_ms=193.157
SECONDARY SAMPLE: frame=17 simulated_s=0.850000 advance_ms=188.071
SECONDARY SAMPLE: frame=18 simulated_s=0.900000 advance_ms=177.317
SECONDARY SAMPLE: frame=19 simulated_s=0.950000 advance_ms=174.696
SECONDARY SAMPLE: frame=20 simulated_s=1.000000 advance_ms=168.398
SECONDARY SAMPLE: frame=21 simulated_s=1.050000 advance_ms=170.526
SECONDARY SAMPLE: frame=22 simulated_s=1.100000 advance_ms=169.410
SECONDARY SAMPLE: frame=23 simulated_s=1.150000 advance_ms=171.003
SECONDARY SAMPLE: frame=24 simulated_s=1.200000 advance_ms=166.937
SECONDARY SAMPLE: frame=25 simulated_s=1.250000 advance_ms=168.521
SECONDARY SAMPLE: frame=26 simulated_s=1.300000 advance_ms=186.833
SECONDARY SAMPLE: frame=27 simulated_s=1.350000 advance_ms=169.076
SECONDARY SAMPLE: frame=28 simulated_s=1.400000 advance_ms=181.259
SECONDARY SAMPLE: frame=29 simulated_s=1.450000 advance_ms=243.877
SECONDARY SAMPLE: frame=30 simulated_s=1.500000 advance_ms=273.603
SECONDARY SAMPLE: frame=31 simulated_s=1.550000 advance_ms=218.916
SECONDARY SAMPLE: frame=32 simulated_s=1.600000 advance_ms=178.879
SECONDARY SAMPLE: frame=33 simulated_s=1.650000 advance_ms=176.396
SECONDARY SAMPLE: frame=34 simulated_s=1.700000 advance_ms=180.870
SECONDARY SAMPLE: frame=35 simulated_s=1.750000 advance_ms=182.664
SECONDARY SAMPLE: frame=36 simulated_s=1.800000 advance_ms=185.790
SECONDARY SAMPLE: frame=37 simulated_s=1.850000 advance_ms=180.097
SECONDARY SAMPLE: frame=38 simulated_s=1.900000 advance_ms=175.355
SECONDARY SAMPLE: frame=39 simulated_s=1.950000 advance_ms=184.319
SECONDARY SAMPLE: frame=40 simulated_s=2.000000 advance_ms=173.263
SECONDARY SAMPLE: frame=41 simulated_s=2.050000 advance_ms=194.683
SECONDARY SAMPLE: frame=42 simulated_s=2.100000 advance_ms=194.783
SECONDARY SAMPLE: frame=43 simulated_s=2.150000 advance_ms=176.239
SECONDARY SAMPLE: frame=44 simulated_s=2.200000 advance_ms=184.661
SECONDARY SAMPLE: frame=45 simulated_s=2.250000 advance_ms=187.722
SECONDARY SAMPLE: frame=46 simulated_s=2.300000 advance_ms=183.813
SECONDARY SAMPLE: frame=47 simulated_s=2.350000 advance_ms=175.130
SECONDARY SAMPLE: frame=48 simulated_s=2.400000 advance_ms=173.324
SECONDARY SAMPLE: frame=49 simulated_s=2.450000 advance_ms=170.399
SECONDARY SAMPLE: frame=50 simulated_s=2.500000 advance_ms=654.815
SECONDARY SAMPLE: frame=51 simulated_s=2.550000 advance_ms=201.280
SECONDARY SAMPLE: frame=52 simulated_s=2.600000 advance_ms=198.601
SECONDARY SAMPLE: frame=53 simulated_s=2.650000 advance_ms=194.487
SECONDARY SAMPLE: frame=54 simulated_s=2.700000 advance_ms=192.626
SECONDARY SAMPLE: frame=55 simulated_s=2.750000 advance_ms=183.723
SECONDARY SAMPLE: frame=56 simulated_s=2.800000 advance_ms=177.221
SECONDARY SAMPLE: frame=57 simulated_s=2.850000 advance_ms=190.465
SECONDARY SAMPLE: frame=58 simulated_s=2.900000 advance_ms=190.406
SECONDARY SAMPLE: frame=59 simulated_s=2.950000 advance_ms=172.793
SECONDARY SAMPLE: frame=60 simulated_s=3.000000 advance_ms=191.986
SECONDARY SAMPLE: frame=61 simulated_s=3.050000 advance_ms=170.856
SECONDARY SAMPLE: frame=62 simulated_s=3.100000 advance_ms=171.068
SECONDARY SAMPLE: frame=63 simulated_s=3.150000 advance_ms=172.482
SECONDARY SAMPLE: frame=64 simulated_s=3.200000 advance_ms=172.184
SECONDARY SAMPLE: frame=65 simulated_s=3.250000 advance_ms=172.543
SECONDARY SAMPLE: frame=66 simulated_s=3.300000 advance_ms=178.239
SECONDARY SAMPLE: frame=67 simulated_s=3.350000 advance_ms=177.826
SECONDARY SAMPLE: frame=68 simulated_s=3.400000 advance_ms=171.346
SECONDARY SAMPLE: frame=69 simulated_s=3.450000 advance_ms=177.879
SECONDARY SAMPLE: frame=70 simulated_s=3.500000 advance_ms=246.507
SECONDARY SAMPLE: frame=71 simulated_s=3.550000 advance_ms=174.510
SECONDARY SAMPLE: frame=72 simulated_s=3.600000 advance_ms=175.948
SECONDARY SAMPLE: frame=73 simulated_s=3.650000 advance_ms=189.367
SECONDARY SAMPLE: frame=74 simulated_s=3.700000 advance_ms=178.234
SECONDARY SAMPLE: frame=75 simulated_s=3.750000 advance_ms=171.956
SECONDARY SAMPLE: frame=76 simulated_s=3.800000 advance_ms=173.695
SECONDARY SAMPLE: frame=77 simulated_s=3.850000 advance_ms=182.067
SECONDARY SAMPLE: frame=78 simulated_s=3.900000 advance_ms=171.077
SECONDARY SAMPLE: frame=79 simulated_s=3.950000 advance_ms=173.540
SECONDARY SAMPLE: frame=80 simulated_s=4.000000 advance_ms=168.481
SECONDARY SAMPLE: frame=81 simulated_s=4.050000 advance_ms=169.369
SECONDARY SAMPLE: frame=82 simulated_s=4.100000 advance_ms=171.317
SECONDARY SAMPLE: frame=83 simulated_s=4.150000 advance_ms=170.303
SECONDARY SAMPLE: frame=84 simulated_s=4.200000 advance_ms=168.206
SECONDARY SAMPLE: frame=85 simulated_s=4.250000 advance_ms=172.430
SECONDARY SAMPLE: frame=86 simulated_s=4.300000 advance_ms=204.602
SECONDARY SAMPLE: frame=87 simulated_s=4.350000 advance_ms=175.882
SECONDARY SAMPLE: frame=88 simulated_s=4.400000 advance_ms=177.919
SECONDARY SAMPLE: frame=89 simulated_s=4.450000 advance_ms=173.881
SECONDARY SAMPLE: frame=90 simulated_s=4.500000 advance_ms=180.279
SECONDARY SAMPLE: frame=91 simulated_s=4.550000 advance_ms=170.664
SECONDARY SAMPLE: frame=92 simulated_s=4.600000 advance_ms=166.239
SECONDARY SAMPLE: frame=93 simulated_s=4.650000 advance_ms=167.120
SECONDARY SAMPLE: frame=94 simulated_s=4.700000 advance_ms=169.720
SECONDARY SAMPLE: frame=95 simulated_s=4.750000 advance_ms=172.492
SECONDARY SAMPLE: frame=96 simulated_s=4.800000 advance_ms=174.335
SECONDARY SAMPLE: frame=97 simulated_s=4.850000 advance_ms=173.229
SECONDARY SAMPLE: frame=98 simulated_s=4.900000 advance_ms=175.747
SECONDARY SAMPLE: frame=99 simulated_s=4.950000 advance_ms=189.446
SECONDARY SAMPLE: frame=100 simulated_s=5.000000 advance_ms=187.460
SECONDARY SAMPLE: frame=101 simulated_s=5.050000 advance_ms=172.020
SECONDARY SAMPLE: frame=102 simulated_s=5.100000 advance_ms=177.025
SECONDARY SAMPLE: frame=103 simulated_s=5.150000 advance_ms=171.820
SECONDARY SAMPLE: frame=104 simulated_s=5.200000 advance_ms=211.050
SECONDARY SAMPLE: frame=105 simulated_s=5.250000 advance_ms=192.022
SECONDARY SAMPLE: frame=106 simulated_s=5.300000 advance_ms=173.691
SECONDARY SAMPLE: frame=107 simulated_s=5.350000 advance_ms=177.303
SECONDARY SAMPLE: frame=108 simulated_s=5.400000 advance_ms=176.041
SECONDARY SAMPLE: frame=109 simulated_s=5.450000 advance_ms=249.336
SECONDARY SAMPLE: frame=110 simulated_s=5.500000 advance_ms=238.649
SECONDARY SAMPLE: frame=111 simulated_s=5.550000 advance_ms=197.689
SECONDARY SAMPLE: frame=112 simulated_s=5.600000 advance_ms=166.733
SECONDARY SAMPLE: frame=113 simulated_s=5.650000 advance_ms=167.124
SECONDARY SAMPLE: frame=114 simulated_s=5.700000 advance_ms=175.085
SECONDARY SAMPLE: frame=115 simulated_s=5.750000 advance_ms=168.201
SECONDARY SAMPLE: frame=116 simulated_s=5.800000 advance_ms=164.458
SECONDARY SAMPLE: frame=117 simulated_s=5.850000 advance_ms=169.109
SECONDARY SAMPLE: frame=118 simulated_s=5.900000 advance_ms=168.974
SECONDARY SAMPLE: frame=119 simulated_s=5.950000 advance_ms=166.516
Mesh update CPU: median 299.91 ms, max 605.70 ms
PASS: rendered 120 samples at 0.05 s intervals (0..5.95 s)
