warning: unexpected `cfg` condition value: `nightly`
 --> crates/physics/src/biomechanics/mod.rs:5:7
  |
5 | #[cfg(feature = "nightly")]
  |       ^^^^^^^^^^^^^^^^^^^ help: remove the condition
  |
  = note: no expected values for `feature`
  = help: consider adding `nightly` as a feature in `Cargo.toml`
  = note: see <https://doc.rust-lang.org/nightly/rustc/check-cfg/cargo-specifics.html> for more information about checking conditional configuration
  = note: `#[warn(unexpected_cfgs)]` on by default

warning: unexpected `cfg` condition value: `nightly`
   --> crates/physics/src/biomechanics/mod.rs:893:7
    |
893 | #[cfg(feature = "nightly")]
    |       ^^^^^^^^^^^^^^^^^^^ help: remove the condition
    |
    = note: no expected values for `feature`
    = help: consider adding `nightly` as a feature in `Cargo.toml`
    = note: see <https://doc.rust-lang.org/nightly/rustc/check-cfg/cargo-specifics.html> for more information about checking conditional configuration

warning: `physics` (lib test) generated 2 warnings
    Finished `release` profile [optimized] target(s) in 0.07s
     Running unittests src/lib.rs (/tmp/voxy-release-120fps-20261007/release/deps/physics-b8ab5053a74b0b10)

running 1 test
REPLAY MERIT captured=1.7522810769070946e-5 rebuilt=1.7522810769070946e-5 rods=469 meshes=1
HAIR CONTACT PARTS iteration=0 scale=0e0 mesh_raw=2.1219508437561467e-5 strand=2.1595097805975643e-9 worst_mesh=Some((431, 8, 0.10027787880022085, -0.0017567884750675237, [0.7627090985845939, 0.3675687971670278, 0.5321353307998454], [0.08697478289399121, 0.6240498847592327, 0.05795190023205495]))
HAIR CONTACT PARTS iteration=0 scale=1e0 mesh_raw=3.71223867313171e-5 strand=3.6785691572775616e-10 worst_mesh=Some((61, 8, 0.5632567454409371, -0.0026909723289951274, [0.79053612717878, 0.09490917120042221, -0.6050164302291507], [-0.07173722844986855, 0.6007765410180826, 0.0608052199534677]))
HAIR CONTACT PARTS iteration=0 scale=5e-1 mesh_raw=2.6597246515274075e-5 strand=7.763799136723601e-10 worst_mesh=Some((395, 7, 0.9680875894705361, -0.0019085577520450727, [-0.7184026378821398, -0.21274345260724659, -0.662297420542109], [0.07055743940112927, 0.6120767663508461, 0.055574710302721]))
HAIR CONTACT PARTS iteration=0 scale=2.5e-1 mesh_raw=2.3812283380161125e-5 strand=1.3421206158018435e-9 worst_mesh=Some((431, 8, 0.09729302567409302, -0.001723103999008226, [0.7082634740723228, 0.36831239886730993, 0.6022531262979146], [0.08645411095745467, 0.6239274328262101, 0.05770692629946788]))
HAIR CONTACT PARTS iteration=0 scale=1.25e-1 mesh_raw=2.3190536324507713e-5 strand=1.7210051112326713e-9 worst_mesh=Some((431, 8, 0.0990344863145979, -0.0017391531635407615, [0.7626035180123811, 0.36673542049059465, 0.5328611504629761], [0.0870530067020193, 0.6240749179331337, 0.057794621206968384]))
HAIR CONTACT PARTS iteration=0 scale=6.25e-2 mesh_raw=2.3244077792312847e-5 strand=1.933024621272719e-9 worst_mesh=Some((431, 8, 0.09965564867672466, -0.0017479720257988637, [0.7626563121960052, 0.36715126874237114, 0.5324991035940404], [0.08701383496836386, 0.6240623696718371, 0.05787327096011263]))
HAIR CONTACT PARTS iteration=0 scale=3.125e-2 mesh_raw=2.3397347813095863e-5 strand=2.044481240478587e-9 worst_mesh=Some((431, 8, 0.09996663511571063, -0.0017523805407768567, [0.76268270646589, 0.3673598223243477, 0.5323174336800257], [0.08699429392889454, 0.6240561191850229, 0.05791258816134263]))
HAIR CONTACT PARTS iteration=0 scale=1.5625e-2 mesh_raw=2.3488054657323494e-5 strand=2.1015516038370553e-9 worst_mesh=Some((431, 8, 0.10012222151369377, -0.0017545845896913155, [0.7626959028068875, 0.367464257011763, 0.5322264364538645], [0.08698453466684743, 0.6240530000127879, 0.05793224484439973]))
HAIR CONTACT PARTS iteration=0 scale=7.8125e-3 mesh_raw=2.3536230860340213e-5 strand=2.1304200212167002e-9 worst_mesh=Some((431, 8, 0.10020004124737115, -0.0017556865529730391, [0.7627025007677709, 0.36751651389635553, 0.5321808971919779], [0.0869796578439076, 0.6240514418964, 0.057942072700406376]))
HAIR CONTACT PARTS iteration=0 scale=3.90625e-3 mesh_raw=2.3560798531259082e-5 strand=2.144937265715446e-9 worst_mesh=Some((431, 8, 0.10023895408497177, -0.0017562375309465948, [0.7627057996943648, 0.3675426522322376, 0.5321581173886873], [0.08697722014998106, 0.6240506632667534, 0.057946986515266245]))
HAIR CONTACT PARTS iteration=0 scale=1.953125e-3 mesh_raw=2.3573272325156928e-5 strand=2.1522166135603126e-9 worst_mesh=Some((431, 8, 0.10025842291720176, -0.0017565129819798364, [0.7627074491440867, 0.36755572387461916, 0.5321467249425907], [0.08697600143457665, 0.6240502738660163, 0.05794944336774563]))
HAIR CONTACT PARTS iteration=0 scale=9.765625e-4 mesh_raw=2.3579532726179236e-5 strand=2.155861465193773e-9 worst_mesh=Some((431, 8, 0.10026813286896982, -0.0017566507181850308, [0.76270827386548, 0.3675622603145519, 0.5321410280833432], [0.08697539205420342, 0.6240500795190528, 0.057950671725529763]))
HAIR CONTACT PARTS iteration=0 scale=4.8828125e-4 mesh_raw=2.3582666485048095e-5 strand=2.1576851892119493e-9 worst_mesh=Some((431, 8, 0.10027300693740024, -0.0017567196267507421, [0.7627086862253085, 0.3675655286892204, 0.5321381794946476], [0.0869750875501067, 0.6240499821590483, 0.057951286035672]))
HAIR CONTACT PARTS iteration=0 scale=2.44140625e-4 mesh_raw=2.358423445818841e-5 strand=2.158597376493763e-9 worst_mesh=Some((431, 8, 0.10027544314450063, -0.0017567540500267472, [0.7627088924050593, 0.36756716291522745, 0.5321367551604553], [0.08697493521996832, 0.6240499334539564, 0.0579515931333732]))
HAIR NONLINEAR REJECT iteration=0 before=1.7522810769070946e-5 full=3.289172777727188e-5 reason=no_descent
REPLAY RESULT Err("joint hair contact direction has no descending geometry step")
test hair::contact_replay::tests::replay_rejected_contact_geometry ... ok

test result: ok. 1 passed; 0 failed; 0 ignored; 0 measured; 301 filtered out; finished in 0.36s

