warning: unexpected `cfg` condition value: `nightly`
 --> crates/physics/src/biomechanics/mod.rs:5:7
  |
5 | #[cfg(feature = "nightly")]
  |       ^^^^^^^^^^^^^^^^^^^ help: remove the condition
  |
  = note: no expected values for `feature`
  = help: consider adding `nightly` as a feature in `Cargo.toml`
  = note: see <https://doc.rust-lang.org/nightly/rustc/check-cfg/cargo-specifics.html> for more information about checking conditional configuration
  = note: `#[warn(unexpected_cfgs)]` on by default

warning: unexpected `cfg` condition value: `nightly`
   --> crates/physics/src/biomechanics/mod.rs:893:7
    |
893 | #[cfg(feature = "nightly")]
    |       ^^^^^^^^^^^^^^^^^^^ help: remove the condition
    |
    = note: no expected values for `feature`
    = help: consider adding `nightly` as a feature in `Cargo.toml`
    = note: see <https://doc.rust-lang.org/nightly/rustc/check-cfg/cargo-specifics.html> for more information about checking conditional configuration

warning: `physics` (lib test) generated 2 warnings
    Finished `release` profile [optimized] target(s) in 0.10s
     Running unittests src/lib.rs (/tmp/voxy-release-120fps-20261007/release/deps/physics-b8ab5053a74b0b10)

running 1 test
REPLAY MERIT captured=4.846947083589153e-6 rebuilt=4.846947083589153e-6 rods=469 meshes=1
HAIR CONTACT PARTS iteration=0 scale=0e0 mesh_raw=4.849943458780767e-6 strand=2.036248083815052e-10 worst_mesh=Some((432, 7, 0.7572541925918105, -0.0015794041549787598, [-0.6637032520468527, 0.3018654770379292, -0.6843794466486375], [0.07886987955529158, 0.6295522415358148, 0.058266592831001]))
HAIR CONTACT PARTS iteration=0 scale=1e0 mesh_raw=1.0364652143770322e-5 strand=4.659951909840119e-10 worst_mesh=Some((432, 9, 0.6212502666026626, -0.002131493759609645, [-0.3272422644447267, 0.496111653008911, 0.8042298975478674], [0.07669680810214209, 0.6050832011174558, 0.06314567364656054]))
HAIR CONTACT PARTS iteration=0 scale=5e-1 mesh_raw=5.9872071046734034e-6 strand=2.11196404166244e-10 worst_mesh=Some((432, 7, 0.7984095934349481, -0.001772184613948851, [-0.7337118823557547, 0.23069452372120094, -0.639098513857624], [0.07798080914947926, 0.6284249551253367, 0.0586862310763978]))
HAIR CONTACT PARTS iteration=0 scale=2.5e-1 mesh_raw=5.199768336316865e-6 strand=1.3218918195541394e-9 worst_mesh=Some((432, 7, 0.7766792484134122, -0.0016758853833015465, [-0.6637032520468577, 0.3018654770379241, -0.6843794466486351], [0.07848387284607936, 0.6290712275835336, 0.05842877245605012]))
HAIR CONTACT PARTS iteration=0 scale=1.25e-1 mesh_raw=4.945202970396529e-6 strand=1.864104021528958e-10 worst_mesh=Some((432, 7, 0.7665653546424409, -0.0016225780789018446, [0.8748524442900392, -0.1186912260334868, 0.46962282055114346], [0.08117495299726349, 0.6286337451647517, 0.06022048054401931]))
HAIR CONTACT PARTS iteration=0 scale=6.25e-2 mesh_raw=4.875025476778789e-6 strand=1.932960764268949e-10 worst_mesh=Some((432, 7, 0.76165560689949, -0.0015974361064860258, [0.8491941469841408, -0.15193810685335252, 0.5057510379758966], [0.0811918310075521, 0.6287112535973338, 0.060208497359969554]))
HAIR CONTACT PARTS iteration=0 scale=3.125e-2 mesh_raw=4.856029963167131e-6 strand=1.9801398242123137e-10 worst_mesh=Some((432, 7, 0.759387873489437, -0.0015874755454102691, [0.8249343647204195, -0.1802797249861229, 0.535707489832134], [0.08118587885238215, 0.6287293233993683, 0.060223829495338756]))
HAIR CONTACT PARTS iteration=0 scale=1.5625e-2 mesh_raw=4.85138151664803e-6 strand=2.0070549078155704e-10 worst_mesh=Some((432, 7, 0.7583045973324374, -0.0015832079049035263, [0.8121495732527728, -0.19423901623660733, 0.5501674974376204], [0.08118292847389877, 0.6287381667182739, 0.06023132760146176]))
HAIR CONTACT PARTS iteration=0 scale=7.8125e-3 mesh_raw=4.850266018159208e-6 strand=2.021363695720466e-10 worst_mesh=Some((432, 7, 0.7577753259346053, -0.0015812485530237075, [0.805599452888409, -0.20116157078814015, 0.5572643393793869], [0.08118145954613218, 0.6287425422053564, 0.06023503566410568]))
HAIR CONTACT PARTS iteration=0 scale=3.90625e-3 mesh_raw=4.850010331798598e-6 strand=2.0287335488485726e-10 worst_mesh=Some((432, 7, 0.7575137472593577, -0.0015803120574090332, [0.8022857317000122, -0.20460806694534237, 0.5607790506531665], [0.08118072662894825, 0.6287447186168548, 0.06023687957142196]))
HAIR CONTACT PARTS iteration=0 scale=1.953125e-3 mesh_raw=4.849957842384059e-6 strand=2.0324726815437493e-10 worst_mesh=Some((432, 7, 0.7573837170162494, -0.0015798545427113447, [-0.6637032520468589, 0.30186547703790967, -0.6843794466486403], [0.07886694390074857, 0.6295486751003979, 0.058267866714579654]))
HAIR CONTACT PARTS iteration=0 scale=9.765625e-4 mesh_raw=4.84994765603834e-6 strand=2.0343558427449302e-10 worst_mesh=Some((432, 7, 0.7573188924717913, -0.0015796284686244422, [-0.6637032520468514, 0.3018654770379433, -0.6843794466486326], [0.07886841193746205, 0.6295504587867626, 0.0582672297763904]))
HAIR CONTACT PARTS iteration=0 scale=4.8828125e-4 mesh_raw=4.849944766647846e-6 strand=2.0353008275156718e-10 worst_mesh=Some((432, 7, 0.7572865260505538, -0.0015795160784067969, [-0.6637032520468495, 0.30186547703795213, -0.6843794466486305], [0.07886914580142647, 0.6295513502837016, 0.05826691130430293]))
HAIR CONTACT PARTS iteration=0 scale=2.44140625e-4 mesh_raw=4.849943967952148e-6 strand=2.0357741716242613e-10 worst_mesh=Some((432, 7, 0.7572703563304629, -0.0015794600750983698, [-0.6637032520468579, 0.3018654770379145, -0.6843794466486389], [0.07886951268872841, 0.6295517959337098, 0.05826675206816043]))
HAIR NONLINEAR REJECT iteration=0 before=4.846947083589153e-6 full=9.92490384460899e-6 reason=no_descent
REPLAY RESULT Err("joint hair contact direction has no descending geometry step")
test hair::contact_replay::tests::replay_rejected_contact_geometry ... ok

test result: ok. 1 passed; 0 failed; 0 ignored; 0 measured; 297 filtered out; finished in 0.29s

