warning: unexpected `cfg` condition value: `nightly`
 --> crates/physics/src/biomechanics/mod.rs:5:7
  |
5 | #[cfg(feature = "nightly")]
  |       ^^^^^^^^^^^^^^^^^^^ help: remove the condition
  |
  = note: no expected values for `feature`
  = help: consider adding `nightly` as a feature in `Cargo.toml`
  = note: see <https://doc.rust-lang.org/nightly/rustc/check-cfg/cargo-specifics.html> for more information about checking conditional configuration
  = note: `#[warn(unexpected_cfgs)]` on by default

warning: unexpected `cfg` condition value: `nightly`
   --> crates/physics/src/biomechanics/mod.rs:893:7
    |
893 | #[cfg(feature = "nightly")]
    |       ^^^^^^^^^^^^^^^^^^^ help: remove the condition
    |
    = note: no expected values for `feature`
    = help: consider adding `nightly` as a feature in `Cargo.toml`
    = note: see <https://doc.rust-lang.org/nightly/rustc/check-cfg/cargo-specifics.html> for more information about checking conditional configuration

warning: `physics` (lib test) generated 2 warnings
    Finished `release` profile [optimized] target(s) in 0.06s
     Running unittests src/lib.rs (/tmp/voxy-release-120fps-20261007/release/deps/physics-b8ab5053a74b0b10)

running 1 test
REPLAY MERIT captured=1.7522810769070946e-5 rebuilt=1.9887505024750397e-5 rods=469 meshes=1
HAIR CONTACT PARTS iteration=0 scale=0e0 mesh_raw=2.3585802693240915e-5 strand=2.1595097805975643e-9 worst_mesh=Some((431, 8, 0.10027787880022085, -0.0017567884750675237, [0.7627090985845939, 0.3675687971670278, 0.5321353307998454], [0.08697478289399121, 0.6240498847592327, 0.05795190023205495]))
HAIR CONTACT PARTS iteration=0 scale=1e0 mesh_raw=3.647501403590075e-5 strand=4.233573429782065e-10 worst_mesh=Some((61, 8, 0.5632567454409371, -0.0026909723289951274, [0.79053612717878, 0.09490917120042221, -0.6050164302291507], [-0.07173722844986855, 0.6007765410180826, 0.0608052199534677]))
HAIR CONTACT PARTS iteration=0 scale=5e-1 mesh_raw=2.685518995924554e-5 strand=8.467891980879057e-10 worst_mesh=Some((395, 7, 0.9680875894705362, -0.0019085577520450722, [-0.7184026378821529, -0.2127434526072424, -0.6622974205420964], [0.07055743940112916, 0.6120767663508461, 0.05557471030272104]))
HAIR CONTACT PARTS iteration=0 scale=2.5e-1 mesh_raw=2.4300858869529588e-5 strand=1.4028262989534222e-9 worst_mesh=Some((431, 8, 0.0972930256740919, -0.0017231039990081658, [0.7082634740723847, 0.36831239886730743, 0.6022531262978431], [0.0864541109574554, 0.6239274328262104, 0.05770692629946804]))
HAIR CONTACT PARTS iteration=0 scale=1.25e-1 mesh_raw=2.3540269314980417e-5 strand=1.7575869373254456e-9 worst_mesh=Some((431, 8, 0.09903448631459737, -0.0017391531635407899, [0.7626035180123779, 0.366735420490594, 0.5328611504629815], [0.08705300670201918, 0.6240749179331337, 0.05779462120696844]))
HAIR NONLINEAR MERIT iteration=0 before=1.9887505024750397e-5 full=3.2246010582281805e-5 accepted=1.9869775690051246e-5 scale=1.25e-1 tangent_complete=false
HAIR CONTACT PARTS iteration=1 scale=0e0 mesh_raw=2.3540269314980417e-5 strand=1.7575869373254456e-9 worst_mesh=Some((431, 8, 0.09903448631459737, -0.0017391531635407899, [0.7626035180123779, 0.366735420490594, 0.5328611504629815], [0.08705300670201918, 0.6240749179331337, 0.05779462120696844]))
HAIR CONTACT PARTS iteration=1 scale=1e0 mesh_raw=5.314003786063143e-5 strand=3.844557604069417e-10 worst_mesh=Some((395, 8, 0.0, -0.004107023509065529, [0.751522003932258, -0.2901674415061444, -0.5924673269433695], [0.0692372344137006, 0.6117886911297532, 0.05627622127219344]))
HAIR CONTACT PARTS iteration=1 scale=5e-1 mesh_raw=2.2044359568290677e-5 strand=7.190320509582022e-10 worst_mesh=Some((395, 8, 0.0, -0.002180117319415435, [0.3954484306371834, -0.07522861789625321, -0.9154022032724239], [0.07087806205693163, 0.6128888406136395, 0.057348522784406754]))
HAIR CONTACT PARTS iteration=1 scale=2.5e-1 mesh_raw=2.1067905669767345e-5 strand=1.1568846998502442e-9 worst_mesh=Some((395, 7, 0.9883514989430142, -0.001717888215833625, [0.6547219776786308, -0.32996850910609643, -0.6800440536780558], [0.07977018735914274, 0.6093391182127461, 0.05150935323876843]))
HAIR NONLINEAR MERIT iteration=1 before=1.9869775690051246e-5 full=5.278353310981988e-5 accepted=1.9745670860666167e-5 scale=2.5e-1 tangent_complete=false
HAIR CONTACT PARTS iteration=2 scale=0e0 mesh_raw=2.1067905669767345e-5 strand=1.1568846998502442e-9 worst_mesh=Some((395, 7, 0.9883514989430142, -0.001717888215833625, [0.6547219776786308, -0.32996850910609643, -0.6800440536780558], [0.07977018735914274, 0.6093391182127461, 0.05150935323876843]))
HAIR CONTACT PARTS iteration=2 scale=1e0 mesh_raw=1.8659010064087474e-5 strand=1.6654260628205067e-9 worst_mesh=Some((432, 9, 0.854284172293166, -0.002164234183423195, [0.760264483010124, -0.14577924671756573, -0.6330452804498334], [0.07465626556159667, 0.6074624168064908, 0.057102136462063496]))
HAIR NONLINEAR MERIT iteration=2 before=1.9745670860666167e-5 full=1.534494319400717e-5 accepted=1.534494319400717e-5 scale=1e0 tangent_complete=false
HAIR CONTACT PARTS iteration=3 scale=0e0 mesh_raw=1.8659010064087474e-5 strand=1.6654260628205067e-9 worst_mesh=Some((432, 9, 0.854284172293166, -0.002164234183423195, [0.760264483010124, -0.14577924671756573, -0.6330452804498334], [0.07465626556159667, 0.6074624168064908, 0.057102136462063496]))
HAIR CONTACT PARTS iteration=3 scale=1e0 mesh_raw=3.3898574461098834e-5 strand=4.296308610431178e-9 worst_mesh=Some((431, 8, 0.9487139780402235, -0.003274022081991906, [0.8954634962890642, 0.4189779212991725, 0.15034170505082622], [0.13786234630273791, 0.6431436045315263, 0.06941083502889216]))
HAIR CONTACT PARTS iteration=3 scale=5e-1 mesh_raw=1.0975811281575635e-5 strand=2.8796553263127142e-9 worst_mesh=Some((431, 8, 0.4727100240812768, -0.0019069192656933347, [0.9604099667142846, 0.27621207462207514, -0.03632610175666969], [0.08549032058962136, 0.6230549733457008, 0.05651765601114454]))
HAIR NONLINEAR MERIT iteration=3 before=1.534494319400717e-5 full=3.389647076970926e-5 accepted=1.027133224475508e-5 scale=5e-1 tangent_complete=false
HAIR CONTACT PARTS iteration=4 scale=0e0 mesh_raw=1.0975811281575635e-5 strand=2.8796553263127142e-9 worst_mesh=Some((431, 8, 0.4727100240812768, -0.0019069192656933347, [0.9604099667142846, 0.27621207462207514, -0.03632610175666969], [0.08549032058962136, 0.6230549733457008, 0.05651765601114454]))
HAIR CONTACT PARTS iteration=4 scale=1e0 mesh_raw=7.535714332701756e-6 strand=8.798634943318866e-10 worst_mesh=Some((432, 9, 0.8873998290001491, -0.0022543425226679167, [-0.8551735014922318, 0.08073106952209982, 0.5120163832919152], [0.07326872649506692, 0.6098264629586314, 0.06287961459579637]))
HAIR NONLINEAR MERIT iteration=4 before=1.027133224475508e-5 full=7.531794196196088e-6 accepted=7.531794196196088e-6 scale=1e0 tangent_complete=false
HAIR CONTACT PARTS iteration=5 scale=0e0 mesh_raw=7.535714332701756e-6 strand=8.798634943318866e-10 worst_mesh=Some((432, 9, 0.8873998290001491, -0.0022543425226679167, [-0.8551735014922318, 0.08073106952209982, 0.5120163832919152], [0.07326872649506692, 0.6098264629586314, 0.06287961459579637]))
HAIR CONTACT PARTS iteration=5 scale=1e0 mesh_raw=7.600088873207185e-6 strand=1.585000952320206e-13 worst_mesh=Some((432, 9, 0.9847823053544147, -0.001912307504186892, [0.6872319421213177, -0.10451074944425301, -0.7188809087594149], [0.07473353864217026, 0.6078412317842274, 0.05665544949086013]))
HAIR CONTACT PARTS iteration=5 scale=5e-1 mesh_raw=3.745413095289396e-6 strand=5.516942522079148e-9 worst_mesh=Some((432, 9, 0.9532055014910799, -0.0015234887351806231, [-0.8231074434663713, 0.21764224488756576, 0.5245245368431829], [0.06297546291301218, 0.6117535329133105, 0.06736697101891441]))
HAIR NONLINEAR MERIT iteration=5 before=7.531794196196088e-6 full=7.595289031707284e-6 accepted=3.744530037811473e-6 scale=5e-1 tangent_complete=false
HAIR CONTACT PARTS iteration=6 scale=0e0 mesh_raw=3.745413095289396e-6 strand=5.516942522079148e-9 worst_mesh=Some((432, 9, 0.9532055014910799, -0.0015234887351806231, [-0.8231074434663713, 0.21764224488756576, 0.5245245368431829], [0.06297546291301218, 0.6117535329133105, 0.06736697101891441]))
HAIR CONTACT PARTS iteration=6 scale=1e0 mesh_raw=1.6344841548774244e-5 strand=4.436327057259304e-12 worst_mesh=Some((432, 9, 0.8715406066099493, -0.0030334504630719693, [0.6006187219968256, -0.2667075428839711, -0.7537401656775992], [0.07138599040591272, 0.6082520815040817, 0.057190149724393596]))
HAIR CONTACT PARTS iteration=6 scale=5e-1 mesh_raw=4.6258634954930395e-6 strand=6.002979733604841e-11 worst_mesh=Some((432, 9, 0.9306340439586651, -0.001812475616188543, [0.6612343370175071, -0.11689325632709525, -0.7410162738930002], [0.07462264635013362, 0.6083067544915082, 0.056536987930548316]))
HAIR CONTACT PARTS iteration=6 scale=2.5e-1 mesh_raw=3.3960356482069673e-6 strand=7.646889641133341e-10 worst_mesh=Some((432, 9, 0.9456640668098618, -0.0015062891502906407, [0.8069556188609964, -0.3679982281958593, -0.46195230623233646], [0.08599262578201872, 0.6028038878929846, 0.05255615013350483]))
HAIR NONLINEAR MERIT iteration=6 before=3.744530037811473e-6 full=1.6340045985101295e-5 accepted=3.390400337171076e-6 scale=2.5e-1 tangent_complete=false
HAIR CONTACT PARTS iteration=7 scale=0e0 mesh_raw=3.3960356482069673e-6 strand=7.646889641133341e-10 worst_mesh=Some((432, 9, 0.9456640668098618, -0.0015062891502906407, [0.8069556188609964, -0.3679982281958593, -0.46195230623233646], [0.08599262578201872, 0.6028038878929846, 0.05255615013350483]))
HAIR CONTACT PARTS iteration=7 scale=1e0 mesh_raw=1.1266029435514348e-5 strand=3.0045830684785526e-15 worst_mesh=Some((432, 9, 0.9789033428497055, -0.002534485411067463, [-0.9084821569425676, 0.17353680335590616, 0.38019093676466525], [0.07215834946389765, 0.6084308173704657, 0.06313463561083633]))
HAIR CONTACT PARTS iteration=7 scale=5e-1 mesh_raw=4.5372289056489785e-6 strand=3.092785327883382e-11 worst_mesh=Some((432, 9, 0.9739589215315969, -0.0016605798097108096, [-0.8581724961291989, 0.24244240927566602, 0.4525059613662459], [0.06660141982002617, 0.6104248588375487, 0.06492688813532463]))
HAIR CONTACT PARTS iteration=7 scale=2.5e-1 mesh_raw=3.5044224018437686e-6 strand=6.958487754107543e-11 worst_mesh=Some((432, 9, 0.9634791903814792, -0.0015030244842651594, [-0.34806964971771753, -0.4075605796056629, 0.8442404236335059], [0.06517152305331844, 0.5973623776082011, 0.08244126274264044]))
HAIR CONTACT PARTS iteration=7 scale=1.25e-1 mesh_raw=3.3488809203540446e-6 strand=1.5375194316608818e-10 worst_mesh=Some((432, 9, 0.9554923510969497, -0.0014941349053920674, [-0.3417689053688988, -0.3982100310438746, 0.8512477820816811], [0.06479664990538139, 0.5980687905793697, 0.0821790029585858]))
HAIR NONLINEAR MERIT iteration=7 before=3.390400337171076e-6 full=1.1262829438518929e-5 accepted=3.3426346722972107e-6 scale=1.25e-1 tangent_complete=false
HAIR CONTACT PARTS iteration=8 scale=0e0 mesh_raw=3.3488809203540446e-6 strand=1.5375194316608818e-10 worst_mesh=Some((432, 9, 0.9554923510969497, -0.0014941349053920674, [-0.3417689053688988, -0.3982100310438746, 0.8512477820816811], [0.06479664990538139, 0.5980687905793697, 0.0821790029585858]))
HAIR CONTACT PARTS iteration=8 scale=1e0 mesh_raw=1.627098546608222e-5 strand=2.9969350274547855e-15 worst_mesh=Some((432, 9, 0.8339520267251594, -0.0031411122039376018, [0.5382775813367251, -0.31282995936976626, -0.7825564912202797], [0.07094014803762465, 0.6060463785451419, 0.05783281684530836]))
HAIR CONTACT PARTS iteration=8 scale=5e-1 mesh_raw=6.159375070874224e-6 strand=2.3679037620435128e-11 worst_mesh=Some((432, 9, 0.9127552636173859, -0.002073706664461484, [0.6128843535567504, -0.15389023664386325, -0.7750422983495934], [0.07402878590537001, 0.6069381115272476, 0.05656276729208766]))
HAIR CONTACT PARTS iteration=8 scale=2.5e-1 mesh_raw=4.03827839063691e-6 strand=5.327595930546781e-11 worst_mesh=Some((432, 9, 0.9430628014092014, -0.0016573118774922664, [0.6726888669273295, -0.11556631630971605, -0.7308447953202023], [0.0766462534677362, 0.6072287712207981, 0.05536255378210709]))
HAIR CONTACT PARTS iteration=8 scale=1.25e-1 mesh_raw=3.413728801652753e-6 strand=4.8830923128766175e-9 worst_mesh=Some((432, 9, 0.9503433796519416, -0.001515992993942592, [0.6335517497809101, 0.01688921795988699, -0.7735159563100494], [0.07934514887097856, 0.6083926974799208, 0.05225213546408117]))
HAIR CONTACT PARTS iteration=8 scale=6.25e-2 mesh_raw=3.2756167967509184e-6 strand=4.395034637668517e-10 worst_mesh=Some((432, 9, 0.9547015727417906, -0.0014838711631801117, [0.7763735657608999, -0.6248888568730797, -0.08220707356159344], [0.10450165925599435, 0.5831986319873915, 0.05672147145405395]))
HAIR NONLINEAR MERIT iteration=8 before=3.3426346722972107e-6 full=1.626778546907915e-5 accepted=3.2696563002146857e-6 scale=6.25e-2 tangent_complete=false
HAIR CONTACT PARTS iteration=9 scale=0e0 mesh_raw=3.2756167967509184e-6 strand=4.395034637668517e-10 worst_mesh=Some((432, 9, 0.9547015727417906, -0.0014838711631801117, [0.7763735657608999, -0.6248888568730797, -0.08220707356159344], [0.10450165925599435, 0.5831986319873915, 0.05672147145405395]))
HAIR CONTACT PARTS iteration=9 scale=1e0 mesh_raw=3.3675868405233345e-6 strand=1.5092389889512453e-9 worst_mesh=Some((432, 9, 0.9488858780206229, -0.0016002173034086512, [-0.9478750372187786, 0.2434896944298328, 0.2055375452903087], [0.06570141883102659, 0.6095837598068314, 0.062271159013745185]))
HAIR CONTACT PARTS iteration=9 scale=5e-1 mesh_raw=3.1276388078140747e-6 strand=2.0811629466401136e-11 worst_mesh=Some((432, 9, 0.9533515726352421, -0.00150656187461983, [-0.5111773556322928, 0.6986874122729619, -0.5005333265828447], [0.02949664751744103, 0.6689046001066519, 0.016246072225944125]))
HAIR NONLINEAR MERIT iteration=9 before=3.2696563002146857e-6 full=3.3658960795122865e-6 accepted=3.1228596194435407e-6 scale=5e-1 tangent_complete=false
HAIR CONTACT PARTS iteration=10 scale=0e0 mesh_raw=3.1276388078140747e-6 strand=2.0811629466401136e-11 worst_mesh=Some((432, 9, 0.9533515726352421, -0.00150656187461983, [-0.5111773556322928, 0.6986874122729619, -0.5005333265828447], [0.02949664751744103, 0.6689046001066519, 0.016246072225944125]))
HAIR CONTACT PARTS iteration=10 scale=1e0 mesh_raw=1.8636079138994856e-5 strand=2.236802295203326e-10 worst_mesh=Some((432, 9, 0.8395149676543082, -0.003202590979950919, [0.7316485382588224, -0.185399000661379, -0.655985996052881], [0.07147317068402959, 0.6101489815372104, 0.05738602892581079]))
HAIR CONTACT PARTS iteration=10 scale=5e-1 mesh_raw=4.434134614232678e-6 strand=1.0478433240920278e-11 worst_mesh=Some((432, 9, 0.9038245051605704, -0.0018797884841406907, [0.7470210281704619, -0.07263020656605255, -0.6608210321753678], [0.07494743819304901, 0.608922673653478, 0.05670869573605589]))
HAIR CONTACT PARTS iteration=10 scale=2.5e-1 mesh_raw=2.9390511744093e-6 strand=1.1706579921058074e-11 worst_mesh=Some((432, 9, 0.929768555245103, -0.001547767072511221, [0.8054580612752036, -0.12410287107430301, -0.579513407021706], [0.07845326722589911, 0.6076036336316988, 0.055918880538585305]))
HAIR NONLINEAR MERIT iteration=10 before=3.1228596194435407e-6 full=1.863150281922438e-5 accepted=2.932662880989224e-6 scale=2.5e-1 tangent_complete=false
HAIR CONTACT PARTS iteration=11 scale=0e0 mesh_raw=2.9390511744093e-6 strand=1.1706579921058074e-11 worst_mesh=Some((432, 9, 0.929768555245103, -0.001547767072511221, [0.8054580612752036, -0.12410287107430301, -0.579513407021706], [0.07845326722589911, 0.6076036336316988, 0.055918880538585305]))
HAIR CONTACT PARTS iteration=11 scale=1e0 mesh_raw=8.934979042701556e-6 strand=2.717734018902656e-10 worst_mesh=Some((432, 9, 0.8969077615214046, -0.0027314100948280695, [-0.953925803365009, 0.08274868948954857, 0.28840633845701846], [0.07182918781343794, 0.6100701651930245, 0.06212751982182525]))
HAIR CONTACT PARTS iteration=11 scale=5e-1 mesh_raw=3.3518411663702227e-6 strand=2.926688114964307e-12 worst_mesh=Some((432, 9, 0.9192867609512526, -0.0017343330654571239, [-0.8242963270104217, -0.04726343242869608, 0.5641823581362554], [0.07053097101862695, 0.6085303329706907, 0.06370670456855264]))
HAIR CONTACT PARTS iteration=11 scale=2.5e-1 mesh_raw=2.6185175135679025e-6 strand=6.584967384877206e-12 worst_mesh=Some((432, 9, 0.9292791638347611, -0.001510783304984692, [-0.21383184873266936, 0.7023159078164674, -0.678990652436026], [0.06573909577440089, 0.6371246228200447, 0.03232677451743473]))
HAIR NONLINEAR MERIT iteration=11 before=2.932662880989224e-6 full=8.932050816103448e-6 accepted=2.6137240985352905e-6 scale=2.5e-1 tangent_complete=false
HAIR CONTACT PARTS iteration=12 scale=0e0 mesh_raw=2.6185175135679025e-6 strand=6.584967384877206e-12 worst_mesh=Some((432, 9, 0.9292791638347611, -0.001510783304984692, [-0.21383184873266936, 0.7023159078164674, -0.678990652436026], [0.06573909577440089, 0.6371246228200447, 0.03232677451743473]))
HAIR CONTACT PARTS iteration=12 scale=1e0 mesh_raw=2.1564448186911394e-5 strand=1.4216150359642386e-21 worst_mesh=Some((432, 9, 0.8583082954741684, -0.0033782231830697955, [0.8291952504133041, -0.24177512520165378, -0.50396430977376], [0.07158200713706422, 0.6118186272503426, 0.057550287432671224]))
HAIR CONTACT PARTS iteration=12 scale=5e-1 mesh_raw=4.149500311084726e-6 strand=2.0721486714446262e-10 worst_mesh=Some((432, 9, 0.8910380178010515, -0.0017782155228053998, [0.8293997575626328, -0.12376425156586103, -0.5447737623907635], [0.0772156347722734, 0.6099092612995194, 0.05586115442366639]))
HAIR CONTACT PARTS iteration=12 scale=2.5e-1 mesh_raw=2.5558458434085995e-6 strand=4.965886859984274e-9 worst_mesh=Some((432, 9, 0.9092404490727415, -0.001509703997836912, [0.7651998549200042, 0.04004793541359386, -0.642545986602915], [0.07870071240816447, 0.6100372609842785, 0.054909548148227516]))
HAIR NONLINEAR MERIT iteration=12 before=2.6137240985352905e-6 full=2.1559648186911387e-5 accepted=2.5544117302685845e-6 scale=2.5e-1 tangent_complete=false
HAIR CONTACT PARTS iteration=13 scale=0e0 mesh_raw=2.5558458434085995e-6 strand=4.965886859984274e-9 worst_mesh=Some((432, 9, 0.9092404490727415, -0.001509703997836912, [0.7651998549200042, 0.04004793541359386, -0.642545986602915], [0.07870071240816447, 0.6100372609842785, 0.054909548148227516]))
HAIR CONTACT PARTS iteration=13 scale=1e0 mesh_raw=9.982221644637387e-6 strand=2.4996140263398234e-12 worst_mesh=Some((432, 9, 0.9238339052572603, -0.002739972404802022, [-0.8562047041738086, -0.21164935708266344, 0.4712940209647648], [0.0712539542866993, 0.6083066817618871, 0.0642988602519532]))
HAIR CONTACT PARTS iteration=13 scale=5e-1 mesh_raw=3.714880749577948e-6 strand=9.921842487057914e-10 worst_mesh=Some((432, 9, 0.9161263067506855, -0.001734233339029329, [-0.7758480479314233, -0.19238212517649347, 0.6008734679061608], [0.07264389267367606, 0.6091731383807955, 0.06255715197515693]))
HAIR CONTACT PARTS iteration=13 scale=2.5e-1 mesh_raw=2.3878145127572732e-6 strand=3.920724918687803e-9 worst_mesh=Some((432, 9, 0.9183054015469746, -0.0014850580290443002, [-0.8537009767299949, 0.032423385585723115, 0.5197531783427708], [0.061422522275841135, 0.6103317368226073, 0.06769645702493622]))
HAIR NONLINEAR MERIT iteration=13 before=2.5544117302685845e-6 full=9.979024144251415e-6 accepted=2.3869352376759617e-6 scale=2.5e-1 tangent_complete=false
HAIR CONTACT PARTS iteration=14 scale=0e0 mesh_raw=2.3878145127572732e-6 strand=3.920724918687803e-9 worst_mesh=Some((432, 9, 0.9183054015469746, -0.0014850580290443002, [-0.8537009767299949, 0.032423385585723115, 0.5197531783427708], [0.061422522275841135, 0.6103317368226073, 0.06769645702493622]))
HAIR CONTACT PARTS iteration=14 scale=1e0 mesh_raw=2.0517957490386314e-5 strand=5.317462692952399e-9 worst_mesh=Some((432, 9, 0.8793070770048417, -0.0028978402163612918, [0.7961418312216495, -0.22392613326557703, -0.5621523560564037], [0.07310888983914865, 0.6087349474090117, 0.057395895775009226]))
HAIR CONTACT PARTS iteration=14 scale=5e-1 mesh_raw=4.91072203615944e-6 strand=4.3102483537113966e-11 worst_mesh=Some((432, 9, 0.912575206882345, -0.00172423523645971, [0.7709465294499285, 0.004334172488515779, -0.6368851259669601], [0.07645633083599664, 0.6097529410909287, 0.05585994018635061]))
HAIR CONTACT PARTS iteration=14 scale=2.5e-1 mesh_raw=2.6513405789727906e-6 strand=2.3570098274462207e-9 worst_mesh=Some((432, 9, 0.9156749519398462, -0.0014795100753664436, [0.7824959358578614, 0.04591318673552805, -0.6209606184370455], [0.08002599567248837, 0.6101885857770152, 0.05426374288138792]))
HAIR CONTACT PARTS iteration=14 scale=1.25e-1 mesh_raw=2.473236703134813e-6 strand=1.212101082644607e-10 worst_mesh=Some((432, 9, 0.9163736784311739, -0.0014610122885527024, [-0.4765653836231981, 0.7514984859764147, -0.4562186544928104], [0.06065727909654349, 0.6304926868214815, 0.04722779692192821]))
HAIR NONLINEAR MERIT iteration=14 before=2.3869352376759617e-6 full=1.8110253044938205e-5 accepted=2.3122400134537524e-6 scale=1.25e-1 tangent_complete=false
HAIR CONTACT PARTS iteration=15 scale=0e0 mesh_raw=2.473236703134813e-6 strand=1.212101082644607e-10 worst_mesh=Some((432, 9, 0.9163736784311739, -0.0014610122885527024, [-0.4765653836231981, 0.7514984859764147, -0.4562186544928104], [0.06065727909654349, 0.6304926868214815, 0.04722779692192821]))
HAIR CONTACT PARTS iteration=15 scale=1e0 mesh_raw=3.0548906006331244e-5 strand=5.6267656818324886e-9 worst_mesh=Some((432, 9, 0.839360228646623, -0.003950844522797775, [0.7407879813339534, -0.2553236659821945, -0.6213235809951034], [0.07054091836144909, 0.6116320075062311, 0.05702797974556697]))
HAIR CONTACT PARTS iteration=15 scale=5e-1 mesh_raw=5.4832643600643855e-6 strand=3.6010197900146005e-11 worst_mesh=Some((432, 9, 0.882482768237709, -0.0020789405042928246, [0.806068216336916, -0.17468074637468947, -0.5654561587403611], [0.07381262659317431, 0.6105199986892677, 0.057353347058706775]))
HAIR CONTACT PARTS iteration=15 scale=2.5e-1 mesh_raw=2.940481365085373e-6 strand=3.020592937260828e-11 worst_mesh=Some((432, 9, 0.8989925495791097, -0.0016337873209095802, [0.8293430337638861, -0.11587478079111416, -0.5465923229646799], [0.07883720899538783, 0.6096017739008411, 0.05531566871464816]))
HAIR CONTACT PARTS iteration=15 scale=1.25e-1 mesh_raw=2.4536725382993804e-6 strand=6.5650563844015e-11 worst_mesh=Some((432, 9, 0.9081271233121815, -0.0014949365532060741, [0.8563518815285053, -0.1347120579603647, -0.4985119020070355], [0.08116599198923738, 0.6088786191340696, 0.054969999892316074]))
HAIR CONTACT PARTS iteration=15 scale=6.25e-2 mesh_raw=2.3077263422370964e-6 strand=9.091449813913048e-11 worst_mesh=Some((432, 9, 0.9108927268452178, -0.001452932547416379, [0.858392200713473, -0.5053005031474208, -0.08851119292634148], [0.10456189958201426, 0.5916404122582166, 0.056574237234431786]))
HAIR NONLINEAR MERIT iteration=15 before=2.3122400134537524e-6 full=3.054459499551439e-5 accepted=2.3014172567352344e-6 scale=6.25e-2 tangent_complete=false
HAIR CONTACT PARTS iteration=16 scale=0e0 mesh_raw=2.3077263422370964e-6 strand=9.091449813913048e-11 worst_mesh=Some((432, 9, 0.9108927268452178, -0.001452932547416379, [0.858392200713473, -0.5053005031474208, -0.08851119292634148], [0.10456189958201426, 0.5916404122582166, 0.056574237234431786]))
HAIR CONTACT PARTS iteration=16 scale=1e0 mesh_raw=9.600714921688574e-6 strand=1.867654722644052e-9 worst_mesh=Some((432, 9, 0.9301033740148734, -0.002701036256438652, [-0.893437175238014, -0.09575991372204151, 0.4388622253357714], [0.07183563055982652, 0.6068876888427773, 0.0638495889209208]))
HAIR CONTACT PARTS iteration=16 scale=5e-1 mesh_raw=3.6299452687580526e-6 strand=1.0272380195813284e-13 worst_mesh=Some((432, 9, 0.9285563386007549, -0.0017708512515491963, [-0.8549476229670051, -0.05254078158808121, 0.51604653690649], [0.07092247644093001, 0.6084344078263896, 0.06313659789390526]))
HAIR CONTACT PARTS iteration=16 scale=2.5e-1 mesh_raw=2.5609370545592097e-6 strand=8.493064957912125e-12 worst_mesh=Some((432, 9, 0.9216160029003855, -0.0015227547549866948, [-0.9111406080903904, 0.2141141303540537, 0.35210500063390304], [0.06040311100591796, 0.6127673195318721, 0.06537767763549347]))
HAIR CONTACT PARTS iteration=16 scale=1.25e-1 mesh_raw=2.358271501149822e-6 strand=3.65588764907012e-11 worst_mesh=Some((432, 9, 0.9180834533393498, -0.001475187428852889, [-0.42523053837056, 0.7567323987906851, -0.4965229761628149], [0.06349721021465839, 0.6285211609790201, 0.047402698896184314]))
HAIR CONTACT PARTS iteration=16 scale=6.25e-2 mesh_raw=2.28510445930284e-6 strand=6.034271376799711e-11 worst_mesh=Some((432, 9, 0.9144632864443328, -0.0014587983589641556, [-0.5674830228930117, 0.7355696090850694, -0.3700004985383777], [0.05526190920619849, 0.6337684534351978, 0.04774680133834806]))
HAIR NONLINEAR MERIT iteration=16 before=2.3014172567352344e-6 full=9.599382576411219e-6 accepted=2.2787648020166096e-6 scale=6.25e-2 tangent_complete=false
HAIR CONTACT PARTS iteration=17 scale=0e0 mesh_raw=2.28510445930284e-6 strand=6.034271376799711e-11 worst_mesh=Some((432, 9, 0.9144632864443328, -0.0014587983589641556, [-0.5674830228930117, 0.7355696090850694, -0.3700004985383777], [0.05526190920619849, 0.6337684534351978, 0.04774680133834806]))
HAIR CONTACT PARTS iteration=17 scale=1e0 mesh_raw=2.8451030867568856e-5 strand=1.0054255465127142e-11 worst_mesh=Some((432, 9, 0.7961218737059297, -0.0038452457404150537, [0.7504761853671927, -0.25228091902461813, -0.6108517275843631], [0.07063536613330473, 0.6109218162502227, 0.05735771376584485]))
HAIR CONTACT PARTS iteration=17 scale=5e-1 mesh_raw=5.2564728581502315e-6 strand=7.135229825099079e-12 worst_mesh=Some((432, 9, 0.8648036005739989, -0.002098849962903356, [0.7723918487871358, -0.07528157027294999, -0.6306691027031761], [0.07342463714135432, 0.6105490362780945, 0.05732698081413805]))
HAIR CONTACT PARTS iteration=17 scale=2.5e-1 mesh_raw=2.888873385638096e-6 strand=4.101748680460846e-9 worst_mesh=Some((432, 9, 0.8907856222699847, -0.0016433702610997125, [0.8339151977657266, -0.12644394686223603, -0.5372125940791495], [0.07894043692190475, 0.6092866686856613, 0.05533586745592708]))
HAIR CONTACT PARTS iteration=17 scale=1.25e-1 mesh_raw=2.4326442292366174e-6 strand=2.7478145288132676e-11 worst_mesh=Some((432, 9, 0.9033289322599457, -0.0015036452732503844, [0.8344578553375109, -0.07491601387904512, -0.5459557477763162], [0.0794719064497159, 0.6094884383025226, 0.05545645748503696]))
HAIR CONTACT PARTS iteration=17 scale=6.25e-2 mesh_raw=2.28010182571768e-6 strand=4.1987491222336986e-11 worst_mesh=Some((432, 9, 0.907905198915723, -0.0014546175704641025, [0.8920253842848366, -0.37434469233032774, -0.2532918575785685], [0.09618481449948812, 0.600367786037273, 0.053296174759579054]))
HAIR NONLINEAR MERIT iteration=17 before=2.2787648020166096e-6 full=2.844624092182432e-5 accepted=2.273743813208901e-6 scale=6.25e-2 tangent_complete=false
HAIR CONTACT PARTS iteration=18 scale=0e0 mesh_raw=2.28010182571768e-6 strand=4.1987491222336986e-11 worst_mesh=Some((432, 9, 0.907905198915723, -0.0014546175704641025, [0.8920253842848366, -0.37434469233032774, -0.2532918575785685], [0.09618481449948812, 0.600367786037273, 0.053296174759579054]))
HAIR CONTACT PARTS iteration=18 scale=1e0 mesh_raw=7.014622407428319e-6 strand=5.317982637877747e-10 worst_mesh=Some((432, 9, 0.9317478976321056, -0.0023240281999227677, [-0.9257194231165299, 0.02104158302358114, 0.377625212940901], [0.07336924404415761, 0.6078309018649708, 0.0621477765321212]))
HAIR CONTACT PARTS iteration=18 scale=5e-1 mesh_raw=3.114711960609098e-6 strand=7.552189957397229e-10 worst_mesh=Some((432, 9, 0.9267415956436796, -0.0016635941808930861, [-0.9284860978353172, 0.2555800189526393, 0.26942980540154476], [0.06922129312588896, 0.610592297451576, 0.06176712726103212]))
HAIR CONTACT PARTS iteration=18 scale=2.5e-1 mesh_raw=2.434853829001907e-6 strand=1.0610507140452429e-9 worst_mesh=Some((432, 9, 0.9199741132443943, -0.0014969717892080706, [-0.9119359763142886, 0.27025143462354556, 0.30876680065645107], [0.05759200501796606, 0.6143653113452994, 0.06553312827615786]))
HAIR CONTACT PARTS iteration=18 scale=1.25e-1 mesh_raw=2.3083145954666246e-6 strand=1.6914332475123848e-9 worst_mesh=Some((432, 9, 0.9144555759909094, -0.0014721773875481614, [-0.42566414718760487, 0.7585598443643076, -0.4933528111980781], [0.06331667413073311, 0.6285430569640482, 0.04750091988885578]))
HAIR CONTACT PARTS iteration=18 scale=6.25e-2 mesh_raw=2.2603931299806295e-6 strand=2.4237741553105858e-11 worst_mesh=Some((432, 9, 0.9109606803053044, -0.0014571996908263021, [-0.4286508934629665, 0.7603306998271757, -0.48801192447902086], [0.06296045032698412, 0.6287008776808644, 0.04767282760894961]))
HAIR NONLINEAR MERIT iteration=18 before=2.273743813208901e-6 full=7.011954205692106e-6 accepted=2.2540173677221806e-6 scale=6.25e-2 tangent_complete=false
HAIR CONTACT PARTS iteration=19 scale=0e0 mesh_raw=2.2603931299806295e-6 strand=2.4237741553105858e-11 worst_mesh=Some((432, 9, 0.9109606803053044, -0.0014571996908263021, [-0.4286508934629665, 0.7603306998271757, -0.48801192447902086], [0.06296045032698412, 0.6287008776808644, 0.04767282760894961]))
HAIR CONTACT PARTS iteration=19 scale=1e0 mesh_raw=6.0247995683529404e-6 strand=2.9646485496621184e-12 worst_mesh=Some((432, 9, 0.8516319481044626, -0.0022497103709160663, [0.8149059170063749, -0.08756709170599743, -0.5729400936207493], [0.07338012004654286, 0.610622413516585, 0.05750735855094227]))
HAIR CONTACT PARTS iteration=19 scale=5e-1 mesh_raw=2.9692995507688484e-6 strand=2.6757003234731916e-12 worst_mesh=Some((432, 9, 0.8833155649136846, -0.0016801498140514817, [0.8490093075871671, -0.12423463905455742, -0.5135649424263139], [0.07912727292249688, 0.6093064227349959, 0.05537068180249306]))
HAIR CONTACT PARTS iteration=19 scale=2.5e-1 mesh_raw=2.4651599290485705e-6 strand=2.7398657802820265e-12 worst_mesh=Some((432, 9, 0.8977766420650547, -0.0015301990204688264, [0.8403460481420503, -0.07238067332954533, -0.5371960140399411], [0.0794874021135527, 0.6095054469599059, 0.055450994713794804]))
HAIR CONTACT PARTS iteration=19 scale=1.25e-1 mesh_raw=2.2730981425001485e-6 strand=4.123207294718939e-9 worst_mesh=Some((432, 9, 0.9043325847886485, -0.0014644885332736593, [0.8870027525773051, -0.21935937473890738, -0.40633432249127077], [0.08656421864172748, 0.6066360851062934, 0.05365005374916828]))
HAIR CONTACT PARTS iteration=19 scale=6.25e-2 mesh_raw=2.2394953555120053e-6 strand=1.4528254958520147e-10 worst_mesh=Some((432, 9, 0.9070018526389945, -0.0014515144969868413, [0.467157965496501, 0.4274446343002054, -0.7739861238298357], [0.09410512796623649, 0.6288512071065671, 0.02547154659662903]))
HAIR NONLINEAR MERIT iteration=19 before=2.2540173677221806e-6 full=6.021602533001489e-6 accepted=2.234840638061589e-6 scale=6.25e-2 tangent_complete=false
HAIR CONTACT PARTS iteration=20 scale=0e0 mesh_raw=2.2394953555120053e-6 strand=1.4528254958520147e-10 worst_mesh=Some((432, 9, 0.9070018526389945, -0.0014515144969868413, [0.467157965496501, 0.4274446343002054, -0.7739861238298357], [0.09410512796623649, 0.6288512071065671, 0.02547154659662903]))
HAIR CONTACT PARTS iteration=20 scale=1e0 mesh_raw=3.8112415063952404e-6 strand=5.26339698521192e-9 worst_mesh=Some((432, 9, 0.9312699930168656, -0.0017894726899113633, [-0.8305767629120775, -0.19919051892119194, 0.5200628597413979], [0.07218685194206559, 0.6090717882912717, 0.062413887622732984]))
HAIR CONTACT PARTS iteration=20 scale=5e-1 mesh_raw=2.5380213307433245e-6 strand=7.288172715158997e-11 worst_mesh=Some((432, 9, 0.9235403510114247, -0.001523411583430352, [-0.6724401899765591, -0.31867501723246155, 0.6680347478209343], [0.06829369697178715, 0.6068212228890857, 0.06626865806805331]))
HAIR CONTACT PARTS iteration=20 scale=2.5e-1 mesh_raw=2.2966885640062956e-6 strand=7.368484950697685e-11 worst_mesh=Some((432, 9, 0.9172702961727583, -0.0014677716241946368, [-0.8975999647774047, 0.15385094342112476, 0.41309101955868227], [0.028995847369620582, 0.6176239758528403, 0.08050989361985117]))
HAIR CONTACT PARTS iteration=20 scale=1.25e-1 mesh_raw=2.234374831099657e-6 strand=1.24123640825261e-10 worst_mesh=Some((432, 9, 0.9121484205174523, -0.0014581094691487131, [-0.8466430268726529, 0.5313452367543862, 0.02945885989541394], [0.03332796744868208, 0.6352565243272972, 0.06118253856118741]))
HAIR NONLINEAR MERIT iteration=20 before=2.234840638061589e-6 full=3.8133049033804526e-6 accepted=2.231298954740481e-6 scale=1.25e-1 tangent_complete=false
HAIR CONTACT PARTS iteration=21 scale=0e0 mesh_raw=2.234374831099657e-6 strand=1.24123640825261e-10 worst_mesh=Some((432, 9, 0.9121484205174523, -0.0014581094691487131, [-0.8466430268726529, 0.5313452367543862, 0.02945885989541394], [0.03332796744868208, 0.6352565243272972, 0.06118253856118741]))
HAIR CONTACT PARTS iteration=21 scale=1e0 mesh_raw=3.077007104808642e-5 strand=6.167531401206041e-12 worst_mesh=Some((432, 9, 0.7973608342411543, -0.003920015499808971, [0.7648742943051594, -0.2451876341920353, -0.5956931575488313], [0.07069234635999011, 0.6104090119333023, 0.05750833834220235]))
HAIR CONTACT PARTS iteration=21 scale=5e-1 mesh_raw=5.968326530368546e-6 strand=3.950020986649386e-11 worst_mesh=Some((432, 9, 0.8648854953492551, -0.0021380279879072753, [0.7742033447859566, -0.04454991112403154, -0.6313671565270701], [0.0733311262427772, 0.6104427613675154, 0.057435771393468345]))
HAIR CONTACT PARTS iteration=21 scale=2.5e-1 mesh_raw=3.0010080730073913e-6 strand=7.522177212797161e-11 worst_mesh=Some((432, 9, 0.8910630123467661, -0.001646348356094825, [0.8440939538913546, -0.12497587073985575, -0.5214272995700118], [0.07909039751837235, 0.609179777917748, 0.05542667859682219]))
HAIR CONTACT PARTS iteration=21 scale=1.25e-1 mesh_raw=2.42244755328844e-6 strand=9.799922051222186e-11 worst_mesh=Some((432, 9, 0.9023215040994911, -0.0015035764489566333, [0.8436673527021412, -0.07174651608831967, -0.5320505947875155], [0.07958024217013787, 0.6094826714217464, 0.05554812577129621]))
HAIR CONTACT PARTS iteration=21 scale=6.25e-2 mesh_raw=2.240560673619417e-6 strand=1.1063958718338835e-10 worst_mesh=Some((432, 9, 0.9062135623293274, -0.0014542716777339504, [0.879422771286089, -0.45043601051435767, -0.15402269240408956], [0.09711995167824268, 0.5977882066190426, 0.055624152556278894]))
HAIR CONTACT PARTS iteration=21 scale=3.125e-2 mesh_raw=2.22176502165477e-6 strand=1.172757047295372e-10 worst_mesh=Some((432, 9, 0.9088654129855164, -0.0014518222612945274, [-0.8962173156331796, 0.22412363228487306, 0.3828356313232782], [0.028818140565267956, 0.6211227586621358, 0.07888801060519571]))
HAIR NONLINEAR MERIT iteration=21 before=2.231298954740481e-6 full=3.076527721561782e-5 accepted=2.218682297359498e-6 scale=3.125e-2 tangent_complete=false
HAIR CONTACT PARTS iteration=22 scale=0e0 mesh_raw=2.22176502165477e-6 strand=1.172757047295372e-10 worst_mesh=Some((432, 9, 0.9088654129855164, -0.0014518222612945274, [-0.8962173156331796, 0.22412363228487306, 0.3828356313232782], [0.028818140565267956, 0.6211227586621358, 0.07888801060519571]))
HAIR CONTACT PARTS iteration=22 scale=1e0 mesh_raw=2.484810100212211e-5 strand=1.5103515897659117e-9 worst_mesh=Some((432, 9, 0.749071697761027, -0.003596993154405657, [0.7215229205413566, -0.23029219437162418, -0.6529702752384471], [0.07078900340057338, 0.6101002399984091, 0.05749620396077877]))
HAIR CONTACT PARTS iteration=22 scale=5e-1 mesh_raw=5.211380441660964e-6 strand=3.102213257621848e-10 worst_mesh=Some((432, 9, 0.8426815755439561, -0.002151037198382914, [0.7514186665459686, -0.047892952829719095, -0.6580852928272511], [0.07315710890468932, 0.6102132971446375, 0.05747862004109148]))
HAIR CONTACT PARTS iteration=22 scale=2.5e-1 mesh_raw=2.884498284536135e-6 strand=1.3281160068389339e-10 worst_mesh=Some((432, 9, 0.8806654398817475, -0.0016686426784287864, [0.832277368368858, -0.1266721451361761, -0.539693014358726], [0.07885802680312053, 0.6090532104444807, 0.05529072279535996]))
HAIR CONTACT PARTS iteration=22 scale=1.25e-1 mesh_raw=2.4559647768400047e-6 strand=1.186494231494395e-10 worst_mesh=Some((432, 9, 0.8958660124350765, -0.0015336444833898104, [0.8397800715870768, -0.08423534984496993, -0.5363523442679261], [0.07953636952773839, 0.6093313796622608, 0.05541940673201925]))
HAIR CONTACT PARTS iteration=22 scale=6.25e-2 mesh_raw=2.2737016849376643e-6 strand=1.1666210804073375e-10 worst_mesh=Some((432, 9, 0.9028515794741971, -0.001470247791814831, [0.8898515486412052, -0.24081606428533306, -0.38752012149431825], [0.08427947260401936, 0.6069486865497848, 0.05492075836652178]))
HAIR CONTACT PARTS iteration=22 scale=3.125e-2 mesh_raw=2.2257641489995174e-6 strand=1.1664791304427457e-10 worst_mesh=Some((432, 9, 0.9053477794078466, -0.001453525556882333, [0.8976777356069612, -0.34261480705830616, -0.2771096840241397], [0.10032882425773618, 0.599654387049005, 0.05145743048693147]))
HAIR CONTACT PARTS iteration=22 scale=1.5625e-2 mesh_raw=2.218018903873146e-6 strand=1.16881749435704e-10 worst_mesh=Some((432, 9, 0.906954366931306, -0.0014506949610510744, [0.816096229353679, -0.5774866996260193, 0.022272318912841697], [0.20659483741834195, 0.5157196881678532, 0.06342907448279636]))
HAIR NONLINEAR MERIT iteration=22 before=2.218682297359498e-6 full=2.4846411353711875e-5 accepted=2.21493578562258e-6 scale=1.5625e-2 tangent_complete=false
HAIR CONTACT PARTS iteration=23 scale=0e0 mesh_raw=2.218018903873146e-6 strand=1.16881749435704e-10 worst_mesh=Some((432, 9, 0.906954366931306, -0.0014506949610510744, [0.816096229353679, -0.5774866996260193, 0.022272318912841697], [0.20659483741834195, 0.5157196881678532, 0.06342907448279636]))
HAIR CONTACT PARTS iteration=23 scale=1e0 mesh_raw=8.051194076208427e-6 strand=5.575286227410304e-9 worst_mesh=Some((432, 9, 0.9157150237211092, -0.0026038889804534, [-0.9304470066092916, -0.0855645209792049, 0.3562963382374396], [0.07197540518591816, 0.6067247748994947, 0.06294102232734847]))
HAIR CONTACT PARTS iteration=23 scale=5e-1 mesh_raw=3.3136808456941143e-6 strand=3.432216940076557e-10 worst_mesh=Some((432, 9, 0.9196927145337044, -0.0017479503372283686, [-0.8765669475168193, -0.06286529286161142, 0.4771565167473556], [0.07054791902082877, 0.6081675521941545, 0.06300298991539971]))
HAIR CONTACT PARTS iteration=23 scale=2.5e-1 mesh_raw=2.4557269792127956e-6 strand=1.5336924949771484e-10 worst_mesh=Some((432, 9, 0.915106535068969, -0.0015249053381179928, [-0.9209955684435054, 0.2129471551192282, 0.3262218141603223], [0.06006165802028077, 0.6126701318263645, 0.0650478649636492]))
HAIR CONTACT PARTS iteration=23 scale=1.25e-1 mesh_raw=2.2967061165916298e-6 strand=1.2256113149804457e-10 worst_mesh=Some((432, 9, 0.9129177870636969, -0.0014803142812576618, [-0.42687400069778136, 0.7637365617559924, -0.4842365659111318], [0.06338129195545933, 0.6288034094255954, 0.04759097712983475]))
HAIR CONTACT PARTS iteration=23 scale=6.25e-2 mesh_raw=2.2292485533353175e-6 strand=1.162557031373532e-10 worst_mesh=Some((432, 9, 0.9099971123217921, -0.0014632777194366038, [-0.427165036296031, 0.7650000357461376, -0.4819802662709531], [0.06313201061137422, 0.6288238082173625, 0.04778004729321629]))
HAIR CONTACT PARTS iteration=23 scale=3.125e-2 mesh_raw=2.2154217124409365e-6 strand=1.1567681542647406e-10 worst_mesh=Some((432, 9, 0.9084883049175336, -0.0014551263041044217, [-0.6055377269164289, 0.7274632435937844, -0.3226783080730631], [0.05265046283987514, 0.6350257632959724, 0.04862828933984337]))
HAIR NONLINEAR MERIT iteration=23 before=2.21493578562258e-6 full=8.05356936243584e-6 accepted=2.212337389256362e-6 scale=3.125e-2 tangent_complete=false
HAIR CONTACT PARTS iteration=24 scale=0e0 mesh_raw=2.2154217124409365e-6 strand=1.1567681542647406e-10 worst_mesh=Some((432, 9, 0.9084883049175336, -0.0014551263041044217, [-0.6055377269164289, 0.7274632435937844, -0.3226783080730631], [0.05265046283987514, 0.6350257632959724, 0.04862828933984337]))
HAIR CONTACT PARTS iteration=24 scale=1e0 mesh_raw=2.3118821212724732e-5 strand=3.5457758211336967e-9 worst_mesh=Some((432, 9, 0.8005541081559209, -0.0036103361038037594, [0.7985331516267662, -0.22945284947168262, -0.5565035450222662], [0.07117695820714354, 0.6109570833164831, 0.05757386580070253]))
HAIR CONTACT PARTS iteration=24 scale=5e-1 mesh_raw=4.637403944880432e-6 strand=6.399923249805752e-10 worst_mesh=Some((432, 9, 0.8623158394803421, -0.0020311311695764707, [0.8046061910283945, -0.06534827438608841, -0.5902020674256736], [0.07386010965466767, 0.6105906842498302, 0.057349630128588076]))
HAIR CONTACT PARTS iteration=24 scale=2.5e-1 mesh_raw=2.7791260834729286e-6 strand=1.814656127710199e-10 worst_mesh=Some((432, 9, 0.8856738886705514, -0.001638928851568237, [0.851273587231346, -0.1238857367083454, -0.5098878346484709], [0.07922539874122791, 0.6093218537273678, 0.05549011042471589]))
HAIR CONTACT PARTS iteration=24 scale=1.25e-1 mesh_raw=2.3781728092079016e-6 strand=1.2058557026519892e-10 worst_mesh=Some((432, 9, 0.897784511457684, -0.0015113259972767586, [0.8464737436505962, -0.07120370410203643, -0.5276478312589699], [0.07961049766845284, 0.6095363393183638, 0.055545005721393904]))
HAIR CONTACT PARTS iteration=24 scale=6.25e-2 mesh_raw=2.2303907631198364e-6 strand=1.1574427857772977e-10 worst_mesh=Some((432, 9, 0.9027166907691093, -0.001460931805091196, [0.8949772961571761, -0.3716791726692036, -0.24671893313470383], [0.08786954998306162, 0.6039001093398566, 0.055750274602740395]))
HAIR CONTACT PARTS iteration=24 scale=3.125e-2 mesh_raw=2.201974019056101e-6 strand=1.1513194054395572e-10 worst_mesh=Some((432, 9, 0.9051075853328665, -0.0014508331415133513, [0.7526306980149183, 0.13247168790946035, -0.6449792898287473], [0.14652151076110487, 0.6228005132018418, -0.0028607698201739556]))
HAIR NONLINEAR MERIT iteration=24 before=2.212337389256362e-6 full=2.3119166988545872e-5 accepted=2.1988891509966444e-6 scale=3.125e-2 tangent_complete=false
HAIR CONTACT PARTS iteration=25 scale=0e0 mesh_raw=2.201974019056101e-6 strand=1.1513194054395572e-10 worst_mesh=Some((432, 9, 0.9051075853328665, -0.0014508331415133513, [0.7526306980149183, 0.13247168790946035, -0.6449792898287473], [0.14652151076110487, 0.6228005132018418, -0.0028607698201739556]))
HAIR CONTACT PARTS iteration=25 scale=1e0 mesh_raw=6.126937238407221e-6 strand=2.2577454819653875e-9 worst_mesh=Some((432, 9, 0.915670583744382, -0.002299933148471749, [-0.9779222650326506, 0.05905954879870514, 0.20044952793434975], [0.0727734263646269, 0.6091634800586707, 0.0610485525481698]))
HAIR CONTACT PARTS iteration=25 scale=5e-1 mesh_raw=2.854432397985672e-6 strand=2.147047429022523e-9 worst_mesh=Some((432, 9, 0.9144978801536452, -0.001645097028156979, [-0.9466019198257997, 0.2498150052187292, 0.20380693940510605], [0.0688006645350818, 0.6112046947342192, 0.06132328513977242]))
HAIR CONTACT PARTS iteration=25 scale=2.5e-1 mesh_raw=2.33279305203564e-6 strand=3.0181683545314486e-10 worst_mesh=Some((432, 9, 0.9128418572177781, -0.0014996641165816848, [-0.9251699987833266, 0.21237286918643872, 0.31457628293432904], [0.059945968255589, 0.6129655895284148, 0.06475553640800773]))
HAIR CONTACT PARTS iteration=25 scale=1.25e-1 mesh_raw=2.230800535416726e-6 strand=1.4319720365247337e-10 worst_mesh=Some((432, 9, 0.9099554578746543, -0.0014694724303793859, [-0.42843268178656574, 0.7705937447732033, -0.4718375967359769], [0.0632354152230976, 0.6291325686412444, 0.047901584311717094]))
HAIR CONTACT PARTS iteration=25 scale=6.25e-2 mesh_raw=2.1954389788679525e-6 strand=1.20821142582064e-10 worst_mesh=Some((432, 9, 0.9075312188978557, -0.0014584563326864434, [-0.5631631111241642, 0.7431278080396307, -0.3613978018571306], [0.055481215368094236, 0.6338917444949215, 0.048087401439851976]))
HAIR NONLINEAR MERIT iteration=25 before=2.1988891509966444e-6 full=6.125994983889186e-6 accepted=2.192359800010534e-6 scale=6.25e-2 tangent_complete=false
HAIR CONTACT PARTS iteration=26 scale=0e0 mesh_raw=2.1954389788679525e-6 strand=1.20821142582064e-10 worst_mesh=Some((432, 9, 0.9075312188978557, -0.0014584563326864434, [-0.5631631111241642, 0.7431278080396307, -0.3613978018571306], [0.055481215368094236, 0.6338917444949215, 0.048087401439851976]))
HAIR CONTACT PARTS iteration=26 scale=1e0 mesh_raw=2.3166493134984902e-5 strand=4.21164252952223e-9 worst_mesh=Some((432, 9, 0.8044286427006075, -0.003627934771431734, [0.810852666517638, -0.22981091603666076, -0.5382424138542289], [0.07123153353467802, 0.611061463530598, 0.057603180883189886]))
HAIR CONTACT PARTS iteration=26 scale=5e-1 mesh_raw=4.449909581835185e-6 strand=9.426874604605082e-10 worst_mesh=Some((432, 9, 0.8630352535692849, -0.002004754709354084, [0.8218066301563427, -0.07843341874765498, -0.564342149280586], [0.07408112693272065, 0.6105827301538751, 0.05737534308667775]))
HAIR CONTACT PARTS iteration=26 scale=2.5e-1 mesh_raw=2.699953758903445e-6 strand=2.8690307692335587e-10 worst_mesh=Some((432, 9, 0.8849931638721813, -0.0016238996674665528, [0.8602928388775476, -0.12244687966104041, -0.4948767452985486], [0.0793931275684244, 0.6093577076757684, 0.05560843797834348]))
HAIR CONTACT PARTS iteration=26 scale=1.25e-1 mesh_raw=2.3013586065551307e-6 strand=1.4740800228068364e-10 worst_mesh=Some((432, 9, 0.8967973545361645, -0.001495306683406186, [0.8685871475807648, -0.10985147600927819, -0.4832070159632349], [0.08088795411846356, 0.609103629664308, 0.05534122368129522]))
HAIR CONTACT PARTS iteration=26 scale=6.25e-2 mesh_raw=2.1809062044107904e-6 strand=1.2203107468551536e-10 worst_mesh=Some((432, 9, 0.9010848014468348, -0.0014539620543235294, [0.8774862153341026, -0.4600774044164414, -0.13545007878943224], [0.09837773492779348, 0.5968495537302233, 0.055925789662842285]))
HAIR NONLINEAR MERIT iteration=26 before=2.192359800010534e-6 full=2.316750477751442e-5 accepted=2.1778282354854775e-6 scale=6.25e-2 tangent_complete=false
HAIR CONTACT PARTS iteration=27 scale=0e0 mesh_raw=2.1809062044107904e-6 strand=1.2203107468551536e-10 worst_mesh=Some((432, 9, 0.9010848014468348, -0.0014539620543235294, [0.8774862153341026, -0.4600774044164414, -0.13545007878943224], [0.09837773492779348, 0.5968495537302233, 0.055925789662842285]))
HAIR CONTACT PARTS iteration=27 scale=1e0 mesh_raw=1.5982037584293795e-5 strand=7.983587705878102e-11 worst_mesh=Some((432, 9, 0.976160719515961, -0.0030014483530796496, [-0.9759047166169109, 0.10135688427063051, 0.19322723952853305], [0.07281293281745194, 0.6094728983211912, 0.061283843867176065]))
HAIR CONTACT PARTS iteration=27 scale=5e-1 mesh_raw=4.5245412981592135e-6 strand=1.0885175257250349e-9 worst_mesh=Some((432, 9, 0.9426379751738512, -0.001879301747585541, [-0.9009973248774129, -0.017469067924416142, 0.4334727814172395], [0.06979073531881726, 0.6091621384437184, 0.06314133009063373]))
HAIR CONTACT PARTS iteration=27 scale=2.5e-1 mesh_raw=2.596553008942601e-6 strand=1.0644488331272047e-10 worst_mesh=Some((432, 9, 0.9236562238167435, -0.0015352505072768181, [-0.9207957476215672, 0.17531731488388994, 0.3484236362015961], [0.060774783152443154, 0.6123423939040853, 0.06516086992861729]))
HAIR CONTACT PARTS iteration=27 scale=1.25e-1 mesh_raw=2.2728956306027257e-6 strand=1.1363629093503199e-10 worst_mesh=Some((432, 9, 0.9147176552369436, -0.0014712741973953239, [-0.5034650029156583, 0.756454058429617, -0.41749281230279606], [0.059392577510147884, 0.6319607612213077, 0.047513637574986]))
HAIR CONTACT PARTS iteration=27 scale=6.25e-2 mesh_raw=2.188135160236019e-6 strand=1.1755862678079077e-10 worst_mesh=Some((432, 9, 0.9077034030442702, -0.0014578804450468502, [-0.8302862363451189, 0.5572657464106083, -0.008924887298159798], [0.034832187414757194, 0.6359990047417512, 0.05935907214293878]))
HAIR CONTACT PARTS iteration=27 scale=3.125e-2 mesh_raw=2.1723917319927602e-6 strand=1.197073126598914e-10 worst_mesh=Some((432, 9, 0.9041145782754064, -0.0014517903457721773, [-0.9014020137703157, 0.2181378152635458, 0.37401912133321064], [0.028369837490528967, 0.6208703843768506, 0.07852646642570095]))
HAIR NONLINEAR MERIT iteration=27 before=2.1778282354854775e-6 full=1.5978917420170853e-5 accepted=2.1693114393054196e-6 scale=3.125e-2 tangent_complete=false
HAIR CONTACT PARTS iteration=28 scale=0e0 mesh_raw=2.1723917319927602e-6 strand=1.197073126598914e-10 worst_mesh=Some((432, 9, 0.9041145782754064, -0.0014517903457721773, [-0.9014020137703157, 0.2181378152635458, 0.37401912133321064], [0.028369837490528967, 0.6208703843768506, 0.07852646642570095]))
HAIR CONTACT PARTS iteration=28 scale=1e0 mesh_raw=3.0224233384368266e-5 strand=7.50605779868535e-11 worst_mesh=Some((432, 9, 0.7555875656943657, -0.0038874541239394714, [0.773131964152758, -0.23400214345708087, -0.5894997564569391], [0.07083779622198731, 0.6099748152548741, 0.05763198546018601]))
HAIR CONTACT PARTS iteration=28 scale=5e-1 mesh_raw=6.46527587848547e-6 strand=9.706933542352956e-11 worst_mesh=Some((432, 9, 0.8409071439742023, -0.002218890971470601, [0.7800288391510363, -0.034263067161294826, -0.6248048113782315], [0.07329695994932788, 0.6102697390370623, 0.057490606913028736]))
HAIR CONTACT PARTS iteration=28 scale=2.5e-1 mesh_raw=3.108831825808919e-6 strand=1.0838605007411586e-10 worst_mesh=Some((432, 9, 0.8775355125550551, -0.0016791136156730755, [0.8503023895491334, -0.12403597496824342, -0.5114693766401969], [0.07913362105287096, 0.6090541916253711, 0.055419298453192954]))
HAIR CONTACT PARTS iteration=28 scale=1.25e-1 mesh_raw=2.4757407403067977e-6 strand=1.1405560340007665e-10 worst_mesh=Some((432, 9, 0.8918006063967907, -0.0015382528086075745, [0.8536885373258236, -0.08176938896251343, -0.5143244581654591], [0.07974513179489119, 0.6093444602376599, 0.05552618175541847]))
HAIR CONTACT PARTS iteration=28 scale=6.25e-2 mesh_raw=2.24197913478928e-6 strand=1.168847753646879e-10 worst_mesh=Some((432, 9, 0.8984741467464852, -0.0014718239748893094, [0.8952135363673759, -0.2226190419950635, -0.3860485545184922], [0.08400072187316669, 0.6072623165314145, 0.0550820363386144]))
HAIR CONTACT PARTS iteration=28 scale=3.125e-2 mesh_raw=2.1812563519938538e-6 strand=1.1829700293251995e-10 worst_mesh=Some((432, 9, 0.9007883658385945, -0.0014538937118708621, [0.9015149692982358, -0.343532497412177, -0.26316569562341036], [0.09897608992775866, 0.6001846386670903, 0.05230329333157772]))
HAIR CONTACT PARTS iteration=28 scale=1.5625e-2 mesh_raw=2.1691579397287333e-6 strand=1.1900241333189595e-10 worst_mesh=Some((432, 9, 0.902291416161699, -0.0014507353090856352, [0.8327260974571651, -0.5535903719425459, -0.010244349968347407], [0.18849126239821223, 0.5334564490490807, 0.058379091013082814]))
HAIR NONLINEAR MERIT iteration=28 before=2.1693114393054196e-6 full=3.0219508444946247e-5 accepted=2.1660769421420672e-6 scale=1.5625e-2 tangent_complete=false
HAIR CONTACT PARTS iteration=29 scale=0e0 mesh_raw=2.1691579397287333e-6 strand=1.1900241333189595e-10 worst_mesh=Some((432, 9, 0.902291416161699, -0.0014507353090856352, [0.8327260974571651, -0.5535903719425459, -0.010244349968347407], [0.18849126239821223, 0.5334564490490807, 0.058379091013082814]))
HAIR CONTACT PARTS iteration=29 scale=1e0 mesh_raw=1.7318163513661852e-5 strand=1.6292800848831802e-9 worst_mesh=Some((432, 9, 0.9802449403458924, -0.003086571658992445, [-0.9743619673752041, 0.10413007144161285, 0.19943842346520455], [0.07323287915521702, 0.6092272887426627, 0.061307191194132735]))
HAIR CONTACT PARTS iteration=29 scale=5e-1 mesh_raw=4.756100235403055e-6 strand=1.1693766548843216e-10 worst_mesh=Some((432, 9, 0.943716881128231, -0.0019115368072913596, [-0.8994014804799493, -0.01674448325467824, 0.4368027005308109], [0.06985882886318431, 0.6090478665122621, 0.06324334632200034]))
HAIR CONTACT PARTS iteration=29 scale=2.5e-1 mesh_raw=2.6674918503919113e-6 strand=1.1692596636342812e-10 worst_mesh=Some((432, 9, 0.9247568149953144, -0.001548335656849477, [-0.9212888600208803, 0.1752448278700111, 0.3471542693187527], [0.06077084870257037, 0.6122914045121778, 0.06520152553460837]))
HAIR CONTACT PARTS iteration=29 scale=1.25e-1 mesh_raw=2.3049057329727976e-6 strand=1.1766075359828084e-10 worst_mesh=Some((432, 9, 0.9165261626686462, -0.0014767256562091319, [-0.42772614717448015, 0.767457330745168, -0.47755584857561645], [0.06348826723951767, 0.6290609334945473, 0.0477173258366274]))
HAIR CONTACT PARTS iteration=29 scale=6.25e-2 mesh_raw=2.207784196128184e-6 strand=4.606522506701565e-9 worst_mesh=Some((432, 9, 0.9094499567145187, -0.0014617637301849993, [-0.6139829159450492, 0.7252342596856532, -0.31154493657547544], [0.052210706684189215, 0.6353878274140917, 0.04879795306657141]))
HAIR CONTACT PARTS iteration=29 scale=3.125e-2 mesh_raw=2.1799619333309965e-6 strand=1.1853331776879947e-10 worst_mesh=Some((432, 9, 0.9058276550441073, -0.0014550031359202777, [-0.824848505282376, 0.5651442005095584, -0.015394023640437293], [0.035281588170790384, 0.6361719097290253, 0.05906905934651916]))
HAIR CONTACT PARTS iteration=29 scale=1.5625e-2 mesh_raw=2.171489873541581e-6 strand=1.1874430814270207e-10 worst_mesh=Some((432, 9, 0.9039930542057713, -0.0014518319332189984, [-0.8977747927262094, 0.389107180229786, 0.20638804189932322], [0.0284928549649459, 0.6294449744950615, 0.07014279746673834]))
HAIR CONTACT PARTS iteration=29 scale=7.8125e-3 mesh_raw=2.1686927833357675e-6 strand=1.188674382584488e-10 worst_mesh=Some((432, 9, 0.9031034128472536, -0.0014507391293311926, [-0.9051122079628121, 0.27239994039038457, 0.32645085919935635], [-0.051497655845653675, 0.6475527353801909, 0.10486637770781054]))
HAIR NONLINEAR MERIT iteration=29 before=2.1660769421420672e-6 full=1.7316592793746736e-5 accepted=2.165611650774027e-6 scale=7.8125e-3 tangent_complete=false
HAIR CONTACT PARTS iteration=30 scale=0e0 mesh_raw=2.1686927833357675e-6 strand=1.188674382584488e-10 worst_mesh=Some((432, 9, 0.9031034128472536, -0.0014507391293311926, [-0.9051122079628121, 0.27239994039038457, 0.32645085919935635], [-0.051497655845653675, 0.6475527353801909, 0.10486637770781054]))
HAIR CONTACT PARTS iteration=30 scale=1e0 mesh_raw=3.136858319003458e-5 strand=9.823032980702132e-11 worst_mesh=Some((432, 9, 0.7575285089912144, -0.0039482765674646635, [0.7740634641076429, -0.2398555220314643, -0.5859138862364414], [0.07075732622183005, 0.6100350518177191, 0.057627202285087435]))
HAIR CONTACT PARTS iteration=30 scale=5e-1 mesh_raw=6.680553707341154e-6 strand=1.0956914488308474e-10 worst_mesh=Some((432, 9, 0.8407214482592682, -0.0022447135507953513, [0.7793694722050472, -0.03458711161699735, -0.6256092690368483], [0.07326876706975483, 0.6103165986640785, 0.05745647599949266]))
HAIR CONTACT PARTS iteration=30 scale=2.5e-1 mesh_raw=3.165299501134151e-6 strand=1.1451110390334579e-10 worst_mesh=Some((432, 9, 0.876987294441165, -0.0016892126366736236, [0.8494808497729629, -0.12416237309636176, -0.5128020972812852], [0.07910643190878885, 0.6090718143312333, 0.05538456881330153]))
HAIR CONTACT PARTS iteration=30 scale=1.25e-1 mesh_raw=2.5120530779161445e-6 strand=1.1676598277632702e-10 worst_mesh=Some((432, 9, 0.8910261898279375, -0.0015475336896662744, [0.8528174050681764, -0.08192861387904764, -0.5157423541271748], [0.07971760415003304, 0.6093516676108736, 0.05549400498190536]))
HAIR CONTACT PARTS iteration=30 scale=6.25e-2 mesh_raw=2.2662237901704676e-6 strand=1.1783625040939665e-10 worst_mesh=Some((432, 9, 0.8978088742450758, -0.0014786394719994809, [0.8832682163298693, -0.16027125369928005, -0.44062499164154584], [0.08231390132552124, 0.6082954423233955, 0.055156240078161084]))
HAIR CONTACT PARTS iteration=30 scale=3.125e-2 mesh_raw=2.1923281017098224e-6 strand=1.183567697330273e-10 worst_mesh=Some((432, 9, 0.900140963222114, -0.0014571257491766067, [0.9027122949114644, -0.30138868219705994, -0.3070429527919455], [0.091355596908835, 0.6039203221485759, 0.05363748214205987]))
HAIR CONTACT PARTS iteration=30 scale=1.5625e-2 mesh_raw=2.1724887363946066e-6 strand=1.1861334009685358e-10 worst_mesh=Some((432, 9, 0.9014576656017008, -0.001451765821754202, [0.9033437575238472, -0.32660935266748303, -0.2780222769722323], [0.11667109836029588, 0.5942970093428647, 0.04646720741562453]))
HAIR CONTACT PARTS iteration=30 scale=7.8125e-3 mesh_raw=2.168806896245796e-6 strand=1.187406987773982e-10 worst_mesh=Some((432, 9, 0.9022401796728511, -0.0014507188070252918, [0.8996890307275672, -0.37068678147884376, -0.23054491541854993], [0.2073440951163955, 0.5547693283029723, 0.025476559456075604]))
HAIR CONTACT PARTS iteration=30 scale=3.90625e-3 mesh_raw=2.1683065913510324e-6 strand=1.1880414598797426e-10 worst_mesh=Some((432, 9, 0.9026617984209441, -0.0014505964256574196, [-0.4700297268828715, -0.4615563525339848, 0.7523548293737053], [-0.7127261648541406, -0.16205197845703456, 1.3181811804280235]))
HAIR NONLINEAR MERIT iteration=30 before=2.165611650774027e-6 full=3.1363881420364394e-5 accepted=2.1652253954970207e-6 scale=3.90625e-3 tangent_complete=false
HAIR CONTACT PARTS iteration=31 scale=0e0 mesh_raw=2.1683065913510324e-6 strand=1.1880414598797426e-10 worst_mesh=Some((432, 9, 0.9026617984209441, -0.0014505964256574196, [-0.4700297268828715, -0.4615563525339848, 0.7523548293737053], [-0.7127261648541406, -0.16205197845703456, 1.3181811804280235]))
HAIR CONTACT PARTS iteration=31 scale=1e0 mesh_raw=1.2397002715564324e-5 strand=7.645496336033325e-10 worst_mesh=Some((432, 9, 0.7201454948839736, -0.00289678594375753, [0.6942208044750496, -0.2344353633128801, -0.6805127001477436], [0.07218270452554966, 0.608097593358154, 0.05743565349479033]))
HAIR CONTACT PARTS iteration=31 scale=5e-1 mesh_raw=4.098623498340347e-6 strand=2.2169887824572952e-10 worst_mesh=Some((432, 9, 0.8302956440815779, -0.0020057147888751527, [0.8020375230421262, -0.20071435893551806, -0.5625384944602058], [0.07466871081339019, 0.6083826912076619, 0.05743451963728326]))
HAIR CONTACT PARTS iteration=31 scale=2.5e-1 mesh_raw=2.729746129910618e-6 strand=1.40714891459991e-10 worst_mesh=Some((432, 9, 0.875807498170723, -0.0016481148017893493, [0.7589917371983245, 0.037866762334235596, -0.6499981932090212], [0.07829006776448487, 0.6098592953287507, 0.054505653584907165]))
HAIR CONTACT PARTS iteration=31 scale=1.25e-1 mesh_raw=2.384484851563003e-6 strand=1.2392686838094292e-10 worst_mesh=Some((432, 9, 0.8904384164822752, -0.0015313819686199792, [0.7852444499340457, 0.04725228991538264, -0.6173802515026949], [0.07894662263224891, 0.6101077060344408, 0.05492755841708258]))
HAIR CONTACT PARTS iteration=31 scale=6.25e-2 mesh_raw=2.2276187139221886e-6 strand=1.1998194358916927e-10 worst_mesh=Some((432, 9, 0.897285505829633, -0.0014737511673478829, [0.7981743317651339, 0.051409438557256944, -0.6002289610961052], [0.0811870250244869, 0.6103537165100003, 0.05370116953262111]))
HAIR CONTACT PARTS iteration=31 scale=3.125e-2 mesh_raw=2.1850781542286686e-6 strand=1.1902447080651224e-10 worst_mesh=Some((432, 9, 0.8998055251699758, -0.0014563849827088928, [0.8038480122952575, 0.0547397861276021, -0.5923106692806301], [0.08923720580159061, 0.6109785253281205, 0.04802794899087787]))
HAIR CONTACT PARTS iteration=31 scale=1.5625e-2 mesh_raw=2.1723608112716307e-6 strand=1.187978002615303e-10 worst_mesh=Some((432, 9, 0.9011619683398222, -0.0014520027136651415, [0.8055194976310391, 0.05856300329075918, -0.589668308103636], [0.10624687114729933, 0.6123105881999406, 0.035718710396834885]))
HAIR CONTACT PARTS iteration=31 scale=7.8125e-3 mesh_raw=2.169269022424281e-6 strand=1.1876950513253815e-10 worst_mesh=Some((432, 9, 0.9018939242831115, -0.0014509328776044971, [0.8107085131312803, 0.05212015572643394, -0.583125369113299], [0.14167329016820662, 0.614322119437187, 0.010688126084958297]))
HAIR CONTACT PARTS iteration=31 scale=3.90625e-3 mesh_raw=2.1685237661413775e-6 strand=1.1877896284956186e-10 worst_mesh=Some((432, 9, 0.9022733670741256, -0.00145067365443116, [0.8217622743958359, 0.031873981707199364, -0.5689383214988352], [0.21870740889032894, 0.615574691575038, -0.04079155060412087]))
HAIR CONTACT PARTS iteration=31 scale=1.953125e-3 mesh_raw=2.168349358813866e-6 strand=1.187895891979607e-10 worst_mesh=Some((432, 9, 0.9024664567854915, -0.001450612352898615, [0.8446477608951115, -0.017758435781537064, -0.5350278478485652], [0.40111040528932085, 0.6030534242449401, -0.14776673923511743]))
HAIR CONTACT PARTS iteration=31 scale=9.765625e-4 mesh_raw=2.1683116241804107e-6 strand=1.1879637634030768e-10 worst_mesh=Some((432, 9, 0.9025638503609019, -0.0014505987531735515, [0.8879179322919886, -0.15042748464788733, -0.434710613370354], [0.9063721475296391, 0.46883212904933336, -0.34799638768165586]))
HAIR CONTACT PARTS iteration=31 scale=4.8828125e-4 mesh_raw=2.16830505432055e-6 strand=1.188001383575582e-10 worst_mesh=Some((432, 9, 0.9026127540662321, -0.0014505961921957636, [0.8360282787937624, -0.5484442681161998, -0.016297295101501522], [2.1764060748473493, -0.7696240108287867, 0.01879997266757502]))
HAIR NONLINEAR MERIT iteration=31 before=2.1652253954970207e-6 full=1.2394567265197926e-5 accepted=2.165223854458909e-6 scale=4.8828125e-4 tangent_complete=false
HAIR NONLINEAR MERIT HISTORY [1.9869775690051246e-5, 1.9745670860666167e-5, 1.534494319400717e-5, 1.027133224475508e-5, 7.531794196196088e-6, 3.744530037811473e-6, 3.390400337171076e-6, 3.3426346722972107e-6, 3.2696563002146857e-6, 3.1228596194435407e-6, 2.932662880989224e-6, 2.6137240985352905e-6, 2.5544117302685845e-6, 2.3869352376759617e-6, 2.3122400134537524e-6, 2.3014172567352344e-6, 2.2787648020166096e-6, 2.273743813208901e-6, 2.2540173677221806e-6, 2.234840638061589e-6, 2.231298954740481e-6, 2.218682297359498e-6, 2.21493578562258e-6, 2.212337389256362e-6, 2.1988891509966444e-6, 2.192359800010534e-6, 2.1778282354854775e-6, 2.1693114393054196e-6, 2.1660769421420672e-6, 2.165611650774027e-6, 2.1652253954970207e-6, 2.165223854458909e-6]
HAIR NONLINEAR CONTACT NONCONVERGENCE first_gap_m=-0.0017391531635407899 worst=(rod,segment,fraction,gap,source,root,a,b,normal,target) Some((432, 9, 0.9026127540662321, -0.0014505961921957636, Mesh(0), [0.06297717243432999, 0.713983803987503, 0.05699496902525425], [0.08037851466525861, 0.6202040805615454, 0.0704194170274918], [0.07269299128657178, 0.608838339057003, 0.05864819366431202], [0.8360282787937624, -0.5484442681161998, -0.016297295101501522], [2.1764060748473493, -0.7696240108287867, 0.01879997266757502]))
REPLAY RESULT Err("joint hair contact position linearization did not converge")

thread 'hair::contact_replay::tests::captured_contact_reaches_feasible_geometry' (32052996) panicked at crates/physics/src/hair/contact_replay.rs:275:20:
corrected captured geometry must converge: "joint hair contact position linearization did not converge"
note: run with `RUST_BACKTRACE=1` environment variable to display a backtrace
test hair::contact_replay::tests::captured_contact_reaches_feasible_geometry ... FAILED

failures:

failures:
    hair::contact_replay::tests::captured_contact_reaches_feasible_geometry

test result: FAILED. 0 passed; 1 failed; 0 ignored; 0 measured; 302 filtered out; finished in 1.67s

error: test failed, to rerun pass `-p physics --lib`
