warning: unexpected `cfg` condition value: `nightly`
 --> crates/physics/src/biomechanics/mod.rs:5:7
  |
5 | #[cfg(feature = "nightly")]
  |       ^^^^^^^^^^^^^^^^^^^ help: remove the condition
  |
  = note: no expected values for `feature`
  = help: consider adding `nightly` as a feature in `Cargo.toml`
  = note: see <https://doc.rust-lang.org/nightly/rustc/check-cfg/cargo-specifics.html> for more information about checking conditional configuration
  = note: `#[warn(unexpected_cfgs)]` on by default

warning: unexpected `cfg` condition value: `nightly`
   --> crates/physics/src/biomechanics/mod.rs:893:7
    |
893 | #[cfg(feature = "nightly")]
    |       ^^^^^^^^^^^^^^^^^^^ help: remove the condition
    |
    = note: no expected values for `feature`
    = help: consider adding `nightly` as a feature in `Cargo.toml`
    = note: see <https://doc.rust-lang.org/nightly/rustc/check-cfg/cargo-specifics.html> for more information about checking conditional configuration

warning: `physics` (lib) generated 2 warnings
warning: field `weak_refs` is never read
  --> crates/voxy_assets/src/lib.rs:22:5
   |
18 | pub struct AssetCache {
   |            ---------- field in this struct
...
22 |     weak_refs: HashMap<String, usize>,
   |     ^^^^^^^^^
   |
   = note: `#[warn(dead_code)]` (part of `#[warn(unused)]`) on by default

warning: type does not implement `Debug`; consider adding `#[derive(Debug)]` or a manual implementation
  --> crates/voxy_assets/src/lib.rs:18:1
   |
18 | / pub struct AssetCache {
19 | |     /// In-memory cached assets (strong refs)
20 | |     strong_cache: Mutex<HashMap<String, Arc<dyn std::any::Any>>>,
21 | |     /// Weak references to prevent premature collection
22 | |     weak_refs: HashMap<String, usize>,
23 | | }
   | |_^
   |
   = note: requested on the command line with `-W missing-debug-implementations`

warning: `voxy_assets` (lib) generated 2 warnings
warning: function `admit_motion` is never used
   --> crates/voxy_gameplay/src/liquid_runtime/rigid_support.rs:888:15
    |
888 | pub(super) fn admit_motion(
    |               ^^^^^^^^^^^^
    |
    = note: `#[warn(dead_code)]` (part of `#[warn(unused)]`) on by default

warning: function `sweep_spin_path_static` is never used
   --> crates/voxy_gameplay/src/angular_sweep/rigid_pair.rs:299:15
    |
299 | pub(crate) fn sweep_spin_path_static(
    |               ^^^^^^^^^^^^^^^^^^^^^^

warning: function `sweep_rigid_motion_static` is never used
   --> crates/voxy_gameplay/src/angular_sweep/rigid_pair.rs:372:15
    |
372 | pub(crate) fn sweep_rigid_motion_static(
    |               ^^^^^^^^^^^^^^^^^^^^^^^^^

warning: function `sweep_rigid_motions` is never used
   --> crates/voxy_gameplay/src/angular_sweep/rigid_pair.rs:489:15
    |
489 | pub(crate) fn sweep_rigid_motions(
    |               ^^^^^^^^^^^^^^^^^^^

warning: fields `model_error_m`, `first`, and `second` are never read
   --> crates/voxy_gameplay/src/angular_sweep/rigid_pair.rs:734:9
    |
728 | pub(crate) struct RigidTrajectoryContact {
    |                   ---------------------- fields in this struct
...
734 |     pub model_error_m: f64,
    |         ^^^^^^^^^^^^^
735 |     pub first: physics::contact::ContactBody,
    |         ^^^^^
736 |     pub second: physics::contact::ContactBody,
    |         ^^^^^^
    |
    = note: `RigidTrajectoryContact` has derived impls for the traits `Debug` and `Clone`, but these are intentionally ignored during dead code analysis

warning: `voxy_gameplay` (lib) generated 5 warnings
warning: method `prepare_targets` is never used
   --> crates/voxy_editor/src/fog_draw.rs:156:12
    |
 43 | impl FogDraw {
    | ------------ method in this implementation
...
156 |     pub fn prepare_targets(
    |            ^^^^^^^^^^^^^^^
    |
    = note: `#[warn(dead_code)]` (part of `#[warn(unused)]`) on by default

warning: associated function `prepare` is never used
  --> crates/voxy_editor/src/frame_styles.rs:17:12
   |
16 | impl FrameStyles {
   | ---------------- associated function in this implementation
17 |     pub fn prepare(
   |            ^^^^^^^

warning: multiple methods are never used
   --> crates/voxy_editor/src/animation_runtime.rs:205:19
    |
202 | impl AnimationRuntime {
    | --------------------- methods in this implementation
...
205 |     pub(super) fn initialize_root_reference(
    |                   ^^^^^^^^^^^^^^^^^^^^^^^^^
...
235 |     pub(super) fn initialize_root_reference_at_phase(
    |                   ^^^^^^^^^^^^^^^^^^^^^^^^^^^^^^^^^^
...
251 |     fn initialize_root_reference_at_scaled_phase(
    |        ^^^^^^^^^^^^^^^^^^^^^^^^^^^^^^^^^^^^^^^^^
...
286 |     pub(super) fn capture_owner_reference_with_scale(
    |                   ^^^^^^^^^^^^^^^^^^^^^^^^^^^^^^^^^^
...
308 |     fn capture_owner_reference_with_similarity(
    |        ^^^^^^^^^^^^^^^^^^^^^^^^^^^^^^^^^^^^^^^
...
336 |     pub(super) fn capture_owner_reference_from_parent(
    |                   ^^^^^^^^^^^^^^^^^^^^^^^^^^^^^^^^^^^
...
644 |     pub(super) fn fixed_step_scene_fades(
    |                   ^^^^^^^^^^^^^^^^^^^^^^
...
767 |     pub(super) fn set_clip_events(
    |                   ^^^^^^^^^^^^^^^
...
997 |     pub(super) fn prepare(
    |                   ^^^^^^^

warning: associated function `new` is never used
   --> crates/voxy_editor/src/foot_placement.rs:235:19
    |
228 | impl FootRuntime {
    | ---------------- associated function in this implementation
...
235 |     pub(super) fn new(model: &ModelAsset, settings: ModelFootPlacement) -> Result<Self, String> {
    |                   ^^^

warning: method `bind_motion` is never used
   --> crates/voxy_editor/src/model_playback.rs:179:19
    |
150 | impl PreparedModelFade {
    | ---------------------- method in this implementation
...
179 |     pub(crate) fn bind_motion(
    |                   ^^^^^^^^^^^

warning: methods `prepare_certified_fade`, `set_clip_events`, and `advance_with_motion` are never used
   --> crates/voxy_editor/src/model_playback.rs:370:19
    |
337 | impl ModelPlayback {
    | ------------------ methods in this implementation
...
370 |     pub(crate) fn prepare_certified_fade(
    |                   ^^^^^^^^^^^^^^^^^^^^^^
...
523 |     pub(crate) fn set_clip_events(
    |                   ^^^^^^^^^^^^^^^
...
648 |     pub(crate) fn advance_with_motion<T>(
    |                   ^^^^^^^^^^^^^^^^^^^

warning: `voxy_editor` (lib) generated 6 warnings
warning: function `start_refinement_diagnostics` is never used
  --> crates/voxy_app/src/tissue_demo.rs:21:15
   |
21 | pub(crate) fn start_refinement_diagnostics() {
   |               ^^^^^^^^^^^^^^^^^^^^^^^^^^^^
   |
   = note: `#[warn(dead_code)]` (part of `#[warn(unused)]`) on by default

warning: function `take_refinement_diagnostics` is never used
  --> crates/voxy_app/src/tissue_demo.rs:24:15
   |
24 | pub(crate) fn take_refinement_diagnostics() -> BTreeMap<(&'static str, usize), u64> {
   |               ^^^^^^^^^^^^^^^^^^^^^^^^^^^

warning: method `body_volumes_m3` is never used
   --> crates/voxy_app/src/tissue_demo.rs:535:19
    |
268 | impl TissueDemo {
    | --------------- method in this implementation
...
535 |     pub(crate) fn body_volumes_m3(&self) -> Vec<f64> {
    |                   ^^^^^^^^^^^^^^^

warning: associated items `female_from_assets`, `advance_hair`, `set_strain_fixture`, and `orbit` are never used
    --> crates/voxy_app/src/female_demo.rs:200:19
     |
 196 | impl FemaleDemo {
     | --------------- associated items in this implementation
...
 200 |     pub(crate) fn female_from_assets(
     |                   ^^^^^^^^^^^^^^^^^^
...
 754 |     fn advance_hair(&mut self, h: f64, time: f64, head: glam::Mat4) -> Result<(), &'static str> {
     |        ^^^^^^^^^^^^
...
1030 |     pub(crate) fn set_strain_fixture(&mut self, x_stretch: f64) -> Result<(), &'static str> {
     |                   ^^^^^^^^^^^^^^^^^^
...
1148 |     pub(crate) fn orbit(&mut self, x: f32, y: f32) {
     |                   ^^^^^

warning: method `append_lod` is never used
   --> crates/voxy_app/src/female_hair.rs:342:12
    |
 21 | impl FemaleHair {
    | --------------- method in this implementation
...
342 |     pub fn append_lod(
    |            ^^^^^^^^^^

warning: method `topology` is never used
   --> crates/voxy_app/src/fem_demo.rs:100:19
    |
 56 | impl FemDemo {
    | ------------ method in this implementation
...
100 |     pub(crate) fn topology(&self) -> Result<(usize, usize), Box<dyn std::error::Error>> {
    |                   ^^^^^^^^

warning: `voxy_app` (lib test) generated 6 warnings
    Finished `release` profile [optimized] target(s) in 0.31s
     Running unittests src/lib.rs (/tmp/voxy-release-120fps-20261007/release/deps/voxy_app-1c1560a10812259f)

running 1 test
HYBRID FOLLICLE PRESERVING GROOM false
HAIR: 469 Cosserat guides, 20 segments each; E=4 GPa, fiber diameter=80 um; animated triangle contacts + guide self-contact
HAIR: 469 Cosserat guides, 20 segments each; E=4 GPa, fiber diameter=80 um; animated triangle contacts + guide self-contact
HYBRID STRUCTURAL ITERATIONS 6
HYBRID JOINT CONTACT VELOCITIES true
HYBRID JOINT CONTACT POSITIONS true
HYBRID SWEPT STRAND POSITIONS true
HYBRID FORCE BALANCED FRICTION PRESSURE true
HYBRID SAMPLED COLLIDER MOTION true
HYBRID TERMINAL CONTACT ITERATIONS 0
HYBRID ARTICULATED JUMP true
HYBRID HAIR ADAPTER AdapterInfo { name: "Apple M4 Max", vendor: 0, device: 0, device_type: IntegratedGpu, device_pci_bus_id: "", driver: "", driver_info: "", backend: Metal, subgroup_min_size: 4, subgroup_max_size: 64, transient_saves_memory: Some(true), limit_bucket: None }
HYBRID EXTRA DIVISION REFINEMENT false
HYBRID EXTRA ROOT REFINEMENT false
HYBRID RESIDUAL REFINEMENTS 0 CONTACT OVERRIDE None
HYBRID REUSE REFINEMENT FACTORS false
HYBRID CONTACT RESPONSE BATCHES false
HYBRID BATCH RESPONSE WAVES false COMPACT READBACK false
HYBRID CONTACT CASE full
HYBRID TEST BACKEND cpu_control=true native_only=true perturbation=0
HYBRID HAIR FRAME frame=1 max_position_error_m=0 max_quaternion_component_error=0
HYBRID HAIR FRAME frame=2 max_position_error_m=0 max_quaternion_component_error=0
HYBRID HAIR FRAME frame=3 max_position_error_m=0 max_quaternion_component_error=0
HYBRID HAIR FRAME frame=4 max_position_error_m=0 max_quaternion_component_error=0
HYBRID HAIR FRAME frame=5 max_position_error_m=0 max_quaternion_component_error=0
HYBRID HAIR FRAME frame=6 max_position_error_m=0 max_quaternion_component_error=0
HYBRID HAIR FRAME frame=7 max_position_error_m=0 max_quaternion_component_error=0
HYBRID HAIR FRAME frame=8 max_position_error_m=0 max_quaternion_component_error=0
HAIR SWEPT COMPONENT STALLED minimum_scale=0.000000000000000000000000000000000000000000000000000000000000000000000000000000000000000000000000000000000000000000000000000000000000000000000000000000000000000000000000000000000000000000000000000000000000000000000000000000000000000000000000000000000000000000000000000000000000000000000000000000000000000000000000000000003355 minimum_next=0 limiting_pair=Some((370, 423, 6.147043868663962e-6)) restricted_pairs=3
test female_hair::tests::gpu_linear_solver_tracks_full_model_jump_with_contacts has been running for over 60 seconds
HAIR SWEPT COMPONENT STALLED minimum_scale=0.000000000000000000000000000000000000000000000000000000000000000000000000000000000000000000000000000000000000000000000000000000000000000000000000000000000000000000000000000000000000000000000000000000000000000000000000000000000000000000000000000000000000000000000000000000000000000000000000000000000000000000000000000000003355 minimum_next=0 limiting_pair=Some((370, 423, 6.147043868663962e-6)) restricted_pairs=3
HYBRID HAIR FRAME frame=9 max_position_error_m=0 max_quaternion_component_error=0
HAIR SWEPT COMPONENT STALLED minimum_scale=0.000000000000000000000000000000000000000000000000000000000000000000000000000000000000000000000000000000000000000000000000000000000000000000000000000000000000000000000000000000000000000000000000000000000000000000000000000000000000000000000000000000000000000000000000000000000000000000000000000000000000000000000000000000000005 minimum_next=0 limiting_pair=Some((312, 333, 3.8943352243381336e-7)) restricted_pairs=3
HAIR SWEPT COMPONENT STALLED minimum_scale=0.000000000000000000000000000000000000000000000000000000000000000000000000000000000000000000000000000000000000000000000000000000000000000000000000000000000000000000000000000000000000000000000000000000000000000000000000000000000000000000000000000000000000000000000000000000000000000000000000000000000000000000000000000000000084 minimum_next=0 limiting_pair=Some((312, 333, 3.8943352243381336e-7)) restricted_pairs=3
HAIR SWEPT COMPONENT STALLED minimum_scale=0.000000000000000000000000000000000000000000000000000000000000000000000000000000000000000000000000000000000000000000000000000000000000000000000000000000000000000000000000000000000000000000000000000000000000000000000000000000000000000000000000000000000000000000000000000000000000000000000000000000000000000000000000000000017144 minimum_next=0 limiting_pair=Some((312, 333, 3.8943352243381336e-7)) restricted_pairs=3
HAIR SWEPT COMPONENT STALLED minimum_scale=0.000000000000000000000000000000000000000000000000000000000000000000000000000000000000000000000000000000000000000000000000000000000000000000000000000000000000000000000000000000000000000000000000000000000000000000000000000000000000000000000000000000000000000000000000000000000000000000000000000000000000000000000000000000001235 minimum_next=0 limiting_pair=Some((370, 423, 2.9946034564262557e-6)) restricted_pairs=2
HAIR SWEPT COMPONENT STALLED minimum_scale=0.00000000000000000000000000000000000000000000000000000000000000000000000000000000000000000000000000000000000000000000000000000000000000000000000000000000000000000000000000000000000000000000000000000000000000000000000000000000000000000000000000000000000000000000000000000000000000000000000000000000000000000000000000000000143 minimum_next=0 limiting_pair=Some((370, 423, 2.9946034564262557e-6)) restricted_pairs=1
HAIR SWEPT COMPONENT STALLED minimum_scale=0.00000000000000000000000000000000000000000000000000000000000000000000000000000000000000000000000000000000000000000000000000000000000000000000000000000000000000000000000000000000000000000000000000000000000000000000000000000000000000000000000000000000000000000000000000000000000000000000000000000000000000000000000000000000154 minimum_next=0 limiting_pair=Some((370, 423, 2.9946034564262557e-6)) restricted_pairs=1
HAIR SWEPT COMPONENT STALLED minimum_scale=0.00000000000000000000000000000000000000000000000000000000000000000000000000000000000000000000000000000000000000000000000000000000000000000000000000000000000000000000000000000000000000000000000000000000000000000000000000000000000000000000000000000000000000000000000000000000000000000000000000000000000000000000000000000000001 minimum_next=0 limiting_pair=Some((370, 423, 5.639793000475908e-6)) restricted_pairs=3
HAIR SWEPT COMPONENT STALLED minimum_scale=0.00000000000000000000000000000000000000000000000000000000000000000000000000000000000000000000000000000000000000000000000000000000000000000000000000000000000000000000000000000000000000000000000000000000000000000000000000000000000000000000000000000000000000000000000000000000000000000000000000000000000000000000000000000000001 minimum_next=0 limiting_pair=Some((370, 423, 5.639793000475908e-6)) restricted_pairs=3
HAIR SWEPT COMPONENT STALLED minimum_scale=0.000000000000000000000000000000000000000000000000000000000000000000000000000000000000000000000000000000000000000000000000000000000000000000000000000000000000000000000000000000000000000000000000000000000000000000000000000000000000000000000000000000000000000000000000000000000000000000000000000000000000000000000000000000056116 minimum_next=0 limiting_pair=Some((370, 423, 5.639793000475908e-6)) restricted_pairs=3
HAIR SWEPT COMPONENT STALLED minimum_scale=0.000000000000000000000000000000000000000000000000000000000000000000000000000000000000000000000000000000000000000000000000000000000000000000000000000000000000000000000000000000000000000000000000000000000000000000000000000000000000000000000000000000000000000000000000000000000000000000000000000000000000000000000000000000185576 minimum_next=0 limiting_pair=Some((370, 423, 5.639793000475908e-6)) restricted_pairs=3
HAIR SWEPT COMPONENT STALLED minimum_scale=0.000000000000000000000000000000000000000000000000000000000000000000000000000000000000000000000000000000000000000000000000000000000000000000000000000000000000000000000000000000000000000000000000000000000000000000000000000000000000000000000000000000000000000000000000000000000000000000000000000000000000000000000000000000000005 minimum_next=0 limiting_pair=Some((370, 423, 5.639793000475908e-6)) restricted_pairs=2
HAIR SWEPT COMPONENT STALLED minimum_scale=0.000000000000000000000000000000000000000000000000000000000000000000000000000000000000000000000000000000000000000000000000000000000000000000000000000000000000000000000000000000000000000000000000000000000000000000000000000000000000000000000000000000000000000000000000000000000000000000000000000000000000000000000000000000000005 minimum_next=0 limiting_pair=Some((312, 333, 3.8943352243381336e-7)) restricted_pairs=3
HAIR SWEPT COMPONENT STALLED minimum_scale=0.000000000000000000000000000000000000000000000000000000000000000000000000000000000000000000000000000000000000000000000000000000000000000000000000000000000000000000000000000000000000000000000000000000000000000000000000000000000000000000000000000000000000000000000000000000000000000000000000000000000000000000000000000000000084 minimum_next=0 limiting_pair=Some((312, 333, 3.8943352243381336e-7)) restricted_pairs=3
HAIR SWEPT COMPONENT STALLED minimum_scale=0.000000000000000000000000000000000000000000000000000000000000000000000000000000000000000000000000000000000000000000000000000000000000000000000000000000000000000000000000000000000000000000000000000000000000000000000000000000000000000000000000000000000000000000000000000000000000000000000000000000000000000000000000000000017144 minimum_next=0 limiting_pair=Some((312, 333, 3.8943352243381336e-7)) restricted_pairs=3
HAIR SWEPT COMPONENT STALLED minimum_scale=0.000000000000000000000000000000000000000000000000000000000000000000000000000000000000000000000000000000000000000000000000000000000000000000000000000000000000000000000000000000000000000000000000000000000000000000000000000000000000000000000000000000000000000000000000000000000000000000000000000000000000000000000000000000001235 minimum_next=0 limiting_pair=Some((370, 423, 2.9946034564262557e-6)) restricted_pairs=2
HAIR SWEPT COMPONENT STALLED minimum_scale=0.00000000000000000000000000000000000000000000000000000000000000000000000000000000000000000000000000000000000000000000000000000000000000000000000000000000000000000000000000000000000000000000000000000000000000000000000000000000000000000000000000000000000000000000000000000000000000000000000000000000000000000000000000000000143 minimum_next=0 limiting_pair=Some((370, 423, 2.9946034564262557e-6)) restricted_pairs=1
HAIR SWEPT COMPONENT STALLED minimum_scale=0.00000000000000000000000000000000000000000000000000000000000000000000000000000000000000000000000000000000000000000000000000000000000000000000000000000000000000000000000000000000000000000000000000000000000000000000000000000000000000000000000000000000000000000000000000000000000000000000000000000000000000000000000000000000154 minimum_next=0 limiting_pair=Some((370, 423, 2.9946034564262557e-6)) restricted_pairs=1
HAIR SWEPT COMPONENT STALLED minimum_scale=0.00000000000000000000000000000000000000000000000000000000000000000000000000000000000000000000000000000000000000000000000000000000000000000000000000000000000000000000000000000000000000000000000000000000000000000000000000000000000000000000000000000000000000000000000000000000000000000000000000000000000000000000000000000000001 minimum_next=0 limiting_pair=Some((370, 423, 5.639793000475908e-6)) restricted_pairs=3
HAIR SWEPT COMPONENT STALLED minimum_scale=0.00000000000000000000000000000000000000000000000000000000000000000000000000000000000000000000000000000000000000000000000000000000000000000000000000000000000000000000000000000000000000000000000000000000000000000000000000000000000000000000000000000000000000000000000000000000000000000000000000000000000000000000000000000000001 minimum_next=0 limiting_pair=Some((370, 423, 5.639793000475908e-6)) restricted_pairs=3
HAIR SWEPT COMPONENT STALLED minimum_scale=0.000000000000000000000000000000000000000000000000000000000000000000000000000000000000000000000000000000000000000000000000000000000000000000000000000000000000000000000000000000000000000000000000000000000000000000000000000000000000000000000000000000000000000000000000000000000000000000000000000000000000000000000000000000056116 minimum_next=0 limiting_pair=Some((370, 423, 5.639793000475908e-6)) restricted_pairs=3
HAIR SWEPT COMPONENT STALLED minimum_scale=0.000000000000000000000000000000000000000000000000000000000000000000000000000000000000000000000000000000000000000000000000000000000000000000000000000000000000000000000000000000000000000000000000000000000000000000000000000000000000000000000000000000000000000000000000000000000000000000000000000000000000000000000000000000185576 minimum_next=0 limiting_pair=Some((370, 423, 5.639793000475908e-6)) restricted_pairs=3
HAIR SWEPT COMPONENT STALLED minimum_scale=0.000000000000000000000000000000000000000000000000000000000000000000000000000000000000000000000000000000000000000000000000000000000000000000000000000000000000000000000000000000000000000000000000000000000000000000000000000000000000000000000000000000000000000000000000000000000000000000000000000000000000000000000000000000000005 minimum_next=0 limiting_pair=Some((370, 423, 5.639793000475908e-6)) restricted_pairs=2
HYBRID HAIR FRAME frame=10 max_position_error_m=0 max_quaternion_component_error=0
HAIR SWEPT COMPONENT STALLED minimum_scale=0.0000000000000000000000000000000000000000000000000000000000000000000000000000000000000000000000000000000000000000000000000000000000000000000000000000000000000000000000000000000000000000000000000000000000000000000000000000000000000000000000000000000000000000000000000000000000000000000000000000000000000000000000000000000033 minimum_next=0 limiting_pair=Some((370, 423, 1.6719924988432653e-6)) restricted_pairs=3
HAIR SWEPT COMPONENT STALLED minimum_scale=0.00000000000000000000000000000000000000000000000000000000000000000000000000000000000000000000000000000000000000000000000000000000000000000000000000000000000000000000000000000000000000000000000000000000000000000000000000000000000000000000000000000000000000000000000000000000000000000000000000000000000000000000000000000002083 minimum_next=0 limiting_pair=Some((370, 423, 1.6719924988432653e-6)) restricted_pairs=3
HAIR SWEPT COMPONENT STALLED minimum_scale=0.000000000000000000000000000000000000000000000000000000000000000000000000000000000000000000000000000000000000000000000000000000000000000000000000000000000000000000000000000000000000000000000000000000000000000000000000000000000000000000000000000000000000000000000000000000000000000000000000000000000000000000000000000000045637 minimum_next=0 limiting_pair=Some((370, 423, 1.6719924988432653e-6)) restricted_pairs=2
HAIR SWEPT COMPONENT STALLED minimum_scale=0.0000000000000000000000000000000000000000000000000000000000000000000000000000000000000000000000000000000000000000000000000000000000000000000000000000000000000000000000000000000000000000000000000000000000000000000000000000000000000000000000000000000000000000000000000000000000000000000000000000000000000000000000000000000033 minimum_next=0 limiting_pair=Some((370, 423, 1.6719924988432653e-6)) restricted_pairs=3
HAIR SWEPT COMPONENT STALLED minimum_scale=0.00000000000000000000000000000000000000000000000000000000000000000000000000000000000000000000000000000000000000000000000000000000000000000000000000000000000000000000000000000000000000000000000000000000000000000000000000000000000000000000000000000000000000000000000000000000000000000000000000000000000000000000000000000002083 minimum_next=0 limiting_pair=Some((370, 423, 1.6719924988432653e-6)) restricted_pairs=3
HAIR SWEPT COMPONENT STALLED minimum_scale=0.000000000000000000000000000000000000000000000000000000000000000000000000000000000000000000000000000000000000000000000000000000000000000000000000000000000000000000000000000000000000000000000000000000000000000000000000000000000000000000000000000000000000000000000000000000000000000000000000000000000000000000000000000000045637 minimum_next=0 limiting_pair=Some((370, 423, 1.6719924988432653e-6)) restricted_pairs=2
HYBRID HAIR FRAME frame=11 max_position_error_m=0 max_quaternion_component_error=0
HAIR SWEPT COMPONENT STALLED minimum_scale=0.000000000000000000000000000000000000000000000000000000000000000000000000000000000000000000000000000000000000000000000000000000000000000000000000000000000000000000000000000000000000000000000000000000000000000000000000000000000000000000000000000000000000000000000000000000000000000000000000000000000000000000000000000000000005 minimum_next=0 limiting_pair=Some((395, 462, 8.549977920456417e-7)) restricted_pairs=5
HAIR SWEPT COMPONENT STALLED minimum_scale=0.00000000000000000000000000000000000000000000000000000000000000000000000000000000000000000000000000000000000000000000000000000000000000000000000000000000000000000000000000000000000000000000000000000000000000000000000000000000000000000000000000000000000000000000000000000000000000000000000000000000000000000000000000000249705 minimum_next=0 limiting_pair=Some((395, 462, 8.549977920456417e-7)) restricted_pairs=2
HAIR SWEPT COMPONENT STALLED minimum_scale=0.000000000000000000000000000000000000000000000000000000000000000000000000000000000000000000000000000000000000000000000000000000000000000000000000000000000000000000000000000000000000000000000000000000000000000000000000000000000000000000000000000000000000000000000000000000000000000000000000000000000000000000000000000002724367 minimum_next=0 limiting_pair=Some((395, 462, 8.549977920456417e-7)) restricted_pairs=2
HAIR SWEPT COMPONENT STALLED minimum_scale=0.00000000000000000000000000000000000000000000000000000000000000000000000000000000000000000000000000000000000000000000000000000000000000000000000000000000000000000000000000000000000000000000000000000000000000000000000000000000000000000000000000000000000000000000000000000000000000000000000000000000000000000000000000000000001 minimum_next=0 limiting_pair=Some((395, 462, 8.549977920456417e-7)) restricted_pairs=2
HAIR SWEPT COMPONENT STALLED minimum_scale=0.000000000000000000000000000000000000000000000000000000000000000000000000000000000000000000000000000000000000000000000000000000000000000000000000000000000000000000000000000000000000000000000000000000000000000000000000000000000000000000000000000000000000000000000000000000000000000000000000000000000000000000000000000000000005 minimum_next=0 limiting_pair=Some((395, 462, 8.549977920456417e-7)) restricted_pairs=5
HAIR SWEPT COMPONENT STALLED minimum_scale=0.00000000000000000000000000000000000000000000000000000000000000000000000000000000000000000000000000000000000000000000000000000000000000000000000000000000000000000000000000000000000000000000000000000000000000000000000000000000000000000000000000000000000000000000000000000000000000000000000000000000000000000000000000000249705 minimum_next=0 limiting_pair=Some((395, 462, 8.549977920456417e-7)) restricted_pairs=2
HAIR SWEPT COMPONENT STALLED minimum_scale=0.000000000000000000000000000000000000000000000000000000000000000000000000000000000000000000000000000000000000000000000000000000000000000000000000000000000000000000000000000000000000000000000000000000000000000000000000000000000000000000000000000000000000000000000000000000000000000000000000000000000000000000000000000002724367 minimum_next=0 limiting_pair=Some((395, 462, 8.549977920456417e-7)) restricted_pairs=2
HAIR SWEPT COMPONENT STALLED minimum_scale=0.00000000000000000000000000000000000000000000000000000000000000000000000000000000000000000000000000000000000000000000000000000000000000000000000000000000000000000000000000000000000000000000000000000000000000000000000000000000000000000000000000000000000000000000000000000000000000000000000000000000000000000000000000000000001 minimum_next=0 limiting_pair=Some((395, 462, 8.549977920456417e-7)) restricted_pairs=2
HYBRID HAIR FRAME frame=12 max_position_error_m=0 max_quaternion_component_error=0
HYBRID HAIR FRAME frame=13 max_position_error_m=0 max_quaternion_component_error=0
HAIR SWEPT COMPONENT STALLED minimum_scale=0.00000000000000000000000000000000000000000000000000000000000000000000000000000000000000000000000000000000000000000000000000000000000000000000000000000000000000000000000000000000000000000000000000000000000000000000000000000000000000000000000000000000000000000000000000000000000000000000000000000000000000000000000000000011368 minimum_next=0 limiting_pair=Some((131, 172, 1.066424108862637e-6)) restricted_pairs=7
HAIR SWEPT COMPONENT STALLED minimum_scale=0.000000000000000000000000000000000000000000000000000000000000000000000000000000000000000000000000000000000000000000000000000000000000000000000000000000000000000000000000000000000000000000000000000000000000000000000000000000000000000000000000000000000000000000000000000000000000000000000000000000000000000000000000000000003715 minimum_next=0 limiting_pair=Some((66, 106, 4.313664010365426e-7)) restricted_pairs=7
HAIR SWEPT COMPONENT STALLED minimum_scale=0.000000000000000000000000000000000000000000000000000000000000000000000000000000000000000000000000000000000000000000000000000000000000000000000000000000000000000000000000000000000000000000000000000000000000000000000000000000000000000000000000000000000000000000000000000000000000000000000000000000000000000000000000000000009086 minimum_next=0 limiting_pair=Some((66, 106, 4.313664010365426e-7)) restricted_pairs=4
HAIR SWEPT COMPONENT STALLED minimum_scale=0.000000000000000000000000000000000000000000000000000000000000000000000000000000000000000000000000000000000000000000000000000000000000000000000000000000000000000000000000000000000000000000000000000000000000000000000000000000000000000000000000000000000000000000000000000000000000000000000000000000000000000000000000000000009096 minimum_next=0 limiting_pair=Some((66, 106, 4.313664010365426e-7)) restricted_pairs=3
HAIR SWEPT COMPONENT STALLED minimum_scale=0.000000000000000000000000000000000000000000000000000000000000000000000000000000000000000000000000000000000000000000000000000000000000000000000000000000000000000000000000000000000000000000000000000000000000000000000000000000000000000000000000000000000000000000000000000000000000000000000000000000000000000000000000000000009096 minimum_next=0 limiting_pair=Some((66, 106, 4.313664010365426e-7)) restricted_pairs=3
HAIR SWEPT COMPONENT STALLED minimum_scale=0.0000000000000000000000000000000000000000000000000000000000000000000000000000000000000000000000000000000000000000000000000000000000000000000000000000000000000000000000000000000000000000000000000000000000000000000000000000000000000000000000000000000000000000000000000000000000000000000000000000000000000000000000000000000091 minimum_next=0 limiting_pair=Some((66, 106, 4.313664010365426e-7)) restricted_pairs=3
HAIR SWEPT COMPONENT STALLED minimum_scale=0.00000000000000000000000000000000000000000000000000000000000000000000000000000000000000000000000000000000000000000000000000000000000000000000000000000000000000000000000000000000000000000000000000000000000000000000000000000000000000000000000000000000000000000000000000000000000000000000000000000000000000000000000000000000016 minimum_next=0 limiting_pair=Some((66, 106, 4.313664010365426e-7)) restricted_pairs=3
HAIR SWEPT COMPONENT STALLED minimum_scale=0.00000000000000000000000000000000000000000000000000000000000000000000000000000000000000000000000000000000000000000000000000000000000000000000000000000000000000000000000000000000000000000000000000000000000000000000000000000000000000000000000000000000000000000000000000000000000000000000000000000000000000000000000000000011368 minimum_next=0 limiting_pair=Some((131, 172, 1.066424108862637e-6)) restricted_pairs=7
HAIR SWEPT COMPONENT STALLED minimum_scale=0.000000000000000000000000000000000000000000000000000000000000000000000000000000000000000000000000000000000000000000000000000000000000000000000000000000000000000000000000000000000000000000000000000000000000000000000000000000000000000000000000000000000000000000000000000000000000000000000000000000000000000000000000000000003715 minimum_next=0 limiting_pair=Some((66, 106, 4.313664010365426e-7)) restricted_pairs=7
HAIR SWEPT COMPONENT STALLED minimum_scale=0.000000000000000000000000000000000000000000000000000000000000000000000000000000000000000000000000000000000000000000000000000000000000000000000000000000000000000000000000000000000000000000000000000000000000000000000000000000000000000000000000000000000000000000000000000000000000000000000000000000000000000000000000000000009086 minimum_next=0 limiting_pair=Some((66, 106, 4.313664010365426e-7)) restricted_pairs=4
HAIR SWEPT COMPONENT STALLED minimum_scale=0.000000000000000000000000000000000000000000000000000000000000000000000000000000000000000000000000000000000000000000000000000000000000000000000000000000000000000000000000000000000000000000000000000000000000000000000000000000000000000000000000000000000000000000000000000000000000000000000000000000000000000000000000000000009096 minimum_next=0 limiting_pair=Some((66, 106, 4.313664010365426e-7)) restricted_pairs=3
HAIR SWEPT COMPONENT STALLED minimum_scale=0.000000000000000000000000000000000000000000000000000000000000000000000000000000000000000000000000000000000000000000000000000000000000000000000000000000000000000000000000000000000000000000000000000000000000000000000000000000000000000000000000000000000000000000000000000000000000000000000000000000000000000000000000000000009096 minimum_next=0 limiting_pair=Some((66, 106, 4.313664010365426e-7)) restricted_pairs=3
HAIR SWEPT COMPONENT STALLED minimum_scale=0.0000000000000000000000000000000000000000000000000000000000000000000000000000000000000000000000000000000000000000000000000000000000000000000000000000000000000000000000000000000000000000000000000000000000000000000000000000000000000000000000000000000000000000000000000000000000000000000000000000000000000000000000000000000091 minimum_next=0 limiting_pair=Some((66, 106, 4.313664010365426e-7)) restricted_pairs=3
HAIR SWEPT COMPONENT STALLED minimum_scale=0.00000000000000000000000000000000000000000000000000000000000000000000000000000000000000000000000000000000000000000000000000000000000000000000000000000000000000000000000000000000000000000000000000000000000000000000000000000000000000000000000000000000000000000000000000000000000000000000000000000000000000000000000000000000016 minimum_next=0 limiting_pair=Some((66, 106, 4.313664010365426e-7)) restricted_pairs=3
HYBRID HAIR FRAME frame=14 max_position_error_m=0 max_quaternion_component_error=0
HAIR SWEPT COMPONENT STALLED minimum_scale=0.000000000000000000000000000000000000000000000000000000000000000000000000000000000000000000000000000000000000000000000000000000000000000000000000000000000000000000000000000000000000000000000000000000000000000000000000000000000000000000000000000000000000000000000000000000000000000000000000000000000000000000000000000000000005 minimum_next=0 limiting_pair=Some((367, 377, 1.0004681311707052e-7)) restricted_pairs=12
HAIR SWEPT COMPONENT STALLED minimum_scale=0.00000000000000000000000000000000000000000000000000000000000000000000000000000000000000000000000000000000000000000000000000000000000000000000000000000000000000000000000000000000000000000000000000000000000000000000000000000000000000000000000000000000000000000000000000000000000000000000000000000000000000000000000000000000004 minimum_next=0 limiting_pair=Some((131, 172, 3.7485801125863875e-7)) restricted_pairs=8
HAIR SWEPT COMPONENT STALLED minimum_scale=0.00000000000000000000000000000000000000000000000000000000000000000000000000000000000000000000000000000000000000000000000000000000000000000000000000000000000000000000000000000000000000000000000000000000000000000000000000000000000000000000000000000000000000000000000000000000000000000000000000000000000000000000000000000000004 minimum_next=0 limiting_pair=Some((131, 172, 3.7485801125863875e-7)) restricted_pairs=7
HAIR SWEPT COMPONENT STALLED minimum_scale=0.00000000000000000000000000000000000000000000000000000000000000000000000000000000000000000000000000000000000000000000000000000000000000000000000000000000000000000000000000000000000000000000000000000000000000000000000000000000000000000000000000000000000000000000000000000000000000000000000000000000000000000000000000000000004 minimum_next=0 limiting_pair=Some((131, 172, 3.7485801125863875e-7)) restricted_pairs=4
HAIR SWEPT COMPONENT STALLED minimum_scale=0.00000000000000000000000000000000000000000000000000000000000000000000000000000000000000000000000000000000000000000000000000000000000000000000000000000000000000000000000000000000000000000000000000000000000000000000000000000000000000000000000000000000000000000000000000000000000000000000000000000000000000000000000000000000004 minimum_next=0 limiting_pair=Some((131, 172, 3.7485801125863875e-7)) restricted_pairs=4
HAIR SWEPT COMPONENT STALLED minimum_scale=0.000000000000000000000000000000000000000000000000000000000000000000000000000000000000000000000000000000000000000000000000000000000000000000000000000000000000000000000000000000000000000000000000000000000000000000000000000000000000000000000000000000000000000000000000000000000000000000000000000000000000000000000000000000012564 minimum_next=0 limiting_pair=Some((66, 106, 4.2930654375667436e-7)) restricted_pairs=1
HAIR SWEPT COMPONENT STALLED minimum_scale=0.00000000000000000000000000000000000000000000000000000000000000000000000000000000000000000000000000000000000000000000000000000000000000000000000000000000000000000000000000000000000000000000000000000000000000000000000000000000000000000000000000000000000000000000000000000000000000000000000000000000000000000000000000000015953 minimum_next=0 limiting_pair=Some((166, 198, 9.032868718687088e-8)) restricted_pairs=15
HAIR SWEPT COMPONENT STALLED minimum_scale=0.00000000000000000000000000000000000000000000000000000000000000000000000000000000000000000000000000000000000000000000000000000000000000000000000000000000000000000000000000000000000000000000000000000000000000000000000000000000000000000000000000000000000000000000000000000000000000000000000000000000000000000000000000000000004 minimum_next=0 limiting_pair=Some((166, 198, 9.032868718687088e-8)) restricted_pairs=11
HAIR SWEPT COMPONENT STALLED minimum_scale=0.000000000000000000000000000000000000000000000000000000000000000000000000000000000000000000000000000000000000000000000000000000000000000000000000000000000000000000000000000000000000000000000000000000000000000000000000000000000000000000000000000000000000000000000000000000000000000000000000000000000000000000000000000000000005 minimum_next=0 limiting_pair=Some((367, 377, 1.0004681311707052e-7)) restricted_pairs=12
HAIR SWEPT COMPONENT STALLED minimum_scale=0.00000000000000000000000000000000000000000000000000000000000000000000000000000000000000000000000000000000000000000000000000000000000000000000000000000000000000000000000000000000000000000000000000000000000000000000000000000000000000000000000000000000000000000000000000000000000000000000000000000000000000000000000000000000004 minimum_next=0 limiting_pair=Some((131, 172, 3.7485801125863875e-7)) restricted_pairs=8
HAIR SWEPT COMPONENT STALLED minimum_scale=0.00000000000000000000000000000000000000000000000000000000000000000000000000000000000000000000000000000000000000000000000000000000000000000000000000000000000000000000000000000000000000000000000000000000000000000000000000000000000000000000000000000000000000000000000000000000000000000000000000000000000000000000000000000000004 minimum_next=0 limiting_pair=Some((131, 172, 3.7485801125863875e-7)) restricted_pairs=7
HAIR SWEPT COMPONENT STALLED minimum_scale=0.00000000000000000000000000000000000000000000000000000000000000000000000000000000000000000000000000000000000000000000000000000000000000000000000000000000000000000000000000000000000000000000000000000000000000000000000000000000000000000000000000000000000000000000000000000000000000000000000000000000000000000000000000000000004 minimum_next=0 limiting_pair=Some((131, 172, 3.7485801125863875e-7)) restricted_pairs=4
HAIR SWEPT COMPONENT STALLED minimum_scale=0.00000000000000000000000000000000000000000000000000000000000000000000000000000000000000000000000000000000000000000000000000000000000000000000000000000000000000000000000000000000000000000000000000000000000000000000000000000000000000000000000000000000000000000000000000000000000000000000000000000000000000000000000000000000004 minimum_next=0 limiting_pair=Some((131, 172, 3.7485801125863875e-7)) restricted_pairs=4
HAIR SWEPT COMPONENT STALLED minimum_scale=0.000000000000000000000000000000000000000000000000000000000000000000000000000000000000000000000000000000000000000000000000000000000000000000000000000000000000000000000000000000000000000000000000000000000000000000000000000000000000000000000000000000000000000000000000000000000000000000000000000000000000000000000000000000012564 minimum_next=0 limiting_pair=Some((66, 106, 4.2930654375667436e-7)) restricted_pairs=1
HAIR SWEPT COMPONENT STALLED minimum_scale=0.00000000000000000000000000000000000000000000000000000000000000000000000000000000000000000000000000000000000000000000000000000000000000000000000000000000000000000000000000000000000000000000000000000000000000000000000000000000000000000000000000000000000000000000000000000000000000000000000000000000000000000000000000000015953 minimum_next=0 limiting_pair=Some((166, 198, 9.032868718687088e-8)) restricted_pairs=15
HAIR SWEPT COMPONENT STALLED minimum_scale=0.00000000000000000000000000000000000000000000000000000000000000000000000000000000000000000000000000000000000000000000000000000000000000000000000000000000000000000000000000000000000000000000000000000000000000000000000000000000000000000000000000000000000000000000000000000000000000000000000000000000000000000000000000000000004 minimum_next=0 limiting_pair=Some((166, 198, 9.032868718687088e-8)) restricted_pairs=11
HYBRID HAIR FRAME frame=15 max_position_error_m=0 max_quaternion_component_error=0
HAIR SWEPT COMPONENT STALLED minimum_scale=0.000000000000000000000000000000000000000000000000000000000000000000000000000000000000000000000000000000000000000000000000000000000000000000000000000000000000000000000000000000000000000000000000000000000000000000000000000000000000000000000000000000000000000000000000000000000000000000000000000000000000000000000000000007266747 minimum_next=0 limiting_pair=Some((394, 410, 1.9287731672610906e-7)) restricted_pairs=24
HAIR SWEPT COMPONENT STALLED minimum_scale=0.00000000000000000000000000000000000000000000000000000000000000000000000000000000000000000000000000000000000000000000000000000000000000000000000000000000000000000000000000000000000000000000000000000000000000000000000000000000000000000000000000000000000000000000000000000000000000000000000000000000000000000000000000000000001 minimum_next=0 limiting_pair=Some((394, 410, 1.9287731672610906e-7)) restricted_pairs=23
HAIR SWEPT COMPONENT STALLED minimum_scale=0.00000000000000000000000000000000000000000000000000000000000000000000000000000000000000000000000000000000000000000000000000000000000000000000000000000000000000000000000000000000000000000000000000000000000000000000000000000000000000000000000000000000000000000000000000000000000000000000000000000000000000000000000000000000001 minimum_next=0 limiting_pair=Some((394, 410, 1.9287731672610906e-7)) restricted_pairs=22
HAIR SWEPT COMPONENT STALLED minimum_scale=0.00000000000000000000000000000000000000000000000000000000000000000000000000000000000000000000000000000000000000000000000000000000000000000000000000000000000000000000000000000000000000000000000000000000000000000000000000000000000000000000000000000000000000000000000000000000000000000000000000000000000000000000000000000000001 minimum_next=0 limiting_pair=Some((394, 410, 1.9287731672610906e-7)) restricted_pairs=22
HAIR SWEPT COMPONENT STALLED minimum_scale=0.00000000000000000000000000000000000000000000000000000000000000000000000000000000000000000000000000000000000000000000000000000000000000000000000000000000000000000000000000000000000000000000000000000000000000000000000000000000000000000000000000000000000000000000000000000000000000000000000000000000000000000000000000000000001 minimum_next=0 limiting_pair=Some((394, 410, 1.9287731672610906e-7)) restricted_pairs=18
HAIR SWEPT COMPONENT STALLED minimum_scale=0.000000000000000000000000000000000000000000000000000000000000000000000000000000000000000000000000000000000000000000000000000000000000000000000000000000000000000000000000000000000000000000000000000000000000000000000000000000000000000000000000000000000000000000000000000000000000000000000000000000000000000000000000000000008384 minimum_next=0 limiting_pair=Some((115, 200, 2.2425652148074136e-7)) restricted_pairs=5
HAIR SWEPT COMPONENT STALLED minimum_scale=0.000000000000000000000000000000000000000000000000000000000000000000000000000000000000000000000000000000000000000000000000000000000000000000000000000000000000000000000000000000000000000000000000000000000000000000000000000000000000000000000000000000000000000000000000000000000000000000000000000000000000000000000000000000008434 minimum_next=0 limiting_pair=Some((115, 200, 2.2425652148074136e-7)) restricted_pairs=3
HAIR SWEPT COMPONENT STALLED minimum_scale=0.00000000000000000000000000000000000000000000000000000000000000000000000000000000000000000000000000000000000000000000000000000000000000000000000000000000000000000000000000000000000000000000000000000000000000000000000000000000000000000000000000000000000000000000000000000000000000000000000000000000000000000000000000000000846 minimum_next=0 limiting_pair=Some((115, 200, 2.2425652148074136e-7)) restricted_pairs=3
HAIR SWEPT COMPONENT STALLED minimum_scale=0.000000000000000000000000000000000000000000000000000000000000000000000000000000000000000000000000000000000000000000000000000000000000000000000000000000000000000000000000000000000000000000000000000000000000000000000000000000000000000000000000000000000000000000000000000000000000000000000000000000000000000000000000000000002737 minimum_next=0 limiting_pair=Some((258, 342, 2.316629310682596e-7)) restricted_pairs=29
HAIR SWEPT COMPONENT STALLED minimum_scale=0.00000000000000000000000000000000000000000000000000000000000000000000000000000000000000000000000000000000000000000000000000000000000000000000000000000000000000000000000000000000000000000000000000000000000000000000000000000000000000000000000000000000000000000000000000000000000000000000000000000000000000000000000000000000318 minimum_next=0 limiting_pair=Some((258, 342, 2.316629310682596e-7)) restricted_pairs=28
HAIR SWEPT COMPONENT STALLED minimum_scale=0.000000000000000000000000000000000000000000000000000000000000000000000000000000000000000000000000000000000000000000000000000000000000000000000000000000000000000000000000000000000000000000000000000000000000000000000000000000000000000000000000000000000000000000000000000000000000000000000000000000000000000000000000000002069098 minimum_next=0 limiting_pair=Some((35, 84, 3.4451181514952236e-7)) restricted_pairs=18
HAIR SWEPT COMPONENT STALLED minimum_scale=0.00000000000000000000000000000000000000000000000000000000000000000000000000000000000000000000000000000000000000000000000000000000000000000000000000000000000000000000000000000000000000000000000000000000000000000000000000000000000000000000000000000000000000000000000000000000000000000000000000000000000000000000000000000207143 minimum_next=0 limiting_pair=Some((35, 84, 3.4451181514952236e-7)) restricted_pairs=15
HAIR SWEPT COMPONENT STALLED minimum_scale=0.0000000000000000000000000000000000000000000000000000000000000000000000000000000000000000000000000000000000000000000000000000000000000000000000000000000000000000000000000000000000000000000000000000000000000000000000000000000000000000000000000000000000000000000000000000000000000000000000000000000000000000000000000000020725 minimum_next=0 limiting_pair=Some((35, 84, 3.4451181514952236e-7)) restricted_pairs=10
HAIR SWEPT COMPONENT STALLED minimum_scale=0.000000000000000000000000000000000000000000000000000000000000000000000000000000000000000000000000000000000000000000000000000000000000000000000000000000000000000000000000000000000000000000000000000000000000000000000000000000000000000000000000000000000000000000000000000000000000000000000000000000000000000000000000000000000084 minimum_next=0 limiting_pair=Some((93, 127, 3.464435548026097e-7)) restricted_pairs=6
HAIR SWEPT COMPONENT STALLED minimum_scale=0.000000000000000000000000000000000000000000000000000000000000000000000000000000000000000000000000000000000000000000000000000000000000000000000000000000000000000000000000000000000000000000000000000000000000000000000000000000000000000000000000000000000000000000000000000000000000000000000000000000000000000000000000000000000094 minimum_next=0 limiting_pair=Some((93, 127, 3.464435548026097e-7)) restricted_pairs=6
HAIR SWEPT COMPONENT STALLED minimum_scale=0.00000000000000000000000000000000000000000000000000000000000000000000000000000000000000000000000000000000000000000000000000000000000000000000000000000000000000000000000000000000000000000000000000000000000000000000000000000000000000000000000000000000000000000000000000000000000000000000000000000000000000000000000000000000001 minimum_next=0 limiting_pair=Some((145, 229, 4.380909340469016e-7)) restricted_pairs=1
HAIR SWEPT COMPONENT STALLED minimum_scale=0.000000000000000000000000000000000000000000000000000000000000000000000000000000000000000000000000000000000000000000000000000000000000000000000000000000000000000000000000000000000000000000000000000000000000000000000000000000000000000000000000000000000000000000000000000000000000000000000000000000000000000000000000000007266747 minimum_next=0 limiting_pair=Some((394, 410, 1.9287731672610906e-7)) restricted_pairs=24
HAIR SWEPT COMPONENT STALLED minimum_scale=0.00000000000000000000000000000000000000000000000000000000000000000000000000000000000000000000000000000000000000000000000000000000000000000000000000000000000000000000000000000000000000000000000000000000000000000000000000000000000000000000000000000000000000000000000000000000000000000000000000000000000000000000000000000000001 minimum_next=0 limiting_pair=Some((394, 410, 1.9287731672610906e-7)) restricted_pairs=23
HAIR SWEPT COMPONENT STALLED minimum_scale=0.00000000000000000000000000000000000000000000000000000000000000000000000000000000000000000000000000000000000000000000000000000000000000000000000000000000000000000000000000000000000000000000000000000000000000000000000000000000000000000000000000000000000000000000000000000000000000000000000000000000000000000000000000000000001 minimum_next=0 limiting_pair=Some((394, 410, 1.9287731672610906e-7)) restricted_pairs=22
HAIR SWEPT COMPONENT STALLED minimum_scale=0.00000000000000000000000000000000000000000000000000000000000000000000000000000000000000000000000000000000000000000000000000000000000000000000000000000000000000000000000000000000000000000000000000000000000000000000000000000000000000000000000000000000000000000000000000000000000000000000000000000000000000000000000000000000001 minimum_next=0 limiting_pair=Some((394, 410, 1.9287731672610906e-7)) restricted_pairs=22
HAIR SWEPT COMPONENT STALLED minimum_scale=0.00000000000000000000000000000000000000000000000000000000000000000000000000000000000000000000000000000000000000000000000000000000000000000000000000000000000000000000000000000000000000000000000000000000000000000000000000000000000000000000000000000000000000000000000000000000000000000000000000000000000000000000000000000000001 minimum_next=0 limiting_pair=Some((394, 410, 1.9287731672610906e-7)) restricted_pairs=18
HAIR SWEPT COMPONENT STALLED minimum_scale=0.000000000000000000000000000000000000000000000000000000000000000000000000000000000000000000000000000000000000000000000000000000000000000000000000000000000000000000000000000000000000000000000000000000000000000000000000000000000000000000000000000000000000000000000000000000000000000000000000000000000000000000000000000000008384 minimum_next=0 limiting_pair=Some((115, 200, 2.2425652148074136e-7)) restricted_pairs=5
HAIR SWEPT COMPONENT STALLED minimum_scale=0.000000000000000000000000000000000000000000000000000000000000000000000000000000000000000000000000000000000000000000000000000000000000000000000000000000000000000000000000000000000000000000000000000000000000000000000000000000000000000000000000000000000000000000000000000000000000000000000000000000000000000000000000000000008434 minimum_next=0 limiting_pair=Some((115, 200, 2.2425652148074136e-7)) restricted_pairs=3
HAIR SWEPT COMPONENT STALLED minimum_scale=0.00000000000000000000000000000000000000000000000000000000000000000000000000000000000000000000000000000000000000000000000000000000000000000000000000000000000000000000000000000000000000000000000000000000000000000000000000000000000000000000000000000000000000000000000000000000000000000000000000000000000000000000000000000000846 minimum_next=0 limiting_pair=Some((115, 200, 2.2425652148074136e-7)) restricted_pairs=3
HAIR SWEPT COMPONENT STALLED minimum_scale=0.000000000000000000000000000000000000000000000000000000000000000000000000000000000000000000000000000000000000000000000000000000000000000000000000000000000000000000000000000000000000000000000000000000000000000000000000000000000000000000000000000000000000000000000000000000000000000000000000000000000000000000000000000000002737 minimum_next=0 limiting_pair=Some((258, 342, 2.316629310682596e-7)) restricted_pairs=29
HAIR SWEPT COMPONENT STALLED minimum_scale=0.00000000000000000000000000000000000000000000000000000000000000000000000000000000000000000000000000000000000000000000000000000000000000000000000000000000000000000000000000000000000000000000000000000000000000000000000000000000000000000000000000000000000000000000000000000000000000000000000000000000000000000000000000000000318 minimum_next=0 limiting_pair=Some((258, 342, 2.316629310682596e-7)) restricted_pairs=28
HAIR SWEPT COMPONENT STALLED minimum_scale=0.000000000000000000000000000000000000000000000000000000000000000000000000000000000000000000000000000000000000000000000000000000000000000000000000000000000000000000000000000000000000000000000000000000000000000000000000000000000000000000000000000000000000000000000000000000000000000000000000000000000000000000000000000002069098 minimum_next=0 limiting_pair=Some((35, 84, 3.4451181514952236e-7)) restricted_pairs=18
HAIR SWEPT COMPONENT STALLED minimum_scale=0.00000000000000000000000000000000000000000000000000000000000000000000000000000000000000000000000000000000000000000000000000000000000000000000000000000000000000000000000000000000000000000000000000000000000000000000000000000000000000000000000000000000000000000000000000000000000000000000000000000000000000000000000000000207143 minimum_next=0 limiting_pair=Some((35, 84, 3.4451181514952236e-7)) restricted_pairs=15
HAIR SWEPT COMPONENT STALLED minimum_scale=0.0000000000000000000000000000000000000000000000000000000000000000000000000000000000000000000000000000000000000000000000000000000000000000000000000000000000000000000000000000000000000000000000000000000000000000000000000000000000000000000000000000000000000000000000000000000000000000000000000000000000000000000000000000020725 minimum_next=0 limiting_pair=Some((35, 84, 3.4451181514952236e-7)) restricted_pairs=10
HAIR SWEPT COMPONENT STALLED minimum_scale=0.000000000000000000000000000000000000000000000000000000000000000000000000000000000000000000000000000000000000000000000000000000000000000000000000000000000000000000000000000000000000000000000000000000000000000000000000000000000000000000000000000000000000000000000000000000000000000000000000000000000000000000000000000000000084 minimum_next=0 limiting_pair=Some((93, 127, 3.464435548026097e-7)) restricted_pairs=6
HAIR SWEPT COMPONENT STALLED minimum_scale=0.000000000000000000000000000000000000000000000000000000000000000000000000000000000000000000000000000000000000000000000000000000000000000000000000000000000000000000000000000000000000000000000000000000000000000000000000000000000000000000000000000000000000000000000000000000000000000000000000000000000000000000000000000000000094 minimum_next=0 limiting_pair=Some((93, 127, 3.464435548026097e-7)) restricted_pairs=6
HAIR SWEPT COMPONENT STALLED minimum_scale=0.00000000000000000000000000000000000000000000000000000000000000000000000000000000000000000000000000000000000000000000000000000000000000000000000000000000000000000000000000000000000000000000000000000000000000000000000000000000000000000000000000000000000000000000000000000000000000000000000000000000000000000000000000000000001 minimum_next=0 limiting_pair=Some((145, 229, 4.380909340469016e-7)) restricted_pairs=1
HYBRID HAIR FRAME frame=16 max_position_error_m=0 max_quaternion_component_error=0
HAIR SWEPT COMPONENT STALLED minimum_scale=0.000000000000000000000000000000000000000000000000000000000000000000000000000000000000000000000000000000000000000000000000000000000000000000000000000000000000000000000000000000000000000000000000000000000000000000000000000000000000000000000000000000000000000000000000000000000000000000000000000000000000000000000000000008571135 minimum_next=0 limiting_pair=Some((124, 166, 1.3859114652203702e-7)) restricted_pairs=31
HAIR SWEPT COMPONENT STALLED minimum_scale=0.00000000000000000000000000000000000000000000000000000000000000000000000000000000000000000000000000000000000000000000000000000000000000000000000000000000000000000000000000000000000000000000000000000000000000000000000000000000000000000000000000000000000000000000000000000000000000000000000000000000000000000000000000000000263 minimum_next=0 limiting_pair=Some((124, 166, 1.3859114652203702e-7)) restricted_pairs=29
HAIR SWEPT COMPONENT STALLED minimum_scale=0.000000000000000000000000000000000000000000000000000000000000000000000000000000000000000000000000000000000000000000000000000000000000000000000000000000000000000000000000000000000000000000000000000000000000000000000000000000000000000000000000000000000000000000000000000000000000000000000000000000000000000000000000000000500988 minimum_next=0 limiting_pair=Some((124, 166, 1.3859114652203702e-7)) restricted_pairs=26
HAIR SWEPT COMPONENT STALLED minimum_scale=0.000000000000000000000000000000000000000000000000000000000000000000000000000000000000000000000000000000000000000000000000000000000000000000000000000000000000000000000000000000000000000000000000000000000000000000000000000000000000000000000000000000000000000000000000000000000000000000000000000000000000000000000000000001180906 minimum_next=0 limiting_pair=Some((394, 445, 2.446271463355745e-7)) restricted_pairs=18
HAIR SWEPT COMPONENT STALLED minimum_scale=0.000000000000000000000000000000000000000000000000000000000000000000000000000000000000000000000000000000000000000000000000000000000000000000000000000000000000000000000000000000000000000000000000000000000000000000000000000000000000000000000000000000000000000000000000000000000000000000000000000000000000000000000000000001195456 minimum_next=0 limiting_pair=Some((394, 445, 2.446271463355745e-7)) restricted_pairs=12
HAIR SWEPT COMPONENT STALLED minimum_scale=0.000000000000000000000000000000000000000000000000000000000000000000000000000000000000000000000000000000000000000000000000000000000000000000000000000000000000000000000000000000000000000000000000000000000000000000000000000000000000000000000000000000000000000000000000000000000000000000000000000000000000000000000000000001202763 minimum_next=0 limiting_pair=Some((394, 445, 2.446271463355745e-7)) restricted_pairs=9
HAIR SWEPT COMPONENT STALLED minimum_scale=0.000000000000000000000000000000000000000000000000000000000000000000000000000000000000000000000000000000000000000000000000000000000000000000000000000000000000000000000000000000000000000000000000000000000000000000000000000000000000000000000000000000000000000000000000000000000000000000000000000000000000000000000000000000000153 minimum_next=0 limiting_pair=Some((394, 410, 1.5468788048184745e-7)) restricted_pairs=30
HAIR SWEPT COMPONENT STALLED minimum_scale=0.000000000000000000000000000000000000000000000000000000000000000000000000000000000000000000000000000000000000000000000000000000000000000000000000000000000000000000000000000000000000000000000000000000000000000000000000000000000000000000000000000000000000000000000000000000000000000000000000000000000000000000000000000000000054 minimum_next=0 limiting_pair=Some((394, 410, 1.5468788048184745e-7)) restricted_pairs=26
HAIR SWEPT COMPONENT STALLED minimum_scale=0.000000000000000000000000000000000000000000000000000000000000000000000000000000000000000000000000000000000000000000000000000000000000000000000000000000000000000000000000000000000000000000000000000000000000000000000000000000000000000000000000000000000000000000000000000000000000000000000000000000000000000000000000000000000054 minimum_next=0 limiting_pair=Some((394, 410, 1.5468788048184745e-7)) restricted_pairs=19
HAIR SWEPT COMPONENT STALLED minimum_scale=0.00000000000000000000000000000000000000000000000000000000000000000000000000000000000000000000000000000000000000000000000000000000000000000000000000000000000000000000000000000000000000000000000000000000000000000000000000000000000000000000000000000000000000000000000000000000000000000000000000000000000000000000000000000001749 minimum_next=0 limiting_pair=Some((36, 114, 1.7631181406460176e-7)) restricted_pairs=13
HAIR SWEPT COMPONENT STALLED minimum_scale=0.000000000000000000000000000000000000000000000000000000000000000000000000000000000000000000000000000000000000000000000000000000000000000000000000000000000000000000000000000000000000000000000000000000000000000000000000000000000000000000000000000000000000000000000000000000000000000000000000000000000000000000000000000000000025 minimum_next=0 limiting_pair=Some((35, 84, 2.66300664558097e-7)) restricted_pairs=5
HAIR SWEPT COMPONENT STALLED minimum_scale=0.0000000000000000000000000000000000000000000000000000000000000000000000000000000000000000000000000000000000000000000000000000000000000000000000000000000000000000000000000000000000000000000000000000000000000000000000000000000000000000000000000000000000000000000000000000000000000000000000000000000000000000000000000000000143 minimum_next=0 limiting_pair=Some((121, 162, 4.2104597534137507e-7)) restricted_pairs=2
HAIR SWEPT COMPONENT STALLED minimum_scale=0.000000000000000000000000000000000000000000000000000000000000000000000000000000000000000000000000000000000000000000000000000000000000000000000000000000000000000000000000000000000000000000000000000000000000000000000000000000000000000000000000000000000000000000000000000000000000000000000000000000000000000000000000000000014313 minimum_next=0 limiting_pair=Some((121, 162, 4.2104597534137507e-7)) restricted_pairs=2
HAIR SWEPT COMPONENT STALLED minimum_scale=0.000000000000000000000000000000000000000000000000000000000000000000000000000000000000000000000000000000000000000000000000000000000000000000000000000000000000000000000000000000000000000000000000000000000000000000000000000000000000000000000000000000000000000000000000000000000000000000000000000000000000000000000000000008571135 minimum_next=0 limiting_pair=Some((124, 166, 1.3859114652203702e-7)) restricted_pairs=31
HAIR SWEPT COMPONENT STALLED minimum_scale=0.00000000000000000000000000000000000000000000000000000000000000000000000000000000000000000000000000000000000000000000000000000000000000000000000000000000000000000000000000000000000000000000000000000000000000000000000000000000000000000000000000000000000000000000000000000000000000000000000000000000000000000000000000000000263 minimum_next=0 limiting_pair=Some((124, 166, 1.3859114652203702e-7)) restricted_pairs=29
HAIR SWEPT COMPONENT STALLED minimum_scale=0.000000000000000000000000000000000000000000000000000000000000000000000000000000000000000000000000000000000000000000000000000000000000000000000000000000000000000000000000000000000000000000000000000000000000000000000000000000000000000000000000000000000000000000000000000000000000000000000000000000000000000000000000000000500988 minimum_next=0 limiting_pair=Some((124, 166, 1.3859114652203702e-7)) restricted_pairs=26
HAIR SWEPT COMPONENT STALLED minimum_scale=0.000000000000000000000000000000000000000000000000000000000000000000000000000000000000000000000000000000000000000000000000000000000000000000000000000000000000000000000000000000000000000000000000000000000000000000000000000000000000000000000000000000000000000000000000000000000000000000000000000000000000000000000000000001180906 minimum_next=0 limiting_pair=Some((394, 445, 2.446271463355745e-7)) restricted_pairs=18
HAIR SWEPT COMPONENT STALLED minimum_scale=0.000000000000000000000000000000000000000000000000000000000000000000000000000000000000000000000000000000000000000000000000000000000000000000000000000000000000000000000000000000000000000000000000000000000000000000000000000000000000000000000000000000000000000000000000000000000000000000000000000000000000000000000000000001195456 minimum_next=0 limiting_pair=Some((394, 445, 2.446271463355745e-7)) restricted_pairs=12
HAIR SWEPT COMPONENT STALLED minimum_scale=0.000000000000000000000000000000000000000000000000000000000000000000000000000000000000000000000000000000000000000000000000000000000000000000000000000000000000000000000000000000000000000000000000000000000000000000000000000000000000000000000000000000000000000000000000000000000000000000000000000000000000000000000000000001202763 minimum_next=0 limiting_pair=Some((394, 445, 2.446271463355745e-7)) restricted_pairs=9
HAIR SWEPT COMPONENT STALLED minimum_scale=0.000000000000000000000000000000000000000000000000000000000000000000000000000000000000000000000000000000000000000000000000000000000000000000000000000000000000000000000000000000000000000000000000000000000000000000000000000000000000000000000000000000000000000000000000000000000000000000000000000000000000000000000000000000000153 minimum_next=0 limiting_pair=Some((394, 410, 1.5468788048184745e-7)) restricted_pairs=30
HAIR SWEPT COMPONENT STALLED minimum_scale=0.000000000000000000000000000000000000000000000000000000000000000000000000000000000000000000000000000000000000000000000000000000000000000000000000000000000000000000000000000000000000000000000000000000000000000000000000000000000000000000000000000000000000000000000000000000000000000000000000000000000000000000000000000000000054 minimum_next=0 limiting_pair=Some((394, 410, 1.5468788048184745e-7)) restricted_pairs=26
HAIR SWEPT COMPONENT STALLED minimum_scale=0.000000000000000000000000000000000000000000000000000000000000000000000000000000000000000000000000000000000000000000000000000000000000000000000000000000000000000000000000000000000000000000000000000000000000000000000000000000000000000000000000000000000000000000000000000000000000000000000000000000000000000000000000000000000054 minimum_next=0 limiting_pair=Some((394, 410, 1.5468788048184745e-7)) restricted_pairs=19
HAIR SWEPT COMPONENT STALLED minimum_scale=0.00000000000000000000000000000000000000000000000000000000000000000000000000000000000000000000000000000000000000000000000000000000000000000000000000000000000000000000000000000000000000000000000000000000000000000000000000000000000000000000000000000000000000000000000000000000000000000000000000000000000000000000000000000001749 minimum_next=0 limiting_pair=Some((36, 114, 1.7631181406460176e-7)) restricted_pairs=13
HAIR SWEPT COMPONENT STALLED minimum_scale=0.000000000000000000000000000000000000000000000000000000000000000000000000000000000000000000000000000000000000000000000000000000000000000000000000000000000000000000000000000000000000000000000000000000000000000000000000000000000000000000000000000000000000000000000000000000000000000000000000000000000000000000000000000000000025 minimum_next=0 limiting_pair=Some((35, 84, 2.66300664558097e-7)) restricted_pairs=5
HAIR SWEPT COMPONENT STALLED minimum_scale=0.0000000000000000000000000000000000000000000000000000000000000000000000000000000000000000000000000000000000000000000000000000000000000000000000000000000000000000000000000000000000000000000000000000000000000000000000000000000000000000000000000000000000000000000000000000000000000000000000000000000000000000000000000000000143 minimum_next=0 limiting_pair=Some((121, 162, 4.2104597534137507e-7)) restricted_pairs=2
HAIR SWEPT COMPONENT STALLED minimum_scale=0.000000000000000000000000000000000000000000000000000000000000000000000000000000000000000000000000000000000000000000000000000000000000000000000000000000000000000000000000000000000000000000000000000000000000000000000000000000000000000000000000000000000000000000000000000000000000000000000000000000000000000000000000000000014313 minimum_next=0 limiting_pair=Some((121, 162, 4.2104597534137507e-7)) restricted_pairs=2
HYBRID HAIR FRAME frame=17 max_position_error_m=0 max_quaternion_component_error=0
HAIR SWEPT COMPONENT STALLED minimum_scale=0.000000000000000000000000000000000000000000000000000000000000000000000000000000000000000000000000000000000000000000000000000000000000000000000000000000000000000000000000000000000000000000000000000000000000000000000000000000000000000000000000000000000000000000000000000000000000000000000000000000000000000000000000000003962303 minimum_next=0 limiting_pair=Some((393, 405, 4.4703837798785394e-8)) restricted_pairs=36
HAIR SWEPT COMPONENT STALLED minimum_scale=0.00000000000000000000000000000000000000000000000000000000000000000000000000000000000000000000000000000000000000000000000000000000000000000000000000000000000000000000000000000000000000000000000000000000000000000000000000000000000000000000000000000000000000000000000000000000000000000000000000000000000000000000000000000000006 minimum_next=0 limiting_pair=Some((393, 405, 4.4703837798785394e-8)) restricted_pairs=35
HAIR SWEPT COMPONENT STALLED minimum_scale=0.000000000000000000000000000000000000000000000000000000000000000000000000000000000000000000000000000000000000000000000000000000000000000000000000000000000000000000000000000000000000000000000000000000000000000000000000000000000000000000000000000000000000000000000000000000000000000000000000000000000000000000000000000000000114 minimum_next=0 limiting_pair=Some((393, 405, 4.4703837798785394e-8)) restricted_pairs=24
HAIR SWEPT COMPONENT STALLED minimum_scale=0.000000000000000000000000000000000000000000000000000000000000000000000000000000000000000000000000000000000000000000000000000000000000000000000000000000000000000000000000000000000000000000000000000000000000000000000000000000000000000000000000000000000000000000000000000000000000000000000000000000000000000000000000000000000208 minimum_next=0 limiting_pair=Some((393, 405, 4.4703837798785394e-8)) restricted_pairs=24
HAIR SWEPT COMPONENT STALLED minimum_scale=0.000000000000000000000000000000000000000000000000000000000000000000000000000000000000000000000000000000000000000000000000000000000000000000000000000000000000000000000000000000000000000000000000000000000000000000000000000000000000000000000000000000000000000000000000000000000000000000000000000000000000000000000000000000000217 minimum_next=0 limiting_pair=Some((393, 405, 4.4703837798785394e-8)) restricted_pairs=18
HAIR CONTACT PROJECTION NONCONVERGENCE constraints=569 residual=3.388393638861294 tolerance=0.00000000000001

thread 'female_hair::tests::gpu_linear_solver_tracks_full_model_jump_with_contacts' (30718162) panicked at crates/voxy_app/src/female_hair.rs:939:114:
native frame 18: joint square-root active contacts did not converge
note: run with `RUST_BACKTRACE=1` environment variable to display a backtrace
test female_hair::tests::gpu_linear_solver_tracks_full_model_jump_with_contacts ... FAILED

failures:

failures:
    female_hair::tests::gpu_linear_solver_tracks_full_model_jump_with_contacts

test result: FAILED. 0 passed; 1 failed; 0 ignored; 0 measured; 315 filtered out; finished in 309.88s

error: test failed, to rerun pass `-p voxy_app --lib`
