warning: unexpected `cfg` condition value: `nightly`
 --> crates/physics/src/biomechanics/mod.rs:5:7
  |
5 | #[cfg(feature = "nightly")]
  |       ^^^^^^^^^^^^^^^^^^^ help: remove the condition
  |
  = note: no expected values for `feature`
  = help: consider adding `nightly` as a feature in `Cargo.toml`
  = note: see <https://doc.rust-lang.org/nightly/rustc/check-cfg/cargo-specifics.html> for more information about checking conditional configuration
  = note: `#[warn(unexpected_cfgs)]` on by default

warning: unexpected `cfg` condition value: `nightly`
   --> crates/physics/src/biomechanics/mod.rs:893:7
    |
893 | #[cfg(feature = "nightly")]
    |       ^^^^^^^^^^^^^^^^^^^ help: remove the condition
    |
    = note: no expected values for `feature`
    = help: consider adding `nightly` as a feature in `Cargo.toml`
    = note: see <https://doc.rust-lang.org/nightly/rustc/check-cfg/cargo-specifics.html> for more information about checking conditional configuration

warning: `physics` (lib test) generated 2 warnings
    Finished `release` profile [optimized] target(s) in 0.14s
     Running unittests src/lib.rs (/tmp/voxy-release-120fps-20261007/release/deps/physics-b8ab5053a74b0b10)

running 1 test
REPLAY MERIT captured=2.902079228447023e-5 rebuilt=2.902079228447023e-5 rods=469 meshes=1
HAIR CONTACT PARTS iteration=0 scale=0e0 mesh_raw=2.9371981172180294e-5 strand=6.660977937442282e-9 worst_mesh=Some((395, 7, 0.531048898708904, -0.003833125800758663, [0.04845355637733791, 0.08381050037516978, -0.9953029955251074], [0.07416861126462043, 0.6216184931565645, 0.05870476310901538]))
HAIR CONTACT PARTS iteration=0 scale=1e0 mesh_raw=5.2862453055613794e-5 strand=1.9625431769497093e-9 worst_mesh=Some((334, 10, 0.6363326695606761, -0.0036526646058391674, [0.04440399625612497, -0.6878973009096834, 0.7244484719548097], [0.0709030575340327, 0.617382022883354, 0.0636164173773086]))
HAIR CONTACT PARTS iteration=0 scale=5e-1 mesh_raw=5.0334749472506676e-5 strand=6.091939079631169e-9 worst_mesh=Some((334, 10, 0.6391614323482119, -0.0036624731801240236, [0.044403996256126815, -0.6878973009096759, 0.7244484719548164], [0.07083740977470027, 0.6173542306976018, 0.06359405119484979]))
HAIR CONTACT PARTS iteration=0 scale=2.5e-1 mesh_raw=5.094087644027458e-5 strand=7.3615843510316024e-9 worst_mesh=Some((395, 7, 0.5677346736802364, -0.0037044819293879146, [0.1314994266615886, 0.11065264105401171, -0.9851212584324052], [0.07424918466121593, 0.6212826010720817, 0.05867763304125058]))
HAIR CONTACT PARTS iteration=0 scale=1.25e-1 mesh_raw=4.222506609311636e-5 strand=5.996042731087437e-9 worst_mesh=Some((395, 7, 0.5507083794315517, -0.003773609086396662, [0.09637513802247512, 0.09936408945394376, -0.9903729653510022], [0.07423006751534732, 0.6214395448618802, 0.058692737908330884]))
HAIR CONTACT PARTS iteration=0 scale=6.25e-2 mesh_raw=4.2514071271252056e-5 strand=6.24289196713963e-9 worst_mesh=Some((395, 7, 0.5410022917054187, -0.0038021737989740482, [0.07263537338307603, 0.09168085082754332, -0.9931358034654871], [0.07419998916132407, 0.62152708970951, 0.05869860702389754]))
HAIR CONTACT PARTS iteration=0 scale=3.125e-2 mesh_raw=4.268053670363962e-5 strand=6.430944310845515e-9 worst_mesh=Some((395, 7, 0.5360573038390236, -0.0038173424080688995, [0.06059858441822095, 0.08776883043165139, -0.9942959539147123], [0.0741844663783376, 0.6215722977344456, 0.05870164833780894]))
HAIR CONTACT PARTS iteration=0 scale=1.5625e-2 mesh_raw=4.276797587001642e-5 strand=6.540740506142626e-9 worst_mesh=Some((395, 7, 0.5335611372625787, -0.003825156062976791, [0.11438853851810468, -0.6147616853493234, 0.7803738414901871], [0.07440551291767133, 0.6189155301985763, 0.06549358570683378]))
HAIR CONTACT PARTS iteration=0 scale=7.8125e-3 mesh_raw=4.28127684405953e-5 strand=6.5995560914556225e-9 worst_mesh=Some((395, 7, 0.5323070402713478, -0.003829121279128464, [0.1147262806839781, -0.6149078233254118, 0.7802091061591278], [0.07441470834916476, 0.6189275674272842, 0.06550172048974041]))
HAIR CONTACT PARTS iteration=0 scale=3.90625e-3 mesh_raw=4.283543463444277e-5 strand=6.629941405429064e-9 worst_mesh=Some((395, 7, 0.5316784778873578, -0.003831118604394078, [0.11489566937651674, -0.6149810816761162, 0.7801264348418122], [0.07441932069711268, 0.6189336051986073, 0.06550580082468357]))
HAIR CONTACT PARTS iteration=0 scale=1.953125e-3 mesh_raw=4.2846835243445e-5 strand=6.645378286075893e-9 worst_mesh=Some((395, 7, 0.5313638135178397, -0.0038321209810178334, [0.049215746901528426, 0.0840592432624947, -0.9952446201206323], [0.07416961209264414, 0.6216155765654001, 0.05870456625000422]))
HAIR CONTACT PARTS iteration=0 scale=9.765625e-4 mesh_raw=4.2852552988753634e-5 strand=6.6531577672457925e-9 worst_mesh=Some((395, 7, 0.5312063845059709, -0.0038326230490136706, [0.04883469745759246, 0.08393489226435095, -0.9952738850109538], [0.07416911183261804, 0.6216170344029075, 0.05870466464518791]))
HAIR CONTACT PARTS iteration=0 scale=4.8828125e-4 mesh_raw=4.285541522419971e-5 strand=6.657062766434451e-9 worst_mesh=Some((395, 7, 0.5311276427146064, -0.0038328742806797264, [0.048644127852053846, 0.08387269799822916, -0.9952884603751874], [0.07416886156578846, 0.6216177637281336, 0.05870471387278049]))
HAIR CONTACT PARTS iteration=0 scale=2.44140625e-4 mesh_raw=4.285684816153519e-5 strand=6.659019080492488e-9 worst_mesh=Some((395, 7, 0.5310882813776884, -0.003833000033325636, [0.11505478401614085, -0.6150498755788745, 0.7800487466981856], [0.07442365365972098, 0.618939277243722, 0.06550963399959658]))
HAIR NONLINEAR REJECT iteration=0 before=2.902079228447023e-5 full=5.266697958016714e-5 reason=no_descent
REPLAY RESULT Err("joint hair contact direction has no descending geometry step")
test hair::contact_replay::tests::replay_rejected_contact_geometry ... ok

test result: ok. 1 passed; 0 failed; 0 ignored; 0 measured; 295 filtered out; finished in 0.29s

