    Blocking waiting for file lock on package cache
warning: unexpected `cfg` condition value: `nightly`
 --> crates/physics/src/biomechanics/mod.rs:5:7
  |
5 | #[cfg(feature = "nightly")]
  |       ^^^^^^^^^^^^^^^^^^^ help: remove the condition
  |
  = note: no expected values for `feature`
  = help: consider adding `nightly` as a feature in `Cargo.toml`
  = note: see <https://doc.rust-lang.org/nightly/rustc/check-cfg/cargo-specifics.html> for more information about checking conditional configuration
  = note: `#[warn(unexpected_cfgs)]` on by default

warning: unexpected `cfg` condition value: `nightly`
   --> crates/physics/src/biomechanics/mod.rs:893:7
    |
893 | #[cfg(feature = "nightly")]
    |       ^^^^^^^^^^^^^^^^^^^ help: remove the condition
    |
    = note: no expected values for `feature`
    = help: consider adding `nightly` as a feature in `Cargo.toml`
    = note: see <https://doc.rust-lang.org/nightly/rustc/check-cfg/cargo-specifics.html> for more information about checking conditional configuration

warning: `physics` (lib test) generated 2 warnings
    Finished `release` profile [optimized] target(s) in 0.16s
     Running unittests src/lib.rs (target/release/deps/physics-b8ab5053a74b0b10)

running 1 test
append experiment rows=100 compact_width=639 sorted/append seconds and max coordinate difference=[(0.001463792, 0.001153708, 4.482091781055075e-16), (0.000638958, 0.000603208, 4.482091781055075e-16), (0.000653667, 0.000602917, 4.482091781055075e-16), (0.000639208, 0.000596958, 4.482091781055075e-16), (0.000616375, 0.000599333, 4.482091781055075e-16), (0.000622625, 0.000665125, 4.482091781055075e-16), (0.000592625, 0.000578458, 4.482091781055075e-16)]
test hair::contact_response_system::square_root_qr::tests::captured_guarded_append_order_retains_original_physical_admission ... ok

test result: ok. 1 passed; 0 failed; 0 ignored; 0 measured; 356 filtered out; finished in 0.15s

