    Blocking waiting for file lock on package cache
warning: unexpected `cfg` condition value: `nightly`
 --> crates/physics/src/biomechanics/mod.rs:5:7
  |
5 | #[cfg(feature = "nightly")]
  |       ^^^^^^^^^^^^^^^^^^^ help: remove the condition
  |
  = note: no expected values for `feature`
  = help: consider adding `nightly` as a feature in `Cargo.toml`
  = note: see <https://doc.rust-lang.org/nightly/rustc/check-cfg/cargo-specifics.html> for more information about checking conditional configuration
  = note: `#[warn(unexpected_cfgs)]` on by default

warning: unexpected `cfg` condition value: `nightly`
   --> crates/physics/src/biomechanics/mod.rs:893:7
    |
893 | #[cfg(feature = "nightly")]
    |       ^^^^^^^^^^^^^^^^^^^ help: remove the condition
    |
    = note: no expected values for `feature`
    = help: consider adding `nightly` as a feature in `Cargo.toml`
    = note: see <https://doc.rust-lang.org/nightly/rustc/check-cfg/cargo-specifics.html> for more information about checking conditional configuration

warning: `physics` (lib test) generated 2 warnings
    Finished `release` profile [optimized] target(s) in 0.16s
     Running unittests src/lib.rs (target/release/deps/physics-b8ab5053a74b0b10)

running 1 test
append experiment rows=46 compact_width=987 sorted/append seconds and max coordinate difference=[(0.011565208, 0.005632708, 2.4649982254080225e-22), (0.009367916, 0.004029, 2.4649982254080225e-22), (0.011364792, 0.004344958, 2.4649982254080225e-22), (0.009966833, 0.0042105, 2.4649982254080225e-22), (0.009423917, 0.004093167, 2.4649982254080225e-22), (0.009283916, 0.004, 2.4649982254080225e-22), (0.009186917, 0.004024209, 2.4649982254080225e-22)]
test hair::contact_response_system::square_root_qr::tests::captured_guarded_append_order_retains_original_physical_admission ... ok

test result: ok. 1 passed; 0 failed; 0 ignored; 0 measured; 356 filtered out; finished in 0.23s

