    Blocking waiting for file lock on package cache
    Blocking waiting for file lock on package cache
warning: unexpected `cfg` condition value: `nightly`
 --> crates/physics/src/biomechanics/mod.rs:5:7
  |
5 | #[cfg(feature = "nightly")]
  |       ^^^^^^^^^^^^^^^^^^^ help: remove the condition
  |
  = note: no expected values for `feature`
  = help: consider adding `nightly` as a feature in `Cargo.toml`
  = note: see <https://doc.rust-lang.org/nightly/rustc/check-cfg/cargo-specifics.html> for more information about checking conditional configuration
  = note: `#[warn(unexpected_cfgs)]` on by default

warning: unexpected `cfg` condition value: `nightly`
   --> crates/physics/src/biomechanics/mod.rs:893:7
    |
893 | #[cfg(feature = "nightly")]
    |       ^^^^^^^^^^^^^^^^^^^ help: remove the condition
    |
    = note: no expected values for `feature`
    = help: consider adding `nightly` as a feature in `Cargo.toml`
    = note: see <https://doc.rust-lang.org/nightly/rustc/check-cfg/cargo-specifics.html> for more information about checking conditional configuration

warning: `physics` (lib test) generated 2 warnings
    Finished `release` profile [optimized] target(s) in 0.18s
     Running unittests src/lib.rs (/tmp/voxy-release-120fps-20261007/release/deps/physics-b8ab5053a74b0b10)

running 1 test
FULL GROOM MESH SWEEP rods=469 segments=9380 contacts=469 initial=31 approach=434 iteration_limit=4 cpu_query=24.9085ms
FULL GROOM MESH SWEEP LIMITED rod=334 segment=7 face=[54243, 54245, 54246] outcome=IterationLimit { fraction: 0.7556922376474718, gap_m: 2.2059759770253222e-8, iterations: 1024 }
FULL GROOM MESH SWEEP LIMITED rod=395 segment=5 face=[54232, 54386, 54387] outcome=IterationLimit { fraction: 0.01397231592041414, gap_m: 2.525488666188318e-7, iterations: 1024 }
FULL GROOM MESH SWEEP LIMITED rod=395 segment=5 face=[54387, 54243, 54388] outcome=IterationLimit { fraction: 0.7083259034271424, gap_m: 1.0069556309300033e-6, iterations: 1024 }
FULL GROOM MESH SWEEP LIMITED rod=401 segment=7 face=[54227, 54231, 54228] outcome=IterationLimit { fraction: 0.11854909568200016, gap_m: 4.965894149271881e-10, iterations: 1024 }
test hair::contact_replay::tests::captured_full_groom_mesh_sweep ... ok

test result: ok. 1 passed; 0 failed; 0 ignored; 0 measured; 319 filtered out; finished in 0.17s

