warning: unexpected `cfg` condition value: `nightly`
 --> crates/physics/src/biomechanics/mod.rs:5:7
  |
5 | #[cfg(feature = "nightly")]
  |       ^^^^^^^^^^^^^^^^^^^ help: remove the condition
  |
  = note: no expected values for `feature`
  = help: consider adding `nightly` as a feature in `Cargo.toml`
  = note: see <https://doc.rust-lang.org/nightly/rustc/check-cfg/cargo-specifics.html> for more information about checking conditional configuration
  = note: `#[warn(unexpected_cfgs)]` on by default

warning: unexpected `cfg` condition value: `nightly`
   --> crates/physics/src/biomechanics/mod.rs:893:7
    |
893 | #[cfg(feature = "nightly")]
    |       ^^^^^^^^^^^^^^^^^^^ help: remove the condition
    |
    = note: no expected values for `feature`
    = help: consider adding `nightly` as a feature in `Cargo.toml`
    = note: see <https://doc.rust-lang.org/nightly/rustc/check-cfg/cargo-specifics.html> for more information about checking conditional configuration

warning: `physics` (lib test) generated 2 warnings
    Finished `release` profile [optimized] target(s) in 0.15s
     Running unittests src/lib.rs (/tmp/voxy-release-120fps-20261007/release/deps/physics-b8ab5053a74b0b10)

running 1 test
HAIR CONTACT PARTS iteration=0 scale=0e0 mesh_raw=6.14006210924468e-5 strand=4.375786685758149e-8 worst_mesh=Some((328, 4, 0.3183311458909579, -0.0025373666020109646, [0.6560143198421556, 0.10861318246499281, -0.7468924880843696], [0.050560655782052634, 0.6208668456350217, 0.012911343671041645]))
HAIR CONTACT PARTS iteration=0 scale=1e0 mesh_raw=1.8360524661829512e-7 strand=3.463719935314044e-8 worst_mesh=Some((328, 5, 0.6411266533912995, -0.00024195210732138187, [0.6298598034116465, -0.04847517962860436, -0.7751946755533197], [0.05087218127579859, 0.6016743163721993, 0.012371720900409094]))
HAIR NONLINEAR MERIT iteration=0 before=4.773945524005579e-5 full=1.499115456785666e-7 accepted=1.499115456785666e-7 scale=1e0 tangent_complete=true
HAIR CONTACT PARTS iteration=1 scale=0e0 mesh_raw=1.8360524661829512e-7 strand=3.463719935314044e-8 worst_mesh=Some((328, 5, 0.6411266533912995, -0.00024195210732138187, [0.6298598034116465, -0.04847517962860436, -0.7751946755533197], [0.05087218127579859, 0.6016743163721993, 0.012371720900409094]))
HAIR CONTACT PARTS iteration=1 scale=1e0 mesh_raw=4.962290300455259e-6 strand=2.4413178414746594e-8 worst_mesh=Some((66, 19, 0.5969996378985751, -0.000621028333307401, [0.037471459098453876, 0.45807793460599205, -0.8881218922986537], [-0.06266246153951087, 0.4020728726403051, -0.0237272973531249]))
HAIR CONTACT PARTS iteration=1 scale=5e-1 mesh_raw=1.2554188928740054e-6 strand=1.4309581392177708e-8 worst_mesh=Some((66, 19, 0.5968649447908126, -0.00030937031648309386, [0.010274634242066951, 0.47825922507107027, -0.8781586106880754], [-0.06266831164395929, 0.40209357382888283, -0.023716763174991766]))
HAIR CONTACT PARTS iteration=1 scale=2.5e-1 mesh_raw=4.816474954484449e-7 strand=1.633739520046108e-8 worst_mesh=Some((328, 5, 0.6463996220174085, -0.00018086351413041453, [0.6319226613497245, -0.040686336979977686, -0.7739627717505753], [0.0508811420986625, 0.6016723700127878, 0.012379137318649647]))
HAIR CONTACT PARTS iteration=1 scale=1.25e-1 mesh_raw=2.5315001395228183e-7 strand=2.058908995353898e-8 worst_mesh=Some((328, 5, 0.643761533954912, -0.0002115580436436307, [0.6308958580088114, -0.044583446523860176, -0.774585523130519], [0.05087669368587085, 0.6016734627266285, 0.012375444268427085]))
HAIR NONLINEAR MERIT iteration=1 before=1.499115456785666e-7 full=3.6911479544410443e-6 accepted=1.496562834575327e-7 scale=1.25e-1 tangent_complete=false
HAIR CONTACT PARTS iteration=2 scale=0e0 mesh_raw=2.5315001395228183e-7 strand=2.058908995353898e-8 worst_mesh=Some((328, 5, 0.643761533954912, -0.0002115580436436307, [0.6308958580088114, -0.044583446523860176, -0.774585523130519], [0.05087669368587085, 0.6016734627266285, 0.012375444268427085]))
HAIR CONTACT PARTS iteration=2 scale=1e0 mesh_raw=3.878566518871711e-7 strand=2.1267641979559967e-8 worst_mesh=Some((221, 19, 0.06854827316549036, -0.0003799312535828914, [0.1024006284976482, 0.3609969131654774, -0.9269279044069627], [-0.006041195445254631, 0.40400997179578557, -0.015351071811556684]))
HAIR CONTACT PARTS iteration=2 scale=5e-1 mesh_raw=8.881077965900789e-8 strand=8.184460981104469e-9 worst_mesh=Some((328, 5, 0.6538975754540122, -0.0001039749040213731, [0.6340728716273087, -0.03239045911541597, -0.7725946230880661], [0.050891716170561034, 0.6016685272934859, 0.012387991446185518]))
HAIR NONLINEAR MERIT iteration=2 before=1.496562834575327e-7 full=2.2191970540269546e-7 accepted=5.0718130285312956e-8 scale=5e-1 tangent_complete=false
HAIR CONTACT PARTS iteration=3 scale=0e0 mesh_raw=8.881077965900789e-8 strand=8.184460981104469e-9 worst_mesh=Some((328, 5, 0.6538975754540122, -0.0001039749040213731, [0.6340728716273087, -0.03239045911541597, -0.7725946230880661], [0.050891716170561034, 0.6016685272934859, 0.012387991446185518]))
HAIR CONTACT PARTS iteration=3 scale=1e0 mesh_raw=3.0730888975045707e-7 strand=4.4155306706953705e-9 worst_mesh=Some((221, 19, 0.07610206384846041, -0.00036382918373450464, [0.10232481078275713, 0.35586258698985307, -0.928919507965659], [-0.006039908161180654, 0.4040080072177128, -0.01535168715786573]))
HAIR CONTACT PARTS iteration=3 scale=5e-1 mesh_raw=4.761574023398257e-8 strand=8.181831110287214e-9 worst_mesh=Some((221, 19, 0.0, -8.741296828812051e-5, [0.13243515294101701, 0.36252518587371096, -0.9225163520896096], [-0.006435051680468323, 0.40513767013770635, -0.014952526574036694]))
HAIR NONLINEAR MERIT iteration=3 before=5.0718130285312956e-8 full=1.3965400919416358e-7 accepted=2.8353676468936246e-8 scale=5e-1 tangent_complete=false
HAIR CONTACT PARTS iteration=4 scale=0e0 mesh_raw=4.761574023398257e-8 strand=8.181831110287214e-9 worst_mesh=Some((221, 19, 0.0, -8.741296828812051e-5, [0.13243515294101701, 0.36252518587371096, -0.9225163520896096], [-0.006435051680468323, 0.40513767013770635, -0.014952526574036694]))
HAIR CONTACT PARTS iteration=4 scale=1e0 mesh_raw=5.769537491324857e-8 strand=4.527597315807486e-9 worst_mesh=Some((136, 18, 0.0, -0.00022101749225070943, [-0.16245679265497112, 0.6908696743873595, -0.7044905134436968], [-0.04812299967153497, 0.4356597537309099, 0.0012558178527427436]))
HAIR CONTACT PARTS iteration=4 scale=5e-1 mesh_raw=3.147399165576748e-8 strand=2.3295602177136576e-9 worst_mesh=Some((136, 18, 0.0, -0.0001082161383012443, [-0.162456792655001, 0.6908696743873912, -0.7044905134436589], [-0.048147408915619076, 0.4356317224509929, 0.0012339573543683855]))
HAIR NONLINEAR MERIT iteration=4 before=2.8353676468936246e-8 full=5.4986265333744516e-8 accepted=2.053631924726008e-8 scale=5e-1 tangent_complete=false
HAIR CONTACT PARTS iteration=5 scale=0e0 mesh_raw=3.147399165576748e-8 strand=2.3295602177136576e-9 worst_mesh=Some((136, 18, 0.0, -0.0001082161383012443, [-0.162456792655001, 0.6908696743873912, -0.7044905134436589], [-0.048147408915619076, 0.4356317224509929, 0.0012339573543683855]))
HAIR CONTACT PARTS iteration=5 scale=1e0 mesh_raw=1.8325736116730856e-11 strand=1.3215160131000355e-12 worst_mesh=Some((136, 18, 0.0, -2.7264157998096475e-6, [-0.10599603340337836, 0.7013909476008343, -0.7048514591928953], [-0.04836566304002185, 0.43557656031058994, 0.001216289322014362]))
HAIR NONLINEAR MERIT iteration=5 before=2.053631924726008e-8 full=1.0857572199864547e-11 accepted=1.0857572199864547e-11 scale=1e0 tangent_complete=true
HAIR CONTACT PARTS iteration=6 scale=0e0 mesh_raw=1.8325736116730856e-11 strand=1.3215160131000355e-12 worst_mesh=Some((136, 18, 0.0, -2.7264157998096475e-6, [-0.10599603340337836, 0.7013909476008343, -0.7048514591928953], [-0.04836566304002185, 0.43557656031058994, 0.001216289322014362]))
HAIR CONTACT PARTS iteration=6 scale=1e0 mesh_raw=2.5167284801407272e-5 strand=1.2749478513519065e-8 worst_mesh=Some((328, 4, 0.3208482257657316, -0.0025036765403313385, [0.655241136614883, 0.10492110001630002, -0.7480979987000406], [0.05060990609127854, 0.6208332974616664, 0.012949758998313732]))
HAIR CONTACT PARTS iteration=6 scale=5e-1 mesh_raw=6.7383570771764e-6 strand=1.2350489185671013e-8 worst_mesh=Some((328, 4, 0.3320083382078819, -0.0012449568106757186, [0.6537452958959671, 0.09790864036861752, -0.7503539073231132], [0.050553482566262326, 0.6208538917219684, 0.012903355511550727]))
HAIR CONTACT PARTS iteration=6 scale=2.5e-1 mesh_raw=1.479379453827235e-6 strand=4.726649558020653e-9 worst_mesh=Some((328, 4, 0.3375907840407639, -0.0006164594315427846, [0.6529832680984943, 0.0943991641686795, -0.7514663328371168], [0.05052673919877347, 0.6208707853363137, 0.012882302979445022]))
HAIR CONTACT PARTS iteration=6 scale=1.25e-1 mesh_raw=3.3566049700635066e-7 strand=4.5757043826234905e-9 worst_mesh=Some((328, 4, 0.340382604675382, -0.0003024264711380682, [0.6525987389034381, 0.09264367908776365, -0.7520186398665434], [0.05051374939757958, 0.6208808813947947, 0.012872295841164222]))
HAIR CONTACT PARTS iteration=6 scale=6.25e-2 mesh_raw=7.946419715636933e-8 strand=6.1865371654336855e-9 worst_mesh=Some((328, 4, 0.34177866446365235, -0.00014546393669410623, [0.6524055969891175, 0.09176575789651713, -0.7522938140746279], [0.050507351805170124, 0.6208863417141887, 0.012867419772184082]))
HAIR CONTACT PARTS iteration=6 scale=3.125e-2 mesh_raw=3.2605963354037933e-8 strand=8.58418957532724e-10 worst_mesh=Some((328, 4, 0.3424767317162425, -6.699615760290099e-5, [0.6523088068952957, 0.09132675365103682, -0.7524311559966125], [0.050504177565023504, 0.6208891749413659, 0.012865013326931178]))
HAIR CONTACT PARTS iteration=6 scale=1.5625e-2 mesh_raw=5.8602662737462474e-9 strand=6.510231478319871e-11 worst_mesh=Some((328, 4, 0.34284141941166146, -2.775403020995293e-5, [0.6522603570881628, 0.09110724074673736, -0.7524997656177299], [0.05050258438929237, 0.6208903865552916, 0.012863829875214401]))
HAIR CONTACT PARTS iteration=6 scale=7.8125e-3 mesh_raw=1.3213159587296869e-9 strand=1.6857303760464497e-11 worst_mesh=Some((354, 17, 0.6319303541293769, -1.3277595731388053e-5, [0.09516025959418847, 0.7249311241548831, -0.6822165273763924], [0.05433987071365328, 0.4274344220626068, -0.0057376393442837405]))
HAIR CONTACT PARTS iteration=6 scale=3.90625e-3 mesh_raw=3.2804637915981877e-10 strand=5.112109921159672e-12 worst_mesh=Some((354, 17, 0.6316380821919116, -6.6367517762489516e-6, [0.09525196506637872, 0.7250563484926696, -0.6820706375892965], [0.05434003712931309, 0.4274343619982815, -0.005737679955193684]))
HAIR CONTACT PARTS iteration=6 scale=1.953125e-3 mesh_raw=1.0478539181639065e-10 strand=2.223327338457569e-12 worst_mesh=Some((354, 17, 0.6314918226955132, -3.3167286148453492e-6, [0.09529781600789461, 0.7251189480864559, -0.6819976813671123], [0.054340119792819115, 0.42743433218323085, -0.005737700104871372]))
HAIR CONTACT PARTS iteration=6 scale=9.765625e-4 mesh_raw=3.880486434546902e-11 strand=1.5248221355941714e-12 worst_mesh=Some((136, 18, 0.0, -2.7237532843620473e-6, [-0.10599603340342205, 0.7013909476011823, -0.7048514591925421], [-0.048365372725483406, 0.43557659932240345, 0.0012162844846027318]))
HAIR CONTACT PARTS iteration=6 scale=4.8828125e-4 mesh_raw=2.3482209564732623e-11 strand=1.3620326043665567e-12 worst_mesh=Some((136, 18, 0.0, -2.7250845421161524e-6, [-0.1059960334033631, 0.7013909476006341, -0.7048514591930968], [-0.04836551788275263, 0.4355765798164967, 0.0012162869033085322]))
HAIR CONTACT PARTS iteration=6 scale=2.44140625e-4 mesh_raw=2.1073124991659265e-11 strand=1.3272525487895858e-12 worst_mesh=Some((136, 18, 0.0, -2.725750170962379e-6, [-0.1059960334034634, 0.7013909476007315, -0.7048514591929846], [-0.048365590461387234, 0.43557657006354333, 0.0012162881126614473]))
HAIR NONLINEAR REJECT iteration=6 before=1.0857572199864547e-11 full=1.9424435095570838e-5 reason=no_descent

thread 'hair::contact_replay::tests::captured_elastic_contact_preserves_strain_admission' (33872653) panicked at crates/physics/src/hair/contact_replay.rs:509:14:
captured contact correction: "joint hair contact direction has no descending geometry step"
note: run with `RUST_BACKTRACE=1` environment variable to display a backtrace
test hair::contact_replay::tests::captured_elastic_contact_preserves_strain_admission ... FAILED

failures:

failures:
    hair::contact_replay::tests::captured_elastic_contact_preserves_strain_admission

test result: FAILED. 0 passed; 1 failed; 0 ignored; 0 measured; 334 filtered out; finished in 3.90s

error: test failed, to rerun pass `-p physics --lib`
