    Blocking waiting for file lock on build directory
warning: unexpected `cfg` condition value: `nightly`
 --> crates/physics/src/biomechanics/mod.rs:5:7
  |
5 | #[cfg(feature = "nightly")]
  |       ^^^^^^^^^^^^^^^^^^^ help: remove the condition
  |
  = note: no expected values for `feature`
  = help: consider adding `nightly` as a feature in `Cargo.toml`
  = note: see <https://doc.rust-lang.org/nightly/rustc/check-cfg/cargo-specifics.html> for more information about checking conditional configuration
  = note: `#[warn(unexpected_cfgs)]` on by default

warning: unexpected `cfg` condition value: `nightly`
   --> crates/physics/src/biomechanics/mod.rs:893:7
    |
893 | #[cfg(feature = "nightly")]
    |       ^^^^^^^^^^^^^^^^^^^ help: remove the condition
    |
    = note: no expected values for `feature`
    = help: consider adding `nightly` as a feature in `Cargo.toml`
    = note: see <https://doc.rust-lang.org/nightly/rustc/check-cfg/cargo-specifics.html> for more information about checking conditional configuration

warning: `physics` (lib test) generated 2 warnings
    Finished `release` profile [optimized] target(s) in 11.54s
     Running unittests src/lib.rs (/tmp/voxy-release-120fps-20261007/release/deps/physics-b8ab5053a74b0b10)

running 1 test
REPLAY MERIT captured=4.604510188545335e-6 rebuilt=4.60451035345382e-6 rods=469 meshes=1
HAIR NONLINEAR MERIT iteration=0 before=4.60451035345382e-6 full=1.4737672731853962e-5 accepted=4.60451033844569e-6 scale=2.44140625e-4 tangent_complete=false
HAIR NONLINEAR REJECT iteration=1 before=4.60451033844569e-6 full=1.590470742708929e-5 reason=no_descent
REPLAY RESULT Err("joint hair contact direction has no descending geometry step")

thread 'hair::contact_replay::tests::captured_contact_reaches_feasible_geometry' (32399748) panicked at crates/physics/src/hair/contact_replay.rs:275:20:
corrected captured geometry must converge: "joint hair contact direction has no descending geometry step"
note: run with `RUST_BACKTRACE=1` environment variable to display a backtrace
test hair::contact_replay::tests::captured_contact_reaches_feasible_geometry ... FAILED

failures:

failures:
    hair::contact_replay::tests::captured_contact_reaches_feasible_geometry

test result: FAILED. 0 passed; 1 failed; 0 ignored; 0 measured; 302 filtered out; finished in 0.37s

error: test failed, to rerun pass `-p physics --lib`
