
running 1 test
INVERSE_POINT_ENCLOSURE ([[-0.4, -0.03, 0.02], [-0.01, -0.1, -0.04], [0.02, -0.01, -0.2]], [0.6, -0.1, 0.2], [0.0, 0.0, 0.19866933079506122, 0.9800665778412416], -2.0, [[0.4637135588776006, 0.4637135588776017], [-0.17434085956272474, -0.17434085956272374], [0.20999999999999988, 0.21000000000000013]], 0.23787157188450134)
INVERSE_POINT_ENCLOSURE ([[0.4, 0.03, -0.02], [-0.01, -0.1, -0.04], [0.02, -0.01, -0.2]], [0.6, -0.1, 0.2], [0.0, 0.0, 0.19866933079506122, 0.9800665778412416], -2.0, [[0.08360661100718739, 0.08360661100718772], [-0.04620535245935077, -0.04620535245935049], [0.22999999999999987, 0.23000000000000015]], 0.12245332611419266)
INVERSE_POINT_ENCLOSURE ([[-0.4, -0.03, 0.02], [0.01, 0.1, 0.04], [0.02, -0.01, -0.2]], [0.6, -0.1, 0.2], [0.0, 0.0, 0.19866933079506122, 0.9800665778412416], -2.0, [[0.41556111470670676, 0.4155611147067077], [-0.26255277553992684, -0.2625527755399257], [0.16999999999999987, 0.17000000000000015]], 0.23070149791463987)
INVERSE_POINT_ENCLOSURE ([[0.4, 0.03, -0.02], [0.01, 0.1, 0.04], [0.02, -0.01, -0.2]], [0.6, -0.1, 0.2], [0.0, 0.0, 0.19866933079506122, 0.9800665778412416], -2.0, [[0.03545416683629343, 0.03545416683629387], [-0.13441726843655288, -0.1344172684365524], [0.1899999999999999, 0.19000000000000014]], 0.11701318729408931)
INVERSE_POINT_ENCLOSURE ([[-0.4, -0.03, 0.02], [-0.01, -0.1, -0.04], [-0.02, 0.01, 0.2]], [0.6, -0.1, 0.2], [0.0, 0.0, 0.19866933079506122, 0.9800665778412416], -2.0, [[0.47824059533457175, 0.4782405953345729], [-0.1913398363489266, -0.1913398363489256], [0.009999999999999974, 0.01000000000000003]], 0.22873436419788457)
INVERSE_POINT_ENCLOSURE ([[0.4, 0.03, -0.02], [-0.01, -0.1, -0.04], [-0.02, 0.01, 0.2]], [0.6, -0.1, 0.2], [0.0, 0.0, 0.19866933079506122, 0.9800665778412416], -2.0, [[0.09813364746415859, 0.09813364746415895], [-0.06320432924555267, -0.06320432924555233], [0.02999999999999997, 0.030000000000000027]], 0.07112757686449363)
INVERSE_POINT_ENCLOSURE ([[-0.4, -0.03, 0.02], [0.01, 0.1, 0.04], [-0.02, 0.01, 0.2]], [0.6, -0.1, 0.2], [0.0, 0.0, 0.19866933079506122, 0.9800665778412416], -2.0, [[0.4300881511636779, 0.43008815116367893], [-0.2795517523261287, -0.27955175232612756], [-0.03000000000000004, -0.029999999999999957]], 0.22819106774840303)
INVERSE_POINT_ENCLOSURE ([[0.4, 0.03, -0.02], [0.01, 0.1, 0.04], [-0.02, 0.01, 0.2]], [0.6, -0.1, 0.2], [0.0, 0.0, 0.19866933079506122, 0.9800665778412416], -2.0, [[0.04998120329326464, 0.04998120329326509], [-0.15141624522275476, -0.15141624522275424], [-0.01000000000000003, -0.009999999999999974]], 0.08679972417509728)
INVERSE_POINT_ENCLOSURE ([[-0.4, -0.03, 0.02], [-0.01, -0.1, -0.04], [0.02, -0.01, -0.2]], [0.6, -0.1, 0.2], [0.0, 0.0, 0.19866933079506122, 0.9800665778412416], 0.5, [[-1.8548542355104067, -1.8548542355104023], [0.697363438250895, 0.697363438250899], [-0.8400000000000005, -0.8399999999999995]], 0.22287157188450135)
INVERSE_POINT_ENCLOSURE ([[0.4, 0.03, -0.02], [-0.01, -0.1, -0.04], [0.02, -0.01, -0.2]], [0.6, -0.1, 0.2], [0.0, 0.0, 0.19866933079506122, 0.9800665778412416], 0.5, [[-0.3344264440287509, -0.33442644402874955], [0.18482140983740197, 0.18482140983740308], [-0.9200000000000006, -0.9199999999999995]], 0.10745332611419266)
INVERSE_POINT_ENCLOSURE ([[-0.4, -0.03, 0.02], [0.01, 0.1, 0.04], [0.02, -0.01, -0.2]], [0.6, -0.1, 0.2], [0.0, 0.0, 0.19866933079506122, 0.9800665778412416], 0.5, [[-1.6622444588268308, -1.662244458826827], [1.0502111021597027, 1.0502111021597074], [-0.6800000000000006, -0.6799999999999995]], 0.21570149791463988)
INVERSE_POINT_ENCLOSURE ([[0.4, 0.03, -0.02], [0.01, 0.1, 0.04], [0.02, -0.01, -0.2]], [0.6, -0.1, 0.2], [0.0, 0.0, 0.19866933079506122, 0.9800665778412416], 0.5, [[-0.14181666734517548, -0.14181666734517373], [0.5376690737462096, 0.5376690737462115], [-0.7600000000000006, -0.7599999999999996]], 0.10201318729408931)
INVERSE_POINT_ENCLOSURE ([[-0.4, -0.03, 0.02], [-0.01, -0.1, -0.04], [-0.02, 0.01, 0.2]], [0.6, -0.1, 0.2], [0.0, 0.0, 0.19866933079506122, 0.9800665778412416], 0.5, [[-1.9129623813382917, -1.912962381338287], [0.7653593453957024, 0.7653593453957064], [-0.04000000000000012, -0.0399999999999999]], 0.21373436419788458)
INVERSE_POINT_ENCLOSURE ([[0.4, 0.03, -0.02], [-0.01, -0.1, -0.04], [-0.02, 0.01, 0.2]], [0.6, -0.1, 0.2], [0.0, 0.0, 0.19866933079506122, 0.9800665778412416], 0.5, [[-0.3925345898566358, -0.39253458985663436], [0.25281731698220933, 0.25281731698221066], [-0.1200000000000001, -0.11999999999999988]], 0.05612757686449361)
INVERSE_POINT_ENCLOSURE ([[-0.4, -0.03, 0.02], [0.01, 0.1, 0.04], [-0.02, 0.01, 0.2]], [0.6, -0.1, 0.2], [0.0, 0.0, 0.19866933079506122, 0.9800665778412416], 0.5, [[-1.7203526046547157, -1.7203526046547115], [1.1182070093045102, 1.1182070093045149], [0.11999999999999983, 0.12000000000000016]], 0.21319106774840305)
INVERSE_POINT_ENCLOSURE ([[0.4, 0.03, -0.02], [0.01, 0.1, 0.04], [-0.02, 0.01, 0.2]], [0.6, -0.1, 0.2], [0.0, 0.0, 0.19866933079506122, 0.9800665778412416], 0.5, [[-0.19992481317306035, -0.19992481317305855], [0.605664980891017, 0.6056649808910191], [0.0399999999999999, 0.04000000000000012]], 0.07179972417509728)
INVERSE_POINT_ENCLOSURE ([[-0.4, -0.03, 0.02], [-0.01, -0.1, -0.04], [0.02, -0.01, -0.2]], [0.6, -0.1, 0.2], [0.0, 0.0, 0.19866933079506122, 0.9800665778412416], 2.0, [[-0.4637135588776017, -0.4637135588776006], [0.17434085956272374, 0.17434085956272474], [-0.21000000000000013, -0.20999999999999988]], 0.23787157188450134)
INVERSE_POINT_ENCLOSURE ([[0.4, 0.03, -0.02], [-0.01, -0.1, -0.04], [0.02, -0.01, -0.2]], [0.6, -0.1, 0.2], [0.0, 0.0, 0.19866933079506122, 0.9800665778412416], 2.0, [[-0.08360661100718772, -0.08360661100718739], [0.04620535245935049, 0.04620535245935077], [-0.23000000000000015, -0.22999999999999987]], 0.12245332611419266)
INVERSE_POINT_ENCLOSURE ([[-0.4, -0.03, 0.02], [0.01, 0.1, 0.04], [0.02, -0.01, -0.2]], [0.6, -0.1, 0.2], [0.0, 0.0, 0.19866933079506122, 0.9800665778412416], 2.0, [[-0.4155611147067077, -0.41556111470670676], [0.2625527755399257, 0.26255277553992684], [-0.17000000000000015, -0.16999999999999987]], 0.23070149791463987)
INVERSE_POINT_ENCLOSURE ([[0.4, 0.03, -0.02], [0.01, 0.1, 0.04], [0.02, -0.01, -0.2]], [0.6, -0.1, 0.2], [0.0, 0.0, 0.19866933079506122, 0.9800665778412416], 2.0, [[-0.03545416683629387, -0.03545416683629343], [0.1344172684365524, 0.13441726843655288], [-0.19000000000000014, -0.1899999999999999]], 0.11701318729408931)
INVERSE_POINT_ENCLOSURE ([[-0.4, -0.03, 0.02], [-0.01, -0.1, -0.04], [-0.02, 0.01, 0.2]], [0.6, -0.1, 0.2], [0.0, 0.0, 0.19866933079506122, 0.9800665778412416], 2.0, [[-0.4782405953345729, -0.47824059533457175], [0.1913398363489256, 0.1913398363489266], [-0.01000000000000003, -0.009999999999999974]], 0.22873436419788457)
INVERSE_POINT_ENCLOSURE ([[0.4, 0.03, -0.02], [-0.01, -0.1, -0.04], [-0.02, 0.01, 0.2]], [0.6, -0.1, 0.2], [0.0, 0.0, 0.19866933079506122, 0.9800665778412416], 2.0, [[-0.09813364746415895, -0.09813364746415859], [0.06320432924555233, 0.06320432924555267], [-0.030000000000000027, -0.02999999999999997]], 0.07112757686449363)
INVERSE_POINT_ENCLOSURE ([[-0.4, -0.03, 0.02], [0.01, 0.1, 0.04], [-0.02, 0.01, 0.2]], [0.6, -0.1, 0.2], [0.0, 0.0, 0.19866933079506122, 0.9800665778412416], 2.0, [[-0.43008815116367893, -0.4300881511636779], [0.27955175232612756, 0.2795517523261287], [0.029999999999999957, 0.03000000000000004]], 0.22819106774840303)
INVERSE_POINT_ENCLOSURE ([[0.4, 0.03, -0.02], [0.01, 0.1, 0.04], [-0.02, 0.01, 0.2]], [0.6, -0.1, 0.2], [0.0, 0.0, 0.19866933079506122, 0.9800665778412416], 2.0, [[-0.04998120329326509, -0.04998120329326464], [0.15141624522275424, 0.15141624522275476], [0.009999999999999974, 0.01000000000000003]], 0.08679972417509728)
test root_rigid::tests::inverse_similarity_encloses_affine_corner_sums_and_reflections ... ok

test result: ok. 1 passed; 0 failed; 0 ignored; 0 measured; 110 filtered out; finished in 0.00s

