warning: unexpected `cfg` condition value: `nightly`
 --> crates/physics/src/biomechanics/mod.rs:5:7
  |
5 | #[cfg(feature = "nightly")]
  |       ^^^^^^^^^^^^^^^^^^^ help: remove the condition
  |
  = note: no expected values for `feature`
  = help: consider adding `nightly` as a feature in `Cargo.toml`
  = note: see <https://doc.rust-lang.org/nightly/rustc/check-cfg/cargo-specifics.html> for more information about checking conditional configuration
  = note: `#[warn(unexpected_cfgs)]` on by default

warning: unexpected `cfg` condition value: `nightly`
   --> crates/physics/src/biomechanics/mod.rs:893:7
    |
893 | #[cfg(feature = "nightly")]
    |       ^^^^^^^^^^^^^^^^^^^ help: remove the condition
    |
    = note: no expected values for `feature`
    = help: consider adding `nightly` as a feature in `Cargo.toml`
    = note: see <https://doc.rust-lang.org/nightly/rustc/check-cfg/cargo-specifics.html> for more information about checking conditional configuration

warning: `physics` (lib) generated 2 warnings
warning: field `weak_refs` is never read
  --> crates/voxy_assets/src/lib.rs:22:5
   |
18 | pub struct AssetCache {
   |            ---------- field in this struct
...
22 |     weak_refs: HashMap<String, usize>,
   |     ^^^^^^^^^
   |
   = note: `#[warn(dead_code)]` (part of `#[warn(unused)]`) on by default

warning: type does not implement `Debug`; consider adding `#[derive(Debug)]` or a manual implementation
  --> crates/voxy_assets/src/lib.rs:18:1
   |
18 | / pub struct AssetCache {
19 | |     /// In-memory cached assets (strong refs)
20 | |     strong_cache: Mutex<HashMap<String, Arc<dyn std::any::Any>>>,
21 | |     /// Weak references to prevent premature collection
22 | |     weak_refs: HashMap<String, usize>,
23 | | }
   | |_^
   |
   = note: requested on the command line with `-W missing-debug-implementations`

warning: `voxy_assets` (lib) generated 2 warnings
warning: function `admit_motion` is never used
   --> crates/voxy_gameplay/src/liquid_runtime/rigid_support.rs:888:15
    |
888 | pub(super) fn admit_motion(
    |               ^^^^^^^^^^^^
    |
    = note: `#[warn(dead_code)]` (part of `#[warn(unused)]`) on by default

warning: function `sweep_spin_path_static` is never used
   --> crates/voxy_gameplay/src/angular_sweep/rigid_pair.rs:299:15
    |
299 | pub(crate) fn sweep_spin_path_static(
    |               ^^^^^^^^^^^^^^^^^^^^^^

warning: function `sweep_rigid_motion_static` is never used
   --> crates/voxy_gameplay/src/angular_sweep/rigid_pair.rs:372:15
    |
372 | pub(crate) fn sweep_rigid_motion_static(
    |               ^^^^^^^^^^^^^^^^^^^^^^^^^

warning: function `sweep_rigid_motions` is never used
   --> crates/voxy_gameplay/src/angular_sweep/rigid_pair.rs:489:15
    |
489 | pub(crate) fn sweep_rigid_motions(
    |               ^^^^^^^^^^^^^^^^^^^

warning: fields `model_error_m`, `first`, and `second` are never read
   --> crates/voxy_gameplay/src/angular_sweep/rigid_pair.rs:734:9
    |
728 | pub(crate) struct RigidTrajectoryContact {
    |                   ---------------------- fields in this struct
...
734 |     pub model_error_m: f64,
    |         ^^^^^^^^^^^^^
735 |     pub first: physics::contact::ContactBody,
    |         ^^^^^
736 |     pub second: physics::contact::ContactBody,
    |         ^^^^^^
    |
    = note: `RigidTrajectoryContact` has derived impls for the traits `Debug` and `Clone`, but these are intentionally ignored during dead code analysis

warning: `voxy_gameplay` (lib) generated 5 warnings
warning: method `prepare_targets` is never used
   --> crates/voxy_editor/src/fog_draw.rs:156:12
    |
 43 | impl FogDraw {
    | ------------ method in this implementation
...
156 |     pub fn prepare_targets(
    |            ^^^^^^^^^^^^^^^
    |
    = note: `#[warn(dead_code)]` (part of `#[warn(unused)]`) on by default

warning: associated function `prepare` is never used
  --> crates/voxy_editor/src/frame_styles.rs:17:12
   |
16 | impl FrameStyles {
   | ---------------- associated function in this implementation
17 |     pub fn prepare(
   |            ^^^^^^^

warning: multiple methods are never used
   --> crates/voxy_editor/src/animation_runtime.rs:205:19
    |
202 | impl AnimationRuntime {
    | --------------------- methods in this implementation
...
205 |     pub(super) fn initialize_root_reference(
    |                   ^^^^^^^^^^^^^^^^^^^^^^^^^
...
235 |     pub(super) fn initialize_root_reference_at_phase(
    |                   ^^^^^^^^^^^^^^^^^^^^^^^^^^^^^^^^^^
...
251 |     fn initialize_root_reference_at_scaled_phase(
    |        ^^^^^^^^^^^^^^^^^^^^^^^^^^^^^^^^^^^^^^^^^
...
286 |     pub(super) fn capture_owner_reference_with_scale(
    |                   ^^^^^^^^^^^^^^^^^^^^^^^^^^^^^^^^^^
...
308 |     fn capture_owner_reference_with_similarity(
    |        ^^^^^^^^^^^^^^^^^^^^^^^^^^^^^^^^^^^^^^^
...
336 |     pub(super) fn capture_owner_reference_from_parent(
    |                   ^^^^^^^^^^^^^^^^^^^^^^^^^^^^^^^^^^^
...
644 |     pub(super) fn fixed_step_scene_fades(
    |                   ^^^^^^^^^^^^^^^^^^^^^^
...
767 |     pub(super) fn set_clip_events(
    |                   ^^^^^^^^^^^^^^^
...
997 |     pub(super) fn prepare(
    |                   ^^^^^^^

warning: associated function `new` is never used
   --> crates/voxy_editor/src/foot_placement.rs:235:19
    |
228 | impl FootRuntime {
    | ---------------- associated function in this implementation
...
235 |     pub(super) fn new(model: &ModelAsset, settings: ModelFootPlacement) -> Result<Self, String> {
    |                   ^^^

warning: method `bind_motion` is never used
   --> crates/voxy_editor/src/model_playback.rs:179:19
    |
150 | impl PreparedModelFade {
    | ---------------------- method in this implementation
...
179 |     pub(crate) fn bind_motion(
    |                   ^^^^^^^^^^^

warning: methods `prepare_certified_fade`, `set_clip_events`, and `advance_with_motion` are never used
   --> crates/voxy_editor/src/model_playback.rs:370:19
    |
337 | impl ModelPlayback {
    | ------------------ methods in this implementation
...
370 |     pub(crate) fn prepare_certified_fade(
    |                   ^^^^^^^^^^^^^^^^^^^^^^
...
523 |     pub(crate) fn set_clip_events(
    |                   ^^^^^^^^^^^^^^^
...
648 |     pub(crate) fn advance_with_motion<T>(
    |                   ^^^^^^^^^^^^^^^^^^^

warning: `voxy_editor` (lib) generated 6 warnings
warning: function `start_refinement_diagnostics` is never used
  --> crates/voxy_app/src/tissue_demo.rs:21:15
   |
21 | pub(crate) fn start_refinement_diagnostics() {
   |               ^^^^^^^^^^^^^^^^^^^^^^^^^^^^
   |
   = note: `#[warn(dead_code)]` (part of `#[warn(unused)]`) on by default

warning: function `take_refinement_diagnostics` is never used
  --> crates/voxy_app/src/tissue_demo.rs:24:15
   |
24 | pub(crate) fn take_refinement_diagnostics() -> BTreeMap<(&'static str, usize), u64> {
   |               ^^^^^^^^^^^^^^^^^^^^^^^^^^^

warning: method `body_volumes_m3` is never used
   --> crates/voxy_app/src/tissue_demo.rs:535:19
    |
268 | impl TissueDemo {
    | --------------- method in this implementation
...
535 |     pub(crate) fn body_volumes_m3(&self) -> Vec<f64> {
    |                   ^^^^^^^^^^^^^^^

warning: associated items `female_from_assets`, `advance_hair`, `set_strain_fixture`, and `orbit` are never used
    --> crates/voxy_app/src/female_demo.rs:199:19
     |
 195 | impl FemaleDemo {
     | --------------- associated items in this implementation
...
 199 |     pub(crate) fn female_from_assets(
     |                   ^^^^^^^^^^^^^^^^^^
...
 749 |     fn advance_hair(&mut self, h: f64, time: f64, head: glam::Mat4) -> Result<(), &'static str> {
     |        ^^^^^^^^^^^^
...
1028 |     pub(crate) fn set_strain_fixture(&mut self, x_stretch: f64) -> Result<(), &'static str> {
     |                   ^^^^^^^^^^^^^^^^^^
...
1146 |     pub(crate) fn orbit(&mut self, x: f32, y: f32) {
     |                   ^^^^^

warning: method `append_lod` is never used
   --> crates/voxy_app/src/female_hair.rs:319:12
    |
 21 | impl FemaleHair {
    | --------------- method in this implementation
...
319 |     pub fn append_lod(
    |            ^^^^^^^^^^

warning: method `topology` is never used
   --> crates/voxy_app/src/fem_demo.rs:100:19
    |
 56 | impl FemDemo {
    | ------------ method in this implementation
...
100 |     pub(crate) fn topology(&self) -> Result<(usize, usize), Box<dyn std::error::Error>> {
    |                   ^^^^^^^^

warning: `voxy_app` (lib test) generated 6 warnings
    Finished `release` profile [optimized] target(s) in 1.72s
     Running unittests src/lib.rs (/tmp/voxy-release-120fps-20261007/release/deps/voxy_app-1c1560a10812259f)

running 1 test
HAIR: 469 Cosserat guides, 20 segments each; E=4 GPa, fiber diameter=80 um; animated triangle contacts + guide self-contact
HAIR: 469 Cosserat guides, 20 segments each; E=4 GPa, fiber diameter=80 um; animated triangle contacts + guide self-contact
HYBRID HAIR ADAPTER AdapterInfo { name: "Apple M4 Max", vendor: 0, device: 0, device_type: IntegratedGpu, device_pci_bus_id: "", driver: "", driver_info: "", backend: Metal, subgroup_min_size: 4, subgroup_max_size: 64, transient_saves_memory: Some(true), limit_bucket: None }
HYBRID CONTACT CASE full
HYBRID TEST BACKEND cpu_control=false perturbation=0
HYBRID HAIR FRAME frame=1 max_position_error_m=0.000000000014988885133071506 max_quaternion_component_error=0.00000000045729975362007735
HYBRID HAIR FRAME frame=2 max_position_error_m=0.000000000023226927325925573 max_quaternion_component_error=0.0000000005337971037411293
HYBRID HAIR FRAME frame=3 max_position_error_m=0.00000000003940116288791984 max_quaternion_component_error=0.0000000006928125850791389
HYBRID HAIR FRAME frame=4 max_position_error_m=0.0000000005701194238927343 max_quaternion_component_error=0.000000018946710589329285
HYBRID HAIR FRAME frame=5 max_position_error_m=0.0000000005701194238927343 max_quaternion_component_error=0.000000018946710589329285
HYBRID HAIR FRAME frame=6 max_position_error_m=0.000000004612321219399362 max_quaternion_component_error=0.00000017621653716770602
HYBRID HAIR FRAME frame=7 max_position_error_m=0.000000051743384243962964 max_quaternion_component_error=0.0000010953920920320215
HYBRID HAIR FRAME frame=8 max_position_error_m=0.0000001305450820845988 max_quaternion_component_error=0.000002992917369826209
HYBRID HAIR FRAME frame=9 max_position_error_m=0.00000016949626215068125 max_quaternion_component_error=0.000002992917369826209
HYBRID HAIR FRAME frame=10 max_position_error_m=0.00000016949626215068125 max_quaternion_component_error=0.000004837571875776492
HAIR FIRST DIVERGENCE frame=11 rod=463 point=17 error_m=0.00008218434171200495
HAIR DIVERGENCE NEIGHBOR native point=16 position=[0.10688022073259959, 0.5632725913405928, 0.019982107121719533] body_distance_m=0.0033280058518547245 body_normal=[0.1871282561996555, 0.736993896822376, 0.64947903105354]
HAIR DIVERGENCE NEIGHBOR native point=17 position=[0.10910761770586326, 0.5556980830083859, 0.026498465458532613] body_distance_m=0.0026993773082841445 body_normal=[0.27387647999882064, 0.7062801659845821, 0.6528093143026122]
HAIR DIVERGENCE NEIGHBOR native point=18 position=[0.11068703296298012, 0.542726666773393, 0.03439030803766198] body_distance_m=0.0016932933164250149 body_normal=[0.22324473156378527, 0.608180031645093, 0.7617603553199569]
HAIR DIVERGENCE NEIGHBOR external point=16 position=[0.10688731099701974, 0.5632736539855815, 0.019936579056175952] body_distance_m=0.003300677367001251 body_normal=[0.18135205993070422, 0.7506685632076484, 0.6353016122840042]
HAIR DIVERGENCE NEIGHBOR external point=17 position=[0.10912353408269664, 0.555670356703596, 0.02641628111682061] body_distance_m=0.0026305031866370155 body_normal=[0.27387647999882064, 0.7062801659845821, 0.6528093143026122]
HAIR DIVERGENCE NEIGHBOR external point=18 position=[0.1106979303278311, 0.5427096846817646, 0.0343267572616372] body_distance_m=0.0016369874649665246 body_normal=[0.22324473156378527, 0.608180031645093, 0.7617603553199569]
HYBRID HAIR FRAME frame=11 max_position_error_m=0.00008218434171200495 max_quaternion_component_error=0.0019771589764936426
HYBRID HAIR FRAME frame=12 max_position_error_m=0.0011157546063546783 max_quaternion_component_error=0.016884788257796657
HYBRID HAIR FRAME frame=13 max_position_error_m=0.0013409682516933655 max_quaternion_component_error=0.0282220038220361
HYBRID HAIR FRAME frame=14 max_position_error_m=0.0017441673676809183 max_quaternion_component_error=0.03811142926226599
HYBRID HAIR FRAME frame=15 max_position_error_m=0.0019777156208966792 max_quaternion_component_error=0.03811142926226599
HYBRID HAIR FRAME frame=16 max_position_error_m=0.0022283635916663345 max_quaternion_component_error=0.03811142926226599
HYBRID HAIR FRAME frame=17 max_position_error_m=0.002353594842655151 max_quaternion_component_error=0.03811142926226599
HYBRID HAIR FRAME frame=18 max_position_error_m=0.0027374640945492246 max_quaternion_component_error=0.03811142926226599
HYBRID HAIR FRAME frame=19 max_position_error_m=0.003520886692373937 max_quaternion_component_error=0.03811142926226599
HYBRID HAIR FRAME frame=20 max_position_error_m=0.003520886692373937 max_quaternion_component_error=0.03811142926226599
HYBRID HAIR FRAME frame=21 max_position_error_m=0.0037453044163672233 max_quaternion_component_error=0.04585996503229442
HYBRID HAIR FRAME frame=22 max_position_error_m=0.0037453044163672233 max_quaternion_component_error=0.057050445421844384
HYBRID HAIR FRAME frame=23 max_position_error_m=0.004037251176437384 max_quaternion_component_error=0.06138097624035013
HYBRID HAIR FRAME frame=24 max_position_error_m=0.004454685522161966 max_quaternion_component_error=0.06716946993109407
HYBRID HAIR FRAME frame=25 max_position_error_m=0.00502824505760345 max_quaternion_component_error=0.07001046232049069
HYBRID HAIR FRAME frame=26 max_position_error_m=0.0055491320204468925 max_quaternion_component_error=0.07001046232049069
HYBRID HAIR FRAME frame=27 max_position_error_m=0.006382450883918936 max_quaternion_component_error=0.07001046232049069
HYBRID HAIR FRAME frame=28 max_position_error_m=0.007057844365807378 max_quaternion_component_error=0.07001046232049069
HYBRID HAIR FRAME frame=29 max_position_error_m=0.0075219540341862345 max_quaternion_component_error=0.07001046232049069
HYBRID HAIR FRAME frame=30 max_position_error_m=0.007804303074238045 max_quaternion_component_error=0.07001046232049069
HYBRID FULL HAIR guides=469 frames=30 calls=360 position_error_m=0.007804303074238045 quaternion_component_error=0.07001046232049069 native_ms=4504.398083 hybrid_ms=17758.523706999997 solver_bridge_ms=8240.494670999999
HYBRID LINEAR AUDIT max_errors=[0.0, 0.0] enabled=false

thread 'female_hair::tests::gpu_linear_solver_tracks_full_model_jump_with_contacts' (19788085) panicked at crates/voxy_app/src/female_hair.rs:789:9:
GPU position drift 0.007804303074238045
note: run with `RUST_BACKTRACE=1` environment variable to display a backtrace
test female_hair::tests::gpu_linear_solver_tracks_full_model_jump_with_contacts ... FAILED

failures:

failures:
    female_hair::tests::gpu_linear_solver_tracks_full_model_jump_with_contacts

test result: FAILED. 0 passed; 1 failed; 0 ignored; 0 measured; 304 filtered out; finished in 29.43s

error: test failed, to rerun pass `-p voxy_app --lib`
