   Compiling physics v0.1.0 (/tmp/voxy-contact-replay-20261006/crates/physics)
warning: unused import: `surface_distance::triangle_distance`
 --> crates/physics/src/biomechanics/contact_precision.rs:2:19
  |
2 | use super::{Vec3, surface_distance::triangle_distance};
  |                   ^^^^^^^^^^^^^^^^^^^^^^^^^^^^^^^^^^^
  |
  = note: `#[warn(unused_imports)]` (part of `#[warn(unused)]`) on by default

warning: unused import: `separation_lower_bound`
 --> crates/physics/src/biomechanics/surface_contact.rs:3:23
  |
3 |     PreparedTriangle, separation_lower_bound, triangle_distance, triangle_pair_path_is_open,
  |                       ^^^^^^^^^^^^^^^^^^^^^^

warning: `physics` (lib) generated 2 warnings (run `cargo fix --lib -p physics` to apply 2 suggestions)
    Finished `release` profile [optimized] target(s) in 25.56s
     Running unittests src/lib.rs (/tmp/voxy-moving-supports-final-20261005/release/deps/physics-b8ab5053a74b0b10)

running 109 tests
COMPENSATED_GAP old=3.12250225675825277e-17 compensated=3.12226381079976669e-17 oracle=3.12226381079976361e-17
COMPENSATED_GAP old=4.22838847269346729e-18 compensated=4.23438898245194204e-18 oracle=4.23438898245194204e-18
test biomechanics::contact_mollifier::tests::observed_plateau_edge_pair_is_outside_parallel_mollification ... ok
test biomechanics::contact_metric::tests::psd_projection_retains_positive_modes_and_removes_negative_modes ... ok
test biomechanics::contact_precision::tests::compensated_gap_keeps_exact_closed_floor_closed ... ok
test biomechanics::contact_mollifier::tests::gradient_matches_differences_and_balances_resultant ... ok
test biomechanics::contact_mollifier::tests::parallel_and_threshold_limits_and_invalid_geometry ... ok
test biomechanics::inertia::implicit::tests::coupled_geometric_direction_solves_cross_axis_blocks_and_holds_pins ... ok
test biomechanics::hgo::tests::invalid_inputs_and_fiber_overflow_are_rejected ... ok
test biomechanics::hgo::tests::energy_derivative_and_volume_independent_reinforcement ... ok
test biomechanics::inertia::thermal::tests::thermal_inventory_retains_sub_ulp_heat_and_rejects_complete_loss ... ok
test biomechanics::contact_precision::tests::captured_edge_gaps_agree_with_independent_decimal_oracle ... ok
test biomechanics::hgo::tests::rigid_rotation_covariance_and_compression_slackness ... ok
test biomechanics::hgo::tests::metric_stress_projects_to_deformation_response ... ok
test biomechanics::contact_metric::tests::geometric_hessian_matches_force_derivative_for_stable_features ... ok
test biomechanics::lbfgs::secant_tests::secant_scale_rejects_invalid_quadratic_forms_and_bounds_positive_ratios ... ok
test biomechanics::lbfgs::secant_tests::secant_admission_rejects_bad_curvature_and_bounds_memory ... ok
test biomechanics::inertia::implicit::tests::coupled_direction_matches_rank_one_inverse_and_holds_pins ... ok
test biomechanics::lbfgs::secant_tests::two_loop_matches_independent_dense_inverse_bfgs_updates ... ok
test biomechanics::prescribed_surface::index_tests::near_machine_precision_barrier_partition_diagnostic ... ignored, diagnostic extreme endpoint gaps; reports actual refinement admission
test biomechanics::prescribed_surface::instantaneous_pose_tests::instantaneous_pose_microbenchmark ... ignored, manual instantaneous-pose preparation benchmark
test biomechanics::prescribed_surface::normal_pruning_tests::normal_pruning_microbenchmark ... ignored, manual normal-pruning microbenchmark
test biomechanics::inertia::implicit::tests::averaged_material_search_gradient_matches_energy_differences ... ok
MOVING_OBSTACLE_FORCE_WORK actual_gap=4.00000059684512614e-18 defect_j=7.84213319282578425e-12
test biomechanics::prescribed_surface::index_tests::motion_cache_from_different_source_cannot_hide_crossing ... ok
test biomechanics::prescribed_surface::index_tests::compensated_moving_obstacle_force_work_matches_scalar_endpoint_oracle ... ok
test biomechanics::prescribed_surface::index_tests::prepared_motion_keeps_the_actual_source_when_cached_source_differs ... ok
test biomechanics::prescribed_surface::index_tests::path_normal_blocks_match_midpoint_force_derivative_in_narrow_gap ... ok
test biomechanics::prescribed_surface::index_tests::rejection_location_refines_only_its_interval ... ok
test biomechanics::prescribed_surface::local_displacement_precision_tests::local_path_retains_contact_change_below_world_coordinate_resolution ... ok
test biomechanics::prescribed_surface::restored_guess_tests::closed_fully_pinned_feature_cannot_be_restored ... ok
test biomechanics::prescribed_surface::restored_guess_tests::shallow_closed_guess_restores_separation_without_moving_pins_or_source ... ok
test biomechanics::stress_memory::tests::exact_ramp_and_hold_under_refinement ... ok
test biomechanics::stress_memory::tests::frozen_potential_differentiates_to_trial_stress ... ok
test biomechanics::prescribed_surface::instantaneous_pose_tests::instantaneous_samples_preserve_force_normal_and_motion_admission ... ok
test biomechanics::stress_memory::tests::rejected_solver_trials_do_not_change_committed_history ... ok
test biomechanics::stress_memory::tests::invalid_update_preserves_future_history ... ok
test biomechanics::stress_memory::tests::tiny_intervals_and_extreme_time_ratio_are_finite ... ok
test biomechanics::surface_contact::pruning_tests::frozen_wall_pruning_work_and_time ... ignored, requires VOXY_CONTACT_BENCH_OBJ frozen OBJ fixture
test biomechanics::surface_contact::pruning_tests::normal_barrier_curvature_matches_energy_second_difference ... ok
TRAJECTORY_FORCE_WORK precise_defect_j=7.84562692590640154e-12 rounded_defect_j=-8.15168144790989757e-9
test biomechanics::prescribed_surface::index_tests::compensated_trajectory_resolves_machine_scale_barrier_force_work ... ok
test biomechanics::surface_contact::pruning_tests::path_pruning_rejects_degenerate_candidate_before_distance_certificate ... ok
test biomechanics::prescribed_surface::index_tests::prepared_quadrature_poses_remain_bound_to_their_original_motion ... ok
test biomechanics::surface_distance::affine_precision_tests::oblique_triangle_and_edge_queries_share_affine_precision ... ok
test biomechanics::surface_distance::affine_precision_tests::oblique_vertex_face_keeps_small_separation_after_large_translation ... ok
test biomechanics::prescribed_surface::index_tests::indexed_energy_and_both_gradients_match_full_scan_after_refit ... ok
test biomechanics::surface_distance::moving_pair_frame_tests::closed_authored_endpoint_remains_rejected_in_relative_frame ... ok
test biomechanics::surface_distance::moving_pair_frame_tests::large_common_translation_keeps_a_binary_narrow_gap_open ... ok
test biomechanics::surface_distance::relative_motion_tests::common_translation_preserves_a_narrow_open_gap ... ok
test biomechanics::surface_distance::trajectory_precision_tests::authored_endpoints_survive_large_displacement_cancellation ... ok
test hair::contact::closed_surface_tests::oriented_crossings_preserve_nested_cavities ... ok
test hair::contact::closed_surface_tests::surface_vertex_is_ambiguous_and_nonfinite_queries_are_rejected ... ok
imposed HGO cycle dt=0.01 s, net work=381.491536208158 J/m^3
test hair::contact::first_surface_segment_tests::segment_hits_finite_surface_and_reports_distance_and_orientation ... ok
test biomechanics::surface_distance::relative_motion_tests::relative_motion_still_rejects_a_swept_crossing ... ok
test biomechanics::surface_distance::trajectory_precision_tests::reversed_trajectory_uses_identical_nearest_endpoint_arithmetic ... ok
test biomechanics::viscoelastic_hgo::tests::isotropic_volume_and_rejected_history ... ok
test biomechanics::tetra_mesh::refinement_tests::shared_faces_are_conforming_and_volume_is_preserved ... ok
test biomechanics::viscoelastic_hgo::tests::physical_step_commit_preserves_end_stress_and_frozen_gradient ... ok
test biomechanics::prescribed_surface::index_tests::adaptive_partition_resolves_endpoint_barrier_without_redefining_work ... ok
test hair::contact::query_tests::capsule_query_detects_interior_contact_and_rejects_distant_plane_extension ... ok
test hair::contact::query_tests::clearance_skips_match_full_queries_when_particles_cross_surface ... ok
imposed HGO cycle dt=0.1 s, net work=163.0789048078454 J/m^3
test biomechanics::prescribed_surface::normal_pruning_tests::conservative_normal_pruning_matches_unpruned_features_and_errors ... ok
test biomechanics::viscoelastic_hgo::tests::frozen_history_gradient_and_rotation ... ok
test hair::contact::query_tests::leaf_query_contains_exactly_overlapping_triangle_bounds ... ok
test hair::direct::tests::active_band_solve_recovers_known_solution_and_preserves_fixed_dofs ... ok
test hair::contact::query_tests::warm_start_remains_exact_after_surface_refit_and_far_motion ... ok
test biomechanics::viscoelastic_hgo::tests::closed_imposed_stretch_cycles_have_positive_work_in_checked_protocols ... ok
test hair::direct::tests::packed_constraint_matches_analytic_rank_one_matrix_with_fixed_root ... ok
test heat_exchange::tests::finite_heat_survives_underflowing_fraction_and_overflowing_intermediate_energy ... ok
test liquid::density_kernel_tests::normalized_volume_kernels_and_wendland_nonnegative_spectral_samples ... ok
test liquid::emission::tests::aperture_emission_is_invariant_under_extreme_direction_rescaling ... ok
test liquid::emission::tests::circular_aperture_samples_area_in_the_normal_plane_and_rolls_back ... ok
test liquid::emission::tests::finite_source_large_boost_admission_and_energy_rounding_are_bounded ... ok
test liquid::emission::tests::finite_source_recoil_conserves_mass_momentum_energy_and_late_failure ... ok
test biomechanics::surface_distance::lower_bound_tests::bounds_never_exceed_exact_features_on_random_oblique_triangles ... ok
test liquid::emission::tests::idle_finite_source_advances_only_clock_and_rejects_invalid_composition ... ok
test liquid::emission::tests::moving_nozzle_is_galilean_covariant_and_invalid_velocity_rolls_back ... ok
test liquid::emission::tests::pulses_conserve_volume_momentum_and_rollback ... ok
test liquid::emission::tests::reaction_books_actual_momentum_and_origin_dependent_torque_atomically ... ok
test liquid::emission::tests::finite_source_recoil_refines_to_continuous_variable_mass_solution ... ok
test liquid::rheology::tests::rank_deficient_strain_fit_requests_fallback_and_overflow_is_rejected ... ok
test liquid::rheology::tests::cream_flow_curve_density_and_atomic_configuration ... ok
test liquid::transport::implicit_heat_tests::opposite_extreme_bounds_do_not_overflow_the_midpoint ... ok
test liquid::transport::implicit_heat_tests::subresolution_exchange_still_admits_temperature_difference ... ok
test liquid::wall_pressure::tests::hydrostatic_affine_pressure_is_reproduced_for_irregular_neighbor_volumes ... ok
test liquid::water_helmholtz::tests::water_helmholtz_matches_official_table_six_derivatives ... ok
test planar::tests::endpoint_contact_has_radial_normal ... ok
test biomechanics::surface_contact::pruning_tests::pruning_preserves_unpruned_energy_gradients_and_contact_errors ... ok
test planar::tests::rotating_flipper_transfers_surface_velocity ... ok
test planar::tests::separating_overlap_is_corrected_without_second_impulse ... ok
test liquid::water_helmholtz::tests::water_helmholtz_critical_density_axis_has_finite_derivatives_away_from_critical_temperature ... ok
test planar::tests::wall_reflects_normal_and_preserves_tangent ... ok
test plasticity::mesh::quadratic::plane::coulomb::acceleration_tests::accelerated_dual_recovers_coupled_analytic_stick_slide_solution ... ok
test skin::shell::objective_tests::benchmark_objective_evaluations ... ignored, manual release performance measurement
test plasticity::mesh::quadratic::plane::tests::analytic_minimum_handles_edges_flat_singular_and_interior_cases ... ok
test triangle_index::cached_scale_tests::benchmark_cached_conservative_padding ... ignored, manual microbenchmark; candidate equivalence has a separate test
test skin::contact::broadphase_tests::bounding_box_never_discards_an_active_closest_feature ... ok
test liquid::thixotropy::tests::adaptive_substeps_match_replaying_each_accepted_interval ... ok
elastic pressure: tangent speed 0.952027601 -> 0.452003398 m/s
atlas refined points=2768 cells=12704 faces=2520 volume_m3=1.016668243963e-6
test tissue::reaction_friction_tests::elastic_pressure_produces_friction_without_incoming_normal_velocity ... ok
test plasticity::mesh::quadratic::plane::tests::analytic_minimum_agrees_with_independent_dense_triangle_search ... ok
test tissue::reaction_friction_tests::friction_budget_has_impulse_units_and_does_not_reverse_sliding ... ok
test triangle_index::tests::localized_query_prunes_large_mesh_and_sweep_keeps_crossing ... ok
test wear::suspension::compensated_tests::increments_below_two_part_precision_remain_owned ... ok
test biomechanics::tetra_mesh::refinement_tests::atlas_refinement_preserves_reference_volume_and_boundary ... ok
test wear::suspension::compensated_tests::sub_ulp_increments_accumulate_and_overflow_is_atomic ... ok
test triangle_index::cached_scale_tests::cached_padding_preserves_original_candidate_order_after_refit ... ok
test triangle_index::tests::static_and_swept_refits_never_drop_brute_force_candidates ... ok
test skin::shell::objective_tests::scalar_objective_matches_full_derivatives_with_history_and_contacts ... ok
test biomechanics::prescribed_surface::index_tests::indexed_motion_admission_matches_all_pairs_for_endpoint_trajectories ... ok
test surface_film::sphere::tests::swept_bounds_match_unfiltered_face_edge_vertex_and_overlap_queries ... ok
test skin::shell::objective_tests::parallel_elements_preserve_derivatives_and_integrated_state_exactly ... ok
trajectory_pruning samples=10000 accepted=2875 rejected=7125
test biomechanics::surface_contact::pruning_tests::path_pruning_never_accepts_a_path_rejected_by_exact_feature_guard ... ok

test result: ok. 103 passed; 0 failed; 6 ignored; 0 measured; 0 filtered out; finished in 0.82s

     Running tests/prescribed_surface_contact.rs (/tmp/voxy-moving-supports-final-20261005/release/deps/prescribed_surface_contact-83c4d1ef52a3c97d)

running 31 tests
test authored_contact_domain_preserves_source_indices_and_motion_identity ... ok
test feature_forces_and_torques_are_equal_and_opposite ... ok
test endpoint_disjoint_surface_motion_cannot_tunnel_through_body ... ok
test co_translating_rig_supports_and_triangle_surface_balance_both_actuators ... ok
test finite_triangle_has_no_infinite_plane_contact_outside_its_extent ... ok
test both_feature_gradients_match_independent_energy_differences ... ok
test co_moving_body_has_feasible_predictor_when_stationary_guess_closes_gap ... ok
test implicit_midpoint_books_obstacle_work_and_keeps_rejection_atomic ... ok
test implicit_tiny_step_preserves_impulse_below_world_position_resolution ... ok
TRIANGLE SURFACE work defects coarse=9.289653746117135e-9, fine=1.1560812648446668e-9
test malformed_geometry_and_changed_owner_reject_without_mutating_surface ... ok
test implicit_midpoint_free_motion_solves_constant_acceleration_and_contact_force ... ok
test implicit_narrow_gap_preserves_integrated_endpoint_and_energy_balance ... ok
test loose_energy_budget_cannot_bypass_implicit_force_equilibrium ... ok
test nearest_contact_reports_reconstructible_features_and_closed_gaps_read_only ... ok
test nonlinear_prescribed_dilation_integrates_material_work_without_contact ... ok
test moving_contact_restores_a_guess_when_stationary_and_velocity_poses_are_closed ... ok
test nonlinear_uniaxial_support_work_refines_without_temporal_subdivision ... ok
test normal_contact_blocks_match_force_differences_and_preserve_rigid_nullspace ... ok
test inertial_obstacle_motion_books_work_and_rejects_tunnelling_atomically ... ok
test obstacle_work_is_independent_and_refines_towards_potential_change ... ok
test initial_trajectory_rejects_crossing_missed_by_finite_gauss_samples_atomically ... ok
test infeasible_velocity_predictor_keeps_original_error_and_entire_state ... ok
test path_averaged_force_is_gradient_of_search_objective_and_books_narrow_gap_work ... ok
test implicit_maxwell_split_preserves_heat_work_and_rolls_back_every_owner ... ok
test translated_oblique_contact_preserves_energy_and_feature_forces ... ok
test subnanometre_contact_energy_detects_endpoint_reconstruction_roundoff ... ok
test path_quadrature_resolves_submicrometre_contact_work_without_widening_budget ... ok
test viscoelastic_surface_rejection_preserves_history_heat_and_obstacle_pose ... ok
test stiff_supported_tetrahedron_converges_with_strict_midpoint_work ... ok
DYNAMIC TRIANGLE SURFACE actuator work=1.916497584614464e-2, defect=-2.394378261889277e-8
test translating_triangle_obstacle_is_galilean_equivalent_in_actual_dynamics ... ok
test implicit_moving_contact_is_galilean_equivalent_and_books_actuator_power ... ok

test result: ok. 31 passed; 0 failed; 0 ignored; 0 measured; 0 filtered out; finished in 0.06s

