
running 1 test
SCREW_SPEED_ENCLOSURE ([([0.3, -0.1, 0.2], [0.7, 0.0, 0.0], 0.2), ([-0.2, 0.4, 0.1], [0.0, 0.8, 0.0], 0.3), ([0.1, 0.2, -0.3], [0.0, 0.0, 0.5], 0.4)], [(0.0, 0.2), (0.2, 0.5), (0.5, 0.9)], 0, [0.4, 0.1, -0.2], -2.0, 0.16223439832538616)
SCREW_SPEED_ENCLOSURE ([([0.3, -0.1, 0.2], [0.7, 0.0, 0.0], 0.2), ([-0.2, 0.4, 0.1], [0.0, 0.8, 0.0], 0.3), ([0.1, 0.2, -0.3], [0.0, 0.0, 0.5], 0.4)], [(0.0, 0.2), (0.2, 0.5), (0.5, 0.9)], 1, [0.4, 0.1, -0.2], -2.0, 0.3457126224738754)
SCREW_SPEED_ENCLOSURE ([([0.3, -0.1, 0.2], [0.7, 0.0, 0.0], 0.2), ([-0.2, 0.4, 0.1], [0.0, 0.8, 0.0], 0.3), ([0.1, 0.2, -0.3], [0.0, 0.0, 0.5], 0.4)], [(0.0, 0.2), (0.2, 0.5), (0.5, 0.9)], 2, [0.4, 0.1, -0.2], -2.0, 0.38629823955943854)
SCREW_SPEED_ENCLOSURE ([([0.3, -0.1, 0.2], [0.7, 0.0, 0.0], 0.2), ([-0.2, 0.4, 0.1], [0.0, 0.8, 0.0], 0.3), ([0.1, 0.2, -0.3], [0.0, 0.0, 0.5], 0.4)], [(0.0, 0.2), (0.2, 0.5), (0.5, 0.9)], 0, [-0.3, 0.2, 0.5], -2.0, 0.25553082005895145)
SCREW_SPEED_ENCLOSURE ([([0.3, -0.1, 0.2], [0.7, 0.0, 0.0], 0.2), ([-0.2, 0.4, 0.1], [0.0, 0.8, 0.0], 0.3), ([0.1, 0.2, -0.3], [0.0, 0.0, 0.5], 0.4)], [(0.0, 0.2), (0.2, 0.5), (0.5, 0.9)], 1, [-0.3, 0.2, 0.5], -2.0, 0.33264034739715986)
SCREW_SPEED_ENCLOSURE ([([0.3, -0.1, 0.2], [0.7, 0.0, 0.0], 0.2), ([-0.2, 0.4, 0.1], [0.0, 0.8, 0.0], 0.3), ([0.1, 0.2, -0.3], [0.0, 0.0, 0.5], 0.4)], [(0.0, 0.2), (0.2, 0.5), (0.5, 0.9)], 2, [-0.3, 0.2, 0.5], -2.0, 0.2593635911997393)
SCREW_SPEED_ENCLOSURE ([([0.3, -0.1, 0.2], [0.7, 0.0, 0.0], 0.2), ([-0.2, 0.4, 0.1], [0.0, 0.8, 0.0], 0.3), ([0.1, 0.2, -0.3], [0.0, 0.0, 0.5], 0.4)], [(0.0, 0.2), (0.2, 0.5), (0.5, 0.9)], 0, [0.0, 1000.0, 0.0], -2.0, 280.08002856326664)
SCREW_SPEED_ENCLOSURE ([([0.3, -0.1, 0.2], [0.7, 0.0, 0.0], 0.2), ([-0.2, 0.4, 0.1], [0.0, 0.8, 0.0], 0.3), ([0.1, 0.2, -0.3], [0.0, 0.0, 0.5], 0.4)], [(0.0, 0.2), (0.2, 0.5), (0.5, 0.9)], 1, [0.0, 1000.0, 0.0], -2.0, 66.87959937113231)
SCREW_SPEED_ENCLOSURE ([([0.3, -0.1, 0.2], [0.7, 0.0, 0.0], 0.2), ([-0.2, 0.4, 0.1], [0.0, 0.8, 0.0], 0.3), ([0.1, 0.2, -0.3], [0.0, 0.0, 0.5], 0.4)], [(0.0, 0.2), (0.2, 0.5), (0.5, 0.9)], 2, [0.0, 1000.0, 0.0], -2.0, 396.273107133598)
SCREW_SPEED_ENCLOSURE ([([0.3, -0.1, 0.2], [0.7, 0.0, 0.0], 0.2), ([-0.2, 0.4, 0.1], [0.0, 0.8, 0.0], 0.3), ([0.1, 0.2, -0.3], [0.0, 0.0, 0.5], 0.4)], [(0.0, 0.2), (0.2, 0.5), (0.5, 0.9)], 0, [0.4, 0.1, -0.2], 0.5, 0.04055859958134654)
SCREW_SPEED_ENCLOSURE ([([0.3, -0.1, 0.2], [0.7, 0.0, 0.0], 0.2), ([-0.2, 0.4, 0.1], [0.0, 0.8, 0.0], 0.3), ([0.1, 0.2, -0.3], [0.0, 0.0, 0.5], 0.4)], [(0.0, 0.2), (0.2, 0.5), (0.5, 0.9)], 1, [0.4, 0.1, -0.2], 0.5, 0.08642815561846885)
SCREW_SPEED_ENCLOSURE ([([0.3, -0.1, 0.2], [0.7, 0.0, 0.0], 0.2), ([-0.2, 0.4, 0.1], [0.0, 0.8, 0.0], 0.3), ([0.1, 0.2, -0.3], [0.0, 0.0, 0.5], 0.4)], [(0.0, 0.2), (0.2, 0.5), (0.5, 0.9)], 2, [0.4, 0.1, -0.2], 0.5, 0.09657455988985963)
SCREW_SPEED_ENCLOSURE ([([0.3, -0.1, 0.2], [0.7, 0.0, 0.0], 0.2), ([-0.2, 0.4, 0.1], [0.0, 0.8, 0.0], 0.3), ([0.1, 0.2, -0.3], [0.0, 0.0, 0.5], 0.4)], [(0.0, 0.2), (0.2, 0.5), (0.5, 0.9)], 0, [-0.3, 0.2, 0.5], 0.5, 0.06388270501473786)
SCREW_SPEED_ENCLOSURE ([([0.3, -0.1, 0.2], [0.7, 0.0, 0.0], 0.2), ([-0.2, 0.4, 0.1], [0.0, 0.8, 0.0], 0.3), ([0.1, 0.2, -0.3], [0.0, 0.0, 0.5], 0.4)], [(0.0, 0.2), (0.2, 0.5), (0.5, 0.9)], 1, [-0.3, 0.2, 0.5], 0.5, 0.08316008684928997)
SCREW_SPEED_ENCLOSURE ([([0.3, -0.1, 0.2], [0.7, 0.0, 0.0], 0.2), ([-0.2, 0.4, 0.1], [0.0, 0.8, 0.0], 0.3), ([0.1, 0.2, -0.3], [0.0, 0.0, 0.5], 0.4)], [(0.0, 0.2), (0.2, 0.5), (0.5, 0.9)], 2, [-0.3, 0.2, 0.5], 0.5, 0.06484089779993482)
SCREW_SPEED_ENCLOSURE ([([0.3, -0.1, 0.2], [0.7, 0.0, 0.0], 0.2), ([-0.2, 0.4, 0.1], [0.0, 0.8, 0.0], 0.3), ([0.1, 0.2, -0.3], [0.0, 0.0, 0.5], 0.4)], [(0.0, 0.2), (0.2, 0.5), (0.5, 0.9)], 0, [0.0, 1000.0, 0.0], 0.5, 70.02000714081666)
SCREW_SPEED_ENCLOSURE ([([0.3, -0.1, 0.2], [0.7, 0.0, 0.0], 0.2), ([-0.2, 0.4, 0.1], [0.0, 0.8, 0.0], 0.3), ([0.1, 0.2, -0.3], [0.0, 0.0, 0.5], 0.4)], [(0.0, 0.2), (0.2, 0.5), (0.5, 0.9)], 1, [0.0, 1000.0, 0.0], 0.5, 16.71989984278308)
SCREW_SPEED_ENCLOSURE ([([0.3, -0.1, 0.2], [0.7, 0.0, 0.0], 0.2), ([-0.2, 0.4, 0.1], [0.0, 0.8, 0.0], 0.3), ([0.1, 0.2, -0.3], [0.0, 0.0, 0.5], 0.4)], [(0.0, 0.2), (0.2, 0.5), (0.5, 0.9)], 2, [0.0, 1000.0, 0.0], 0.5, 99.0682767833995)
SCREW_SPEED_ENCLOSURE ([([0.3, -0.1, 0.2], [0.7, 0.0, 0.0], 0.2), ([-0.2, 0.4, 0.1], [0.0, 0.8, 0.0], 0.3), ([0.1, 0.2, -0.3], [0.0, 0.0, 0.5], 0.4)], [(0.0, 0.2), (0.2, 0.5), (0.5, 0.9)], 0, [0.4, 0.1, -0.2], 2.0, 0.16223439832538616)
SCREW_SPEED_ENCLOSURE ([([0.3, -0.1, 0.2], [0.7, 0.0, 0.0], 0.2), ([-0.2, 0.4, 0.1], [0.0, 0.8, 0.0], 0.3), ([0.1, 0.2, -0.3], [0.0, 0.0, 0.5], 0.4)], [(0.0, 0.2), (0.2, 0.5), (0.5, 0.9)], 1, [0.4, 0.1, -0.2], 2.0, 0.3457126224738754)
SCREW_SPEED_ENCLOSURE ([([0.3, -0.1, 0.2], [0.7, 0.0, 0.0], 0.2), ([-0.2, 0.4, 0.1], [0.0, 0.8, 0.0], 0.3), ([0.1, 0.2, -0.3], [0.0, 0.0, 0.5], 0.4)], [(0.0, 0.2), (0.2, 0.5), (0.5, 0.9)], 2, [0.4, 0.1, -0.2], 2.0, 0.38629823955943854)
SCREW_SPEED_ENCLOSURE ([([0.3, -0.1, 0.2], [0.7, 0.0, 0.0], 0.2), ([-0.2, 0.4, 0.1], [0.0, 0.8, 0.0], 0.3), ([0.1, 0.2, -0.3], [0.0, 0.0, 0.5], 0.4)], [(0.0, 0.2), (0.2, 0.5), (0.5, 0.9)], 0, [-0.3, 0.2, 0.5], 2.0, 0.25553082005895145)
SCREW_SPEED_ENCLOSURE ([([0.3, -0.1, 0.2], [0.7, 0.0, 0.0], 0.2), ([-0.2, 0.4, 0.1], [0.0, 0.8, 0.0], 0.3), ([0.1, 0.2, -0.3], [0.0, 0.0, 0.5], 0.4)], [(0.0, 0.2), (0.2, 0.5), (0.5, 0.9)], 1, [-0.3, 0.2, 0.5], 2.0, 0.33264034739715986)
SCREW_SPEED_ENCLOSURE ([([0.3, -0.1, 0.2], [0.7, 0.0, 0.0], 0.2), ([-0.2, 0.4, 0.1], [0.0, 0.8, 0.0], 0.3), ([0.1, 0.2, -0.3], [0.0, 0.0, 0.5], 0.4)], [(0.0, 0.2), (0.2, 0.5), (0.5, 0.9)], 2, [-0.3, 0.2, 0.5], 2.0, 0.2593635911997393)
SCREW_SPEED_ENCLOSURE ([([0.3, -0.1, 0.2], [0.7, 0.0, 0.0], 0.2), ([-0.2, 0.4, 0.1], [0.0, 0.8, 0.0], 0.3), ([0.1, 0.2, -0.3], [0.0, 0.0, 0.5], 0.4)], [(0.0, 0.2), (0.2, 0.5), (0.5, 0.9)], 0, [0.0, 1000.0, 0.0], 2.0, 280.08002856326664)
SCREW_SPEED_ENCLOSURE ([([0.3, -0.1, 0.2], [0.7, 0.0, 0.0], 0.2), ([-0.2, 0.4, 0.1], [0.0, 0.8, 0.0], 0.3), ([0.1, 0.2, -0.3], [0.0, 0.0, 0.5], 0.4)], [(0.0, 0.2), (0.2, 0.5), (0.5, 0.9)], 1, [0.0, 1000.0, 0.0], 2.0, 66.87959937113231)
SCREW_SPEED_ENCLOSURE ([([0.3, -0.1, 0.2], [0.7, 0.0, 0.0], 0.2), ([-0.2, 0.4, 0.1], [0.0, 0.8, 0.0], 0.3), ([0.1, 0.2, -0.3], [0.0, 0.0, 0.5], 0.4)], [(0.0, 0.2), (0.2, 0.5), (0.5, 0.9)], 2, [0.0, 1000.0, 0.0], 2.0, 396.273107133598)
test root_rigid::tests::ordered_screw_speed_caps_enclose_initial_and_interior_point_velocities ... ok

test result: ok. 1 passed; 0 failed; 0 ignored; 0 measured; 111 filtered out; finished in 0.00s

