warning: unexpected `cfg` condition value: `nightly`
 --> crates/physics/src/biomechanics/mod.rs:5:7
  |
5 | #[cfg(feature = "nightly")]
  |       ^^^^^^^^^^^^^^^^^^^ help: remove the condition
  |
  = note: no expected values for `feature`
  = help: consider adding `nightly` as a feature in `Cargo.toml`
  = note: see <https://doc.rust-lang.org/nightly/rustc/check-cfg/cargo-specifics.html> for more information about checking conditional configuration
  = note: `#[warn(unexpected_cfgs)]` on by default

warning: unexpected `cfg` condition value: `nightly`
   --> crates/physics/src/biomechanics/mod.rs:893:7
    |
893 | #[cfg(feature = "nightly")]
    |       ^^^^^^^^^^^^^^^^^^^ help: remove the condition
    |
    = note: no expected values for `feature`
    = help: consider adding `nightly` as a feature in `Cargo.toml`
    = note: see <https://doc.rust-lang.org/nightly/rustc/check-cfg/cargo-specifics.html> for more information about checking conditional configuration

warning: `physics` (lib) generated 2 warnings
warning: field `weak_refs` is never read
  --> crates/voxy_assets/src/lib.rs:22:5
   |
18 | pub struct AssetCache {
   |            ---------- field in this struct
...
22 |     weak_refs: HashMap<String, usize>,
   |     ^^^^^^^^^
   |
   = note: `#[warn(dead_code)]` (part of `#[warn(unused)]`) on by default

warning: type does not implement `Debug`; consider adding `#[derive(Debug)]` or a manual implementation
  --> crates/voxy_assets/src/lib.rs:18:1
   |
18 | / pub struct AssetCache {
19 | |     /// In-memory cached assets (strong refs)
20 | |     strong_cache: Mutex<HashMap<String, Arc<dyn std::any::Any>>>,
21 | |     /// Weak references to prevent premature collection
22 | |     weak_refs: HashMap<String, usize>,
23 | | }
   | |_^
   |
   = note: requested on the command line with `-W missing-debug-implementations`

warning: `voxy_assets` (lib) generated 2 warnings
warning: function `admit_motion` is never used
   --> crates/voxy_gameplay/src/liquid_runtime/rigid_support.rs:888:15
    |
888 | pub(super) fn admit_motion(
    |               ^^^^^^^^^^^^
    |
    = note: `#[warn(dead_code)]` (part of `#[warn(unused)]`) on by default

warning: function `sweep_spin_path_static` is never used
   --> crates/voxy_gameplay/src/angular_sweep/rigid_pair.rs:299:15
    |
299 | pub(crate) fn sweep_spin_path_static(
    |               ^^^^^^^^^^^^^^^^^^^^^^

warning: function `sweep_rigid_motion_static` is never used
   --> crates/voxy_gameplay/src/angular_sweep/rigid_pair.rs:372:15
    |
372 | pub(crate) fn sweep_rigid_motion_static(
    |               ^^^^^^^^^^^^^^^^^^^^^^^^^

warning: function `sweep_rigid_motions` is never used
   --> crates/voxy_gameplay/src/angular_sweep/rigid_pair.rs:489:15
    |
489 | pub(crate) fn sweep_rigid_motions(
    |               ^^^^^^^^^^^^^^^^^^^

warning: fields `model_error_m`, `first`, and `second` are never read
   --> crates/voxy_gameplay/src/angular_sweep/rigid_pair.rs:734:9
    |
728 | pub(crate) struct RigidTrajectoryContact {
    |                   ---------------------- fields in this struct
...
734 |     pub model_error_m: f64,
    |         ^^^^^^^^^^^^^
735 |     pub first: physics::contact::ContactBody,
    |         ^^^^^
736 |     pub second: physics::contact::ContactBody,
    |         ^^^^^^
    |
    = note: `RigidTrajectoryContact` has derived impls for the traits `Debug` and `Clone`, but these are intentionally ignored during dead code analysis

warning: `voxy_gameplay` (lib) generated 5 warnings
warning: method `prepare_targets` is never used
   --> crates/voxy_editor/src/fog_draw.rs:156:12
    |
 43 | impl FogDraw {
    | ------------ method in this implementation
...
156 |     pub fn prepare_targets(
    |            ^^^^^^^^^^^^^^^
    |
    = note: `#[warn(dead_code)]` (part of `#[warn(unused)]`) on by default

warning: associated function `prepare` is never used
  --> crates/voxy_editor/src/frame_styles.rs:17:12
   |
16 | impl FrameStyles {
   | ---------------- associated function in this implementation
17 |     pub fn prepare(
   |            ^^^^^^^

warning: multiple methods are never used
   --> crates/voxy_editor/src/animation_runtime.rs:205:19
    |
202 | impl AnimationRuntime {
    | --------------------- methods in this implementation
...
205 |     pub(super) fn initialize_root_reference(
    |                   ^^^^^^^^^^^^^^^^^^^^^^^^^
...
235 |     pub(super) fn initialize_root_reference_at_phase(
    |                   ^^^^^^^^^^^^^^^^^^^^^^^^^^^^^^^^^^
...
251 |     fn initialize_root_reference_at_scaled_phase(
    |        ^^^^^^^^^^^^^^^^^^^^^^^^^^^^^^^^^^^^^^^^^
...
286 |     pub(super) fn capture_owner_reference_with_scale(
    |                   ^^^^^^^^^^^^^^^^^^^^^^^^^^^^^^^^^^
...
308 |     fn capture_owner_reference_with_similarity(
    |        ^^^^^^^^^^^^^^^^^^^^^^^^^^^^^^^^^^^^^^^
...
336 |     pub(super) fn capture_owner_reference_from_parent(
    |                   ^^^^^^^^^^^^^^^^^^^^^^^^^^^^^^^^^^^
...
644 |     pub(super) fn fixed_step_scene_fades(
    |                   ^^^^^^^^^^^^^^^^^^^^^^
...
767 |     pub(super) fn set_clip_events(
    |                   ^^^^^^^^^^^^^^^
...
997 |     pub(super) fn prepare(
    |                   ^^^^^^^

warning: associated function `new` is never used
   --> crates/voxy_editor/src/foot_placement.rs:235:19
    |
228 | impl FootRuntime {
    | ---------------- associated function in this implementation
...
235 |     pub(super) fn new(model: &ModelAsset, settings: ModelFootPlacement) -> Result<Self, String> {
    |                   ^^^

warning: method `bind_motion` is never used
   --> crates/voxy_editor/src/model_playback.rs:179:19
    |
150 | impl PreparedModelFade {
    | ---------------------- method in this implementation
...
179 |     pub(crate) fn bind_motion(
    |                   ^^^^^^^^^^^

warning: methods `prepare_certified_fade`, `set_clip_events`, and `advance_with_motion` are never used
   --> crates/voxy_editor/src/model_playback.rs:370:19
    |
337 | impl ModelPlayback {
    | ------------------ methods in this implementation
...
370 |     pub(crate) fn prepare_certified_fade(
    |                   ^^^^^^^^^^^^^^^^^^^^^^
...
523 |     pub(crate) fn set_clip_events(
    |                   ^^^^^^^^^^^^^^^
...
648 |     pub(crate) fn advance_with_motion<T>(
    |                   ^^^^^^^^^^^^^^^^^^^

warning: `voxy_editor` (lib) generated 6 warnings
warning: function `start_refinement_diagnostics` is never used
  --> crates/voxy_app/src/tissue_demo.rs:21:15
   |
21 | pub(crate) fn start_refinement_diagnostics() {
   |               ^^^^^^^^^^^^^^^^^^^^^^^^^^^^
   |
   = note: `#[warn(dead_code)]` (part of `#[warn(unused)]`) on by default

warning: function `take_refinement_diagnostics` is never used
  --> crates/voxy_app/src/tissue_demo.rs:24:15
   |
24 | pub(crate) fn take_refinement_diagnostics() -> BTreeMap<(&'static str, usize), u64> {
   |               ^^^^^^^^^^^^^^^^^^^^^^^^^^^

warning: method `body_volumes_m3` is never used
   --> crates/voxy_app/src/tissue_demo.rs:535:19
    |
268 | impl TissueDemo {
    | --------------- method in this implementation
...
535 |     pub(crate) fn body_volumes_m3(&self) -> Vec<f64> {
    |                   ^^^^^^^^^^^^^^^

warning: associated items `female_from_assets`, `advance_hair`, `set_strain_fixture`, and `orbit` are never used
    --> crates/voxy_app/src/female_demo.rs:199:19
     |
 195 | impl FemaleDemo {
     | --------------- associated items in this implementation
...
 199 |     pub(crate) fn female_from_assets(
     |                   ^^^^^^^^^^^^^^^^^^
...
 749 |     fn advance_hair(&mut self, h: f64, time: f64, head: glam::Mat4) -> Result<(), &'static str> {
     |        ^^^^^^^^^^^^
...
1028 |     pub(crate) fn set_strain_fixture(&mut self, x_stretch: f64) -> Result<(), &'static str> {
     |                   ^^^^^^^^^^^^^^^^^^
...
1146 |     pub(crate) fn orbit(&mut self, x: f32, y: f32) {
     |                   ^^^^^

warning: method `append_lod` is never used
   --> crates/voxy_app/src/female_hair.rs:319:12
    |
 21 | impl FemaleHair {
    | --------------- method in this implementation
...
319 |     pub fn append_lod(
    |            ^^^^^^^^^^

warning: method `topology` is never used
   --> crates/voxy_app/src/fem_demo.rs:100:19
    |
 56 | impl FemDemo {
    | ------------ method in this implementation
...
100 |     pub(crate) fn topology(&self) -> Result<(usize, usize), Box<dyn std::error::Error>> {
    |                   ^^^^^^^^

warning: `voxy_app` (lib test) generated 6 warnings
    Finished `release` profile [optimized] target(s) in 0.22s
     Running unittests src/lib.rs (/tmp/voxy-release-120fps-20261007/release/deps/voxy_app-1c1560a10812259f)

running 1 test
HAIR: 469 Cosserat guides, 20 segments each; E=4 GPa, fiber diameter=80 um; animated triangle contacts + guide self-contact
HAIR: 469 Cosserat guides, 20 segments each; E=4 GPa, fiber diameter=80 um; animated triangle contacts + guide self-contact
HYBRID HAIR ADAPTER AdapterInfo { name: "Apple M4 Max", vendor: 0, device: 0, device_type: IntegratedGpu, device_pci_bus_id: "", driver: "", driver_info: "", backend: Metal, subgroup_min_size: 4, subgroup_max_size: 64, transient_saves_memory: Some(true), limit_bucket: None }
HYBRID EXTRA DIVISION REFINEMENT false
HYBRID CONTACT CASE full
HYBRID TEST BACKEND cpu_control=true perturbation=0.0000000001
HYBRID HAIR FRAME frame=1 max_position_error_m=0.00000000000008704148513061227 max_quaternion_component_error=0.00000000000240213404723022
HYBRID HAIR FRAME frame=2 max_position_error_m=0.0000000000004513750484491652 max_quaternion_component_error=0.000000000012375434010891695
HYBRID HAIR FRAME frame=3 max_position_error_m=0.0000000000021012080964055713 max_quaternion_component_error=0.000000000041591619037717464
HYBRID HAIR FRAME frame=4 max_position_error_m=0.0000000000023239188351453777 max_quaternion_component_error=0.00000000004380945606285991
HYBRID HAIR FRAME frame=5 max_position_error_m=0.0000000000026375707173897922 max_quaternion_component_error=0.000000000043859582632421734
HYBRID HAIR FRAME frame=6 max_position_error_m=0.000000000002696440293270541 max_quaternion_component_error=0.000000000043859582632421734
HYBRID HAIR FRAME frame=7 max_position_error_m=0.0000000000029922175848184906 max_quaternion_component_error=0.000000000044491965667248223
HYBRID HAIR FRAME frame=8 max_position_error_m=0.0000000000030478050638826915 max_quaternion_component_error=0.00000000004503813988421257
HYBRID HAIR FRAME frame=9 max_position_error_m=0.000000000004436666312113147 max_quaternion_component_error=0.00000000007199413287750644
HYBRID HAIR FRAME frame=10 max_position_error_m=0.000000000006768561405801066 max_quaternion_component_error=0.00000000012228887347198736
HYBRID HAIR FRAME frame=11 max_position_error_m=0.000000000007427631426581982 max_quaternion_component_error=0.00000000012228887347198736
HYBRID HAIR FRAME frame=12 max_position_error_m=0.000000000008764683423478914 max_quaternion_component_error=0.00000000012228887347198736
HYBRID HAIR FRAME frame=13 max_position_error_m=0.00000000001086630785351872 max_quaternion_component_error=0.00000000012228887347198736
HYBRID HAIR FRAME frame=14 max_position_error_m=0.000000000012770368096326479 max_quaternion_component_error=0.00000000012256984316394437
HYBRID HAIR FRAME frame=15 max_position_error_m=0.000000000014558770855543912 max_quaternion_component_error=0.00000000015415801968288179
HYBRID HAIR FRAME frame=16 max_position_error_m=0.000000000016279366743532364 max_quaternion_component_error=0.00000000017842580191107515
HYBRID HAIR FRAME frame=17 max_position_error_m=0.0000000000179633530272838 max_quaternion_component_error=0.00000000022833818169587516
HYBRID HAIR FRAME frame=18 max_position_error_m=0.000000000019628965119977693 max_quaternion_component_error=0.00000000034865588194321617
HYBRID HAIR FRAME frame=19 max_position_error_m=0.000000000026846344591824334 max_quaternion_component_error=0.000000000456872151222143
HYBRID HAIR FRAME frame=20 max_position_error_m=0.00000000003461422815043136 max_quaternion_component_error=0.0000000005369096278684538
HYBRID HAIR FRAME frame=21 max_position_error_m=0.000000000039444489341455835 max_quaternion_component_error=0.0000000005369096278684538
HYBRID HAIR FRAME frame=22 max_position_error_m=0.000000000039444489341455835 max_quaternion_component_error=0.0000000005369096278684538
HYBRID HAIR FRAME frame=23 max_position_error_m=0.000000000039444489341455835 max_quaternion_component_error=0.0000000005369096278684538
HYBRID HAIR FRAME frame=24 max_position_error_m=0.000000000039444489341455835 max_quaternion_component_error=0.0000000005369096278684538
HYBRID HAIR FRAME frame=25 max_position_error_m=0.000000000039444489341455835 max_quaternion_component_error=0.0000000005369096278684538
HYBRID HAIR FRAME frame=26 max_position_error_m=0.00000000005901448774103812 max_quaternion_component_error=0.0000000011815899925160522
HYBRID HAIR FRAME frame=27 max_position_error_m=0.00000000009605920225919107 max_quaternion_component_error=0.000000001533180027379899
HYBRID HAIR FRAME frame=28 max_position_error_m=0.00000000013654483099756476 max_quaternion_component_error=0.000000002184659675386058
HYBRID HAIR FRAME frame=29 max_position_error_m=0.00000000017275658681370487 max_quaternion_component_error=0.0000000027397944468710023
HYBRID HAIR FRAME frame=30 max_position_error_m=0.00000000020541576772892256 max_quaternion_component_error=0.0000000032696873542015226
HYBRID HAIR FRAME frame=31 max_position_error_m=0.00000000023494074741226 max_quaternion_component_error=0.000000003756516042674463
HYBRID HAIR FRAME frame=32 max_position_error_m=0.00000000026049545853723544 max_quaternion_component_error=0.000000004198396352794731
HYBRID HAIR FRAME frame=33 max_position_error_m=0.0000000002815650351761789 max_quaternion_component_error=0.000000004569266021103857
HYBRID HAIR FRAME frame=34 max_position_error_m=0.00000000029753630115259 max_quaternion_component_error=0.000000004833247246871508
HYBRID HAIR FRAME frame=35 max_position_error_m=0.0000000003077469112877651 max_quaternion_component_error=0.0000000049606074525865296
HYBRID HAIR FRAME frame=36 max_position_error_m=0.00000000034267899629014664 max_quaternion_component_error=0.00000000498177764318708
HYBRID HAIR FRAME frame=37 max_position_error_m=0.0000000004358643931889894 max_quaternion_component_error=0.000000005300861694035319
HYBRID HAIR FRAME frame=38 max_position_error_m=0.0000000005246034093242535 max_quaternion_component_error=0.00000000592585852610128
HYBRID HAIR FRAME frame=39 max_position_error_m=0.0000000006084943382500541 max_quaternion_component_error=0.000000006381183748072061
HYBRID HAIR FRAME frame=40 max_position_error_m=0.0000000006870521443436139 max_quaternion_component_error=0.000000006669349239540878
HYBRID HAIR FRAME frame=41 max_position_error_m=0.0000000007597878576293127 max_quaternion_component_error=0.000000006854695117075593
HYBRID HAIR FRAME frame=42 max_position_error_m=0.0000000008262933462455102 max_quaternion_component_error=0.00000000747828696190389
HYBRID HAIR FRAME frame=43 max_position_error_m=0.0000000008863045852791629 max_quaternion_component_error=0.000000008051780603368641
HYBRID HAIR FRAME frame=44 max_position_error_m=0.0000000009743158294051035 max_quaternion_component_error=0.000000008588497329986566
HYBRID HAIR FRAME frame=45 max_position_error_m=0.000000001114126978174479 max_quaternion_component_error=0.000000009088901631315593
HYBRID HAIR FRAME frame=46 max_position_error_m=0.0000000012374938018755444 max_quaternion_component_error=0.000000009538973916312088
HYBRID HAIR FRAME frame=47 max_position_error_m=0.000000001339112799814135 max_quaternion_component_error=0.000000009913517479143152
HYBRID HAIR FRAME frame=48 max_position_error_m=0.0000000014158243605288945 max_quaternion_component_error=0.000000010182473267339454
HYBRID HAIR FRAME frame=49 max_position_error_m=0.00000000146658943322997 max_quaternion_component_error=0.000000010317997456432693
HYBRID HAIR FRAME frame=50 max_position_error_m=0.0000000014921642879639485 max_quaternion_component_error=0.000000010317997456432693
HYBRID HAIR FRAME frame=51 max_position_error_m=0.0000000014921642879639485 max_quaternion_component_error=0.000000014613946885955187
HYBRID HAIR FRAME frame=52 max_position_error_m=0.0000000014921642879639485 max_quaternion_component_error=0.00000001607984917439964
HYBRID HAIR FRAME frame=53 max_position_error_m=0.0000000014921642879639485 max_quaternion_component_error=0.00000001607984917439964
HYBRID HAIR FRAME frame=54 max_position_error_m=0.0000000014921642879639485 max_quaternion_component_error=0.00000001607984917439964
HYBRID HAIR FRAME frame=55 max_position_error_m=0.0000000014921642879639485 max_quaternion_component_error=0.00000001607984917439964
HYBRID HAIR FRAME frame=56 max_position_error_m=0.0000000014921642879639485 max_quaternion_component_error=0.00000001607984917439964
HYBRID HAIR FRAME frame=57 max_position_error_m=0.0000000014921642879639485 max_quaternion_component_error=0.00000001607984917439964
HYBRID HAIR FRAME frame=58 max_position_error_m=0.0000000014921642879639485 max_quaternion_component_error=0.00000001607984917439964
HYBRID HAIR FRAME frame=59 max_position_error_m=0.0000000014921642879639485 max_quaternion_component_error=0.00000001607984917439964
HYBRID HAIR FRAME frame=60 max_position_error_m=0.0000000014921642879639485 max_quaternion_component_error=0.000000020670883504880777
HYBRID HAIR FRAME frame=61 max_position_error_m=0.0000000014977049878073245 max_quaternion_component_error=0.000000020670883504880777
HYBRID HAIR FRAME frame=62 max_position_error_m=0.0000000016380280187799912 max_quaternion_component_error=0.000000020670883504880777
HYBRID HAIR FRAME frame=63 max_position_error_m=0.0000000018722605688026306 max_quaternion_component_error=0.000000020670883504880777
HYBRID HAIR FRAME frame=64 max_position_error_m=0.000000002069049737096762 max_quaternion_component_error=0.000000020670883504880777
HYBRID HAIR FRAME frame=65 max_position_error_m=0.0000000022043892544676424 max_quaternion_component_error=0.000000026660703089653737
HYBRID HAIR FRAME frame=66 max_position_error_m=0.000000003073175776358017 max_quaternion_component_error=0.000000028113262773299397
HYBRID HAIR FRAME frame=67 max_position_error_m=0.000000003073175776358017 max_quaternion_component_error=0.00000004656642371703157
HYBRID HAIR FRAME frame=68 max_position_error_m=0.000000006950587383425244 max_quaternion_component_error=0.00000007780269800639061
HYBRID HAIR FRAME frame=69 max_position_error_m=0.000000009456241005512123 max_quaternion_component_error=0.0000000946380351446452
HYBRID HAIR FRAME frame=70 max_position_error_m=0.000000010463456871778742 max_quaternion_component_error=0.00000012299551427341626
HYBRID HAIR FRAME frame=71 max_position_error_m=0.000000011143237811650497 max_quaternion_component_error=0.00000015610085507544724
HYBRID HAIR FRAME frame=72 max_position_error_m=0.000000013254486772029672 max_quaternion_component_error=0.00000021287180834717034
HYBRID HAIR FRAME frame=73 max_position_error_m=0.000000016272603653444406 max_quaternion_component_error=0.0000002258445863656533
HYBRID HAIR FRAME frame=74 max_position_error_m=0.000000019991911515138128 max_quaternion_component_error=0.00000024973893669733016
HYBRID HAIR FRAME frame=75 max_position_error_m=0.000000022124495638320418 max_quaternion_component_error=0.00000024973893669733016
HYBRID HAIR FRAME frame=76 max_position_error_m=0.000000023527965867242706 max_quaternion_component_error=0.00000024973893669733016
HYBRID HAIR FRAME frame=77 max_position_error_m=0.000000023527965867242706 max_quaternion_component_error=0.00000024973893669733016
HYBRID HAIR FRAME frame=78 max_position_error_m=0.000000023527965867242706 max_quaternion_component_error=0.00000024973893669733016
HYBRID HAIR FRAME frame=79 max_position_error_m=0.000000023527965867242706 max_quaternion_component_error=0.00000024973893669733016
HYBRID HAIR FRAME frame=80 max_position_error_m=0.000000023661759551707462 max_quaternion_component_error=0.00000030808830578377133
HYBRID HAIR FRAME frame=81 max_position_error_m=0.00000002733903370355506 max_quaternion_component_error=0.0000003717384633727949
HYBRID HAIR FRAME frame=82 max_position_error_m=0.00000003682474276206493 max_quaternion_component_error=0.00000042535039834756816
HYBRID HAIR FRAME frame=83 max_position_error_m=0.000000044576188282241525 max_quaternion_component_error=0.00000042535039834756816
HYBRID HAIR FRAME frame=84 max_position_error_m=0.000000054866562931854546 max_quaternion_component_error=0.000000487457401443514
HYBRID HAIR FRAME frame=85 max_position_error_m=0.00000007538551906327573 max_quaternion_component_error=0.0000009314969533491535
HYBRID HAIR FRAME frame=86 max_position_error_m=0.00000008848563465280179 max_quaternion_component_error=0.0000009314969533491535
HYBRID HAIR FRAME frame=87 max_position_error_m=0.00000013043865664669196 max_quaternion_component_error=0.0000013641004105724441
HYBRID HAIR FRAME frame=88 max_position_error_m=0.00000013043865664669196 max_quaternion_component_error=0.0000013641004105724441
HYBRID HAIR FRAME frame=89 max_position_error_m=0.00000013043865664669196 max_quaternion_component_error=0.0000013641004105724441
HAIR FIRST DIVERGENCE frame=90 rod=40 point=19 error_m=0.000004585678485269362
HAIR DIVERGENCE NEIGHBOR native point=18 position=[-0.1333447315357713, 0.6215864942308378, 0.048907200232217014] body_distance_m=0.026381297445757703 body_normal=[0.0129677062710429, 0.6860654575285351, 0.7274242411277134]
HAIR DIVERGENCE NEIGHBOR native point=19 position=[-0.1563369757463054, 0.6156181534430554, -0.027332499029233712] body_distance_m=0.0028452457857209524 body_normal=[-0.2376767603356224, 0.8521926714981215, -0.4661302481509411]
HAIR DIVERGENCE NEIGHBOR native point=20 position=[-0.1623563299385396, 0.5908705577293696, -0.04702075938810909] body_distance_m=0.003378593416730137 body_normal=[-0.4338442656202094, 0.3728148651760698, -0.8202366911399479]
HAIR DIVERGENCE NEIGHBOR external point=18 position=[-0.13334341295758637, 0.6215830588679264, 0.04891085794592982] body_distance_m=0.026381605529598617 body_normal=[0.0129677062710429, 0.6860654575285351, 0.7274242411277134]
HAIR DIVERGENCE NEIGHBOR external point=19 position=[-0.15633619393095635, 0.6156135677645701, -0.027328744181781016] body_distance_m=0.0028394018368076996 body_normal=[-0.2376767603356224, 0.8521926714981215, -0.4661302481509411]
HAIR DIVERGENCE NEIGHBOR external point=20 position=[-0.16235640704252405, 0.5908691248169814, -0.0470207211778033] body_distance_m=0.0033780613153180645 body_normal=[-0.4338442656202094, 0.3728148651760698, -0.8202366911399479]
HYBRID HAIR FRAME frame=90 max_position_error_m=0.000004585678485269362 max_quaternion_component_error=0.00009038570677666335
HYBRID HAIR FRAME frame=91 max_position_error_m=0.000027256824070039445 max_quaternion_component_error=0.0004768766577213368
HYBRID HAIR FRAME frame=92 max_position_error_m=0.00003042874868248481 max_quaternion_component_error=0.0004768766577213368
HYBRID HAIR FRAME frame=93 max_position_error_m=0.00003802539186803511 max_quaternion_component_error=0.0004768766577213368
HYBRID HAIR FRAME frame=94 max_position_error_m=0.00005226683719516956 max_quaternion_component_error=0.000559454518701076
HYBRID HAIR FRAME frame=95 max_position_error_m=0.00006686109118347883 max_quaternion_component_error=0.0006829452130146241
HYBRID HAIR FRAME frame=96 max_position_error_m=0.00008237786992681961 max_quaternion_component_error=0.0007994513841881809
HYBRID HAIR FRAME frame=97 max_position_error_m=0.00009844685195514735 max_quaternion_component_error=0.0009090623110926122
HYBRID HAIR FRAME frame=98 max_position_error_m=0.00011501415064663068 max_quaternion_component_error=0.0010120516785562875
HYBRID HAIR FRAME frame=99 max_position_error_m=0.00013210179609868256 max_quaternion_component_error=0.0011089354892262968
HYBRID HAIR FRAME frame=100 max_position_error_m=0.00014976349823847546 max_quaternion_component_error=0.0012004575114164875
HYBRID HAIR FRAME frame=101 max_position_error_m=0.00016801983857028802 max_quaternion_component_error=0.0012874544924401793
HYBRID HAIR FRAME frame=102 max_position_error_m=0.00018679454301429033 max_quaternion_component_error=0.0013707033510350283
HYBRID HAIR FRAME frame=103 max_position_error_m=0.00020587063986310383 max_quaternion_component_error=0.001450896919378969
HYBRID HAIR FRAME frame=104 max_position_error_m=0.00022488361914030364 max_quaternion_component_error=0.0015287648160993775
HYBRID HAIR FRAME frame=105 max_position_error_m=0.0002433608555724165 max_quaternion_component_error=0.0016379168443394487
HYBRID HAIR FRAME frame=106 max_position_error_m=0.0002433608555724165 max_quaternion_component_error=0.0016379168443394487
HYBRID HAIR FRAME frame=107 max_position_error_m=0.0002433608555724165 max_quaternion_component_error=0.0023831355415381283
HYBRID HAIR FRAME frame=108 max_position_error_m=0.0002433608555724165 max_quaternion_component_error=0.0031165364670873996
HYBRID HAIR FRAME frame=109 max_position_error_m=0.0002433608555724165 max_quaternion_component_error=0.003360041605348002
HYBRID HAIR FRAME frame=110 max_position_error_m=0.0002433608555724165 max_quaternion_component_error=0.0036277193955918385
HYBRID HAIR FRAME frame=111 max_position_error_m=0.0002433608555724165 max_quaternion_component_error=0.0036277193955918385
HYBRID HAIR FRAME frame=112 max_position_error_m=0.00030643512408559496 max_quaternion_component_error=0.0036391601403301665
HYBRID HAIR FRAME frame=113 max_position_error_m=0.0004740759379039134 max_quaternion_component_error=0.004821369171789769
HYBRID HAIR FRAME frame=114 max_position_error_m=0.0006298163414438073 max_quaternion_component_error=0.005303164659692383
HYBRID HAIR FRAME frame=115 max_position_error_m=0.0007758376274258124 max_quaternion_component_error=0.005333835602694903
HYBRID HAIR FRAME frame=116 max_position_error_m=0.0009128652293338979 max_quaternion_component_error=0.005333835602694903
HYBRID HAIR FRAME frame=117 max_position_error_m=0.001036754660245321 max_quaternion_component_error=0.02139320966875355
HYBRID HAIR FRAME frame=118 max_position_error_m=0.0011563431969962672 max_quaternion_component_error=0.02139320966875355
HYBRID HAIR FRAME frame=119 max_position_error_m=0.0011627071321936334 max_quaternion_component_error=0.025135268648168757
HYBRID HAIR FRAME frame=120 max_position_error_m=0.0014088594949664829 max_quaternion_component_error=0.025643490986922646
HYBRID FULL HAIR guides=469 frames=120 calls=0 position_error_m=0.0014088594949664829 quaternion_component_error=0.025643490986922646 native_ms=10071.200461999999 hybrid_ms=27854.061079 solver_bridge_ms=0
HYBRID LINEAR AUDIT max_errors=[0.0, 0.0] enabled=false

thread 'female_hair::tests::gpu_linear_solver_tracks_full_model_jump_with_contacts' (19903980) panicked at crates/voxy_app/src/female_hair.rs:793:9:
GPU position drift 0.0014088594949664829
note: run with `RUST_BACKTRACE=1` environment variable to display a backtrace
test female_hair::tests::gpu_linear_solver_tracks_full_model_jump_with_contacts ... FAILED

failures:

failures:
    female_hair::tests::gpu_linear_solver_tracks_full_model_jump_with_contacts

test result: FAILED. 0 passed; 1 failed; 0 ignored; 0 measured; 304 filtered out; finished in 41.24s

error: test failed, to rerun pass `-p voxy_app --lib`
