error: no test target named `embedded_surface_contact` in `physics` package
help: available test targets:
    anatomy_tet
    astrophysics
    astrophysics_atmosphere
    astrophysics_binary
    astrophysics_column
    astrophysics_coupled
    astrophysics_eos
    astrophysics_evolution
    astrophysics_free_free
    astrophysics_gas
    astrophysics_gas_gravity
    astrophysics_ionized_evolution
    astrophysics_nuclear
    astrophysics_opacity
    astrophysics_radhydro
    astrophysics_radiation
    astrophysics_reaclib
    astrophysics_reactive
    astrophysics_spherical
    astrophysics_spherical_eos
    astrophysics_spherical_radiation
    astrophysics_star
    astrophysics_thermal
    astrophysics_tides
    beam_accuracy
    biomechanics
    boxes
    buoyancy
    cell_poroelastic
    circulation
    cohesive
    cohesive_mesh
    cohesive_topology
    contact_network
    convex_tissue_surface
    embedded_skin_contact
    finite_contact
    finite_inertia
    finite_quadratic_dynamics
    fragment_impact
    fragment_sweep
    friction
    friction_mesh
    friction_slider
    gauge_pressure
    genital_folds
    gravity
    gravity_character
    gravity_field
    gravity_spheres
    hair
    hair_rebase
    implicit_pore
    inertial_tissue_assembly
    lattice_tissue_volume
    lbfgs
    liquid
    liquid_adhesion
    liquid_ballistic_population
    liquid_body_contacts
    liquid_boundary
    liquid_collision
    liquid_dissipation
    liquid_droplet_drag
    liquid_droplet_finite_gas
    liquid_droplet_gas_grid
    liquid_droplet_lifecycle
    liquid_droplet_merge
    liquid_droplet_population
    liquid_droplet_split
    liquid_evaporation
    liquid_exchange
    liquid_film_capture
    liquid_film_rebound
    liquid_forcing
    liquid_gas
    liquid_gas_grid_flow
    liquid_gas_grid_heat
    liquid_gas_grid_viscosity
    liquid_gas_grid_wall_viscosity
    liquid_geometry
    liquid_impact_events
    liquid_impact_spray
    liquid_mixture_heat
    liquid_mixture_profile
    liquid_mixture_properties
    liquid_multi_body_world
    liquid_multi_rebound
    liquid_phase
    liquid_pressure_work
    liquid_properties
    liquid_reaction
    liquid_reflecting
    liquid_rigid_body_world
    liquid_saturation
    liquid_species
    liquid_sphere_deposition
    liquid_splash_onset
    liquid_surface
    liquid_surface_volume
    liquid_suspension
    liquid_thixotropy
    liquid_transport
    liquid_viscoelastic
    lymph
    mass_properties
    material_pair
    medit_tissue_volume
    mixed_darcy
    moisture
    moisture_film
    moisture_partition
    moisture_sparse
    moisture_supply
    moisture_vapor
    moving_fem_supports
    moving_plane_contact
    muscle_activation
    muscle_dynamics
    myocardium
    normal_manifold
    normal_reactions
    organ_coupling
    perfusion
    plastic_mesh
    plastic_work
    plasticity
    poroelastic
    prescribed_surface_contact
    quadratic_advance
    quadratic_bending
    quadratic_closest
    quadratic_cohesive
    quadratic_coulomb
    quadratic_coulomb_dynamics
    quadratic_dynamic_surface_contact
    quadratic_dynamics
    quadratic_finite
    quadratic_fracture_work
    quadratic_friction
    quadratic_friction_dynamics
    quadratic_interface_mesh
    quadratic_interface_work
    quadratic_mass
    quadratic_normal_impact
    quadratic_patch
    quadratic_plane
    quadratic_render_surface
    quadratic_rotation
    quadratic_surface
    quadratic_surface_contact
    quadratic_sweep
    quadratic_wet_update
    quadratic_work
    reaction_rates
    respiration
    rigid_motion
    rigid_point_impulse
    rigid_world_forces
    secondary_motion
    simultaneous_rigid_events
    skin
    skin_embedding
    skin_rebase
    soft_body
    solid_dynamics
    solid_film_binding
    solid_heat_conduction
    solid_surface
    spin_path
    strands
    stress
    surface_contact
    surface_film
    surface_film_accelerated_sphere
    surface_film_advection
    surface_film_atomic_contact
    surface_film_body
    surface_film_checkpoint
    surface_film_free_surface
    surface_film_mixture
    surface_film_rheology
    surface_film_shear
    surface_film_sphere
    surface_film_squeeze
    surface_film_squeeze_body
    surface_film_thermal
    surface_film_vapor
    surface_film_withdrawal
    suspension
    tetrahedral_overlap
    tissue_assembly_history
    tissue_bulk_modulus
    tissue_continuum_geometry
    tissue_gaps
    tissue_geometry
    tissue_surface
    tissues
    urogenital
    viscoelastic
    viscoelastic_hgo_body
    viscoelastic_inertia
    wall_refinement
    water_coexistence
    water_equilibrium
    water_helmholtz
    water_saturation
    wear
    wear_column
    wear_dust
    wear_suspension
    wear_wet
    wet_cohesive
    wet_material
