    Blocking waiting for file lock on build directory
    Finished `test` profile [unoptimized + debuginfo] target(s) in 18.47s
     Running tests/integration.rs (target/debug/deps/integration-844c2565546eb7e7)

running 19 tests
test animation_displacement_sweeps_slides_and_is_consumed_once ... ok
test failure_in_later_body_preserves_all_poses_runtime_state_and_input ... ok
test initial_penetration_is_an_explicit_error_without_partial_publication ... ok
test invalid_animation_motion_preserves_all_owners_and_pending_input ... ok
test horizontal_animation_during_jump_does_not_snap_back_to_floor ... FAILED
test parent_activity_deletion_component_removal_and_reused_generation_reconcile ... ok
test rotated_scaled_static_boxes_use_exact_sweeps_and_runtime_overlap_recovery ... ok
test animation_ceiling_contact_removes_persistent_upward_velocity ... ok
test character_step_read_only_grant_preserves_pose_and_pending_input ... ok
test bounded_recovery_failure_preserves_every_pose_and_input_edge ... ok
test durable_descriptors_reload_with_new_runtime_identity_and_no_velocity ... ok
test unknown_scheduled_system_preserves_scene_physics_and_input ... ok
test swept_motion_hits_wall_without_tunneling_and_focus_cancels_intent ... ok
test animation_displacement_collides_vertically_and_with_affine_walls ... ok
test character_domain_denials_preserve_live_physics_pose_and_input ... ok
test translated_parent_teleport_resets_velocity_and_affine_dynamic_ancestors_fail ... ok
test quick_tap_survives_render_only_frames_and_is_consumed_once_during_catch_up ... ok
test grounded_tangent_motion_is_not_blocked_by_time_zero_floor_contact ... ok
test looped_animation_drives_collisions_without_duplicate_pose_translation ... ok

failures:

---- horizontal_animation_during_jump_does_not_snap_back_to_floor stdout ----

thread 'horizontal_animation_during_jump_does_not_snap_back_to_floor' (20528464) panicked at crates/voxy_gameplay/tests/integration.rs:735:5:
assertion failed: physics.state(&scene, player).unwrap().unwrap().grounded
note: run with `RUST_BACKTRACE=1` environment variable to display a backtrace


failures:
    horizontal_animation_during_jump_does_not_snap_back_to_floor

test result: FAILED. 18 passed; 1 failed; 0 ignored; 0 measured; 0 filtered out; finished in 0.01s

error: test failed, to rerun pass `-p voxy_gameplay --test integration`
