BODY MODEL: 60866 vertices, 121728 triangles; actual surface skin: 636 vertices, 1268 triangles; 60866 render bindings
HAIR: 469 Cosserat guides, 20 segments each; E=4 GPa, fiber diameter=80 um; animated triangle contacts + guide self-contact
Facial render mouth opening: 340 seal triangles
Model smoke on AdapterInfo { name: "Apple M4 Max", vendor: 0, device: 0, device_type: IntegratedGpu, device_pci_bus_id: "", driver: "", driver_info: "", backend: Metal, subgroup_min_size: 4, subgroup_max_size: 64, transient_saves_memory: Some(true), limit_bucket: None }
SECONDARY SAMPLE: frame=0 simulated_s=0.000000 advance_ms=0.000
GPU BODY STREAM: vertices=171495 cpu_hair_vertices=0
GPU HAIR DRAW: vertices=2363760 frame_upload_bytes=630336 no_geometry_readback=true cpu_hair_poisoned=false
SECONDARY SAMPLE: frame=1 simulated_s=0.050000 advance_ms=295.509
GPU BODY STREAM: vertices=171495 cpu_hair_vertices=0
GPU HAIR DRAW: vertices=2363760 frame_upload_bytes=630336 no_geometry_readback=true cpu_hair_poisoned=false
SECONDARY SAMPLE: frame=2 simulated_s=0.100000 advance_ms=296.014
GPU BODY STREAM: vertices=171495 cpu_hair_vertices=0
GPU HAIR DRAW: vertices=2363760 frame_upload_bytes=630336 no_geometry_readback=true cpu_hair_poisoned=false
SECONDARY SAMPLE: frame=3 simulated_s=0.150000 advance_ms=398.344
GPU BODY STREAM: vertices=171495 cpu_hair_vertices=0
GPU HAIR DRAW: vertices=2363760 frame_upload_bytes=630336 no_geometry_readback=true cpu_hair_poisoned=false
SECONDARY SAMPLE: frame=4 simulated_s=0.200000 advance_ms=299.817
GPU BODY STREAM: vertices=171495 cpu_hair_vertices=0
GPU HAIR DRAW: vertices=2363760 frame_upload_bytes=630336 no_geometry_readback=true cpu_hair_poisoned=false
SECONDARY SAMPLE: frame=5 simulated_s=0.250000 advance_ms=289.723
GPU BODY STREAM: vertices=171495 cpu_hair_vertices=0
GPU HAIR DRAW: vertices=2363760 frame_upload_bytes=630336 no_geometry_readback=true cpu_hair_poisoned=false
SECONDARY SAMPLE: frame=6 simulated_s=0.300000 advance_ms=283.872
GPU BODY STREAM: vertices=171495 cpu_hair_vertices=0
GPU HAIR DRAW: vertices=2363760 frame_upload_bytes=630336 no_geometry_readback=true cpu_hair_poisoned=false
SECONDARY SAMPLE: frame=7 simulated_s=0.350000 advance_ms=281.032
GPU BODY STREAM: vertices=171495 cpu_hair_vertices=0
GPU HAIR DRAW: vertices=2363760 frame_upload_bytes=630336 no_geometry_readback=true cpu_hair_poisoned=false
SECONDARY SAMPLE: frame=8 simulated_s=0.400000 advance_ms=286.104
GPU BODY STREAM: vertices=171495 cpu_hair_vertices=0
GPU HAIR DRAW: vertices=2363760 frame_upload_bytes=630336 no_geometry_readback=true cpu_hair_poisoned=false
SECONDARY SAMPLE: frame=9 simulated_s=0.450000 advance_ms=291.357
GPU BODY STREAM: vertices=171495 cpu_hair_vertices=0
GPU HAIR DRAW: vertices=2363760 frame_upload_bytes=630336 no_geometry_readback=true cpu_hair_poisoned=false
SECONDARY SAMPLE: frame=10 simulated_s=0.500000 advance_ms=301.653
GPU BODY STREAM: vertices=171495 cpu_hair_vertices=0
GPU HAIR DRAW: vertices=2363760 frame_upload_bytes=630336 no_geometry_readback=true cpu_hair_poisoned=false
SECONDARY SAMPLE: frame=11 simulated_s=0.550000 advance_ms=294.282
GPU BODY STREAM: vertices=171495 cpu_hair_vertices=0
GPU HAIR DRAW: vertices=2363760 frame_upload_bytes=630336 no_geometry_readback=true cpu_hair_poisoned=false
SECONDARY SAMPLE: frame=12 simulated_s=0.600000 advance_ms=303.647
GPU BODY STREAM: vertices=171495 cpu_hair_vertices=0
GPU HAIR DRAW: vertices=2363760 frame_upload_bytes=630336 no_geometry_readback=true cpu_hair_poisoned=false
SECONDARY SAMPLE: frame=13 simulated_s=0.650000 advance_ms=310.154
GPU BODY STREAM: vertices=171495 cpu_hair_vertices=0
GPU HAIR DRAW: vertices=2363760 frame_upload_bytes=630336 no_geometry_readback=true cpu_hair_poisoned=false
SECONDARY SAMPLE: frame=14 simulated_s=0.700000 advance_ms=305.099
GPU BODY STREAM: vertices=171495 cpu_hair_vertices=0
GPU HAIR DRAW: vertices=2363760 frame_upload_bytes=630336 no_geometry_readback=true cpu_hair_poisoned=false
SECONDARY SAMPLE: frame=15 simulated_s=0.750000 advance_ms=301.972
GPU BODY STREAM: vertices=171495 cpu_hair_vertices=0
GPU HAIR DRAW: vertices=2363760 frame_upload_bytes=630336 no_geometry_readback=true cpu_hair_poisoned=false
SECONDARY SAMPLE: frame=16 simulated_s=0.800000 advance_ms=300.714
GPU BODY STREAM: vertices=171495 cpu_hair_vertices=0
GPU HAIR DRAW: vertices=2363760 frame_upload_bytes=630336 no_geometry_readback=true cpu_hair_poisoned=false
SECONDARY SAMPLE: frame=17 simulated_s=0.850000 advance_ms=289.488
GPU BODY STREAM: vertices=171495 cpu_hair_vertices=0
GPU HAIR DRAW: vertices=2363760 frame_upload_bytes=630336 no_geometry_readback=true cpu_hair_poisoned=false
SECONDARY SAMPLE: frame=18 simulated_s=0.900000 advance_ms=289.391
GPU BODY STREAM: vertices=171495 cpu_hair_vertices=0
GPU HAIR DRAW: vertices=2363760 frame_upload_bytes=630336 no_geometry_readback=true cpu_hair_poisoned=false
SECONDARY SAMPLE: frame=19 simulated_s=0.950000 advance_ms=359.075
GPU BODY STREAM: vertices=171495 cpu_hair_vertices=0
GPU HAIR DRAW: vertices=2363760 frame_upload_bytes=630336 no_geometry_readback=true cpu_hair_poisoned=false
SECONDARY SAMPLE: frame=20 simulated_s=1.000000 advance_ms=342.108
GPU BODY STREAM: vertices=171495 cpu_hair_vertices=0
GPU HAIR DRAW: vertices=2363760 frame_upload_bytes=630336 no_geometry_readback=true cpu_hair_poisoned=false
SECONDARY SAMPLE: frame=21 simulated_s=1.050000 advance_ms=325.635
GPU BODY STREAM: vertices=171495 cpu_hair_vertices=0
GPU HAIR DRAW: vertices=2363760 frame_upload_bytes=630336 no_geometry_readback=true cpu_hair_poisoned=false
SECONDARY SAMPLE: frame=22 simulated_s=1.100000 advance_ms=310.973
GPU BODY STREAM: vertices=171495 cpu_hair_vertices=0
GPU HAIR DRAW: vertices=2363760 frame_upload_bytes=630336 no_geometry_readback=true cpu_hair_poisoned=false
SECONDARY SAMPLE: frame=23 simulated_s=1.150000 advance_ms=317.642
GPU BODY STREAM: vertices=171495 cpu_hair_vertices=0
GPU HAIR DRAW: vertices=2363760 frame_upload_bytes=630336 no_geometry_readback=true cpu_hair_poisoned=false
SECONDARY SAMPLE: frame=24 simulated_s=1.200000 advance_ms=301.600
GPU BODY STREAM: vertices=171495 cpu_hair_vertices=0
GPU HAIR DRAW: vertices=2363760 frame_upload_bytes=630336 no_geometry_readback=true cpu_hair_poisoned=false
SECONDARY SAMPLE: frame=25 simulated_s=1.250000 advance_ms=295.450
GPU BODY STREAM: vertices=171495 cpu_hair_vertices=0
GPU HAIR DRAW: vertices=2363760 frame_upload_bytes=630336 no_geometry_readback=true cpu_hair_poisoned=false
SECONDARY SAMPLE: frame=26 simulated_s=1.300000 advance_ms=301.920
GPU BODY STREAM: vertices=171495 cpu_hair_vertices=0
GPU HAIR DRAW: vertices=2363760 frame_upload_bytes=630336 no_geometry_readback=true cpu_hair_poisoned=false
SECONDARY SAMPLE: frame=27 simulated_s=1.350000 advance_ms=305.948
GPU BODY STREAM: vertices=171495 cpu_hair_vertices=0
GPU HAIR DRAW: vertices=2363760 frame_upload_bytes=630336 no_geometry_readback=true cpu_hair_poisoned=false
SECONDARY SAMPLE: frame=28 simulated_s=1.400000 advance_ms=305.026
GPU BODY STREAM: vertices=171495 cpu_hair_vertices=0
GPU HAIR DRAW: vertices=2363760 frame_upload_bytes=630336 no_geometry_readback=true cpu_hair_poisoned=false
SECONDARY SAMPLE: frame=29 simulated_s=1.450000 advance_ms=306.033
GPU BODY STREAM: vertices=171495 cpu_hair_vertices=0
GPU HAIR DRAW: vertices=2363760 frame_upload_bytes=630336 no_geometry_readback=true cpu_hair_poisoned=false
SECONDARY SAMPLE: frame=30 simulated_s=1.500000 advance_ms=313.732
GPU BODY STREAM: vertices=171495 cpu_hair_vertices=0
GPU HAIR DRAW: vertices=2363760 frame_upload_bytes=630336 no_geometry_readback=true cpu_hair_poisoned=false
SECONDARY SAMPLE: frame=31 simulated_s=1.550000 advance_ms=315.513
GPU BODY STREAM: vertices=171495 cpu_hair_vertices=0
GPU HAIR DRAW: vertices=2363760 frame_upload_bytes=630336 no_geometry_readback=true cpu_hair_poisoned=false
SECONDARY SAMPLE: frame=32 simulated_s=1.600000 advance_ms=313.375
GPU BODY STREAM: vertices=171495 cpu_hair_vertices=0
GPU HAIR DRAW: vertices=2363760 frame_upload_bytes=630336 no_geometry_readback=true cpu_hair_poisoned=false
SECONDARY SAMPLE: frame=33 simulated_s=1.650000 advance_ms=336.220
GPU BODY STREAM: vertices=171495 cpu_hair_vertices=0
GPU HAIR DRAW: vertices=2363760 frame_upload_bytes=630336 no_geometry_readback=true cpu_hair_poisoned=false
SECONDARY SAMPLE: frame=34 simulated_s=1.700000 advance_ms=323.517
GPU BODY STREAM: vertices=171495 cpu_hair_vertices=0
GPU HAIR DRAW: vertices=2363760 frame_upload_bytes=630336 no_geometry_readback=true cpu_hair_poisoned=false
SECONDARY SAMPLE: frame=35 simulated_s=1.750000 advance_ms=325.827
GPU BODY STREAM: vertices=171495 cpu_hair_vertices=0
GPU HAIR DRAW: vertices=2363760 frame_upload_bytes=630336 no_geometry_readback=true cpu_hair_poisoned=false
SECONDARY SAMPLE: frame=36 simulated_s=1.800000 advance_ms=341.671
GPU BODY STREAM: vertices=171495 cpu_hair_vertices=0
GPU HAIR DRAW: vertices=2363760 frame_upload_bytes=630336 no_geometry_readback=true cpu_hair_poisoned=false
SECONDARY SAMPLE: frame=37 simulated_s=1.850000 advance_ms=413.027
GPU BODY STREAM: vertices=171495 cpu_hair_vertices=0
GPU HAIR DRAW: vertices=2363760 frame_upload_bytes=630336 no_geometry_readback=true cpu_hair_poisoned=false
SECONDARY SAMPLE: frame=38 simulated_s=1.900000 advance_ms=337.570
GPU BODY STREAM: vertices=171495 cpu_hair_vertices=0
GPU HAIR DRAW: vertices=2363760 frame_upload_bytes=630336 no_geometry_readback=true cpu_hair_poisoned=false
SECONDARY SAMPLE: frame=39 simulated_s=1.950000 advance_ms=352.180
GPU BODY STREAM: vertices=171495 cpu_hair_vertices=0
GPU HAIR DRAW: vertices=2363760 frame_upload_bytes=630336 no_geometry_readback=true cpu_hair_poisoned=false
SECONDARY SAMPLE: frame=40 simulated_s=2.000000 advance_ms=361.180
GPU BODY STREAM: vertices=171495 cpu_hair_vertices=0
GPU HAIR DRAW: vertices=2363760 frame_upload_bytes=630336 no_geometry_readback=true cpu_hair_poisoned=false
SECONDARY SAMPLE: frame=41 simulated_s=2.050000 advance_ms=341.319
GPU BODY STREAM: vertices=171495 cpu_hair_vertices=0
GPU HAIR DRAW: vertices=2363760 frame_upload_bytes=630336 no_geometry_readback=true cpu_hair_poisoned=false
SECONDARY SAMPLE: frame=42 simulated_s=2.100000 advance_ms=383.102
GPU BODY STREAM: vertices=171495 cpu_hair_vertices=0
GPU HAIR DRAW: vertices=2363760 frame_upload_bytes=630336 no_geometry_readback=true cpu_hair_poisoned=false
SECONDARY SAMPLE: frame=43 simulated_s=2.150000 advance_ms=339.738
GPU BODY STREAM: vertices=171495 cpu_hair_vertices=0
GPU HAIR DRAW: vertices=2363760 frame_upload_bytes=630336 no_geometry_readback=true cpu_hair_poisoned=false
SECONDARY SAMPLE: frame=44 simulated_s=2.200000 advance_ms=324.104
GPU BODY STREAM: vertices=171495 cpu_hair_vertices=0
GPU HAIR DRAW: vertices=2363760 frame_upload_bytes=630336 no_geometry_readback=true cpu_hair_poisoned=false
SECONDARY SAMPLE: frame=45 simulated_s=2.250000 advance_ms=309.898
GPU BODY STREAM: vertices=171495 cpu_hair_vertices=0
GPU HAIR DRAW: vertices=2363760 frame_upload_bytes=630336 no_geometry_readback=true cpu_hair_poisoned=false
SECONDARY SAMPLE: frame=46 simulated_s=2.300000 advance_ms=310.937
GPU BODY STREAM: vertices=171495 cpu_hair_vertices=0
GPU HAIR DRAW: vertices=2363760 frame_upload_bytes=630336 no_geometry_readback=true cpu_hair_poisoned=false
SECONDARY SAMPLE: frame=47 simulated_s=2.350000 advance_ms=308.729
GPU BODY STREAM: vertices=171495 cpu_hair_vertices=0
GPU HAIR DRAW: vertices=2363760 frame_upload_bytes=630336 no_geometry_readback=true cpu_hair_poisoned=false
SECONDARY SAMPLE: frame=48 simulated_s=2.400000 advance_ms=305.479
GPU BODY STREAM: vertices=171495 cpu_hair_vertices=0
GPU HAIR DRAW: vertices=2363760 frame_upload_bytes=630336 no_geometry_readback=true cpu_hair_poisoned=false
SECONDARY SAMPLE: frame=49 simulated_s=2.450000 advance_ms=325.868
GPU BODY STREAM: vertices=171495 cpu_hair_vertices=0
GPU HAIR DRAW: vertices=2363760 frame_upload_bytes=630336 no_geometry_readback=true cpu_hair_poisoned=false
SECONDARY SAMPLE: frame=50 simulated_s=2.500000 advance_ms=320.368
GPU BODY STREAM: vertices=171495 cpu_hair_vertices=0
GPU HAIR DRAW: vertices=2363760 frame_upload_bytes=630336 no_geometry_readback=true cpu_hair_poisoned=false
SECONDARY SAMPLE: frame=51 simulated_s=2.550000 advance_ms=316.543
GPU BODY STREAM: vertices=171495 cpu_hair_vertices=0
GPU HAIR DRAW: vertices=2363760 frame_upload_bytes=630336 no_geometry_readback=true cpu_hair_poisoned=false
SECONDARY SAMPLE: frame=52 simulated_s=2.600000 advance_ms=312.774
GPU BODY STREAM: vertices=171495 cpu_hair_vertices=0
GPU HAIR DRAW: vertices=2363760 frame_upload_bytes=630336 no_geometry_readback=true cpu_hair_poisoned=false
SECONDARY SAMPLE: frame=53 simulated_s=2.650000 advance_ms=338.090
GPU BODY STREAM: vertices=171495 cpu_hair_vertices=0
GPU HAIR DRAW: vertices=2363760 frame_upload_bytes=630336 no_geometry_readback=true cpu_hair_poisoned=false
SECONDARY SAMPLE: frame=54 simulated_s=2.700000 advance_ms=324.208
GPU BODY STREAM: vertices=171495 cpu_hair_vertices=0
GPU HAIR DRAW: vertices=2363760 frame_upload_bytes=630336 no_geometry_readback=true cpu_hair_poisoned=false
SECONDARY SAMPLE: frame=55 simulated_s=2.750000 advance_ms=312.894
GPU BODY STREAM: vertices=171495 cpu_hair_vertices=0
GPU HAIR DRAW: vertices=2363760 frame_upload_bytes=630336 no_geometry_readback=true cpu_hair_poisoned=false
SECONDARY SAMPLE: frame=56 simulated_s=2.800000 advance_ms=314.840
GPU BODY STREAM: vertices=171495 cpu_hair_vertices=0
GPU HAIR DRAW: vertices=2363760 frame_upload_bytes=630336 no_geometry_readback=true cpu_hair_poisoned=false
SECONDARY SAMPLE: frame=57 simulated_s=2.850000 advance_ms=314.094
GPU BODY STREAM: vertices=171495 cpu_hair_vertices=0
GPU HAIR DRAW: vertices=2363760 frame_upload_bytes=630336 no_geometry_readback=true cpu_hair_poisoned=false
SECONDARY SAMPLE: frame=58 simulated_s=2.900000 advance_ms=303.426
GPU BODY STREAM: vertices=171495 cpu_hair_vertices=0
GPU HAIR DRAW: vertices=2363760 frame_upload_bytes=630336 no_geometry_readback=true cpu_hair_poisoned=false
SECONDARY SAMPLE: frame=59 simulated_s=2.950000 advance_ms=323.037
GPU BODY STREAM: vertices=171495 cpu_hair_vertices=0
GPU HAIR DRAW: vertices=2363760 frame_upload_bytes=630336 no_geometry_readback=true cpu_hair_poisoned=false
SECONDARY SAMPLE: frame=60 simulated_s=3.000000 advance_ms=316.130
GPU BODY STREAM: vertices=171495 cpu_hair_vertices=0
GPU HAIR DRAW: vertices=2363760 frame_upload_bytes=630336 no_geometry_readback=true cpu_hair_poisoned=false
SECONDARY SAMPLE: frame=61 simulated_s=3.050000 advance_ms=321.159
GPU BODY STREAM: vertices=171495 cpu_hair_vertices=0
GPU HAIR DRAW: vertices=2363760 frame_upload_bytes=630336 no_geometry_readback=true cpu_hair_poisoned=false
SECONDARY SAMPLE: frame=62 simulated_s=3.100000 advance_ms=343.107
GPU BODY STREAM: vertices=171495 cpu_hair_vertices=0
GPU HAIR DRAW: vertices=2363760 frame_upload_bytes=630336 no_geometry_readback=true cpu_hair_poisoned=false
SECONDARY SAMPLE: frame=63 simulated_s=3.150000 advance_ms=332.534
GPU BODY STREAM: vertices=171495 cpu_hair_vertices=0
GPU HAIR DRAW: vertices=2363760 frame_upload_bytes=630336 no_geometry_readback=true cpu_hair_poisoned=false
SECONDARY SAMPLE: frame=64 simulated_s=3.200000 advance_ms=317.841
GPU BODY STREAM: vertices=171495 cpu_hair_vertices=0
GPU HAIR DRAW: vertices=2363760 frame_upload_bytes=630336 no_geometry_readback=true cpu_hair_poisoned=false
SECONDARY SAMPLE: frame=65 simulated_s=3.250000 advance_ms=308.652
GPU BODY STREAM: vertices=171495 cpu_hair_vertices=0
GPU HAIR DRAW: vertices=2363760 frame_upload_bytes=630336 no_geometry_readback=true cpu_hair_poisoned=false
SECONDARY SAMPLE: frame=66 simulated_s=3.300000 advance_ms=299.777
GPU BODY STREAM: vertices=171495 cpu_hair_vertices=0
GPU HAIR DRAW: vertices=2363760 frame_upload_bytes=630336 no_geometry_readback=true cpu_hair_poisoned=false
SECONDARY SAMPLE: frame=67 simulated_s=3.350000 advance_ms=297.992
GPU BODY STREAM: vertices=171495 cpu_hair_vertices=0
GPU HAIR DRAW: vertices=2363760 frame_upload_bytes=630336 no_geometry_readback=true cpu_hair_poisoned=false
SECONDARY SAMPLE: frame=68 simulated_s=3.400000 advance_ms=296.765
GPU BODY STREAM: vertices=171495 cpu_hair_vertices=0
GPU HAIR DRAW: vertices=2363760 frame_upload_bytes=630336 no_geometry_readback=true cpu_hair_poisoned=false
SECONDARY SAMPLE: frame=69 simulated_s=3.450000 advance_ms=310.205
GPU BODY STREAM: vertices=171495 cpu_hair_vertices=0
GPU HAIR DRAW: vertices=2363760 frame_upload_bytes=630336 no_geometry_readback=true cpu_hair_poisoned=false
SECONDARY SAMPLE: frame=70 simulated_s=3.500000 advance_ms=313.709
GPU BODY STREAM: vertices=171495 cpu_hair_vertices=0
GPU HAIR DRAW: vertices=2363760 frame_upload_bytes=630336 no_geometry_readback=true cpu_hair_poisoned=false
SECONDARY SAMPLE: frame=71 simulated_s=3.550000 advance_ms=339.568
GPU BODY STREAM: vertices=171495 cpu_hair_vertices=0
GPU HAIR DRAW: vertices=2363760 frame_upload_bytes=630336 no_geometry_readback=true cpu_hair_poisoned=false
SECONDARY SAMPLE: frame=72 simulated_s=3.600000 advance_ms=315.882
GPU BODY STREAM: vertices=171495 cpu_hair_vertices=0
GPU HAIR DRAW: vertices=2363760 frame_upload_bytes=630336 no_geometry_readback=true cpu_hair_poisoned=false
SECONDARY SAMPLE: frame=73 simulated_s=3.650000 advance_ms=321.600
GPU BODY STREAM: vertices=171495 cpu_hair_vertices=0
GPU HAIR DRAW: vertices=2363760 frame_upload_bytes=630336 no_geometry_readback=true cpu_hair_poisoned=false
SECONDARY SAMPLE: frame=74 simulated_s=3.700000 advance_ms=328.949
GPU BODY STREAM: vertices=171495 cpu_hair_vertices=0
GPU HAIR DRAW: vertices=2363760 frame_upload_bytes=630336 no_geometry_readback=true cpu_hair_poisoned=false
SECONDARY SAMPLE: frame=75 simulated_s=3.750000 advance_ms=309.209
GPU BODY STREAM: vertices=171495 cpu_hair_vertices=0
GPU HAIR DRAW: vertices=2363760 frame_upload_bytes=630336 no_geometry_readback=true cpu_hair_poisoned=false
SECONDARY SAMPLE: frame=76 simulated_s=3.800000 advance_ms=305.981
GPU BODY STREAM: vertices=171495 cpu_hair_vertices=0
GPU HAIR DRAW: vertices=2363760 frame_upload_bytes=630336 no_geometry_readback=true cpu_hair_poisoned=false
SECONDARY SAMPLE: frame=77 simulated_s=3.850000 advance_ms=313.931
GPU BODY STREAM: vertices=171495 cpu_hair_vertices=0
GPU HAIR DRAW: vertices=2363760 frame_upload_bytes=630336 no_geometry_readback=true cpu_hair_poisoned=false
SECONDARY SAMPLE: frame=78 simulated_s=3.900000 advance_ms=304.599
GPU BODY STREAM: vertices=171495 cpu_hair_vertices=0
GPU HAIR DRAW: vertices=2363760 frame_upload_bytes=630336 no_geometry_readback=true cpu_hair_poisoned=false
SECONDARY SAMPLE: frame=79 simulated_s=3.950000 advance_ms=331.073
GPU BODY STREAM: vertices=171495 cpu_hair_vertices=0
GPU HAIR DRAW: vertices=2363760 frame_upload_bytes=630336 no_geometry_readback=true cpu_hair_poisoned=false
SECONDARY SAMPLE: frame=80 simulated_s=4.000000 advance_ms=312.434
GPU BODY STREAM: vertices=171495 cpu_hair_vertices=0
GPU HAIR DRAW: vertices=2363760 frame_upload_bytes=630336 no_geometry_readback=true cpu_hair_poisoned=false
SECONDARY SAMPLE: frame=81 simulated_s=4.050000 advance_ms=317.208
GPU BODY STREAM: vertices=171495 cpu_hair_vertices=0
GPU HAIR DRAW: vertices=2363760 frame_upload_bytes=630336 no_geometry_readback=true cpu_hair_poisoned=false
SECONDARY SAMPLE: frame=82 simulated_s=4.100000 advance_ms=321.031
GPU BODY STREAM: vertices=171495 cpu_hair_vertices=0
GPU HAIR DRAW: vertices=2363760 frame_upload_bytes=630336 no_geometry_readback=true cpu_hair_poisoned=false
SECONDARY SAMPLE: frame=83 simulated_s=4.150000 advance_ms=323.424
GPU BODY STREAM: vertices=171495 cpu_hair_vertices=0
GPU HAIR DRAW: vertices=2363760 frame_upload_bytes=630336 no_geometry_readback=true cpu_hair_poisoned=false
SECONDARY SAMPLE: frame=84 simulated_s=4.200000 advance_ms=328.216
GPU BODY STREAM: vertices=171495 cpu_hair_vertices=0
GPU HAIR DRAW: vertices=2363760 frame_upload_bytes=630336 no_geometry_readback=true cpu_hair_poisoned=false
SECONDARY SAMPLE: frame=85 simulated_s=4.250000 advance_ms=328.645
GPU BODY STREAM: vertices=171495 cpu_hair_vertices=0
GPU HAIR DRAW: vertices=2363760 frame_upload_bytes=630336 no_geometry_readback=true cpu_hair_poisoned=false
SECONDARY SAMPLE: frame=86 simulated_s=4.300000 advance_ms=330.607
GPU BODY STREAM: vertices=171495 cpu_hair_vertices=0
GPU HAIR DRAW: vertices=2363760 frame_upload_bytes=630336 no_geometry_readback=true cpu_hair_poisoned=false
SECONDARY SAMPLE: frame=87 simulated_s=4.350000 advance_ms=361.215
GPU BODY STREAM: vertices=171495 cpu_hair_vertices=0
GPU HAIR DRAW: vertices=2363760 frame_upload_bytes=630336 no_geometry_readback=true cpu_hair_poisoned=false
SECONDARY SAMPLE: frame=88 simulated_s=4.400000 advance_ms=372.854
GPU BODY STREAM: vertices=171495 cpu_hair_vertices=0
GPU HAIR DRAW: vertices=2363760 frame_upload_bytes=630336 no_geometry_readback=true cpu_hair_poisoned=false
SECONDARY SAMPLE: frame=89 simulated_s=4.450000 advance_ms=344.082
GPU BODY STREAM: vertices=171495 cpu_hair_vertices=0
GPU HAIR DRAW: vertices=2363760 frame_upload_bytes=630336 no_geometry_readback=true cpu_hair_poisoned=false
SECONDARY SAMPLE: frame=90 simulated_s=4.500000 advance_ms=339.284
GPU BODY STREAM: vertices=171495 cpu_hair_vertices=0
GPU HAIR DRAW: vertices=2363760 frame_upload_bytes=630336 no_geometry_readback=true cpu_hair_poisoned=false
SECONDARY SAMPLE: frame=91 simulated_s=4.550000 advance_ms=328.936
GPU BODY STREAM: vertices=171495 cpu_hair_vertices=0
GPU HAIR DRAW: vertices=2363760 frame_upload_bytes=630336 no_geometry_readback=true cpu_hair_poisoned=false
SECONDARY SAMPLE: frame=92 simulated_s=4.600000 advance_ms=331.321
GPU BODY STREAM: vertices=171495 cpu_hair_vertices=0
GPU HAIR DRAW: vertices=2363760 frame_upload_bytes=630336 no_geometry_readback=true cpu_hair_poisoned=false
SECONDARY SAMPLE: frame=93 simulated_s=4.650000 advance_ms=340.487
GPU BODY STREAM: vertices=171495 cpu_hair_vertices=0
GPU HAIR DRAW: vertices=2363760 frame_upload_bytes=630336 no_geometry_readback=true cpu_hair_poisoned=false
SECONDARY SAMPLE: frame=94 simulated_s=4.700000 advance_ms=372.779
GPU BODY STREAM: vertices=171495 cpu_hair_vertices=0
GPU HAIR DRAW: vertices=2363760 frame_upload_bytes=630336 no_geometry_readback=true cpu_hair_poisoned=false
SECONDARY SAMPLE: frame=95 simulated_s=4.750000 advance_ms=405.183
GPU BODY STREAM: vertices=171495 cpu_hair_vertices=0
GPU HAIR DRAW: vertices=2363760 frame_upload_bytes=630336 no_geometry_readback=true cpu_hair_poisoned=false
SECONDARY SAMPLE: frame=96 simulated_s=4.800000 advance_ms=438.294
GPU BODY STREAM: vertices=171495 cpu_hair_vertices=0
GPU HAIR DRAW: vertices=2363760 frame_upload_bytes=630336 no_geometry_readback=true cpu_hair_poisoned=false
SECONDARY SAMPLE: frame=97 simulated_s=4.850000 advance_ms=331.725
GPU BODY STREAM: vertices=171495 cpu_hair_vertices=0
GPU HAIR DRAW: vertices=2363760 frame_upload_bytes=630336 no_geometry_readback=true cpu_hair_poisoned=false
SECONDARY SAMPLE: frame=98 simulated_s=4.900000 advance_ms=332.295
GPU BODY STREAM: vertices=171495 cpu_hair_vertices=0
GPU HAIR DRAW: vertices=2363760 frame_upload_bytes=630336 no_geometry_readback=true cpu_hair_poisoned=false
SECONDARY SAMPLE: frame=99 simulated_s=4.950000 advance_ms=321.500
GPU BODY STREAM: vertices=171495 cpu_hair_vertices=0
GPU HAIR DRAW: vertices=2363760 frame_upload_bytes=630336 no_geometry_readback=true cpu_hair_poisoned=false
SECONDARY SAMPLE: frame=100 simulated_s=5.000000 advance_ms=330.112
GPU BODY STREAM: vertices=171495 cpu_hair_vertices=0
GPU HAIR DRAW: vertices=2363760 frame_upload_bytes=630336 no_geometry_readback=true cpu_hair_poisoned=false
SECONDARY SAMPLE: frame=101 simulated_s=5.050000 advance_ms=332.146
GPU BODY STREAM: vertices=171495 cpu_hair_vertices=0
GPU HAIR DRAW: vertices=2363760 frame_upload_bytes=630336 no_geometry_readback=true cpu_hair_poisoned=false
SECONDARY SAMPLE: frame=102 simulated_s=5.100000 advance_ms=320.665
GPU BODY STREAM: vertices=171495 cpu_hair_vertices=0
GPU HAIR DRAW: vertices=2363760 frame_upload_bytes=630336 no_geometry_readback=true cpu_hair_poisoned=false
SECONDARY SAMPLE: frame=103 simulated_s=5.150000 advance_ms=320.130
GPU BODY STREAM: vertices=171495 cpu_hair_vertices=0
GPU HAIR DRAW: vertices=2363760 frame_upload_bytes=630336 no_geometry_readback=true cpu_hair_poisoned=false
SECONDARY SAMPLE: frame=104 simulated_s=5.200000 advance_ms=408.754
GPU BODY STREAM: vertices=171495 cpu_hair_vertices=0
GPU HAIR DRAW: vertices=2363760 frame_upload_bytes=630336 no_geometry_readback=true cpu_hair_poisoned=false
SECONDARY SAMPLE: frame=105 simulated_s=5.250000 advance_ms=325.457
GPU BODY STREAM: vertices=171495 cpu_hair_vertices=0
GPU HAIR DRAW: vertices=2363760 frame_upload_bytes=630336 no_geometry_readback=true cpu_hair_poisoned=false
SECONDARY SAMPLE: frame=106 simulated_s=5.300000 advance_ms=339.551
GPU BODY STREAM: vertices=171495 cpu_hair_vertices=0
GPU HAIR DRAW: vertices=2363760 frame_upload_bytes=630336 no_geometry_readback=true cpu_hair_poisoned=false
SECONDARY SAMPLE: frame=107 simulated_s=5.350000 advance_ms=332.753
GPU BODY STREAM: vertices=171495 cpu_hair_vertices=0
GPU HAIR DRAW: vertices=2363760 frame_upload_bytes=630336 no_geometry_readback=true cpu_hair_poisoned=false
SECONDARY SAMPLE: frame=108 simulated_s=5.400000 advance_ms=322.584
GPU BODY STREAM: vertices=171495 cpu_hair_vertices=0
GPU HAIR DRAW: vertices=2363760 frame_upload_bytes=630336 no_geometry_readback=true cpu_hair_poisoned=false
SECONDARY SAMPLE: frame=109 simulated_s=5.450000 advance_ms=323.083
GPU BODY STREAM: vertices=171495 cpu_hair_vertices=0
GPU HAIR DRAW: vertices=2363760 frame_upload_bytes=630336 no_geometry_readback=true cpu_hair_poisoned=false
SECONDARY SAMPLE: frame=110 simulated_s=5.500000 advance_ms=328.753
GPU BODY STREAM: vertices=171495 cpu_hair_vertices=0
GPU HAIR DRAW: vertices=2363760 frame_upload_bytes=630336 no_geometry_readback=true cpu_hair_poisoned=false
SECONDARY SAMPLE: frame=111 simulated_s=5.550000 advance_ms=302.853
GPU BODY STREAM: vertices=171495 cpu_hair_vertices=0
GPU HAIR DRAW: vertices=2363760 frame_upload_bytes=630336 no_geometry_readback=true cpu_hair_poisoned=false
SECONDARY SAMPLE: frame=112 simulated_s=5.600000 advance_ms=320.378
GPU BODY STREAM: vertices=171495 cpu_hair_vertices=0
GPU HAIR DRAW: vertices=2363760 frame_upload_bytes=630336 no_geometry_readback=true cpu_hair_poisoned=false
SECONDARY SAMPLE: frame=113 simulated_s=5.650000 advance_ms=310.038
GPU BODY STREAM: vertices=171495 cpu_hair_vertices=0
GPU HAIR DRAW: vertices=2363760 frame_upload_bytes=630336 no_geometry_readback=true cpu_hair_poisoned=false
SECONDARY SAMPLE: frame=114 simulated_s=5.700000 advance_ms=306.719
GPU BODY STREAM: vertices=171495 cpu_hair_vertices=0
GPU HAIR DRAW: vertices=2363760 frame_upload_bytes=630336 no_geometry_readback=true cpu_hair_poisoned=false
SECONDARY SAMPLE: frame=115 simulated_s=5.750000 advance_ms=300.017
GPU BODY STREAM: vertices=171495 cpu_hair_vertices=0
GPU HAIR DRAW: vertices=2363760 frame_upload_bytes=630336 no_geometry_readback=true cpu_hair_poisoned=false
SECONDARY SAMPLE: frame=116 simulated_s=5.800000 advance_ms=306.298
GPU BODY STREAM: vertices=171495 cpu_hair_vertices=0
GPU HAIR DRAW: vertices=2363760 frame_upload_bytes=630336 no_geometry_readback=true cpu_hair_poisoned=false
SECONDARY SAMPLE: frame=117 simulated_s=5.850000 advance_ms=310.651
GPU BODY STREAM: vertices=171495 cpu_hair_vertices=0
GPU HAIR DRAW: vertices=2363760 frame_upload_bytes=630336 no_geometry_readback=true cpu_hair_poisoned=false
SECONDARY SAMPLE: frame=118 simulated_s=5.900000 advance_ms=317.576
GPU BODY STREAM: vertices=171495 cpu_hair_vertices=0
GPU HAIR DRAW: vertices=2363760 frame_upload_bytes=630336 no_geometry_readback=true cpu_hair_poisoned=false
SECONDARY SAMPLE: frame=119 simulated_s=5.950000 advance_ms=311.443
GPU BODY STREAM: vertices=171495 cpu_hair_vertices=0
GPU HAIR DRAW: vertices=2363760 frame_upload_bytes=630336 no_geometry_readback=true cpu_hair_poisoned=false
Mesh update CPU: median 109.44 ms, max 197.32 ms
PASS: rendered 120 samples at 0.05 s intervals (0..5.95 s)
