warning: unexpected `cfg` condition value: `nightly`
 --> crates/physics/src/biomechanics/mod.rs:5:7
  |
5 | #[cfg(feature = "nightly")]
  |       ^^^^^^^^^^^^^^^^^^^ help: remove the condition
  |
  = note: no expected values for `feature`
  = help: consider adding `nightly` as a feature in `Cargo.toml`
  = note: see <https://doc.rust-lang.org/nightly/rustc/check-cfg/cargo-specifics.html> for more information about checking conditional configuration
  = note: `#[warn(unexpected_cfgs)]` on by default

warning: unexpected `cfg` condition value: `nightly`
   --> crates/physics/src/biomechanics/mod.rs:893:7
    |
893 | #[cfg(feature = "nightly")]
    |       ^^^^^^^^^^^^^^^^^^^ help: remove the condition
    |
    = note: no expected values for `feature`
    = help: consider adding `nightly` as a feature in `Cargo.toml`
    = note: see <https://doc.rust-lang.org/nightly/rustc/check-cfg/cargo-specifics.html> for more information about checking conditional configuration

warning: `physics` (lib test) generated 2 warnings
    Finished `release` profile [optimized] target(s) in 0.22s
     Running unittests src/lib.rs (/tmp/voxy-release-120fps-20261007/release/deps/physics-b8ab5053a74b0b10)

running 1 test
test hair::contact::velocity_contacts::safe_motion::tests::captured_joint_root_motion_admission ... ok

test result: ok. 1 passed; 0 failed; 0 ignored; 0 measured; 282 filtered out; finished in 0.02s

