
running 1 test
SOURCE_ANGULAR_COMPONENTS (0.0, [[1.9999999999999771, 2.000000000000023], [-1.4000000000000104e-14, 1.4000000000000104e-14], [-1.4000000000000104e-14, 1.4000000000000104e-14]])
SOURCE_ANGULAR_COMPONENTS (0.0625, [[1.9922178988326593, 1.992217898832711], [0.24805068975500308, 0.24805068975503583], [0.031127929694732288, 0.031127929694762795]])
SOURCE_ANGULAR_COMPONENTS (0.125, [[1.9692307692307425, 1.9692307692307973], [0.4844970991907586, 0.48449709919079653], [0.1230468823341487, 0.1230468823341828]])
SOURCE_ANGULAR_COMPONENTS (0.1875, [[1.9320754716980855, 1.9320754716981423], [0.6981936629974586, 0.6981936629975016], [0.27136271922167343, 0.27136271922171196]])
SOURCE_ANGULAR_COMPONENTS (0.25, [[1.8823529411764413, 1.8823529411765012], [0.8789196612496899, 0.8789196612497382], [0.4687571526664922, 0.4687571526665362]])
SOURCE_ANGULAR_COMPONENTS (0.3125, [[1.822064056939471, 1.8220640569395339], [1.0178728789540998, 1.0178728789541538], [0.7050201758989372, 0.7050201758989872]])
SOURCE_ANGULAR_COMPONENTS (0.375, [[1.753424657534215, 1.7534246575342798], [1.1082214737587477, 1.1082214737588063], [0.9671751043712675, 0.9671751043713246]])
SOURCE_ANGULAR_COMPONENTS (0.4375, [[1.6786885245901313, 1.6786885245901986], [1.1457295657475988, 1.1457295657476614], [1.239823298200302, 1.2398232982003654]])
SOURCE_ANGULAR_COMPONENTS (0.5, [[1.599999999999966, 1.6000000000000356], [1.1294117647058495, 1.1294117647059163], [1.5058823529411416, 1.5058823529412124]])
SOURCE_ANGULAR_COMPONENTS (0.5625, [[1.5192878338278581, 1.5192878338279299], [1.0620706385137149, 1.062070638513785], [1.7478648222397322, 1.7478648222398097]])
SOURCE_ANGULAR_COMPONENTS (0.625, [[1.4382022471909757, 1.4382022471910483], [0.9504746899461531, 0.9504746899462243], [1.949691671684448, 1.94969167168453]])
SOURCE_ANGULAR_COMPONENTS (0.6875, [[1.358090185676357, 1.3580901856764294], [0.8049246744495228, 0.8049246744495927], [2.09876655856473, 2.0987665585648148]])
SOURCE_ANGULAR_COMPONENTS (0.75, [[1.2799999999999647, 1.2800000000000364], [0.6381008902076818, 0.6381008902077494], [2.1877744807121235, 2.1877744807122093]])
SOURCE_ANGULAR_COMPONENTS (0.8125, [[1.2047058823529069, 1.2047058823529764], [0.4633592494353134, 0.46335924943537715], [2.2156028478747105, 2.2156028478747936]])
SOURCE_ANGULAR_COMPONENTS (0.875, [[1.132743362831825, 1.1327433628318921], [0.2929057795224459, 0.29290577952250557], [2.187029820434442, 2.187029820434523]])
SOURCE_ANGULAR_COMPONENTS (0.9375, [[1.064449064449033, 1.0644490644490965], [0.1363538716006144, 0.13635387160066798], [2.1112857538163423, 2.1112857538164165]])
SOURCE_ANGULAR_COMPONENTS (1.0, [[0.9999999999999744, 1.0000000000000266], [-2.053912595556549e-14, 2.309263891220336e-14], [1.9999999999999705, 2.000000000000031]])
test root_rigid::enclosure::compilation::source_angular_tests::source_angular_components_cover_noncommuting_polynomial_and_reject_zero_norm ... ok

test result: ok. 1 passed; 0 failed; 0 ignored; 0 measured; 174 filtered out; finished in 0.00s

