ANIMATION FRAME PROFILE frame=0 playing=false views=1 draws=0 animation_us=0.125 lod_us=16.333 submit_present_us=54.875 total_cpu_us=325.208 outcome=SkippedOccluded
MODEL PUBLISHED frames=0 first_x=-0.09162995 asset=model.vmodel
ANIMATION FRAME PROFILE frame=0 playing=false views=1 draws=3 animation_us=0.250 lod_us=0.459 submit_present_us=22.792 total_cpu_us=814.291 outcome=SkippedOccluded
ANIMATION FRAME PROFILE frame=0 playing=false views=1 draws=3 animation_us=0.042 lod_us=0.000 submit_present_us=23.417 total_cpu_us=143.166 outcome=SkippedOccluded
ANIMATION FRAME PROFILE frame=0 playing=false views=1 draws=3 animation_us=0.541 lod_us=0.208 submit_present_us=1422.709 total_cpu_us=1493.958 outcome=Presented
ANIMATION FRAME PROFILE frame=1 playing=false views=1 draws=3 animation_us=0.084 lod_us=0.125 submit_present_us=7880.875 total_cpu_us=7947.125 outcome=Presented
ANIMATION FRAME PROFILE frame=2 playing=false views=1 draws=3 animation_us=0.417 lod_us=0.166 submit_present_us=7923.042 total_cpu_us=7980.166 outcome=Presented
ANIMATION NATIVE INSPECTOR PASS clip_bind_clip=true pause=true undo_redo=true
ANIMATION FRAME PROFILE frame=3 playing=true views=1 draws=2 animation_us=2333.875 lod_us=1918.167 submit_present_us=2510.834 total_cpu_us=6950.500 outcome=Presented
GAME UI GPU PUBLISHED draws=0
ANIMATION FRAME PROFILE frame=4 playing=true views=1 draws=2 animation_us=1.667 lod_us=3.916 submit_present_us=5748.667 total_cpu_us=5876.416 outcome=Presented
ANIMATION FRAME PROFILE frame=5 playing=true views=1 draws=2 animation_us=2.958 lod_us=6.917 submit_present_us=7767.916 total_cpu_us=7864.084 outcome=Presented
ANIMATION FRAME PROFILE frame=6 playing=true views=1 draws=2 animation_us=1066.667 lod_us=1980.250 submit_present_us=5085.833 total_cpu_us=8180.500 outcome=Presented
ANIMATION FRAME PROFILE frame=7 playing=true views=1 draws=2 animation_us=1.625 lod_us=1921.208 submit_present_us=5990.209 total_cpu_us=7978.791 outcome=Presented
ANIMATION FRAME PROFILE frame=8 playing=true views=1 draws=2 animation_us=1080.667 lod_us=1873.500 submit_present_us=5146.750 total_cpu_us=8134.125 outcome=Presented
ANIMATION FRAME PROFILE frame=9 playing=true views=1 draws=2 animation_us=0.916 lod_us=1969.167 submit_present_us=6499.625 total_cpu_us=8518.625 outcome=Presented
ANIMATION FRAME PROFILE frame=10 playing=true views=1 draws=2 animation_us=1074.917 lod_us=1936.375 submit_present_us=3190.167 total_cpu_us=6245.750 outcome=Presented
ANIMATION FRAME PROFILE frame=11 playing=true views=1 draws=2 animation_us=0.792 lod_us=1974.000 submit_present_us=6328.500 total_cpu_us=8350.750 outcome=Presented
ANIMATION FRAME PROFILE frame=12 playing=true views=1 draws=2 animation_us=1087.958 lod_us=1933.875 submit_present_us=5312.958 total_cpu_us=8363.959 outcome=Presented
ANIMATION FRAME PROFILE frame=13 playing=true views=1 draws=2 animation_us=1100.084 lod_us=2008.041 submit_present_us=3638.875 total_cpu_us=6788.292 outcome=Presented
ANIMATION FRAME PROFILE frame=14 playing=true views=1 draws=2 animation_us=1.083 lod_us=1915.500 submit_present_us=5864.916 total_cpu_us=7846.416 outcome=Presented
ANIMATION FRAME PROFILE frame=15 playing=true views=1 draws=2 animation_us=1.167 lod_us=1912.625 submit_present_us=7082.125 total_cpu_us=9057.041 outcome=Presented
ANIMATION FRAME PROFILE frame=16 playing=true views=1 draws=2 animation_us=1057.750 lod_us=1871.709 submit_present_us=5219.625 total_cpu_us=8193.667 outcome=Presented
ANIMATION FRAME PROFILE frame=17 playing=true views=1 draws=2 animation_us=1.041 lod_us=1895.459 submit_present_us=6086.000 total_cpu_us=8041.125 outcome=Presented
ANIMATION FRAME PROFILE frame=18 playing=true views=1 draws=2 animation_us=1045.958 lod_us=1876.417 submit_present_us=17546.750 total_cpu_us=20513.500 outcome=Presented
ANIMATION FRAME PROFILE frame=19 playing=true views=1 draws=2 animation_us=1008.250 lod_us=1885.750 submit_present_us=1351.958 total_cpu_us=4295.917 outcome=Presented
ANIMATION FRAME PROFILE frame=20 playing=true views=1 draws=2 animation_us=1102.292 lod_us=1915.084 submit_present_us=2532.000 total_cpu_us=5613.792 outcome=Presented
ANIMATION FRAME PROFILE frame=21 playing=true views=1 draws=2 animation_us=1.791 lod_us=1893.750 submit_present_us=5772.042 total_cpu_us=7761.458 outcome=Presented
MODEL PUBLISHED frames=22 first_x=-0.09162995 asset=model.vmodel
ANIMATION FRAME PROFILE frame=22 playing=true views=1 draws=2 animation_us=2345.417 lod_us=1935.459 submit_present_us=3382.833 total_cpu_us=8234.875 outcome=Presented
ANIMATION FRAME PROFILE frame=23 playing=true views=1 draws=2 animation_us=1054.959 lod_us=1880.125 submit_present_us=4565.125 total_cpu_us=7550.625 outcome=Presented
ANIMATION FRAME PROFILE frame=24 playing=true views=1 draws=2 animation_us=1.292 lod_us=1905.875 submit_present_us=6111.709 total_cpu_us=8089.000 outcome=Presented
ANIMATION FRAME PROFILE frame=25 playing=true views=1 draws=2 animation_us=1086.375 lod_us=1807.208 submit_present_us=5025.542 total_cpu_us=7958.667 outcome=Presented
ANIMATION FRAME PROFILE frame=26 playing=true views=1 draws=2 animation_us=1.125 lod_us=1886.125 submit_present_us=6681.333 total_cpu_us=8634.750 outcome=Presented
ANIMATION FRAME PROFILE frame=27 playing=true views=1 draws=2 animation_us=1035.125 lod_us=1879.959 submit_present_us=4952.542 total_cpu_us=7910.458 outcome=Presented
ANIMATION FRAME PROFILE frame=28 playing=true views=1 draws=2 animation_us=0.916 lod_us=1937.333 submit_present_us=6362.333 total_cpu_us=8366.417 outcome=Presented
ANIMATION FRAME PROFILE frame=29 playing=true views=1 draws=2 animation_us=1120.375 lod_us=1899.542 submit_present_us=5126.708 total_cpu_us=8210.750 outcome=Presented
ANIMATION FRAME PROFILE frame=30 playing=true views=1 draws=2 animation_us=0.917 lod_us=1900.375 submit_present_us=6238.541 total_cpu_us=8204.542 outcome=Presented
ANIMATION FRAME PROFILE frame=31 playing=true views=1 draws=2 animation_us=1061.208 lod_us=1921.250 submit_present_us=5071.209 total_cpu_us=8102.750 outcome=Presented
ANIMATION FRAME PROFILE frame=32 playing=true views=1 draws=2 animation_us=1.000 lod_us=1822.375 submit_present_us=6116.375 total_cpu_us=8003.792 outcome=Presented
ANIMATION FRAME PROFILE frame=33 playing=true views=1 draws=2 animation_us=1088.667 lod_us=1849.875 submit_present_us=5390.750 total_cpu_us=8372.541 outcome=Presented
ANIMATION FRAME PROFILE frame=34 playing=true views=1 draws=2 animation_us=1.250 lod_us=1872.792 submit_present_us=6162.250 total_cpu_us=8106.458 outcome=Presented
ANIMATION FRAME PROFILE frame=35 playing=true views=1 draws=2 animation_us=1073.833 lod_us=1865.500 submit_present_us=5306.625 total_cpu_us=8289.000 outcome=Presented
ANIMATION FRAME PROFILE frame=36 playing=true views=1 draws=2 animation_us=0.791 lod_us=1951.000 submit_present_us=6302.375 total_cpu_us=8304.250 outcome=Presented
ANIMATION FRAME PROFILE frame=37 playing=true views=1 draws=2 animation_us=1159.250 lod_us=1862.542 submit_present_us=5256.708 total_cpu_us=8317.125 outcome=Presented
ANIMATION FRAME PROFILE frame=38 playing=true views=1 draws=2 animation_us=0.667 lod_us=1961.292 submit_present_us=7108.291 total_cpu_us=9113.167 outcome=Presented
ANIMATION FRAME PROFILE frame=39 playing=true views=1 draws=2 animation_us=1060.041 lod_us=1936.833 submit_present_us=5677.000 total_cpu_us=8711.750 outcome=Presented
ANIMATION FRAME PROFILE frame=40 playing=true views=1 draws=2 animation_us=0.792 lod_us=1921.833 submit_present_us=6471.583 total_cpu_us=8444.750 outcome=Presented
ANIMATION FRAME PROFILE frame=41 playing=true views=1 draws=2 animation_us=1065.750 lod_us=1996.125 submit_present_us=3790.667 total_cpu_us=6891.375 outcome=Presented
ANIMATION FRAME PROFILE frame=42 playing=true views=1 draws=2 animation_us=0.667 lod_us=1972.334 submit_present_us=6215.125 total_cpu_us=8237.125 outcome=Presented
ANIMATION FRAME PROFILE frame=43 playing=true views=1 draws=2 animation_us=1154.833 lod_us=2038.833 submit_present_us=6637.417 total_cpu_us=9858.875 outcome=Presented
ANIMATION FRAME PROFILE frame=44 playing=true views=1 draws=2 animation_us=1.000 lod_us=2052.333 submit_present_us=4781.667 total_cpu_us=6890.625 outcome=Presented
ANIMATION FRAME PROFILE frame=45 playing=true views=1 draws=2 animation_us=1168.292 lod_us=2083.417 submit_present_us=5011.958 total_cpu_us=8294.334 outcome=Presented
ANIMATION FRAME PROFILE frame=46 playing=true views=1 draws=2 animation_us=0.584 lod_us=2154.083 submit_present_us=7590.333 total_cpu_us=9787.792 outcome=Presented
ANIMATION FRAME PROFILE frame=47 playing=true views=1 draws=2 animation_us=1148.708 lod_us=2173.375 submit_present_us=4311.875 total_cpu_us=7661.083 outcome=Presented
ANIMATION FRAME PROFILE frame=48 playing=true views=1 draws=2 animation_us=1.042 lod_us=2298.000 submit_present_us=6032.667 total_cpu_us=8393.458 outcome=Presented
ANIMATION FRAME PROFILE frame=49 playing=true views=1 draws=2 animation_us=1218.916 lod_us=2301.834 submit_present_us=4859.375 total_cpu_us=8417.500 outcome=Presented
ANIMATION FRAME PROFILE frame=50 playing=true views=1 draws=2 animation_us=1.083 lod_us=2251.083 submit_present_us=6148.042 total_cpu_us=8448.166 outcome=Presented
ANIMATION FRAME PROFILE frame=51 playing=true views=1 draws=2 animation_us=1171.584 lod_us=2240.083 submit_present_us=12113.834 total_cpu_us=15560.750 outcome=Presented
ANIMATION FRAME PROFILE frame=52 playing=true views=1 draws=2 animation_us=1318.458 lod_us=2432.875 submit_present_us=4210.291 total_cpu_us=8020.958 outcome=Presented
ANIMATION FRAME PROFILE frame=53 playing=true views=1 draws=2 animation_us=0.917 lod_us=2386.834 submit_present_us=5758.917 total_cpu_us=8216.375 outcome=Presented
ANIMATION FRAME PROFILE frame=54 playing=true views=1 draws=2 animation_us=1319.542 lod_us=2385.084 submit_present_us=4814.958 total_cpu_us=8558.166 outcome=Presented
ANIMATION FRAME PROFILE frame=55 playing=true views=1 draws=2 animation_us=0.875 lod_us=2389.542 submit_present_us=7521.042 total_cpu_us=9968.500 outcome=Presented
ANIMATION FRAME PROFILE frame=56 playing=true views=1 draws=2 animation_us=1305.334 lod_us=2492.167 submit_present_us=2497.292 total_cpu_us=6339.666 outcome=Presented
ANIMATION FRAME PROFILE frame=57 playing=true views=1 draws=2 animation_us=0.750 lod_us=2506.458 submit_present_us=6888.708 total_cpu_us=9450.167 outcome=Presented
ANIMATION FRAME PROFILE frame=58 playing=true views=1 draws=2 animation_us=1286.084 lod_us=2494.417 submit_present_us=3115.500 total_cpu_us=6941.416 outcome=Presented
ANIMATION FRAME PROFILE frame=59 playing=true views=1 draws=2 animation_us=0.833 lod_us=2405.500 submit_present_us=6745.667 total_cpu_us=9212.791 outcome=Presented
ANIMATION FRAME PROFILE frame=60 playing=true views=1 draws=2 animation_us=1265.542 lod_us=2422.667 submit_present_us=3631.625 total_cpu_us=7354.500 outcome=Presented
ANIMATION FRAME PROFILE frame=61 playing=true views=1 draws=2 animation_us=0.708 lod_us=2416.667 submit_present_us=6719.458 total_cpu_us=9180.250 outcome=Presented
ANIMATION FRAME PROFILE frame=62 playing=true views=1 draws=2 animation_us=1281.916 lod_us=2428.792 submit_present_us=3669.750 total_cpu_us=7415.750 outcome=Presented
ANIMATION FRAME PROFILE frame=63 playing=true views=1 draws=2 animation_us=0.584 lod_us=2447.417 submit_present_us=6836.542 total_cpu_us=9332.875 outcome=Presented
ANIMATION FRAME PROFILE frame=64 playing=true views=1 draws=2 animation_us=1375.333 lod_us=2427.583 submit_present_us=3971.875 total_cpu_us=7814.417 outcome=Presented
ANIMATION FRAME PROFILE frame=65 playing=true views=1 draws=2 animation_us=0.666 lod_us=2444.042 submit_present_us=5899.875 total_cpu_us=8391.250 outcome=Presented
ANIMATION FRAME PROFILE frame=66 playing=true views=1 draws=2 animation_us=1298.042 lod_us=2430.917 submit_present_us=4422.250 total_cpu_us=8189.917 outcome=Presented
ANIMATION FRAME PROFILE frame=67 playing=true views=1 draws=2 animation_us=0.666 lod_us=2438.708 submit_present_us=6054.916 total_cpu_us=8548.667 outcome=Presented
ANIMATION FRAME PROFILE frame=68 playing=true views=1 draws=2 animation_us=1292.833 lod_us=2423.416 submit_present_us=3799.500 total_cpu_us=7562.291 outcome=Presented
ANIMATION FRAME PROFILE frame=69 playing=true views=1 draws=2 animation_us=0.625 lod_us=2424.875 submit_present_us=6950.584 total_cpu_us=9438.791 outcome=Presented
ANIMATION FRAME PROFILE frame=70 playing=true views=1 draws=2 animation_us=1272.875 lod_us=2465.000 submit_present_us=3317.333 total_cpu_us=7092.125 outcome=Presented
ANIMATION FRAME PROFILE frame=71 playing=true views=1 draws=2 animation_us=0.583 lod_us=2413.125 submit_present_us=6953.959 total_cpu_us=9430.208 outcome=Presented
ANIMATION FRAME PROFILE frame=72 playing=true views=1 draws=2 animation_us=1434.833 lod_us=2482.959 submit_present_us=3252.292 total_cpu_us=7210.375 outcome=Presented
ANIMATION FRAME PROFILE frame=73 playing=true views=1 draws=2 animation_us=0.834 lod_us=2423.875 submit_present_us=6972.834 total_cpu_us=9468.416 outcome=Presented
ANIMATION FRAME PROFILE frame=74 playing=true views=1 draws=2 animation_us=1429.750 lod_us=2534.125 submit_present_us=3123.416 total_cpu_us=7128.084 outcome=Presented
ANIMATION FRAME PROFILE frame=75 playing=true views=1 draws=2 animation_us=0.875 lod_us=2444.584 submit_present_us=6800.167 total_cpu_us=9314.291 outcome=Presented
ANIMATION FRAME PROFILE frame=76 playing=true views=1 draws=2 animation_us=1299.041 lod_us=2479.166 submit_present_us=4228.750 total_cpu_us=8052.792 outcome=Presented
ANIMATION FRAME PROFILE frame=77 playing=true views=1 draws=2 animation_us=1.000 lod_us=2433.500 submit_present_us=5621.875 total_cpu_us=8147.458 outcome=Presented
ANIMATION FRAME PROFILE frame=78 playing=true views=1 draws=2 animation_us=1290.500 lod_us=2424.000 submit_present_us=3998.125 total_cpu_us=7749.291 outcome=Presented
ANIMATION FRAME PROFILE frame=79 playing=true views=1 draws=2 animation_us=0.750 lod_us=2455.291 submit_present_us=6737.834 total_cpu_us=9263.416 outcome=Presented
ANIMATION FRAME PROFILE frame=80 playing=true views=1 draws=2 animation_us=1268.166 lod_us=2458.917 submit_present_us=4305.125 total_cpu_us=8068.500 outcome=Presented
ANIMATION FRAME PROFILE frame=81 playing=true views=1 draws=2 animation_us=0.875 lod_us=2458.667 submit_present_us=5638.458 total_cpu_us=8161.000 outcome=Presented
ANIMATION FRAME PROFILE frame=82 playing=true views=1 draws=2 animation_us=1313.125 lod_us=2417.583 submit_present_us=3790.583 total_cpu_us=7569.542 outcome=Presented
ANIMATION FRAME PROFILE frame=83 playing=true views=1 draws=2 animation_us=1.292 lod_us=2241.833 submit_present_us=5971.959 total_cpu_us=8278.791 outcome=Presented
ANIMATION FRAME PROFILE frame=84 playing=true views=1 draws=2 animation_us=1365.500 lod_us=2388.584 submit_present_us=5323.167 total_cpu_us=9116.667 outcome=Presented
ANIMATION FRAME PROFILE frame=85 playing=true views=1 draws=2 animation_us=0.542 lod_us=2424.708 submit_present_us=5472.292 total_cpu_us=7946.750 outcome=Presented
ANIMATION FRAME PROFILE frame=86 playing=true views=1 draws=2 animation_us=1312.375 lod_us=2424.791 submit_present_us=3922.750 total_cpu_us=7699.375 outcome=Presented
ANIMATION FRAME PROFILE frame=87 playing=true views=1 draws=2 animation_us=0.583 lod_us=2395.334 submit_present_us=7137.917 total_cpu_us=9588.916 outcome=Presented
ANIMATION FRAME PROFILE frame=88 playing=true views=1 draws=2 animation_us=1289.666 lod_us=2437.125 submit_present_us=3272.709 total_cpu_us=7045.583 outcome=Presented
ANIMATION FRAME PROFILE frame=89 playing=true views=1 draws=2 animation_us=0.750 lod_us=2432.875 submit_present_us=6909.458 total_cpu_us=9399.916 outcome=Presented
ANIMATION FRAME PROFILE frame=90 playing=true views=1 draws=2 animation_us=1317.584 lod_us=2386.583 submit_present_us=3426.958 total_cpu_us=7181.250 outcome=Presented
ANIMATION FRAME PROFILE frame=91 playing=true views=1 draws=2 animation_us=0.667 lod_us=2421.917 submit_present_us=5832.458 total_cpu_us=8314.042 outcome=Presented
ANIMATION FRAME PROFILE frame=92 playing=true views=1 draws=2 animation_us=1347.292 lod_us=2404.708 submit_present_us=5889.458 total_cpu_us=9680.959 outcome=Presented
ANIMATION FRAME PROFILE frame=93 playing=true views=1 draws=2 animation_us=0.625 lod_us=2404.291 submit_present_us=5181.833 total_cpu_us=7649.500 outcome=Presented
ANIMATION FRAME PROFILE frame=94 playing=true views=1 draws=2 animation_us=1388.250 lod_us=2647.333 submit_present_us=3550.708 total_cpu_us=7627.791 outcome=Presented
ANIMATION FRAME PROFILE frame=95 playing=true views=1 draws=2 animation_us=0.708 lod_us=2386.958 submit_present_us=6733.166 total_cpu_us=9184.125 outcome=Presented
ANIMATION FRAME PROFILE frame=96 playing=true views=1 draws=2 animation_us=1404.583 lod_us=2452.708 submit_present_us=4085.500 total_cpu_us=7994.542 outcome=Presented
ANIMATION FRAME PROFILE frame=97 playing=true views=1 draws=2 animation_us=0.875 lod_us=2433.584 submit_present_us=5740.541 total_cpu_us=8235.167 outcome=Presented
ANIMATION FRAME PROFILE frame=98 playing=true views=1 draws=2 animation_us=1273.208 lod_us=2414.750 submit_present_us=4807.833 total_cpu_us=8531.917 outcome=Presented
ANIMATION FRAME PROFILE frame=99 playing=true views=1 draws=2 animation_us=0.708 lod_us=2392.250 submit_present_us=5471.958 total_cpu_us=7915.291 outcome=Presented
ANIMATION FRAME PROFILE frame=100 playing=true views=1 draws=2 animation_us=1385.541 lod_us=2481.792 submit_present_us=4446.333 total_cpu_us=8350.500 outcome=Presented
ANIMATION FRAME PROFILE frame=101 playing=true views=1 draws=2 animation_us=0.791 lod_us=2417.458 submit_present_us=5396.625 total_cpu_us=7872.584 outcome=Presented
ANIMATION FRAME PROFILE frame=102 playing=true views=1 draws=2 animation_us=1363.875 lod_us=2415.375 submit_present_us=5647.875 total_cpu_us=9460.834 outcome=Presented
ANIMATION FRAME PROFILE frame=103 playing=true views=1 draws=2 animation_us=0.708 lod_us=2385.583 submit_present_us=4774.042 total_cpu_us=7226.084 outcome=Presented
ANIMATION FRAME PROFILE frame=104 playing=true views=1 draws=2 animation_us=1393.125 lod_us=2411.625 submit_present_us=4923.750 total_cpu_us=8774.334 outcome=Presented
ANIMATION FRAME PROFILE frame=105 playing=true views=1 draws=2 animation_us=0.792 lod_us=2346.958 submit_present_us=6298.584 total_cpu_us=8719.041 outcome=Presented
ANIMATION FRAME PROFILE frame=106 playing=true views=1 draws=2 animation_us=1236.375 lod_us=2293.625 submit_present_us=4602.167 total_cpu_us=8191.959 outcome=Presented
ANIMATION FRAME PROFILE frame=107 playing=true views=1 draws=2 animation_us=0.875 lod_us=2275.458 submit_present_us=4963.083 total_cpu_us=7294.625 outcome=Presented
ANIMATION FRAME PROFILE frame=108 playing=true views=1 draws=2 animation_us=1277.125 lod_us=2252.500 submit_present_us=6042.875 total_cpu_us=9605.375 outcome=Presented
ANIMATION FRAME PROFILE frame=109 playing=true views=1 draws=2 animation_us=1.000 lod_us=2282.292 submit_present_us=5664.792 total_cpu_us=8001.041 outcome=Presented
ANIMATION FRAME PROFILE frame=110 playing=true views=1 draws=2 animation_us=1206.542 lod_us=2296.375 submit_present_us=12209.792 total_cpu_us=15751.334 outcome=Presented
ANIMATION FRAME PROFILE frame=111 playing=true views=1 draws=2 animation_us=1312.541 lod_us=2407.667 submit_present_us=4643.125 total_cpu_us=8407.459 outcome=Presented
ANIMATION FRAME PROFILE frame=112 playing=true views=1 draws=2 animation_us=1.000 lod_us=2395.459 submit_present_us=5694.625 total_cpu_us=8149.875 outcome=Presented
ANIMATION FRAME PROFILE frame=113 playing=true views=1 draws=2 animation_us=1386.833 lod_us=2428.333 submit_present_us=5290.375 total_cpu_us=9157.833 outcome=Presented
ANIMATION FRAME PROFILE frame=114 playing=true views=1 draws=2 animation_us=0.875 lod_us=2427.542 submit_present_us=5535.750 total_cpu_us=8029.667 outcome=Presented
ANIMATION FRAME PROFILE frame=115 playing=true views=1 draws=2 animation_us=1295.667 lod_us=2393.042 submit_present_us=4789.583 total_cpu_us=8515.125 outcome=Presented
ANIMATION FRAME PROFILE frame=116 playing=true views=1 draws=2 animation_us=0.625 lod_us=2404.542 submit_present_us=5656.042 total_cpu_us=8104.958 outcome=Presented
ANIMATION FRAME PROFILE frame=117 playing=true views=1 draws=2 animation_us=1365.125 lod_us=2555.625 submit_present_us=4092.167 total_cpu_us=8056.333 outcome=Presented
ANIMATION FRAME PROFILE frame=118 playing=true views=1 draws=2 animation_us=0.959 lod_us=2425.959 submit_present_us=6562.292 total_cpu_us=9044.291 outcome=Presented
ANIMATION FRAME PROFILE frame=119 playing=true views=1 draws=2 animation_us=1286.708 lod_us=2414.167 submit_present_us=3818.334 total_cpu_us=7553.416 outcome=Presented
ANIMATION FRAME PROFILE frame=120 playing=true views=1 draws=2 animation_us=0.834 lod_us=2435.125 submit_present_us=5863.834 total_cpu_us=8349.625 outcome=Presented
ANIMATION FRAME PROFILE frame=121 playing=true views=1 draws=2 animation_us=1205.125 lod_us=2222.292 submit_present_us=5272.834 total_cpu_us=8745.500 outcome=Presented
ANIMATION FRAME PROFILE frame=122 playing=true views=1 draws=2 animation_us=0.792 lod_us=2226.750 submit_present_us=5977.500 total_cpu_us=8254.542 outcome=Presented
ANIMATION FRAME PROFILE frame=123 playing=true views=1 draws=2 animation_us=1215.292 lod_us=2260.459 submit_present_us=4610.833 total_cpu_us=8125.625 outcome=Presented
ANIMATION FRAME PROFILE frame=124 playing=true views=1 draws=2 animation_us=0.833 lod_us=2221.583 submit_present_us=5866.792 total_cpu_us=8136.584 outcome=Presented
ANIMATION FRAME PROFILE frame=125 playing=true views=1 draws=2 animation_us=1200.292 lod_us=2245.375 submit_present_us=4832.708 total_cpu_us=8310.417 outcome=Presented
ANIMATION FRAME PROFILE frame=126 playing=true views=1 draws=2 animation_us=0.750 lod_us=2284.250 submit_present_us=6167.458 total_cpu_us=8493.125 outcome=Presented
ANIMATION FRAME PROFILE frame=127 playing=true views=1 draws=2 animation_us=1278.292 lod_us=2447.666 submit_present_us=4703.042 total_cpu_us=8463.375 outcome=Presented
ANIMATION FRAME PROFILE frame=128 playing=true views=1 draws=2 animation_us=0.834 lod_us=2412.208 submit_present_us=5776.000 total_cpu_us=8236.542 outcome=Presented
ANIMATION FRAME PROFILE frame=129 playing=true views=1 draws=2 animation_us=1273.875 lod_us=2428.542 submit_present_us=4904.333 total_cpu_us=8640.667 outcome=Presented
ANIMATION FRAME PROFILE frame=130 playing=true views=1 draws=2 animation_us=0.750 lod_us=2397.958 submit_present_us=4675.417 total_cpu_us=7114.333 outcome=Presented
ANIMATION FRAME PROFILE frame=131 playing=true views=1 draws=2 animation_us=1365.458 lod_us=2404.625 submit_present_us=5454.167 total_cpu_us=9257.291 outcome=Presented
ANIMATION FRAME PROFILE frame=132 playing=true views=1 draws=2 animation_us=0.709 lod_us=2426.208 submit_present_us=5476.917 total_cpu_us=7955.875 outcome=Presented
ANIMATION FRAME PROFILE frame=133 playing=true views=1 draws=2 animation_us=1307.750 lod_us=2426.500 submit_present_us=4717.625 total_cpu_us=8485.375 outcome=Presented
ANIMATION FRAME PROFILE frame=134 playing=true views=1 draws=2 animation_us=0.625 lod_us=2380.917 submit_present_us=5066.250 total_cpu_us=7499.625 outcome=Presented
ANIMATION FRAME PROFILE frame=135 playing=true views=1 draws=2 animation_us=1306.291 lod_us=2373.958 submit_present_us=5613.958 total_cpu_us=9329.333 outcome=Presented
ANIMATION FRAME PROFILE frame=136 playing=true views=1 draws=2 animation_us=0.875 lod_us=2474.833 submit_present_us=4794.917 total_cpu_us=7343.584 outcome=Presented
ANIMATION FRAME PROFILE frame=137 playing=true views=1 draws=2 animation_us=1335.916 lod_us=2413.166 submit_present_us=5161.209 total_cpu_us=8951.500 outcome=Presented
ANIMATION FRAME PROFILE frame=138 playing=true views=1 draws=2 animation_us=0.917 lod_us=2471.625 submit_present_us=5008.083 total_cpu_us=7541.375 outcome=Presented
ANIMATION FRAME PROFILE frame=139 playing=true views=1 draws=2 animation_us=1352.000 lod_us=2412.958 submit_present_us=5540.833 total_cpu_us=9339.542 outcome=Presented
ANIMATION FRAME PROFILE frame=140 playing=true views=1 draws=2 animation_us=0.792 lod_us=2613.042 submit_present_us=5502.833 total_cpu_us=8162.917 outcome=Presented
ANIMATION FRAME PROFILE frame=141 playing=true views=1 draws=2 animation_us=1373.625 lod_us=2592.958 submit_present_us=4194.500 total_cpu_us=8211.250 outcome=Presented
ANIMATION FRAME PROFILE frame=142 playing=true views=1 draws=2 animation_us=0.750 lod_us=2537.500 submit_present_us=5605.875 total_cpu_us=8192.250 outcome=Presented
ANIMATION FRAME PROFILE frame=143 playing=true views=1 draws=2 animation_us=1289.959 lod_us=2434.459 submit_present_us=4444.708 total_cpu_us=8208.959 outcome=Presented
ANIMATION FRAME PROFILE frame=144 playing=true views=1 draws=2 animation_us=0.833 lod_us=2416.541 submit_present_us=6120.542 total_cpu_us=8582.834 outcome=Presented
ANIMATION FRAME PROFILE frame=145 playing=true views=1 draws=2 animation_us=1379.916 lod_us=2586.666 submit_present_us=4011.209 total_cpu_us=8013.125 outcome=Presented
ANIMATION FRAME PROFILE frame=146 playing=true views=1 draws=2 animation_us=0.833 lod_us=2575.458 submit_present_us=5515.708 total_cpu_us=8140.625 outcome=Presented
ANIMATION FRAME PROFILE frame=147 playing=true views=1 draws=2 animation_us=1354.917 lod_us=2521.166 submit_present_us=4711.916 total_cpu_us=8622.417 outcome=Presented
ANIMATION FRAME PROFILE frame=148 playing=true views=1 draws=2 animation_us=0.708 lod_us=2602.000 submit_present_us=5578.167 total_cpu_us=8226.333 outcome=Presented
ANIMATION FRAME PROFILE frame=149 playing=true views=1 draws=2 animation_us=1356.458 lod_us=2560.292 submit_present_us=4383.667 total_cpu_us=8345.834 outcome=Presented
ANIMATION FRAME PROFILE frame=150 playing=true views=1 draws=2 animation_us=0.792 lod_us=2456.583 submit_present_us=5683.625 total_cpu_us=8188.125 outcome=Presented
ANIMATION FRAME PROFILE frame=151 playing=true views=1 draws=2 animation_us=1363.125 lod_us=2486.166 submit_present_us=4640.625 total_cpu_us=8522.417 outcome=Presented
ANIMATION FRAME PROFILE frame=152 playing=true views=1 draws=2 animation_us=1.834 lod_us=2456.708 submit_present_us=5777.000 total_cpu_us=8328.709 outcome=Presented
ANIMATION FRAME PROFILE frame=153 playing=true views=1 draws=2 animation_us=1236.000 lod_us=2302.208 submit_present_us=4018.667 total_cpu_us=7595.209 outcome=Presented
ANIMATION FRAME PROFILE frame=154 playing=true views=1 draws=2 animation_us=1.125 lod_us=2320.583 submit_present_us=7005.958 total_cpu_us=9411.542 outcome=Presented
ANIMATION FRAME PROFILE frame=155 playing=true views=1 draws=2 animation_us=1218.000 lod_us=2268.375 submit_present_us=3540.042 total_cpu_us=7066.750 outcome=Presented
ANIMATION FRAME PROFILE frame=156 playing=true views=1 draws=2 animation_us=0.959 lod_us=2290.584 submit_present_us=6724.667 total_cpu_us=9085.042 outcome=Presented
ANIMATION FRAME PROFILE frame=157 playing=true views=1 draws=2 animation_us=1213.208 lod_us=2239.916 submit_present_us=5214.250 total_cpu_us=8698.458 outcome=Presented
ANIMATION FRAME PROFILE frame=158 playing=true views=1 draws=2 animation_us=0.750 lod_us=2393.375 submit_present_us=6071.292 total_cpu_us=8517.666 outcome=Presented
ANIMATION FRAME PROFILE frame=159 playing=true views=1 draws=2 animation_us=1218.875 lod_us=2289.250 submit_present_us=3314.500 total_cpu_us=6857.250 outcome=Presented
ANIMATION FRAME PROFILE frame=160 playing=true views=1 draws=2 animation_us=0.875 lod_us=2259.541 submit_present_us=7092.250 total_cpu_us=9433.708 outcome=Presented
ANIMATION FRAME PROFILE frame=161 playing=true views=1 draws=2 animation_us=1282.500 lod_us=2398.209 submit_present_us=3426.250 total_cpu_us=7138.875 outcome=Presented
ANIMATION FRAME PROFILE frame=162 playing=true views=1 draws=2 animation_us=0.542 lod_us=2392.000 submit_present_us=6708.625 total_cpu_us=9146.375 outcome=Presented
ANIMATION FRAME PROFILE frame=163 playing=true views=1 draws=2 animation_us=1285.250 lod_us=2390.375 submit_present_us=4360.250 total_cpu_us=8076.833 outcome=Presented
ANIMATION FRAME PROFILE frame=164 playing=true views=1 draws=2 animation_us=0.667 lod_us=2431.959 submit_present_us=6110.500 total_cpu_us=8594.917 outcome=Presented
ANIMATION FRAME PROFILE frame=165 playing=true views=1 draws=2 animation_us=1290.500 lod_us=2449.084 submit_present_us=3642.500 total_cpu_us=7425.625 outcome=Presented
ANIMATION FRAME PROFILE frame=166 playing=true views=1 draws=2 animation_us=0.708 lod_us=2440.125 submit_present_us=6986.125 total_cpu_us=9494.000 outcome=Presented
ANIMATION FRAME PROFILE frame=167 playing=true views=1 draws=2 animation_us=1279.666 lod_us=2436.750 submit_present_us=3340.375 total_cpu_us=7090.625 outcome=Presented
ANIMATION FRAME PROFILE frame=168 playing=true views=1 draws=2 animation_us=0.542 lod_us=2436.500 submit_present_us=6859.125 total_cpu_us=9348.042 outcome=Presented
ANIMATION FRAME PROFILE frame=169 playing=true views=1 draws=2 animation_us=1381.167 lod_us=2567.334 submit_present_us=4527.875 total_cpu_us=8509.750 outcome=Presented
ANIMATION FRAME PROFILE frame=170 playing=true views=1 draws=2 animation_us=0.750 lod_us=2577.542 submit_present_us=4554.625 total_cpu_us=7183.791 outcome=Presented
ANIMATION FRAME PROFILE frame=171 playing=true views=1 draws=2 animation_us=1480.500 lod_us=2634.666 submit_present_us=3954.750 total_cpu_us=8118.250 outcome=Presented
ANIMATION FRAME PROFILE frame=172 playing=true views=1 draws=2 animation_us=0.792 lod_us=2633.334 submit_present_us=6933.000 total_cpu_us=9627.750 outcome=Presented
ANIMATION FRAME PROFILE frame=173 playing=true views=1 draws=2 animation_us=1376.958 lod_us=2625.459 submit_present_us=2851.875 total_cpu_us=6893.209 outcome=Presented
ANIMATION FRAME PROFILE frame=174 playing=true views=1 draws=2 animation_us=0.667 lod_us=2650.458 submit_present_us=6775.792 total_cpu_us=9492.875 outcome=Presented
ANIMATION FRAME PROFILE frame=175 playing=true views=1 draws=2 animation_us=1354.375 lod_us=2259.167 submit_present_us=4620.042 total_cpu_us=8302.541 outcome=Presented
ANIMATION FRAME PROFILE frame=176 playing=true views=1 draws=2 animation_us=1.125 lod_us=2274.458 submit_present_us=5777.125 total_cpu_us=8138.791 outcome=Presented
ANIMATION FRAME PROFILE frame=177 playing=true views=1 draws=2 animation_us=1211.833 lod_us=2252.417 submit_present_us=3737.625 total_cpu_us=7239.958 outcome=Presented
ANIMATION FRAME PROFILE frame=178 playing=true views=1 draws=2 animation_us=1.291 lod_us=2289.709 submit_present_us=6687.500 total_cpu_us=9064.625 outcome=Presented
ANIMATION FRAME PROFILE frame=179 playing=true views=1 draws=2 animation_us=1267.167 lod_us=2279.542 submit_present_us=4540.375 total_cpu_us=8146.500 outcome=Presented
ANIMATION FRAME PROFILE frame=180 playing=true views=1 draws=2 animation_us=0.916 lod_us=2234.958 submit_present_us=5988.417 total_cpu_us=8275.584 outcome=Presented
ANIMATION FRAME PROFILE frame=181 playing=true views=1 draws=2 animation_us=1270.417 lod_us=2402.958 submit_present_us=4575.333 total_cpu_us=8279.167 outcome=Presented
ANIMATION FRAME PROFILE frame=182 playing=true views=1 draws=2 animation_us=1.125 lod_us=2406.167 submit_present_us=5871.833 total_cpu_us=8343.000 outcome=Presented
ANIMATION FRAME PROFILE frame=183 playing=true views=1 draws=2 animation_us=1266.709 lod_us=2387.875 submit_present_us=4729.792 total_cpu_us=8415.917 outcome=Presented
ANIMATION FRAME PROFILE frame=184 playing=true views=1 draws=2 animation_us=0.834 lod_us=2412.125 submit_present_us=5789.916 total_cpu_us=8254.917 outcome=Presented
ANIMATION FRAME PROFILE frame=185 playing=true views=1 draws=2 animation_us=1277.208 lod_us=2425.458 submit_present_us=4642.125 total_cpu_us=8384.667 outcome=Presented
ANIMATION FRAME PROFILE frame=186 playing=true views=1 draws=2 animation_us=0.791 lod_us=2443.750 submit_present_us=5214.375 total_cpu_us=7708.917 outcome=Presented
ANIMATION FRAME PROFILE frame=187 playing=true views=1 draws=2 animation_us=1282.250 lod_us=2389.792 submit_present_us=4363.292 total_cpu_us=8069.792 outcome=Presented
ANIMATION FRAME PROFILE frame=188 playing=true views=1 draws=2 animation_us=0.542 lod_us=2428.042 submit_present_us=7348.084 total_cpu_us=9829.208 outcome=Presented
ANIMATION FRAME PROFILE frame=189 playing=true views=1 draws=2 animation_us=1318.250 lod_us=2408.500 submit_present_us=3362.458 total_cpu_us=7149.000 outcome=Presented
ANIMATION FRAME PROFILE frame=190 playing=true views=1 draws=2 animation_us=1.542 lod_us=2391.583 submit_present_us=6856.417 total_cpu_us=9360.208 outcome=Presented
ANIMATION FRAME PROFILE frame=191 playing=true views=1 draws=2 animation_us=1302.458 lod_us=2304.667 submit_present_us=11708.625 total_cpu_us=15369.750 outcome=Presented
ANIMATION FRAME PROFILE frame=192 playing=true views=1 draws=2 animation_us=1443.750 lod_us=2406.458 submit_present_us=4295.583 total_cpu_us=8216.833 outcome=Presented
ANIMATION FRAME PROFILE frame=193 playing=true views=1 draws=2 animation_us=0.875 lod_us=2425.750 submit_present_us=5667.875 total_cpu_us=8167.584 outcome=Presented
ANIMATION FRAME PROFILE frame=194 playing=true views=1 draws=2 animation_us=1323.542 lod_us=2406.459 submit_present_us=4455.542 total_cpu_us=8234.750 outcome=Presented
ANIMATION FRAME PROFILE frame=195 playing=true views=1 draws=2 animation_us=0.750 lod_us=2468.584 submit_present_us=7084.833 total_cpu_us=9624.750 outcome=Presented
ANIMATION FRAME PROFILE frame=196 playing=true views=1 draws=2 animation_us=1309.583 lod_us=2486.250 submit_present_us=3127.625 total_cpu_us=6963.292 outcome=Presented
ANIMATION FRAME PROFILE frame=197 playing=true views=1 draws=2 animation_us=0.750 lod_us=2445.542 submit_present_us=7106.000 total_cpu_us=9617.167 outcome=Presented
ANIMATION FRAME PROFILE frame=198 playing=true views=1 draws=2 animation_us=1374.375 lod_us=2563.875 submit_present_us=2997.125 total_cpu_us=6971.750 outcome=Presented
ANIMATION FRAME PROFILE frame=199 playing=true views=1 draws=2 animation_us=1406.834 lod_us=2594.875 submit_present_us=1399.458 total_cpu_us=5460.916 outcome=Presented
ANIMATION FRAME PROFILE frame=200 playing=true views=1 draws=2 animation_us=1.583 lod_us=2389.625 submit_present_us=14263.083 total_cpu_us=16720.042 outcome=Presented
ANIMATION FRAME PROFILE frame=201 playing=true views=1 draws=2 animation_us=1439.083 lod_us=2486.583 submit_present_us=4090.334 total_cpu_us=8066.292 outcome=Presented
ANIMATION FRAME PROFILE frame=202 playing=true views=1 draws=2 animation_us=0.750 lod_us=2432.333 submit_present_us=5017.875 total_cpu_us=7502.875 outcome=Presented
ANIMATION FRAME PROFILE frame=203 playing=true views=1 draws=2 animation_us=1361.208 lod_us=2427.000 submit_present_us=4290.209 total_cpu_us=8113.458 outcome=Presented
ANIMATION FRAME PROFILE frame=204 playing=true views=1 draws=2 animation_us=0.542 lod_us=2440.000 submit_present_us=7133.583 total_cpu_us=9631.042 outcome=Presented
ANIMATION FRAME PROFILE frame=205 playing=true views=1 draws=2 animation_us=1287.792 lod_us=2392.000 submit_present_us=3341.542 total_cpu_us=7062.625 outcome=Presented
ANIMATION FRAME PROFILE frame=206 playing=true views=1 draws=2 animation_us=0.666 lod_us=2391.375 submit_present_us=6865.708 total_cpu_us=9311.084 outcome=Presented
ANIMATION FRAME PROFILE frame=207 playing=true views=1 draws=2 animation_us=1294.541 lod_us=2421.291 submit_present_us=4122.459 total_cpu_us=7877.583 outcome=Presented
ANIMATION FRAME PROFILE frame=208 playing=true views=1 draws=2 animation_us=0.667 lod_us=2419.833 submit_present_us=5876.958 total_cpu_us=8352.792 outcome=Presented
ANIMATION FRAME PROFILE frame=209 playing=true views=1 draws=2 animation_us=1404.166 lod_us=2581.250 submit_present_us=4311.375 total_cpu_us=8341.917 outcome=Presented
ANIMATION FRAME PROFILE frame=210 playing=true views=1 draws=2 animation_us=0.750 lod_us=2416.584 submit_present_us=6010.334 total_cpu_us=8484.208 outcome=Presented
ANIMATION FRAME PROFILE frame=211 playing=true views=1 draws=2 animation_us=1378.208 lod_us=2463.834 submit_present_us=4125.292 total_cpu_us=8008.375 outcome=Presented
ANIMATION FRAME PROFILE frame=212 playing=true views=1 draws=2 animation_us=0.792 lod_us=2451.542 submit_present_us=5843.167 total_cpu_us=8358.708 outcome=Presented
ANIMATION FRAME PROFILE frame=213 playing=true views=1 draws=2 animation_us=1279.917 lod_us=2417.584 submit_present_us=4497.250 total_cpu_us=8233.542 outcome=Presented
ANIMATION FRAME PROFILE frame=214 playing=true views=1 draws=2 animation_us=0.709 lod_us=2428.750 submit_present_us=6122.875 total_cpu_us=8600.458 outcome=Presented
ANIMATION FRAME PROFILE frame=215 playing=true views=1 draws=2 animation_us=1368.208 lod_us=2597.916 submit_present_us=4335.875 total_cpu_us=8341.458 outcome=Presented
ANIMATION FRAME PROFILE frame=216 playing=true views=1 draws=2 animation_us=0.792 lod_us=2571.917 submit_present_us=5347.708 total_cpu_us=7975.959 outcome=Presented
ANIMATION FRAME PROFILE frame=217 playing=true views=1 draws=2 animation_us=1301.541 lod_us=2505.834 submit_present_us=4509.959 total_cpu_us=8353.291 outcome=Presented
ANIMATION FRAME PROFILE frame=218 playing=true views=1 draws=2 animation_us=0.750 lod_us=2447.541 submit_present_us=5896.917 total_cpu_us=8399.333 outcome=Presented
ANIMATION FRAME PROFILE frame=219 playing=true views=1 draws=2 animation_us=1287.875 lod_us=2580.083 submit_present_us=3678.666 total_cpu_us=7578.208 outcome=Presented
ANIMATION FRAME PROFILE frame=220 playing=true views=1 draws=2 animation_us=1.083 lod_us=2390.000 submit_present_us=5804.459 total_cpu_us=8259.291 outcome=Presented
ANIMATION FRAME PROFILE frame=221 playing=true views=1 draws=2 animation_us=1284.375 lod_us=2395.167 submit_present_us=5502.375 total_cpu_us=9223.417 outcome=Presented
ANIMATION FRAME PROFILE frame=222 playing=true views=1 draws=2 animation_us=0.917 lod_us=2421.250 submit_present_us=5706.916 total_cpu_us=8180.167 outcome=Presented
ANIMATION FRAME PROFILE frame=223 playing=true views=1 draws=2 animation_us=1308.083 lod_us=2523.708 submit_present_us=4611.292 total_cpu_us=8475.041 outcome=Presented
ANIMATION FRAME PROFILE frame=224 playing=true views=1 draws=2 animation_us=0.667 lod_us=2461.042 submit_present_us=5734.750 total_cpu_us=8243.666 outcome=Presented
ANIMATION FRAME PROFILE frame=225 playing=true views=1 draws=2 animation_us=1372.875 lod_us=2599.666 submit_present_us=4193.834 total_cpu_us=8213.875 outcome=Presented
ANIMATION FRAME PROFILE frame=226 playing=true views=1 draws=2 animation_us=0.875 lod_us=2569.875 submit_present_us=5688.000 total_cpu_us=8335.292 outcome=Presented
ANIMATION FRAME PROFILE frame=227 playing=true views=1 draws=2 animation_us=1384.958 lod_us=2445.542 submit_present_us=4554.959 total_cpu_us=8422.750 outcome=Presented
ANIMATION FRAME PROFILE frame=228 playing=true views=1 draws=2 animation_us=0.750 lod_us=2403.083 submit_present_us=4953.125 total_cpu_us=7405.167 outcome=Presented
ANIMATION FRAME PROFILE frame=229 playing=true views=1 draws=2 animation_us=1388.583 lod_us=2406.875 submit_present_us=5718.125 total_cpu_us=9549.875 outcome=Presented
ANIMATION FRAME PROFILE frame=230 playing=true views=1 draws=2 animation_us=0.917 lod_us=2409.375 submit_present_us=4558.250 total_cpu_us=7017.208 outcome=Presented
ANIMATION FRAME PROFILE frame=231 playing=true views=1 draws=2 animation_us=1319.333 lod_us=2381.334 submit_present_us=5520.292 total_cpu_us=9267.500 outcome=Presented
ANIMATION FRAME PROFILE frame=232 playing=true views=1 draws=2 animation_us=1.833 lod_us=2475.500 submit_present_us=4799.458 total_cpu_us=7396.500 outcome=Presented
ANIMATION FRAME PROFILE frame=233 playing=true views=1 draws=2 animation_us=1304.542 lod_us=2399.542 submit_present_us=5302.417 total_cpu_us=9044.834 outcome=Presented
ANIMATION FRAME PROFILE frame=234 playing=true views=1 draws=2 animation_us=0.625 lod_us=2426.500 submit_present_us=5010.208 total_cpu_us=7490.250 outcome=Presented
ANIMATION FRAME PROFILE frame=235 playing=true views=1 draws=2 animation_us=1307.625 lod_us=2401.500 submit_present_us=5591.375 total_cpu_us=9333.000 outcome=Presented
ANIMATION FRAME PROFILE frame=236 playing=true views=1 draws=2 animation_us=0.834 lod_us=2481.250 submit_present_us=6082.208 total_cpu_us=8661.042 outcome=Presented
ANIMATION FRAME PROFILE frame=237 playing=true views=1 draws=2 animation_us=1335.375 lod_us=2424.167 submit_present_us=3146.250 total_cpu_us=6984.792 outcome=Presented
ANIMATION FRAME PROFILE frame=238 playing=true views=1 draws=2 animation_us=2.042 lod_us=2488.416 submit_present_us=5549.208 total_cpu_us=8147.666 outcome=Presented
ANIMATION FRAME PROFILE frame=239 playing=true views=1 draws=2 animation_us=1380.375 lod_us=2422.666 submit_present_us=4476.250 total_cpu_us=8338.584 outcome=Presented
ANIMATION NATIVE PLAY PASS frames=240 ticks=120 owners=2 gpu_primitives=2 shared_sources=1 bytes=81216
ANIMATION NATIVE LOD FAR PASS owners=2 level=1 indices=510
ANIMATION FRAME PROFILE frame=240 playing=true views=1 draws=2 animation_us=0.792 lod_us=2371.000 submit_present_us=5727.791 total_cpu_us=8169.208 outcome=Presented
ANIMATION FRAME PROFILE frame=241 playing=true views=1 draws=2 animation_us=1275.584 lod_us=2432.792 submit_present_us=4275.042 total_cpu_us=8021.667 outcome=Presented
ANIMATION FRAME PROFILE frame=242 playing=true views=1 draws=2 animation_us=0.750 lod_us=2396.917 submit_present_us=5627.292 total_cpu_us=8073.000 outcome=Presented
ANIMATION NATIVE LOD NEAR PASS level=0 indices=768 before=81216 after=77136
ANIMATION FRAME PROFILE frame=243 playing=false views=1 draws=4 animation_us=0.041 lod_us=0.167 submit_present_us=6466.458 total_cpu_us=6552.750 outcome=Presented
ANIMATION FRAME PROFILE frame=244 playing=false views=1 draws=4 animation_us=0.167 lod_us=0.208 submit_present_us=8342.375 total_cpu_us=8477.125 outcome=Presented
ANIMATION FRAME PROFILE frame=245 playing=false views=1 draws=4 animation_us=0.125 lod_us=0.166 submit_present_us=6700.708 total_cpu_us=6780.792 outcome=Presented
ANIMATION NATIVE STOP PASS frames=246 animated_bytes=0 authoring_restored=true
ANIMATION NATIVE STOP PASS frames=246 animated_bytes=0 authoring_restored=true
