BODY MODEL: 60866 vertices, 121728 triangles; actual surface skin: 636 vertices, 1268 triangles; 60866 render bindings
HAIR: 469 Cosserat guides, 20 segments each; E=4 GPa, fiber diameter=80 um; animated triangle contacts + guide self-contact
Facial render mouth opening: 340 seal triangles
GPU SECONDARY presentation=Immediate
SCENE GPU: AdapterInfo { name: "Apple M4 Max", vendor: 0, device: 0, device_type: IntegratedGpu, device_pci_bus_id: "", driver: "", driver_info: "", backend: Metal, subgroup_min_size: 4, subgroup_max_size: 64, transient_saves_memory: Some(true), limit_bucket: None }
BODY MODEL: 60866 vertices, 121728 triangles; actual surface skin: 636 vertices, 1268 triangles; 60866 render bindings
HAIR: 469 Cosserat guides, 20 segments each; E=4 GPa, fiber diameter=80 um; animated triangle contacts + guide self-contact
Facial render mouth opening: 340 seal triangles
FULL MODEL WORKER work_ms=328.872 physics_ms=0.001 mesh_ms=93.501 partition_ms=11.783 streams_ms=223.587
FULL MODEL WORKER work_ms=1073.676 physics_ms=595.449 mesh_ms=184.329 partition_ms=16.552 streams_ms=277.346
FULL MODEL WORKER work_ms=1081.044 physics_ms=630.301 mesh_ms=219.708 partition_ms=16.996 streams_ms=214.038
FULL MODEL WORKER work_ms=986.752 physics_ms=574.642 mesh_ms=190.970 partition_ms=14.633 streams_ms=206.507
FULL MODEL WORKER work_ms=1115.770 physics_ms=645.826 mesh_ms=206.677 partition_ms=12.212 streams_ms=251.055
FULL MODEL WORKER work_ms=960.586 physics_ms=525.651 mesh_ms=196.552 partition_ms=14.781 streams_ms=223.602
PRESENT CADENCE frame=1 interval_ms=3.315667 paused=false
PRESENT CADENCE frame=2 interval_ms=9.818166 paused=false
PRESENT CADENCE frame=3 interval_ms=7.069459 paused=false
PRESENT CADENCE frame=4 interval_ms=3.027333 paused=false
PRESENT CADENCE frame=5 interval_ms=0.443042 paused=false
PRESENT CADENCE frame=6 interval_ms=19.586791 paused=false
PRESENT CADENCE frame=7 interval_ms=35.362500 paused=false
PRESENT CADENCE frame=8 interval_ms=16.936209 paused=false
PRESENT CADENCE frame=9 interval_ms=0.723458 paused=false
PRESENT CADENCE frame=10 interval_ms=20.098792 paused=false
PRESENT CADENCE frame=11 interval_ms=0.199083 paused=false
PRESENT CADENCE frame=12 interval_ms=12.029125 paused=false
PRESENT CADENCE frame=13 interval_ms=18.405875 paused=false
PRESENT CADENCE frame=14 interval_ms=0.185833 paused=false
PRESENT CADENCE frame=15 interval_ms=10.865375 paused=false
PRESENT CADENCE frame=16 interval_ms=10.125875 paused=false
PRESENT CADENCE frame=17 interval_ms=0.288667 paused=false
PRESENT CADENCE frame=18 interval_ms=11.568083 paused=false
PRESENT CADENCE frame=19 interval_ms=10.496250 paused=false
PRESENT CADENCE frame=20 interval_ms=0.147667 paused=false
PRESENT CADENCE frame=21 interval_ms=11.146000 paused=false
PRESENT CADENCE frame=22 interval_ms=10.219333 paused=false
PRESENT CADENCE frame=23 interval_ms=0.215750 paused=false
PRESENT CADENCE frame=24 interval_ms=11.459834 paused=false
PRESENT CADENCE frame=25 interval_ms=10.696375 paused=false
PRESENT CADENCE frame=26 interval_ms=0.207750 paused=false
PRESENT CADENCE frame=27 interval_ms=15.130750 paused=false
PRESENT CADENCE frame=28 interval_ms=5.667875 paused=false
PRESENT CADENCE frame=29 interval_ms=5.878000 paused=false
PRESENT CADENCE frame=30 interval_ms=9.187000 paused=false
PRESENT CADENCE frame=31 interval_ms=0.331458 paused=false
PRESENT CADENCE frame=32 interval_ms=11.924958 paused=false
PRESENT CADENCE frame=33 interval_ms=15.820000 paused=false
PRESENT CADENCE frame=34 interval_ms=0.425542 paused=false
PRESENT CADENCE frame=35 interval_ms=7.751750 paused=false
PRESENT CADENCE frame=36 interval_ms=0.381333 paused=false
PRESENT CADENCE frame=37 interval_ms=13.106459 paused=false
PRESENT CADENCE frame=38 interval_ms=7.962666 paused=false
PRESENT CADENCE frame=39 interval_ms=12.549625 paused=false
PRESENT CADENCE frame=40 interval_ms=0.325250 paused=false
PRESENT CADENCE frame=41 interval_ms=10.720917 paused=false
PRESENT CADENCE frame=42 interval_ms=0.241333 paused=false
PRESENT CADENCE frame=43 interval_ms=12.324417 paused=false
PRESENT CADENCE frame=44 interval_ms=0.263875 paused=false
PRESENT CADENCE frame=45 interval_ms=10.168042 paused=false
PRESENT CADENCE frame=46 interval_ms=0.359833 paused=false
PRESENT CADENCE frame=47 interval_ms=10.877792 paused=false
PRESENT CADENCE frame=48 interval_ms=9.622208 paused=false
PRESENT CADENCE frame=49 interval_ms=0.312167 paused=false
PRESENT CADENCE frame=50 interval_ms=11.372583 paused=false
PRESENT CADENCE frame=51 interval_ms=10.052375 paused=false
PRESENT CADENCE frame=52 interval_ms=0.480500 paused=false
PRESENT CADENCE frame=53 interval_ms=11.718458 paused=false
PRESENT CADENCE frame=54 interval_ms=11.399667 paused=false
PRESENT CADENCE frame=55 interval_ms=0.291667 paused=false
PRESENT CADENCE frame=56 interval_ms=12.040916 paused=false
PRESENT CADENCE frame=57 interval_ms=0.290042 paused=false
PRESENT CADENCE frame=58 interval_ms=17.011208 paused=false
PRESENT CADENCE frame=59 interval_ms=0.199000 paused=false
PRESENT CADENCE frame=60 interval_ms=10.261375 paused=false
PRESENT CADENCE frame=61 interval_ms=0.434959 paused=false
PRESENT CADENCE frame=62 interval_ms=10.380625 paused=false
PRESENT CADENCE frame=63 interval_ms=10.412458 paused=false
PRESENT CADENCE frame=64 interval_ms=0.569542 paused=false
PRESENT CADENCE frame=65 interval_ms=16.437375 paused=false
PRESENT CADENCE frame=66 interval_ms=0.292500 paused=false
PRESENT CADENCE frame=67 interval_ms=13.246166 paused=false
PRESENT CADENCE frame=68 interval_ms=0.158000 paused=false
PRESENT CADENCE frame=69 interval_ms=11.146959 paused=false
PRESENT CADENCE frame=70 interval_ms=0.197958 paused=false
PRESENT CADENCE frame=71 interval_ms=20.087458 paused=false
PRESENT CADENCE frame=72 interval_ms=0.189125 paused=false
PRESENT CADENCE frame=73 interval_ms=14.466500 paused=false
PRESENT CADENCE frame=74 interval_ms=0.197584 paused=false
PRESENT CADENCE frame=75 interval_ms=14.499125 paused=false
PRESENT CADENCE frame=76 interval_ms=0.174875 paused=false
PRESENT CADENCE frame=77 interval_ms=17.315958 paused=false
PRESENT CADENCE frame=78 interval_ms=0.185333 paused=false
PRESENT CADENCE frame=79 interval_ms=11.368750 paused=false
PRESENT CADENCE frame=80 interval_ms=0.323834 paused=false
PRESENT CADENCE frame=81 interval_ms=21.030875 paused=false
PRESENT CADENCE frame=82 interval_ms=0.422916 paused=false
PRESENT CADENCE frame=83 interval_ms=14.030625 paused=false
PRESENT CADENCE frame=84 interval_ms=0.192000 paused=false
PRESENT CADENCE frame=85 interval_ms=12.341125 paused=false
PRESENT CADENCE frame=86 interval_ms=0.346792 paused=false
PRESENT CADENCE frame=87 interval_ms=13.466625 paused=false
PRESENT CADENCE frame=88 interval_ms=0.398125 paused=false
PRESENT CADENCE frame=89 interval_ms=15.298875 paused=false
PRESENT CADENCE frame=90 interval_ms=0.332000 paused=false
PRESENT CADENCE frame=91 interval_ms=13.549375 paused=false
PRESENT CADENCE frame=92 interval_ms=0.361750 paused=false
PRESENT CADENCE frame=93 interval_ms=15.417375 paused=false
PRESENT CADENCE frame=94 interval_ms=0.562542 paused=false
PRESENT CADENCE frame=95 interval_ms=15.782333 paused=false
PRESENT CADENCE frame=96 interval_ms=0.336375 paused=false
PRESENT CADENCE frame=97 interval_ms=13.072292 paused=false
PRESENT CADENCE frame=98 interval_ms=0.390708 paused=false
PRESENT CADENCE frame=99 interval_ms=15.127500 paused=false
PRESENT CADENCE frame=100 interval_ms=0.418083 paused=false
PRESENT CADENCE frame=101 interval_ms=12.822292 paused=false
PRESENT CADENCE frame=102 interval_ms=0.246583 paused=false
PRESENT CADENCE frame=103 interval_ms=15.021792 paused=false
PRESENT CADENCE frame=104 interval_ms=0.363792 paused=false
PRESENT CADENCE frame=105 interval_ms=12.232708 paused=false
PRESENT CADENCE frame=106 interval_ms=1.203875 paused=false
PRESENT CADENCE frame=107 interval_ms=18.176875 paused=false
PRESENT CADENCE frame=108 interval_ms=0.305625 paused=false
PRESENT CADENCE frame=109 interval_ms=15.512083 paused=false
PRESENT CADENCE frame=110 interval_ms=0.396917 paused=false
PRESENT CADENCE frame=111 interval_ms=22.206708 paused=false
PRESENT CADENCE frame=112 interval_ms=0.498167 paused=false
PRESENT CADENCE frame=113 interval_ms=15.924000 paused=false
PRESENT CADENCE frame=114 interval_ms=0.203833 paused=false
PRESENT CADENCE frame=115 interval_ms=15.414750 paused=false
PRESENT CADENCE frame=116 interval_ms=0.299125 paused=false
PRESENT CADENCE frame=117 interval_ms=17.347625 paused=false
PRESENT CADENCE frame=118 interval_ms=0.506125 paused=false
PRESENT CADENCE frame=119 interval_ms=12.831834 paused=false
PRESENT CADENCE frame=120 interval_ms=0.225291 paused=false
PRESENT CADENCE frame=121 interval_ms=16.873292 paused=false
PRESENT CADENCE frame=122 interval_ms=0.343875 paused=false
PRESENT CADENCE frame=123 interval_ms=14.887917 paused=false
PRESENT CADENCE frame=124 interval_ms=0.510333 paused=false
PRESENT CADENCE frame=125 interval_ms=17.245625 paused=false
PRESENT CADENCE frame=126 interval_ms=0.244917 paused=false
PRESENT CADENCE frame=127 interval_ms=12.561625 paused=false
PRESENT CADENCE frame=128 interval_ms=0.445750 paused=false
PRESENT CADENCE frame=129 interval_ms=18.834500 paused=false
PRESENT CADENCE frame=130 interval_ms=0.505125 paused=false
PRESENT CADENCE frame=131 interval_ms=15.329708 paused=false
PRESENT CADENCE frame=132 interval_ms=0.298458 paused=false
PRESENT CADENCE frame=133 interval_ms=14.910042 paused=false
PRESENT CADENCE frame=134 interval_ms=0.369375 paused=false
PRESENT CADENCE frame=135 interval_ms=16.391542 paused=false
PRESENT CADENCE frame=136 interval_ms=0.592375 paused=false
PRESENT CADENCE frame=137 interval_ms=12.462958 paused=false
PRESENT CADENCE frame=138 interval_ms=0.357708 paused=false
PRESENT CADENCE frame=139 interval_ms=16.736125 paused=false
PRESENT CADENCE frame=140 interval_ms=0.568667 paused=false
PRESENT CADENCE frame=141 interval_ms=21.853667 paused=false
PRESENT CADENCE frame=142 interval_ms=0.592041 paused=false
PRESENT CADENCE frame=143 interval_ms=14.271000 paused=false
PRESENT CADENCE frame=144 interval_ms=0.244792 paused=false
PRESENT CADENCE frame=145 interval_ms=12.386875 paused=false
PRESENT CADENCE frame=146 interval_ms=0.583500 paused=false
PRESENT CADENCE frame=147 interval_ms=15.966583 paused=false
PRESENT CADENCE frame=148 interval_ms=0.499000 paused=false
PRESENT CADENCE frame=149 interval_ms=14.583375 paused=false
PRESENT CADENCE frame=150 interval_ms=0.328042 paused=false
PRESENT CADENCE frame=151 interval_ms=16.192125 paused=false
FULL MODEL WORKER work_ms=1252.617 physics_ms=563.476 mesh_ms=268.954 partition_ms=22.624 streams_ms=397.562
PRESENT CADENCE frame=152 interval_ms=55.831000 paused=false
PRESENT CADENCE frame=153 interval_ms=1.340792 paused=false
PRESENT CADENCE frame=154 interval_ms=17.578416 paused=false
PRESENT CADENCE frame=155 interval_ms=0.382292 paused=false
PRESENT CADENCE frame=156 interval_ms=15.906583 paused=false
PRESENT CADENCE frame=157 interval_ms=0.457917 paused=false
PRESENT CADENCE frame=158 interval_ms=15.475958 paused=false
PRESENT CADENCE frame=159 interval_ms=0.265625 paused=false
PRESENT CADENCE frame=160 interval_ms=12.571167 paused=false
PRESENT CADENCE frame=161 interval_ms=0.496667 paused=false
PRESENT CADENCE frame=162 interval_ms=15.567041 paused=false
PRESENT CADENCE frame=163 interval_ms=0.662000 paused=false
PRESENT CADENCE frame=164 interval_ms=13.986750 paused=false
PRESENT CADENCE frame=165 interval_ms=0.274750 paused=false
PRESENT CADENCE frame=166 interval_ms=14.046292 paused=false
PRESENT CADENCE frame=167 interval_ms=0.359708 paused=false
PRESENT CADENCE frame=168 interval_ms=16.716625 paused=false
PRESENT CADENCE frame=169 interval_ms=0.462500 paused=false
PRESENT CADENCE frame=170 interval_ms=21.371292 paused=false
PRESENT CADENCE frame=171 interval_ms=0.229833 paused=false
PRESENT CADENCE frame=172 interval_ms=22.923875 paused=false
PRESENT CADENCE frame=173 interval_ms=0.403209 paused=false
PRESENT CADENCE frame=174 interval_ms=21.533458 paused=false
PRESENT CADENCE frame=175 interval_ms=0.656792 paused=false
PRESENT CADENCE frame=176 interval_ms=21.019291 paused=false
PRESENT CADENCE frame=177 interval_ms=0.280750 paused=false
PRESENT CADENCE frame=178 interval_ms=22.773250 paused=false
PRESENT CADENCE frame=179 interval_ms=0.526834 paused=false
PRESENT CADENCE frame=180 interval_ms=15.740041 paused=false
PRESENT CADENCE frame=181 interval_ms=2.468625 paused=false
PRESENT CADENCE frame=182 interval_ms=13.714875 paused=false
PRESENT CADENCE frame=183 interval_ms=0.375667 paused=false
PRESENT CADENCE frame=184 interval_ms=13.363042 paused=false
PRESENT CADENCE frame=185 interval_ms=0.437125 paused=false
PRESENT CADENCE frame=186 interval_ms=15.474416 paused=false
PRESENT CADENCE frame=187 interval_ms=0.404959 paused=false
PRESENT CADENCE frame=188 interval_ms=14.165166 paused=false
PRESENT CADENCE frame=189 interval_ms=0.261000 paused=false
PRESENT CADENCE frame=190 interval_ms=18.028125 paused=false
PRESENT CADENCE frame=191 interval_ms=0.562167 paused=false
PRESENT CADENCE frame=192 interval_ms=12.963750 paused=false
PRESENT CADENCE frame=193 interval_ms=0.436250 paused=false
PRESENT CADENCE frame=194 interval_ms=16.378250 paused=false
PRESENT CADENCE frame=195 interval_ms=0.259083 paused=false
PRESENT CADENCE frame=196 interval_ms=13.464042 paused=false
PRESENT CADENCE frame=197 interval_ms=0.392167 paused=false
PRESENT CADENCE frame=198 interval_ms=16.932541 paused=false
PRESENT CADENCE frame=199 interval_ms=0.494625 paused=false
PRESENT CADENCE frame=200 interval_ms=13.221875 paused=false
PRESENT CADENCE frame=201 interval_ms=0.233709 paused=false
PRESENT CADENCE frame=202 interval_ms=16.377291 paused=false
PRESENT CADENCE frame=203 interval_ms=0.323792 paused=false
PRESENT CADENCE frame=204 interval_ms=14.023958 paused=false
PRESENT CADENCE frame=205 interval_ms=0.483500 paused=false
PRESENT CADENCE frame=206 interval_ms=12.406709 paused=false
PRESENT CADENCE frame=207 interval_ms=0.276458 paused=false
PRESENT CADENCE frame=208 interval_ms=16.237000 paused=false
PRESENT CADENCE frame=209 interval_ms=0.424875 paused=false
PRESENT CADENCE frame=210 interval_ms=15.182917 paused=false
PRESENT CADENCE frame=211 interval_ms=0.255375 paused=false
PRESENT CADENCE frame=212 interval_ms=16.860416 paused=false
PRESENT CADENCE frame=213 interval_ms=0.479334 paused=false
PRESENT CADENCE frame=214 interval_ms=12.344708 paused=false
PRESENT CADENCE frame=215 interval_ms=0.875958 paused=false
PRESENT CADENCE frame=216 interval_ms=20.193084 paused=false
PRESENT CADENCE frame=217 interval_ms=0.644583 paused=false
PRESENT CADENCE frame=218 interval_ms=15.874875 paused=false
PRESENT CADENCE frame=219 interval_ms=0.371333 paused=false
PRESENT CADENCE frame=220 interval_ms=14.307417 paused=false
PRESENT CADENCE frame=221 interval_ms=0.250833 paused=false
PRESENT CADENCE frame=222 interval_ms=14.559500 paused=false
PRESENT CADENCE frame=223 interval_ms=0.254334 paused=false
PRESENT CADENCE frame=224 interval_ms=14.982500 paused=false
PRESENT CADENCE frame=225 interval_ms=0.499333 paused=false
PRESENT CADENCE frame=226 interval_ms=14.369750 paused=false
PRESENT CADENCE frame=227 interval_ms=0.201917 paused=false
PRESENT CADENCE frame=228 interval_ms=13.313666 paused=false
PRESENT CADENCE frame=229 interval_ms=0.438209 paused=false
PRESENT CADENCE frame=230 interval_ms=13.461708 paused=false
PRESENT CADENCE frame=231 interval_ms=0.456333 paused=false
PRESENT CADENCE frame=232 interval_ms=15.116417 paused=false
PRESENT CADENCE frame=233 interval_ms=0.200542 paused=false
PRESENT CADENCE frame=234 interval_ms=13.790250 paused=false
PRESENT CADENCE frame=235 interval_ms=0.358041 paused=false
PRESENT CADENCE frame=236 interval_ms=20.784459 paused=false
PRESENT CADENCE frame=237 interval_ms=0.590375 paused=false
PRESENT CADENCE frame=238 interval_ms=14.467833 paused=false
PRESENT CADENCE frame=239 interval_ms=0.206417 paused=false
PRESENT CADENCE frame=240 interval_ms=12.856000 paused=false
PRESENT CADENCE frame=241 interval_ms=0.506625 paused=false
PRESENT CADENCE frame=242 interval_ms=20.304333 paused=false
PRESENT CADENCE frame=243 interval_ms=0.518333 paused=false
PRESENT CADENCE frame=244 interval_ms=20.713834 paused=false
PRESENT CADENCE frame=245 interval_ms=0.371750 paused=false
PRESENT CADENCE frame=246 interval_ms=19.936541 paused=false
PRESENT CADENCE frame=247 interval_ms=0.369459 paused=false
PRESENT CADENCE frame=248 interval_ms=16.409000 paused=false
PRESENT CADENCE frame=249 interval_ms=0.543041 paused=false
PRESENT CADENCE frame=250 interval_ms=13.513417 paused=false
PRESENT CADENCE frame=251 interval_ms=0.328583 paused=false
PRESENT CADENCE frame=252 interval_ms=15.396584 paused=false
PRESENT CADENCE frame=253 interval_ms=0.438875 paused=false
PRESENT CADENCE frame=254 interval_ms=13.908750 paused=false
PRESENT CADENCE frame=255 interval_ms=0.509083 paused=false
PRESENT CADENCE frame=256 interval_ms=13.591292 paused=false
PRESENT CADENCE frame=257 interval_ms=0.217166 paused=false
PRESENT CADENCE frame=258 interval_ms=13.937792 paused=false
PRESENT CADENCE frame=259 interval_ms=0.306625 paused=false
PRESENT CADENCE frame=260 interval_ms=13.957458 paused=false
PRESENT CADENCE frame=261 interval_ms=0.520375 paused=false
PRESENT CADENCE frame=262 interval_ms=20.403042 paused=false
PRESENT CADENCE frame=263 interval_ms=0.234750 paused=false
PRESENT CADENCE frame=264 interval_ms=14.279583 paused=false
PRESENT CADENCE frame=265 interval_ms=0.324167 paused=false
PRESENT CADENCE frame=266 interval_ms=13.469833 paused=false
PRESENT CADENCE frame=267 interval_ms=0.438042 paused=false
PRESENT CADENCE frame=268 interval_ms=14.200250 paused=false
PRESENT CADENCE frame=269 interval_ms=0.221542 paused=false
PRESENT CADENCE frame=270 interval_ms=14.510833 paused=false
PRESENT CADENCE frame=271 interval_ms=0.387875 paused=false
PRESENT CADENCE frame=272 interval_ms=14.598917 paused=false
PRESENT CADENCE frame=273 interval_ms=0.443166 paused=false
PRESENT CADENCE frame=274 interval_ms=14.807167 paused=false
PRESENT CADENCE frame=275 interval_ms=0.249333 paused=false
PRESENT CADENCE frame=276 interval_ms=14.758000 paused=false
PRESENT CADENCE frame=277 interval_ms=0.343542 paused=false
PRESENT CADENCE frame=278 interval_ms=12.922583 paused=false
PRESENT CADENCE frame=279 interval_ms=0.472750 paused=false
PRESENT CADENCE frame=280 interval_ms=19.610709 paused=false
PRESENT CADENCE frame=281 interval_ms=0.222291 paused=false
PRESENT CADENCE frame=282 interval_ms=14.594917 paused=false
PRESENT CADENCE frame=283 interval_ms=0.267625 paused=false
PRESENT CADENCE frame=284 interval_ms=13.590042 paused=false
PRESENT CADENCE frame=285 interval_ms=0.633500 paused=false
PRESENT CADENCE frame=286 interval_ms=20.899791 paused=false
PRESENT CADENCE frame=287 interval_ms=0.578334 paused=false
PRESENT CADENCE frame=288 interval_ms=21.873625 paused=false
PRESENT CADENCE frame=289 interval_ms=0.449666 paused=false
PRESENT CADENCE frame=290 interval_ms=20.747000 paused=false
PRESENT CADENCE frame=291 interval_ms=0.405084 paused=false
PRESENT CADENCE frame=292 interval_ms=14.921750 paused=false
PRESENT CADENCE frame=293 interval_ms=0.381625 paused=false
PRESENT CADENCE frame=294 interval_ms=15.302541 paused=false
PRESENT CADENCE frame=295 interval_ms=0.504209 paused=false
PRESENT CADENCE frame=296 interval_ms=17.091625 paused=false
PRESENT CADENCE frame=297 interval_ms=0.446458 paused=false
PRESENT CADENCE frame=298 interval_ms=11.828042 paused=false
PRESENT CADENCE frame=299 interval_ms=0.300000 paused=false
PRESENT CADENCE frame=300 interval_ms=14.623541 paused=false
PRESENT CADENCE frame=301 interval_ms=0.424459 paused=false
PRESENT CADENCE frame=302 interval_ms=12.217041 paused=false
PRESENT CADENCE frame=303 interval_ms=0.357125 paused=false
PRESENT CADENCE frame=304 interval_ms=21.902959 paused=false
PRESENT CADENCE frame=305 interval_ms=0.460166 paused=false
PRESENT CADENCE frame=306 interval_ms=14.600459 paused=false
PRESENT CADENCE frame=307 interval_ms=0.474875 paused=false
PRESENT CADENCE frame=308 interval_ms=13.059500 paused=false
PRESENT CADENCE frame=309 interval_ms=0.349916 paused=false
PRESENT CADENCE frame=310 interval_ms=14.064417 paused=false
PRESENT CADENCE frame=311 interval_ms=0.540167 paused=false
PRESENT CADENCE frame=312 interval_ms=15.713625 paused=false
PRESENT CADENCE frame=313 interval_ms=0.523625 paused=false
PRESENT CADENCE frame=314 interval_ms=10.131958 paused=false
PRESENT CADENCE frame=315 interval_ms=0.367625 paused=false
PRESENT CADENCE frame=316 interval_ms=13.031125 paused=false
PRESENT CADENCE frame=317 interval_ms=0.385917 paused=false
PRESENT CADENCE frame=318 interval_ms=11.576416 paused=false
PRESENT CADENCE frame=319 interval_ms=0.409292 paused=false
PRESENT CADENCE frame=320 interval_ms=16.599333 paused=false
PRESENT CADENCE frame=321 interval_ms=0.352917 paused=false
PRESENT CADENCE frame=322 interval_ms=15.764292 paused=false
PRESENT CADENCE frame=323 interval_ms=0.358458 paused=false
PRESENT CADENCE frame=324 interval_ms=14.791167 paused=false
PRESENT CADENCE frame=325 interval_ms=0.539041 paused=false
PRESENT CADENCE frame=326 interval_ms=16.343792 paused=false
PRESENT CADENCE frame=327 interval_ms=0.389208 paused=false
PRESENT CADENCE frame=328 interval_ms=12.206667 paused=false
PRESENT CADENCE frame=329 interval_ms=0.450833 paused=false
PRESENT CADENCE frame=330 interval_ms=16.241917 paused=false
PRESENT CADENCE frame=331 interval_ms=13.401958 paused=false
PRESENT CADENCE frame=332 interval_ms=0.427500 paused=false
PRESENT CADENCE frame=333 interval_ms=14.831917 paused=false
PRESENT CADENCE frame=334 interval_ms=0.326750 paused=false
PRESENT CADENCE frame=335 interval_ms=15.192792 paused=false
PRESENT CADENCE frame=336 interval_ms=16.432291 paused=false
PRESENT CADENCE frame=337 interval_ms=0.188042 paused=false
PRESENT CADENCE frame=338 interval_ms=12.044833 paused=false
PRESENT CADENCE frame=339 interval_ms=0.532542 paused=false
PRESENT CADENCE frame=340 interval_ms=12.962417 paused=false
PRESENT CADENCE frame=341 interval_ms=0.311666 paused=false
PRESENT CADENCE frame=342 interval_ms=14.643042 paused=false
PRESENT CADENCE frame=343 interval_ms=1.068625 paused=false
PRESENT CADENCE frame=344 interval_ms=15.650708 paused=false
PRESENT CADENCE frame=345 interval_ms=2.584667 paused=false
PRESENT CADENCE frame=346 interval_ms=10.990417 paused=false
PRESENT CADENCE frame=347 interval_ms=0.332541 paused=false
PRESENT CADENCE frame=348 interval_ms=19.657375 paused=false
PRESENT CADENCE frame=349 interval_ms=0.217125 paused=false
PRESENT CADENCE frame=350 interval_ms=16.242709 paused=false
PRESENT CADENCE frame=351 interval_ms=0.441250 paused=false
PRESENT CADENCE frame=352 interval_ms=13.365791 paused=false
PRESENT CADENCE frame=353 interval_ms=0.323000 paused=false
PRESENT CADENCE frame=354 interval_ms=15.932542 paused=false
PRESENT CADENCE frame=355 interval_ms=13.355750 paused=false
PRESENT CADENCE frame=356 interval_ms=0.180417 paused=false
PRESENT CADENCE frame=357 interval_ms=14.081333 paused=false
PRESENT CADENCE frame=358 interval_ms=0.473125 paused=false
PRESENT CADENCE frame=359 interval_ms=13.666750 paused=false
PRESENT CADENCE frame=360 interval_ms=0.401375 paused=false
PRESENT CADENCE frame=361 interval_ms=14.483083 paused=false
PRESENT CADENCE frame=362 interval_ms=0.393417 paused=false
PRESENT CADENCE frame=363 interval_ms=12.529292 paused=false
PRESENT CADENCE frame=364 interval_ms=0.526583 paused=false
PRESENT CADENCE frame=365 interval_ms=14.801083 paused=false
PRESENT CADENCE frame=366 interval_ms=0.399209 paused=false
PRESENT CADENCE frame=367 interval_ms=12.518666 paused=false
PRESENT CADENCE frame=368 interval_ms=0.473209 paused=false
PRESENT CADENCE frame=369 interval_ms=15.632833 paused=false
PRESENT CADENCE frame=370 interval_ms=0.409750 paused=false
PRESENT CADENCE frame=371 interval_ms=12.869125 paused=false
PRESENT CADENCE frame=372 interval_ms=0.302500 paused=false
PRESENT CADENCE frame=373 interval_ms=12.750750 paused=false
PRESENT CADENCE frame=374 interval_ms=0.450958 paused=false
PRESENT CADENCE frame=375 interval_ms=14.962459 paused=false
PRESENT CADENCE frame=376 interval_ms=0.549875 paused=false
PRESENT CADENCE frame=377 interval_ms=12.313666 paused=false
PRESENT CADENCE frame=378 interval_ms=0.351834 paused=false
PRESENT CADENCE frame=379 interval_ms=19.965416 paused=false
PRESENT CADENCE frame=380 interval_ms=0.524917 paused=false
PRESENT CADENCE frame=381 interval_ms=15.896125 paused=false
PRESENT CADENCE frame=382 interval_ms=0.395042 paused=false
PRESENT CADENCE frame=383 interval_ms=13.248250 paused=false
PRESENT CADENCE frame=384 interval_ms=0.369541 paused=false
PRESENT CADENCE frame=385 interval_ms=12.749375 paused=false
PRESENT CADENCE frame=386 interval_ms=0.353667 paused=false
PRESENT CADENCE frame=387 interval_ms=16.300167 paused=false
PRESENT CADENCE frame=388 interval_ms=0.401041 paused=false
PRESENT CADENCE frame=389 interval_ms=13.759750 paused=false
PRESENT CADENCE frame=390 interval_ms=0.423417 paused=false
PRESENT CADENCE frame=391 interval_ms=16.464208 paused=false
PRESENT CADENCE frame=392 interval_ms=0.430542 paused=false
PRESENT CADENCE frame=393 interval_ms=13.136792 paused=false
PRESENT CADENCE frame=394 interval_ms=0.365750 paused=false
PRESENT CADENCE frame=395 interval_ms=16.161583 paused=false
PRESENT CADENCE frame=396 interval_ms=0.357708 paused=false
PRESENT CADENCE frame=397 interval_ms=13.519875 paused=false
PRESENT CADENCE frame=398 interval_ms=1.744125 paused=false
PRESENT CADENCE frame=399 interval_ms=15.351542 paused=false
PRESENT CADENCE frame=400 interval_ms=0.394500 paused=false
PRESENT CADENCE frame=401 interval_ms=13.098292 paused=false
PRESENT CADENCE frame=402 interval_ms=20.898750 paused=false
FULL MODEL WORKER work_ms=2061.924 physics_ms=1044.494 mesh_ms=457.460 partition_ms=37.489 streams_ms=522.482
PRESENT CADENCE frame=403 interval_ms=57.813375 paused=false
PRESENT CADENCE frame=404 interval_ms=1.675041 paused=false
PRESENT CADENCE frame=405 interval_ms=17.496209 paused=false
PRESENT CADENCE frame=406 interval_ms=0.490000 paused=false
PRESENT CADENCE frame=407 interval_ms=16.158583 paused=false
PRESENT CADENCE frame=408 interval_ms=0.288042 paused=false
PRESENT CADENCE frame=409 interval_ms=13.112708 paused=false
PRESENT CADENCE frame=410 interval_ms=13.906500 paused=false
PRESENT CADENCE frame=411 interval_ms=0.625167 paused=false
PRESENT CADENCE frame=412 interval_ms=11.549291 paused=false
PRESENT CADENCE frame=413 interval_ms=18.294750 paused=false
PRESENT CADENCE frame=414 interval_ms=0.256625 paused=false
PRESENT CADENCE frame=415 interval_ms=16.789625 paused=false
PRESENT CADENCE frame=416 interval_ms=0.345250 paused=false
PRESENT CADENCE frame=417 interval_ms=12.611750 paused=false
PRESENT CADENCE frame=418 interval_ms=18.060792 paused=false
PRESENT CADENCE frame=419 interval_ms=0.664458 paused=false
PRESENT CADENCE frame=420 interval_ms=17.063750 paused=false
PRESENT CADENCE frame=421 interval_ms=0.394709 paused=false
PRESENT CADENCE frame=422 interval_ms=14.001250 paused=false
PRESENT CADENCE frame=423 interval_ms=0.519875 paused=false
PRESENT CADENCE frame=424 interval_ms=17.464333 paused=false
PRESENT CADENCE frame=425 interval_ms=0.384542 paused=false
PRESENT CADENCE frame=426 interval_ms=31.897000 paused=false
PRESENT CADENCE frame=427 interval_ms=0.485625 paused=false
PRESENT CADENCE frame=428 interval_ms=17.017458 paused=false
PRESENT CADENCE frame=429 interval_ms=0.383167 paused=false
PRESENT CADENCE frame=430 interval_ms=15.671583 paused=false
PRESENT CADENCE frame=431 interval_ms=0.352125 paused=false
PRESENT CADENCE frame=432 interval_ms=17.158208 paused=false
PRESENT CADENCE frame=433 interval_ms=0.362459 paused=false
PRESENT CADENCE frame=434 interval_ms=14.814666 paused=false
PRESENT CADENCE frame=435 interval_ms=0.491709 paused=false
PRESENT CADENCE frame=436 interval_ms=17.257708 paused=false
PRESENT CADENCE frame=437 interval_ms=0.402292 paused=false
PRESENT CADENCE frame=438 interval_ms=14.479875 paused=false
PRESENT CADENCE frame=439 interval_ms=0.497583 paused=false
PRESENT CADENCE frame=440 interval_ms=15.759208 paused=false
PRESENT CADENCE frame=441 interval_ms=0.379000 paused=false
PRESENT CADENCE frame=442 interval_ms=14.090209 paused=false
PRESENT CADENCE frame=443 interval_ms=0.369541 paused=false
PRESENT CADENCE frame=444 interval_ms=16.267375 paused=false
PRESENT CADENCE frame=445 interval_ms=0.414084 paused=false
PRESENT CADENCE frame=446 interval_ms=16.436625 paused=false
PRESENT CADENCE frame=447 interval_ms=0.414250 paused=false
PRESENT CADENCE frame=448 interval_ms=16.037208 paused=false
PRESENT CADENCE frame=449 interval_ms=0.400917 paused=false
PRESENT CADENCE frame=450 interval_ms=16.426916 paused=false
PRESENT CADENCE frame=451 interval_ms=0.427584 paused=false
PRESENT CADENCE frame=452 interval_ms=16.326750 paused=false
PRESENT CADENCE frame=453 interval_ms=0.503000 paused=false
PRESENT CADENCE frame=454 interval_ms=15.946666 paused=false
PRESENT CADENCE frame=455 interval_ms=0.478125 paused=false
PRESENT CADENCE frame=456 interval_ms=13.772250 paused=false
PRESENT CADENCE frame=457 interval_ms=0.390709 paused=false
PRESENT CADENCE frame=458 interval_ms=18.672166 paused=false
PRESENT CADENCE frame=459 interval_ms=0.388750 paused=false
PRESENT CADENCE frame=460 interval_ms=14.754500 paused=false
PRESENT CADENCE frame=461 interval_ms=0.723042 paused=false
PRESENT CADENCE frame=462 interval_ms=17.427125 paused=false
PRESENT CADENCE frame=463 interval_ms=0.460250 paused=false
PRESENT CADENCE frame=464 interval_ms=14.702750 paused=false
PRESENT CADENCE frame=465 interval_ms=0.395792 paused=false
PRESENT CADENCE frame=466 interval_ms=16.793458 paused=false
PRESENT CADENCE frame=467 interval_ms=1.183083 paused=false
PRESENT CADENCE frame=468 interval_ms=13.429084 paused=false
PRESENT CADENCE frame=469 interval_ms=0.415416 paused=false
PRESENT CADENCE frame=470 interval_ms=14.335917 paused=false
PRESENT CADENCE frame=471 interval_ms=0.292667 paused=false
PRESENT CADENCE frame=472 interval_ms=18.274208 paused=false
PRESENT CADENCE frame=473 interval_ms=0.412625 paused=false
PRESENT CADENCE frame=474 interval_ms=14.179792 paused=false
PRESENT CADENCE frame=475 interval_ms=0.622666 paused=false
PRESENT CADENCE frame=476 interval_ms=17.830709 paused=false
PRESENT CADENCE frame=477 interval_ms=0.251666 paused=false
PRESENT CADENCE frame=478 interval_ms=13.707375 paused=false
PRESENT CADENCE frame=479 interval_ms=13.791042 paused=false
PRESENT CADENCE frame=480 interval_ms=0.498625 paused=false
PRESENT CADENCE frame=481 interval_ms=13.787750 paused=false
PRESENT CADENCE frame=482 interval_ms=0.400292 paused=false
PRESENT CADENCE frame=483 interval_ms=14.295416 paused=false
PRESENT CADENCE frame=484 interval_ms=0.521959 paused=false
PRESENT CADENCE frame=485 interval_ms=15.766416 paused=false
PRESENT CADENCE frame=486 interval_ms=0.553000 paused=false
PRESENT CADENCE frame=487 interval_ms=15.000000 paused=false
PRESENT CADENCE frame=488 interval_ms=0.484834 paused=false
PRESENT CADENCE frame=489 interval_ms=17.482000 paused=false
PRESENT CADENCE frame=490 interval_ms=0.593625 paused=false
PRESENT CADENCE frame=491 interval_ms=13.876458 paused=false
PRESENT CADENCE frame=492 interval_ms=0.437333 paused=false
PRESENT CADENCE frame=493 interval_ms=18.603834 paused=false
PRESENT CADENCE frame=494 interval_ms=0.402791 paused=false
PRESENT CADENCE frame=495 interval_ms=14.909459 paused=false
PRESENT CADENCE frame=496 interval_ms=0.366083 paused=false
PRESENT CADENCE frame=497 interval_ms=17.597958 paused=false
PRESENT CADENCE frame=498 interval_ms=0.370125 paused=false
PRESENT CADENCE frame=499 interval_ms=15.411084 paused=false
PRESENT CADENCE frame=500 interval_ms=18.737375 paused=false
PRESENT CADENCE frame=501 interval_ms=0.248500 paused=false
PRESENT CADENCE frame=502 interval_ms=14.626125 paused=false
PRESENT CADENCE frame=503 interval_ms=0.299541 paused=false
PRESENT CADENCE frame=504 interval_ms=14.667375 paused=false
PRESENT CADENCE frame=505 interval_ms=0.243375 paused=false
PRESENT CADENCE frame=506 interval_ms=15.441334 paused=false
PRESENT CADENCE frame=507 interval_ms=0.275333 paused=false
PRESENT CADENCE frame=508 interval_ms=16.548792 paused=false
PRESENT CADENCE frame=509 interval_ms=0.230000 paused=false
PRESENT CADENCE frame=510 interval_ms=16.323916 paused=false
PRESENT CADENCE frame=511 interval_ms=0.250500 paused=false
PRESENT CADENCE frame=512 interval_ms=16.466334 paused=false
PRESENT CADENCE frame=513 interval_ms=0.288625 paused=false
PRESENT CADENCE frame=514 interval_ms=16.396916 paused=false
PRESENT CADENCE frame=515 interval_ms=0.353792 paused=false
PRESENT CADENCE frame=516 interval_ms=13.674917 paused=false
PRESENT CADENCE frame=517 interval_ms=0.269416 paused=false
PRESENT CADENCE frame=518 interval_ms=18.935084 paused=false
PRESENT CADENCE frame=519 interval_ms=0.318208 paused=false
PRESENT CADENCE frame=520 interval_ms=14.149542 paused=false
PRESENT CADENCE frame=521 interval_ms=20.470833 paused=false
PRESENT CADENCE frame=522 interval_ms=0.689833 paused=false
PRESENT CADENCE frame=523 interval_ms=18.256917 paused=false
PRESENT CADENCE frame=524 interval_ms=0.553250 paused=false
PRESENT CADENCE frame=525 interval_ms=14.791333 paused=false
PRESENT CADENCE frame=526 interval_ms=0.585459 paused=false
PRESENT CADENCE frame=527 interval_ms=17.279875 paused=false
PRESENT CADENCE frame=528 interval_ms=0.409541 paused=false
PRESENT CADENCE frame=529 interval_ms=13.510875 paused=false
PRESENT CADENCE frame=530 interval_ms=0.523542 paused=false
PRESENT CADENCE frame=531 interval_ms=16.346125 paused=false
PRESENT CADENCE frame=532 interval_ms=0.514875 paused=false
PRESENT CADENCE frame=533 interval_ms=13.351333 paused=false
PRESENT CADENCE frame=534 interval_ms=21.709750 paused=false
PRESENT CADENCE frame=535 interval_ms=0.296042 paused=false
PRESENT CADENCE frame=536 interval_ms=16.006625 paused=false
PRESENT CADENCE frame=537 interval_ms=0.290833 paused=false
PRESENT CADENCE frame=538 interval_ms=13.475334 paused=false
PRESENT CADENCE frame=539 interval_ms=0.218750 paused=false
PRESENT CADENCE frame=540 interval_ms=14.056166 paused=false
PRESENT CADENCE frame=541 interval_ms=14.843375 paused=false
PRESENT CADENCE frame=542 interval_ms=0.435625 paused=false
PRESENT CADENCE frame=543 interval_ms=14.903250 paused=false
PRESENT CADENCE frame=544 interval_ms=0.441459 paused=false
PRESENT CADENCE frame=545 interval_ms=13.266916 paused=false
PRESENT CADENCE frame=546 interval_ms=21.761709 paused=false
PRESENT CADENCE frame=547 interval_ms=0.245333 paused=false
PRESENT CADENCE frame=548 interval_ms=16.821708 paused=false
PRESENT CADENCE frame=549 interval_ms=0.192709 paused=false
PRESENT CADENCE frame=550 interval_ms=14.174375 paused=false
PRESENT CADENCE frame=551 interval_ms=18.583250 paused=false
PRESENT CADENCE frame=552 interval_ms=0.479833 paused=false
PRESENT CADENCE frame=553 interval_ms=19.273458 paused=false
PRESENT CADENCE frame=554 interval_ms=0.441792 paused=false
PRESENT CADENCE frame=555 interval_ms=21.334083 paused=false
PRESENT CADENCE frame=556 interval_ms=0.602500 paused=false
PRESENT CADENCE frame=557 interval_ms=14.606500 paused=false
PRESENT CADENCE frame=558 interval_ms=0.433417 paused=false
PRESENT CADENCE frame=559 interval_ms=16.604417 paused=false
PRESENT CADENCE frame=560 interval_ms=0.554666 paused=false
PRESENT CADENCE frame=561 interval_ms=16.289750 paused=false
PRESENT CADENCE frame=562 interval_ms=0.354792 paused=false
PRESENT CADENCE frame=563 interval_ms=13.788958 paused=false
PRESENT CADENCE frame=564 interval_ms=0.351542 paused=false
PRESENT CADENCE frame=565 interval_ms=18.467333 paused=false
PRESENT CADENCE frame=566 interval_ms=0.410667 paused=false
PRESENT CADENCE frame=567 interval_ms=14.106083 paused=false
PRESENT CADENCE frame=568 interval_ms=0.385500 paused=false
PRESENT CADENCE frame=569 interval_ms=13.307334 paused=false
PRESENT CADENCE frame=570 interval_ms=0.388708 paused=false
PRESENT CADENCE frame=571 interval_ms=18.586583 paused=false
PRESENT CADENCE frame=572 interval_ms=0.383750 paused=false
PRESENT CADENCE frame=573 interval_ms=13.624667 paused=false
PRESENT CADENCE frame=574 interval_ms=0.446375 paused=false
PRESENT CADENCE frame=575 interval_ms=18.710917 paused=false
PRESENT CADENCE frame=576 interval_ms=2.643750 paused=false
PRESENT CADENCE frame=577 interval_ms=10.849250 paused=false
PRESENT CADENCE frame=578 interval_ms=20.176291 paused=false
PRESENT CADENCE frame=579 interval_ms=0.318959 paused=false
PRESENT CADENCE frame=580 interval_ms=14.422166 paused=false
PRESENT CADENCE frame=581 interval_ms=0.210084 paused=false
PRESENT CADENCE frame=582 interval_ms=14.315083 paused=false
PRESENT CADENCE frame=583 interval_ms=20.827583 paused=false
PRESENT CADENCE frame=584 interval_ms=0.855792 paused=false
PRESENT CADENCE frame=585 interval_ms=14.816083 paused=false
PRESENT CADENCE frame=586 interval_ms=0.403584 paused=false
PRESENT CADENCE frame=587 interval_ms=13.042583 paused=false
PRESENT CADENCE frame=588 interval_ms=14.542208 paused=false
PRESENT CADENCE frame=589 interval_ms=0.222750 paused=false
PRESENT CADENCE frame=590 interval_ms=16.628459 paused=false
PRESENT CADENCE frame=591 interval_ms=0.193125 paused=false
PRESENT CADENCE frame=592 interval_ms=13.197833 paused=false
PRESENT CADENCE frame=593 interval_ms=14.416375 paused=false
PRESENT CADENCE frame=594 interval_ms=0.597833 paused=false
PRESENT CADENCE frame=595 interval_ms=14.313292 paused=false
PRESENT CADENCE frame=596 interval_ms=0.384833 paused=false
PRESENT CADENCE frame=597 interval_ms=14.518500 paused=false
PRESENT CADENCE frame=598 interval_ms=3.762750 paused=false
PRESENT CADENCE frame=599 interval_ms=9.585167 paused=false
PRESENT CADENCE frame=600 interval_ms=0.341792 paused=false
PRESENT CADENCE frame=601 interval_ms=17.863791 paused=false
PRESENT CADENCE frame=602 interval_ms=0.510500 paused=false
PRESENT CADENCE frame=603 interval_ms=13.602084 paused=false
PRESENT CADENCE frame=604 interval_ms=0.376250 paused=false
PRESENT CADENCE frame=605 interval_ms=18.685375 paused=false
PRESENT CADENCE frame=606 interval_ms=0.334625 paused=false
PRESENT CADENCE frame=607 interval_ms=14.930125 paused=false
PRESENT CADENCE frame=608 interval_ms=0.376166 paused=false
PRESENT CADENCE frame=609 interval_ms=17.579125 paused=false
PRESENT CADENCE frame=610 interval_ms=0.348875 paused=false
PRESENT CADENCE frame=611 interval_ms=13.076209 paused=false
PRESENT CADENCE frame=612 interval_ms=20.129291 paused=false
PRESENT CADENCE frame=613 interval_ms=0.381167 paused=false
PRESENT CADENCE frame=614 interval_ms=13.114458 paused=false
PRESENT CADENCE frame=615 interval_ms=18.949459 paused=false
PRESENT CADENCE frame=616 interval_ms=0.629708 paused=false
PRESENT CADENCE frame=617 interval_ms=16.829000 paused=false
PRESENT CADENCE frame=618 interval_ms=0.420917 paused=false
PRESENT CADENCE frame=619 interval_ms=12.133458 paused=false
PRESENT CADENCE frame=620 interval_ms=0.394750 paused=false
PRESENT CADENCE frame=621 interval_ms=13.511292 paused=false
PRESENT CADENCE frame=622 interval_ms=12.571083 paused=false
PRESENT CADENCE frame=623 interval_ms=0.232875 paused=false
PRESENT CADENCE frame=624 interval_ms=12.663083 paused=false
PRESENT CADENCE frame=625 interval_ms=0.482709 paused=false
PRESENT CADENCE frame=626 interval_ms=11.428958 paused=false
PRESENT CADENCE frame=627 interval_ms=17.193167 paused=false
PRESENT CADENCE frame=628 interval_ms=0.461416 paused=false
PRESENT CADENCE frame=629 interval_ms=12.334875 paused=false
PRESENT CADENCE frame=630 interval_ms=12.712834 paused=false
PRESENT CADENCE frame=631 interval_ms=0.231750 paused=false
PRESENT CADENCE frame=632 interval_ms=16.014708 paused=false
PRESENT CADENCE frame=633 interval_ms=0.219042 paused=false
PRESENT CADENCE frame=634 interval_ms=11.601541 paused=false
PRESENT CADENCE frame=635 interval_ms=12.400959 paused=false
PRESENT CADENCE frame=636 interval_ms=0.374291 paused=false
PRESENT CADENCE frame=637 interval_ms=16.770417 paused=false
PRESENT CADENCE frame=638 interval_ms=0.531000 paused=false
PRESENT CADENCE frame=639 interval_ms=14.415125 paused=false
PRESENT CADENCE frame=640 interval_ms=0.346292 paused=false
PRESENT CADENCE frame=641 interval_ms=12.570375 paused=false
PRESENT CADENCE frame=642 interval_ms=0.612208 paused=false
PRESENT CADENCE frame=643 interval_ms=17.329208 paused=false
FULL MODEL WORKER work_ms=2152.815 physics_ms=1238.407 mesh_ms=415.437 partition_ms=30.248 streams_ms=468.722
PRESENT CADENCE frame=644 interval_ms=62.302792 paused=false
PRESENT CADENCE frame=645 interval_ms=1.678667 paused=false
PRESENT CADENCE frame=646 interval_ms=9.140791 paused=false
PRESENT CADENCE frame=647 interval_ms=0.637667 paused=false
PRESENT CADENCE frame=648 interval_ms=14.873292 paused=false
PRESENT CADENCE frame=649 interval_ms=16.955750 paused=false
PRESENT CADENCE frame=650 interval_ms=0.282458 paused=false
PRESENT CADENCE frame=651 interval_ms=11.776958 paused=false
PRESENT CADENCE frame=652 interval_ms=15.168875 paused=false
PRESENT CADENCE frame=653 interval_ms=0.509334 paused=false
PRESENT CADENCE frame=654 interval_ms=13.724875 paused=false
PRESENT CADENCE frame=655 interval_ms=0.508625 paused=false
PRESENT CADENCE frame=656 interval_ms=12.412875 paused=false
PRESENT CADENCE frame=657 interval_ms=12.293791 paused=false
PRESENT CADENCE frame=658 interval_ms=0.246125 paused=false
PRESENT CADENCE frame=659 interval_ms=11.869000 paused=false
PRESENT CADENCE frame=660 interval_ms=13.487750 paused=false
PRESENT CADENCE frame=661 interval_ms=0.398750 paused=false
PRESENT CADENCE frame=662 interval_ms=13.073750 paused=false
PRESENT CADENCE frame=663 interval_ms=12.511084 paused=false
PRESENT CADENCE frame=664 interval_ms=0.254666 paused=false
PRESENT CADENCE frame=665 interval_ms=15.334167 paused=false
PRESENT CADENCE frame=666 interval_ms=0.271083 paused=false
PRESENT CADENCE frame=667 interval_ms=12.313000 paused=false
PRESENT CADENCE frame=668 interval_ms=20.444917 paused=false
PRESENT CADENCE frame=669 interval_ms=0.456750 paused=false
PRESENT CADENCE frame=670 interval_ms=11.890917 paused=false
PRESENT CADENCE frame=671 interval_ms=14.356791 paused=false
PRESENT CADENCE frame=672 interval_ms=0.247375 paused=false
PRESENT CADENCE frame=673 interval_ms=13.523125 paused=false
PRESENT CADENCE frame=674 interval_ms=0.250500 paused=false
PRESENT CADENCE frame=675 interval_ms=13.459125 paused=false
PRESENT CADENCE frame=676 interval_ms=0.257334 paused=false
PRESENT CADENCE frame=677 interval_ms=17.078958 paused=false
PRESENT CADENCE frame=678 interval_ms=0.271333 paused=false
PRESENT CADENCE frame=679 interval_ms=13.263292 paused=false
PRESENT CADENCE frame=680 interval_ms=0.230042 paused=false
PRESENT CADENCE frame=681 interval_ms=13.135000 paused=false
PRESENT CADENCE frame=682 interval_ms=0.222041 paused=false
PRESENT CADENCE frame=683 interval_ms=18.445667 paused=false
PRESENT CADENCE frame=684 interval_ms=0.211500 paused=false
PRESENT CADENCE frame=685 interval_ms=13.816750 paused=false
PRESENT CADENCE frame=686 interval_ms=18.688833 paused=false
PRESENT CADENCE frame=687 interval_ms=0.465125 paused=false
PRESENT CADENCE frame=688 interval_ms=13.485125 paused=false
PRESENT CADENCE frame=689 interval_ms=19.690834 paused=false
PRESENT CADENCE frame=690 interval_ms=0.278166 paused=false
PRESENT CADENCE frame=691 interval_ms=15.782167 paused=false
PRESENT CADENCE frame=692 interval_ms=0.254125 paused=false
PRESENT CADENCE frame=693 interval_ms=13.738667 paused=false
PRESENT CADENCE frame=694 interval_ms=0.421583 paused=false
PRESENT CADENCE frame=695 interval_ms=17.456958 paused=false
PRESENT CADENCE frame=696 interval_ms=0.230292 paused=false
PRESENT CADENCE frame=697 interval_ms=13.761500 paused=false
PRESENT CADENCE frame=698 interval_ms=0.246750 paused=false
PRESENT CADENCE frame=699 interval_ms=17.786667 paused=false
PRESENT CADENCE frame=700 interval_ms=0.241375 paused=false
PRESENT CADENCE frame=701 interval_ms=13.577375 paused=false
PRESENT CADENCE frame=702 interval_ms=14.451916 paused=false
PRESENT CADENCE frame=703 interval_ms=0.726209 paused=false
PRESENT CADENCE frame=704 interval_ms=12.606000 paused=false
PRESENT CADENCE frame=705 interval_ms=0.464625 paused=false
PRESENT CADENCE frame=706 interval_ms=13.183791 paused=false
PRESENT CADENCE frame=707 interval_ms=20.444000 paused=false
PRESENT CADENCE frame=708 interval_ms=0.288875 paused=false
PRESENT CADENCE frame=709 interval_ms=12.819459 paused=false
PRESENT CADENCE frame=710 interval_ms=19.924666 paused=false
PRESENT CADENCE frame=711 interval_ms=0.253125 paused=false
PRESENT CADENCE frame=712 interval_ms=16.049584 paused=false
PRESENT CADENCE frame=713 interval_ms=0.189916 paused=false
PRESENT CADENCE frame=714 interval_ms=14.811750 paused=false
PRESENT CADENCE frame=715 interval_ms=0.229709 paused=false
PRESENT CADENCE frame=716 interval_ms=18.426958 paused=false
PRESENT CADENCE frame=717 interval_ms=4.025833 paused=false
PRESENT CADENCE frame=718 interval_ms=10.436375 paused=false
PRESENT CADENCE frame=719 interval_ms=0.225417 paused=false
PRESENT CADENCE frame=720 interval_ms=18.199167 paused=false
PRESENT CADENCE frame=721 interval_ms=0.207958 paused=false
PRESENT CADENCE frame=722 interval_ms=14.172125 paused=false
PRESENT CADENCE frame=723 interval_ms=0.210083 paused=false
PRESENT CADENCE frame=724 interval_ms=18.553959 paused=false
PRESENT CADENCE frame=725 interval_ms=0.220541 paused=false
PRESENT CADENCE frame=726 interval_ms=14.612500 paused=false
PRESENT CADENCE frame=727 interval_ms=0.241584 paused=false
PRESENT CADENCE frame=728 interval_ms=13.152416 paused=false
PRESENT CADENCE frame=729 interval_ms=0.220834 paused=false
PRESENT CADENCE frame=730 interval_ms=17.088000 paused=false
PRESENT CADENCE frame=731 interval_ms=0.277166 paused=false
PRESENT CADENCE frame=732 interval_ms=16.122792 paused=false
PRESENT CADENCE frame=733 interval_ms=0.221042 paused=false
PRESENT CADENCE frame=734 interval_ms=13.334250 paused=false
PRESENT CADENCE frame=735 interval_ms=20.107500 paused=false
PRESENT CADENCE frame=736 interval_ms=0.481750 paused=false
PRESENT CADENCE frame=737 interval_ms=12.439000 paused=false
PRESENT CADENCE frame=738 interval_ms=22.140166 paused=false
PRESENT CADENCE frame=739 interval_ms=0.201834 paused=false
PRESENT CADENCE frame=740 interval_ms=13.474541 paused=false
PRESENT CADENCE frame=741 interval_ms=19.409959 paused=false
PRESENT CADENCE frame=742 interval_ms=0.469416 paused=false
PRESENT CADENCE frame=743 interval_ms=13.911834 paused=false
PRESENT CADENCE frame=744 interval_ms=0.410958 paused=false
PRESENT CADENCE frame=745 interval_ms=18.535917 paused=false
PRESENT CADENCE frame=746 interval_ms=0.473500 paused=false
PRESENT CADENCE frame=747 interval_ms=12.890416 paused=false
PRESENT CADENCE frame=748 interval_ms=14.621125 paused=false
PRESENT CADENCE frame=749 interval_ms=0.220167 paused=false
PRESENT CADENCE frame=750 interval_ms=15.033042 paused=false
PRESENT CADENCE frame=751 interval_ms=0.357125 paused=false
PRESENT CADENCE frame=752 interval_ms=16.340666 paused=false
PRESENT CADENCE frame=753 interval_ms=0.241625 paused=false
PRESENT CADENCE frame=754 interval_ms=13.985959 paused=false
PRESENT CADENCE frame=755 interval_ms=0.298000 paused=false
PRESENT CADENCE frame=756 interval_ms=17.576916 paused=false
PRESENT CADENCE frame=757 interval_ms=0.220292 paused=false
PRESENT CADENCE frame=758 interval_ms=14.658125 paused=false
PRESENT CADENCE frame=759 interval_ms=0.228542 paused=false
PRESENT CADENCE frame=760 interval_ms=18.349416 paused=false
PRESENT CADENCE frame=761 interval_ms=0.272375 paused=false
PRESENT CADENCE frame=762 interval_ms=14.638500 paused=false
PRESENT CADENCE frame=763 interval_ms=0.270167 paused=false
PRESENT CADENCE frame=764 interval_ms=14.592917 paused=false
PRESENT CADENCE frame=765 interval_ms=0.357958 paused=false
PRESENT CADENCE frame=766 interval_ms=16.902875 paused=false
PRESENT CADENCE frame=767 interval_ms=0.246958 paused=false
PRESENT CADENCE frame=768 interval_ms=14.662709 paused=false
PRESENT CADENCE frame=769 interval_ms=0.352583 paused=false
PRESENT CADENCE frame=770 interval_ms=18.017958 paused=false
PRESENT CADENCE frame=771 interval_ms=0.274667 paused=false
PRESENT CADENCE frame=772 interval_ms=14.675417 paused=false
PRESENT CADENCE frame=773 interval_ms=0.244000 paused=false
PRESENT CADENCE frame=774 interval_ms=14.642666 paused=false
PRESENT CADENCE frame=775 interval_ms=0.261917 paused=false
PRESENT CADENCE frame=776 interval_ms=17.410208 paused=false
PRESENT CADENCE frame=777 interval_ms=0.192000 paused=false
PRESENT CADENCE frame=778 interval_ms=14.308542 paused=false
PRESENT CADENCE frame=779 interval_ms=0.288958 paused=false
PRESENT CADENCE frame=780 interval_ms=17.525500 paused=false
PRESENT CADENCE frame=781 interval_ms=0.215917 paused=false
PRESENT CADENCE frame=782 interval_ms=14.873250 paused=false
PRESENT CADENCE frame=783 interval_ms=0.249250 paused=false
PRESENT CADENCE frame=784 interval_ms=13.629000 paused=false
PRESENT CADENCE frame=785 interval_ms=0.298375 paused=false
PRESENT CADENCE frame=786 interval_ms=17.610250 paused=false
PRESENT CADENCE frame=787 interval_ms=0.202917 paused=false
PRESENT CADENCE frame=788 interval_ms=13.591083 paused=false
PRESENT CADENCE frame=789 interval_ms=0.226208 paused=false
PRESENT CADENCE frame=790 interval_ms=17.732917 paused=false
PRESENT CADENCE frame=791 interval_ms=0.223958 paused=false
PRESENT CADENCE frame=792 interval_ms=14.418625 paused=false
PRESENT CADENCE frame=793 interval_ms=0.322250 paused=false
PRESENT CADENCE frame=794 interval_ms=17.708000 paused=false
PRESENT CADENCE frame=795 interval_ms=0.246250 paused=false
PRESENT CADENCE frame=796 interval_ms=14.493084 paused=false
PRESENT CADENCE frame=797 interval_ms=0.255875 paused=false
PRESENT CADENCE frame=798 interval_ms=17.354416 paused=false
PRESENT CADENCE frame=799 interval_ms=0.205167 paused=false
PRESENT CADENCE frame=800 interval_ms=13.742708 paused=false
PRESENT CADENCE frame=801 interval_ms=20.902042 paused=false
PRESENT CADENCE frame=802 interval_ms=0.490917 paused=false
PRESENT CADENCE frame=803 interval_ms=13.493083 paused=false
PRESENT CADENCE frame=804 interval_ms=13.845042 paused=false
PRESENT CADENCE frame=805 interval_ms=0.217041 paused=false
PRESENT CADENCE frame=806 interval_ms=13.847292 paused=false
PRESENT CADENCE frame=807 interval_ms=0.458167 paused=false
PRESENT CADENCE frame=808 interval_ms=12.439916 paused=false
PRESENT CADENCE frame=809 interval_ms=20.918084 paused=false
PRESENT CADENCE frame=810 interval_ms=0.632500 paused=false
PRESENT CADENCE frame=811 interval_ms=15.392958 paused=false
PRESENT CADENCE frame=812 interval_ms=0.349083 paused=false
PRESENT CADENCE frame=813 interval_ms=13.062667 paused=false
PRESENT CADENCE frame=814 interval_ms=17.638458 paused=false
PRESENT CADENCE frame=815 interval_ms=0.259417 paused=false
PRESENT CADENCE frame=816 interval_ms=14.495083 paused=false
PRESENT CADENCE frame=817 interval_ms=0.311917 paused=false
PRESENT CADENCE frame=818 interval_ms=16.316208 paused=false
PRESENT CADENCE frame=819 interval_ms=0.232584 paused=false
PRESENT CADENCE frame=820 interval_ms=15.288500 paused=false
PRESENT CADENCE frame=821 interval_ms=0.269958 paused=false
PRESENT CADENCE frame=822 interval_ms=17.616167 paused=false
PRESENT CADENCE frame=823 interval_ms=0.222000 paused=false
PRESENT CADENCE frame=824 interval_ms=14.948583 paused=false
PRESENT CADENCE frame=825 interval_ms=0.231792 paused=false
PRESENT CADENCE frame=826 interval_ms=11.866875 paused=false
PRESENT CADENCE frame=827 interval_ms=13.749583 paused=false
PRESENT CADENCE frame=828 interval_ms=0.485583 paused=false
PRESENT CADENCE frame=829 interval_ms=12.817542 paused=false
PRESENT CADENCE frame=830 interval_ms=21.199125 paused=false
PRESENT CADENCE frame=831 interval_ms=0.241583 paused=false
PRESENT CADENCE frame=832 interval_ms=15.219917 paused=false
PRESENT CADENCE frame=833 interval_ms=0.262250 paused=false
PRESENT CADENCE frame=834 interval_ms=14.110125 paused=false
PRESENT CADENCE frame=835 interval_ms=0.229417 paused=false
PRESENT CADENCE frame=836 interval_ms=19.199583 paused=false
PRESENT CADENCE frame=837 interval_ms=0.287000 paused=false
PRESENT CADENCE frame=838 interval_ms=14.435333 paused=false
PRESENT CADENCE frame=839 interval_ms=0.267875 paused=false
PRESENT CADENCE frame=840 interval_ms=17.743584 paused=false
PRESENT CADENCE frame=841 interval_ms=0.216000 paused=false
PRESENT CADENCE frame=842 interval_ms=13.869125 paused=false
PRESENT CADENCE frame=843 interval_ms=14.614291 paused=false
PRESENT CADENCE frame=844 interval_ms=0.597292 paused=false
PRESENT CADENCE frame=845 interval_ms=13.911125 paused=false
PRESENT CADENCE frame=846 interval_ms=0.361500 paused=false
PRESENT CADENCE frame=847 interval_ms=14.332417 paused=false
PRESENT CADENCE frame=848 interval_ms=0.366500 paused=false
PRESENT CADENCE frame=849 interval_ms=16.759708 paused=false
PRESENT CADENCE frame=850 interval_ms=0.439708 paused=false
PRESENT CADENCE frame=851 interval_ms=14.415250 paused=false
PRESENT CADENCE frame=852 interval_ms=0.443584 paused=false
PRESENT CADENCE frame=853 interval_ms=17.075750 paused=false
PRESENT CADENCE frame=854 interval_ms=0.420458 paused=false
PRESENT CADENCE frame=855 interval_ms=16.196292 paused=false
PRESENT CADENCE frame=856 interval_ms=0.396791 paused=false
PRESENT CADENCE frame=857 interval_ms=17.559000 paused=false
PRESENT CADENCE frame=858 interval_ms=0.413584 paused=false
PRESENT CADENCE frame=859 interval_ms=13.996791 paused=false
PRESENT CADENCE frame=860 interval_ms=20.104709 paused=false
PRESENT CADENCE frame=861 interval_ms=0.232916 paused=false
PRESENT CADENCE frame=862 interval_ms=15.262459 paused=false
PRESENT CADENCE frame=863 interval_ms=0.311500 paused=false
PRESENT CADENCE frame=864 interval_ms=14.506583 paused=false
PRESENT CADENCE frame=865 interval_ms=0.316083 paused=false
PRESENT CADENCE frame=866 interval_ms=15.416584 paused=false
PRESENT CADENCE frame=867 interval_ms=0.214083 paused=false
PRESENT CADENCE frame=868 interval_ms=14.892375 paused=false
PRESENT CADENCE frame=869 interval_ms=0.259750 paused=false
PRESENT CADENCE frame=870 interval_ms=19.290542 paused=false
PRESENT CADENCE frame=871 interval_ms=0.209333 paused=false
PRESENT CADENCE frame=872 interval_ms=14.768708 paused=false
PRESENT CADENCE frame=873 interval_ms=0.792750 paused=false
PRESENT CADENCE frame=874 interval_ms=17.805875 paused=false
PRESENT CADENCE frame=875 interval_ms=0.434792 paused=false
PRESENT CADENCE frame=876 interval_ms=14.977667 paused=false
PRESENT CADENCE frame=877 interval_ms=3.144500 paused=false
PRESENT CADENCE frame=878 interval_ms=14.573750 paused=false
PRESENT CADENCE frame=879 interval_ms=0.236125 paused=false
PRESENT CADENCE frame=880 interval_ms=13.616625 paused=false
PRESENT CADENCE frame=881 interval_ms=0.322791 paused=false
PRESENT CADENCE frame=882 interval_ms=13.414250 paused=false
PRESENT CADENCE frame=883 interval_ms=21.047584 paused=false
PRESENT CADENCE frame=884 interval_ms=0.471166 paused=false
PRESENT CADENCE frame=885 interval_ms=14.160459 paused=false
PRESENT CADENCE frame=886 interval_ms=0.376250 paused=false
PRESENT CADENCE frame=887 interval_ms=13.602750 paused=false
PRESENT CADENCE frame=888 interval_ms=14.130041 paused=false
PRESENT CADENCE frame=889 interval_ms=0.220834 paused=false
PRESENT CADENCE frame=890 interval_ms=14.751208 paused=false
PRESENT CADENCE frame=891 interval_ms=0.253375 paused=false
PRESENT CADENCE frame=892 interval_ms=13.893500 paused=false
PRESENT CADENCE frame=893 interval_ms=0.284708 paused=false
PRESENT CADENCE frame=894 interval_ms=17.614542 paused=false
PRESENT CADENCE frame=895 interval_ms=0.189792 paused=false
PRESENT CADENCE frame=896 interval_ms=14.571583 paused=false
PRESENT CADENCE frame=897 interval_ms=0.408000 paused=false
PRESENT CADENCE frame=898 interval_ms=18.063125 paused=false
PRESENT CADENCE frame=899 interval_ms=0.311083 paused=false
PRESENT CADENCE frame=900 interval_ms=14.546042 paused=false
PRESENT CADENCE frame=901 interval_ms=0.289583 paused=false
PRESENT CADENCE frame=902 interval_ms=18.745709 paused=false
FULL MODEL WORKER work_ms=2290.105 physics_ms=1292.646 mesh_ms=452.897 partition_ms=34.493 streams_ms=510.069
PRESENT CADENCE frame=903 interval_ms=58.505791 paused=false
PRESENT CADENCE frame=904 interval_ms=1.648584 paused=false
PRESENT CADENCE frame=905 interval_ms=18.359375 paused=false
PRESENT CADENCE frame=906 interval_ms=0.577750 paused=false
PRESENT CADENCE frame=907 interval_ms=15.088208 paused=false
PRESENT CADENCE frame=908 interval_ms=0.276917 paused=false
PRESENT CADENCE frame=909 interval_ms=13.638958 paused=false
PRESENT CADENCE frame=910 interval_ms=0.268167 paused=false
PRESENT CADENCE frame=911 interval_ms=15.490916 paused=false
PRESENT CADENCE frame=912 interval_ms=0.390042 paused=false
PRESENT CADENCE frame=913 interval_ms=12.831417 paused=false
PRESENT CADENCE frame=914 interval_ms=14.296666 paused=false
PRESENT CADENCE frame=915 interval_ms=13.975292 paused=false
PRESENT CADENCE frame=916 interval_ms=0.486083 paused=false
PRESENT CADENCE frame=917 interval_ms=15.654334 paused=false
PRESENT CADENCE frame=918 interval_ms=0.442416 paused=false
PRESENT CADENCE frame=919 interval_ms=17.957000 paused=false
PRESENT CADENCE frame=920 interval_ms=0.223167 paused=false
PRESENT CADENCE frame=921 interval_ms=15.261250 paused=false
PRESENT CADENCE frame=922 interval_ms=14.015292 paused=false
PRESENT CADENCE frame=923 interval_ms=0.493250 paused=false
PRESENT CADENCE frame=924 interval_ms=15.655500 paused=false
PRESENT CADENCE frame=925 interval_ms=0.394333 paused=false
PRESENT CADENCE frame=926 interval_ms=13.657417 paused=false
PRESENT CADENCE frame=927 interval_ms=18.960166 paused=false
PRESENT CADENCE frame=928 interval_ms=0.245834 paused=false
PRESENT CADENCE frame=929 interval_ms=13.984791 paused=false
PRESENT CADENCE frame=930 interval_ms=13.361792 paused=false
PRESENT CADENCE frame=931 interval_ms=0.455750 paused=false
PRESENT CADENCE frame=932 interval_ms=15.276625 paused=false
PRESENT CADENCE frame=933 interval_ms=0.428750 paused=false
PRESENT CADENCE frame=934 interval_ms=14.245708 paused=false
PRESENT CADENCE frame=935 interval_ms=13.233834 paused=false
PRESENT CADENCE frame=936 interval_ms=0.382666 paused=false
PRESENT CADENCE frame=937 interval_ms=18.819000 paused=false
PRESENT CADENCE frame=938 interval_ms=0.398500 paused=false
PRESENT CADENCE frame=939 interval_ms=14.079250 paused=false
PRESENT CADENCE frame=940 interval_ms=18.872000 paused=false
PRESENT CADENCE frame=941 interval_ms=0.513875 paused=false
PRESENT CADENCE frame=942 interval_ms=12.809250 paused=false
PRESENT CADENCE frame=943 interval_ms=14.734292 paused=false
PRESENT CADENCE frame=944 interval_ms=0.285458 paused=false
PRESENT CADENCE frame=945 interval_ms=14.647292 paused=false
PRESENT CADENCE frame=946 interval_ms=0.240917 paused=false
PRESENT CADENCE frame=947 interval_ms=13.200500 paused=false
PRESENT CADENCE frame=948 interval_ms=0.206125 paused=false
PRESENT CADENCE frame=949 interval_ms=14.487375 paused=false
PRESENT CADENCE frame=950 interval_ms=20.862083 paused=false
PRESENT CADENCE frame=951 interval_ms=0.519167 paused=false
PRESENT CADENCE frame=952 interval_ms=17.561833 paused=false
PRESENT CADENCE frame=953 interval_ms=0.345083 paused=false
PRESENT CADENCE frame=954 interval_ms=11.958959 paused=false
PRESENT CADENCE frame=955 interval_ms=0.338458 paused=false
PRESENT CADENCE frame=956 interval_ms=11.768417 paused=false
PRESENT CADENCE frame=957 interval_ms=12.697208 paused=false
PRESENT CADENCE frame=958 interval_ms=13.219542 paused=false
PRESENT CADENCE frame=959 interval_ms=0.717500 paused=false
PRESENT CADENCE frame=960 interval_ms=12.554208 paused=false
PRESENT CADENCE frame=961 interval_ms=20.863792 paused=false
PRESENT CADENCE frame=962 interval_ms=0.351541 paused=false
PRESENT CADENCE frame=963 interval_ms=17.662167 paused=false
PRESENT CADENCE frame=964 interval_ms=0.563167 paused=false
PRESENT CADENCE frame=965 interval_ms=14.804250 paused=false
PRESENT CADENCE frame=966 interval_ms=0.535041 paused=false
PRESENT CADENCE frame=967 interval_ms=12.766375 paused=false
PRESENT CADENCE frame=968 interval_ms=13.056792 paused=false
PRESENT CADENCE frame=969 interval_ms=0.258500 paused=false
PRESENT CADENCE frame=970 interval_ms=13.633333 paused=false
PRESENT CADENCE frame=971 interval_ms=0.279500 paused=false
PRESENT CADENCE frame=972 interval_ms=19.015500 paused=false
PRESENT CADENCE frame=973 interval_ms=0.313375 paused=false
PRESENT CADENCE frame=974 interval_ms=13.822375 paused=false
PRESENT CADENCE frame=975 interval_ms=13.025209 paused=false
PRESENT CADENCE frame=976 interval_ms=0.973125 paused=false
PRESENT CADENCE frame=977 interval_ms=20.049125 paused=false
PRESENT CADENCE frame=978 interval_ms=0.365291 paused=false
PRESENT CADENCE frame=979 interval_ms=14.266667 paused=false
PRESENT CADENCE frame=980 interval_ms=12.644833 paused=false
PRESENT CADENCE frame=981 interval_ms=0.234959 paused=false
PRESENT CADENCE frame=982 interval_ms=14.270583 paused=false
PRESENT CADENCE frame=983 interval_ms=12.850750 paused=false
PRESENT CADENCE frame=984 interval_ms=0.466875 paused=false
PRESENT CADENCE frame=985 interval_ms=15.965750 paused=false
PRESENT CADENCE frame=986 interval_ms=0.545292 paused=false
PRESENT CADENCE frame=987 interval_ms=13.736250 paused=false
PRESENT CADENCE frame=988 interval_ms=18.955416 paused=false
PRESENT CADENCE frame=989 interval_ms=0.227542 paused=false
PRESENT CADENCE frame=990 interval_ms=14.178958 paused=false
PRESENT CADENCE frame=991 interval_ms=19.702167 paused=false
PRESENT CADENCE frame=992 interval_ms=0.517292 paused=false
PRESENT CADENCE frame=993 interval_ms=15.871416 paused=false
PRESENT CADENCE frame=994 interval_ms=0.391209 paused=false
PRESENT CADENCE frame=995 interval_ms=13.414083 paused=false
PRESENT CADENCE frame=996 interval_ms=19.873375 paused=false
PRESENT CADENCE frame=997 interval_ms=0.317375 paused=false
PRESENT CADENCE frame=998 interval_ms=12.770792 paused=false
PRESENT CADENCE frame=999 interval_ms=0.268583 paused=false
PRESENT CADENCE frame=1000 interval_ms=15.039625 paused=false
PRESENT CADENCE frame=1001 interval_ms=0.235583 paused=false
PRESENT CADENCE frame=1002 interval_ms=13.666542 paused=false
PRESENT CADENCE frame=1003 interval_ms=0.242250 paused=false
PRESENT CADENCE frame=1004 interval_ms=17.884667 paused=false
PRESENT CADENCE frame=1005 interval_ms=14.204208 paused=false
PRESENT CADENCE frame=1006 interval_ms=0.475917 paused=false
PRESENT CADENCE frame=1007 interval_ms=12.712666 paused=false
PRESENT CADENCE frame=1008 interval_ms=12.883292 paused=false
PRESENT CADENCE frame=1009 interval_ms=0.317333 paused=false
PRESENT CADENCE frame=1010 interval_ms=12.761875 paused=false
PRESENT CADENCE frame=1011 interval_ms=0.392834 paused=false
PRESENT CADENCE frame=1012 interval_ms=11.747916 paused=false
PRESENT CADENCE frame=1013 interval_ms=0.440084 paused=false
PRESENT CADENCE frame=1014 interval_ms=19.052125 paused=false
PRESENT CADENCE frame=1015 interval_ms=0.239750 paused=false
PRESENT CADENCE frame=1016 interval_ms=13.047958 paused=false
PRESENT CADENCE frame=1017 interval_ms=13.494667 paused=false
PRESENT CADENCE frame=1018 interval_ms=0.380708 paused=false
PRESENT CADENCE frame=1019 interval_ms=15.333292 paused=false
PRESENT CADENCE frame=1020 interval_ms=0.390583 paused=false
PRESENT CADENCE frame=1021 interval_ms=12.379333 paused=false
PRESENT CADENCE frame=1022 interval_ms=0.343417 paused=false
PRESENT CADENCE frame=1023 interval_ms=11.373750 paused=false
PRESENT CADENCE frame=1024 interval_ms=12.561042 paused=false
PRESENT CADENCE frame=1025 interval_ms=11.775333 paused=false
PRESENT CADENCE frame=1026 interval_ms=0.995333 paused=false
PRESENT CADENCE frame=1027 interval_ms=17.325292 paused=false
PRESENT CADENCE frame=1028 interval_ms=0.878750 paused=false
PRESENT CADENCE frame=1029 interval_ms=12.052875 paused=false
PRESENT CADENCE frame=1030 interval_ms=12.842167 paused=false
PRESENT CADENCE frame=1031 interval_ms=19.220625 paused=false
PRESENT CADENCE frame=1032 interval_ms=0.553125 paused=false
PRESENT CADENCE frame=1033 interval_ms=13.244541 paused=false
PRESENT CADENCE frame=1034 interval_ms=12.451667 paused=false
PRESENT CADENCE frame=1035 interval_ms=0.340667 paused=false
PRESENT CADENCE frame=1036 interval_ms=16.369583 paused=false
PRESENT CADENCE frame=1037 interval_ms=0.267333 paused=false
PRESENT CADENCE frame=1038 interval_ms=12.402375 paused=false
PRESENT CADENCE frame=1039 interval_ms=12.896459 paused=false
PRESENT CADENCE frame=1040 interval_ms=0.392083 paused=false
PRESENT CADENCE frame=1041 interval_ms=13.664917 paused=false
PRESENT CADENCE frame=1042 interval_ms=0.377958 paused=false
PRESENT CADENCE frame=1043 interval_ms=12.768458 paused=false
PRESENT CADENCE frame=1044 interval_ms=0.730042 paused=false
PRESENT CADENCE frame=1045 interval_ms=12.814583 paused=false
PRESENT CADENCE frame=1046 interval_ms=14.814625 paused=false
PRESENT CADENCE frame=1047 interval_ms=20.003709 paused=false
PRESENT CADENCE frame=1048 interval_ms=0.531125 paused=false
PRESENT CADENCE frame=1049 interval_ms=12.761375 paused=false
PRESENT CADENCE frame=1050 interval_ms=13.387250 paused=false
PRESENT CADENCE frame=1051 interval_ms=0.235916 paused=false
PRESENT CADENCE frame=1052 interval_ms=13.183542 paused=false
PRESENT CADENCE frame=1053 interval_ms=12.052958 paused=false
PRESENT CADENCE frame=1054 interval_ms=0.459084 paused=false
PRESENT CADENCE frame=1055 interval_ms=11.519458 paused=false
PRESENT CADENCE frame=1056 interval_ms=12.926625 paused=false
PRESENT CADENCE frame=1057 interval_ms=0.383292 paused=false
PRESENT CADENCE frame=1058 interval_ms=17.378708 paused=false
PRESENT CADENCE frame=1059 interval_ms=0.213875 paused=false
PRESENT CADENCE frame=1060 interval_ms=12.739583 paused=false
PRESENT CADENCE frame=1061 interval_ms=0.236709 paused=false
PRESENT CADENCE frame=1062 interval_ms=13.771625 paused=false
PRESENT CADENCE frame=1063 interval_ms=0.380791 paused=false
PRESENT CADENCE frame=1064 interval_ms=14.421459 paused=false
PRESENT CADENCE frame=1065 interval_ms=0.471541 paused=false
PRESENT CADENCE frame=1066 interval_ms=16.949084 paused=false
PRESENT CADENCE frame=1067 interval_ms=21.184083 paused=false
PRESENT CADENCE frame=1068 interval_ms=0.630625 paused=false
PRESENT CADENCE frame=1069 interval_ms=20.788208 paused=false
PRESENT CADENCE frame=1070 interval_ms=0.480625 paused=false
PRESENT CADENCE frame=1071 interval_ms=15.588834 paused=false
PRESENT CADENCE frame=1072 interval_ms=0.408416 paused=false
PRESENT CADENCE frame=1073 interval_ms=13.969709 paused=false
PRESENT CADENCE frame=1074 interval_ms=19.571083 paused=false
PRESENT CADENCE frame=1075 interval_ms=0.264667 paused=false
PRESENT CADENCE frame=1076 interval_ms=13.226250 paused=false
PRESENT CADENCE frame=1077 interval_ms=14.315000 paused=false
PRESENT CADENCE frame=1078 interval_ms=0.626416 paused=false
PRESENT CADENCE frame=1079 interval_ms=16.030500 paused=false
PRESENT CADENCE frame=1080 interval_ms=0.399959 paused=false
PRESENT CADENCE frame=1081 interval_ms=14.007333 paused=false
PRESENT CADENCE frame=1082 interval_ms=19.678417 paused=false
PRESENT CADENCE frame=1083 interval_ms=0.227375 paused=false
PRESENT CADENCE frame=1084 interval_ms=15.196916 paused=false
PRESENT CADENCE frame=1085 interval_ms=0.300709 paused=false
PRESENT CADENCE frame=1086 interval_ms=18.341791 paused=false
PRESENT CADENCE frame=1087 interval_ms=0.255875 paused=false
PRESENT CADENCE frame=1088 interval_ms=16.230750 paused=false
PRESENT CADENCE frame=1089 interval_ms=0.272875 paused=false
PRESENT CADENCE frame=1090 interval_ms=17.906459 paused=false
PRESENT CADENCE frame=1091 interval_ms=0.210458 paused=false
PRESENT CADENCE frame=1092 interval_ms=15.213917 paused=false
PRESENT CADENCE frame=1093 interval_ms=0.282958 paused=false
PRESENT CADENCE frame=1094 interval_ms=18.213292 paused=false
PRESENT CADENCE frame=1095 interval_ms=0.239166 paused=false
PRESENT CADENCE frame=1096 interval_ms=19.321584 paused=false
PRESENT CADENCE frame=1097 interval_ms=0.256041 paused=false
PRESENT CADENCE frame=1098 interval_ms=13.762584 paused=false
PRESENT CADENCE frame=1099 interval_ms=14.200375 paused=false
PRESENT CADENCE frame=1100 interval_ms=0.483041 paused=false
PRESENT CADENCE frame=1101 interval_ms=13.875500 paused=false
PRESENT CADENCE frame=1102 interval_ms=0.361250 paused=false
PRESENT CADENCE frame=1103 interval_ms=12.385250 paused=false
PRESENT CADENCE frame=1104 interval_ms=12.669667 paused=false
PRESENT CADENCE frame=1105 interval_ms=20.336667 paused=false
PRESENT CADENCE frame=1106 interval_ms=0.467916 paused=false
PRESENT CADENCE frame=1107 interval_ms=14.007542 paused=false
PRESENT CADENCE frame=1108 interval_ms=0.421750 paused=false
PRESENT CADENCE frame=1109 interval_ms=13.155167 paused=false
PRESENT CADENCE frame=1110 interval_ms=0.354416 paused=false
PRESENT CADENCE frame=1111 interval_ms=13.049500 paused=false
PRESENT CADENCE frame=1112 interval_ms=13.404834 paused=false
PRESENT CADENCE frame=1113 interval_ms=0.244125 paused=false
PRESENT CADENCE frame=1114 interval_ms=14.279041 paused=false
PRESENT CADENCE frame=1115 interval_ms=19.573042 paused=false
PRESENT CADENCE frame=1116 interval_ms=0.510667 paused=false
PRESENT CADENCE frame=1117 interval_ms=13.658666 paused=false
PRESENT CADENCE frame=1118 interval_ms=19.383375 paused=false
PRESENT CADENCE frame=1119 interval_ms=0.233334 paused=false
PRESENT CADENCE frame=1120 interval_ms=16.635208 paused=false
PRESENT CADENCE frame=1121 interval_ms=0.408625 paused=false
PRESENT CADENCE frame=1122 interval_ms=13.087375 paused=false
PRESENT CADENCE frame=1123 interval_ms=14.892208 paused=false
PRESENT CADENCE frame=1124 interval_ms=0.499334 paused=false
PRESENT CADENCE frame=1125 interval_ms=17.025791 paused=false
PRESENT CADENCE frame=1126 interval_ms=0.338834 paused=false
PRESENT CADENCE frame=1127 interval_ms=14.957333 paused=false
PRESENT CADENCE frame=1128 interval_ms=0.355750 paused=false
PRESENT CADENCE frame=1129 interval_ms=17.772167 paused=false
PRESENT CADENCE frame=1130 interval_ms=0.335833 paused=false
PRESENT CADENCE frame=1131 interval_ms=18.361792 paused=false
PRESENT CADENCE frame=1132 interval_ms=0.419833 paused=false
PRESENT CADENCE frame=1133 interval_ms=17.619833 paused=false
PRESENT CADENCE frame=1134 interval_ms=0.358959 paused=false
PRESENT CADENCE frame=1135 interval_ms=16.089041 paused=false
PRESENT CADENCE frame=1136 interval_ms=0.484084 paused=false
PRESENT CADENCE frame=1137 interval_ms=14.256416 paused=false
PRESENT CADENCE frame=1138 interval_ms=16.803584 paused=false
FULL MODEL WORKER work_ms=2219.468 physics_ms=1294.545 mesh_ms=460.673 partition_ms=29.969 streams_ms=434.281
PRESENT CADENCE frame=1139 interval_ms=56.871625 paused=false
PRESENT CADENCE frame=1140 interval_ms=1.825333 paused=false
PRESENT CADENCE frame=1141 interval_ms=24.665167 paused=false
PRESENT CADENCE frame=1142 interval_ms=0.275125 paused=false
PRESENT CADENCE frame=1143 interval_ms=16.636083 paused=false
PRESENT CADENCE frame=1144 interval_ms=0.253333 paused=false
PRESENT CADENCE frame=1145 interval_ms=16.066459 paused=false
PRESENT CADENCE frame=1146 interval_ms=0.330833 paused=false
PRESENT CADENCE frame=1147 interval_ms=16.418250 paused=false
PRESENT CADENCE frame=1148 interval_ms=0.234625 paused=false
PRESENT CADENCE frame=1149 interval_ms=16.941167 paused=false
PRESENT CADENCE frame=1150 interval_ms=0.456625 paused=false
PRESENT CADENCE frame=1151 interval_ms=16.510000 paused=false
PRESENT CADENCE frame=1152 interval_ms=0.379000 paused=false
PRESENT CADENCE frame=1153 interval_ms=15.512083 paused=false
PRESENT CADENCE frame=1154 interval_ms=0.254625 paused=false
PRESENT CADENCE frame=1155 interval_ms=16.266542 paused=false
PRESENT CADENCE frame=1156 interval_ms=0.269583 paused=false
PRESENT CADENCE frame=1157 interval_ms=16.524375 paused=false
PRESENT CADENCE frame=1158 interval_ms=0.230375 paused=false
PRESENT CADENCE frame=1159 interval_ms=16.551083 paused=false
PRESENT CADENCE frame=1160 interval_ms=0.235042 paused=false
PRESENT CADENCE frame=1161 interval_ms=16.410750 paused=false
PRESENT CADENCE frame=1162 interval_ms=0.259417 paused=false
PRESENT CADENCE frame=1163 interval_ms=16.234083 paused=false
PRESENT CADENCE frame=1164 interval_ms=0.268833 paused=false
PRESENT CADENCE frame=1165 interval_ms=16.346334 paused=false
PRESENT CADENCE frame=1166 interval_ms=0.223166 paused=false
PRESENT CADENCE frame=1167 interval_ms=16.563500 paused=false
PRESENT CADENCE frame=1168 interval_ms=0.263625 paused=false
PRESENT CADENCE frame=1169 interval_ms=16.366209 paused=false
PRESENT CADENCE frame=1170 interval_ms=0.269583 paused=false
PRESENT CADENCE frame=1171 interval_ms=16.400542 paused=false
PRESENT CADENCE frame=1172 interval_ms=0.241625 paused=false
PRESENT CADENCE frame=1173 interval_ms=13.924625 paused=false
PRESENT CADENCE frame=1174 interval_ms=15.438208 paused=false
PRESENT CADENCE frame=1175 interval_ms=0.735292 paused=false
PRESENT CADENCE frame=1176 interval_ms=15.505958 paused=false
PRESENT CADENCE frame=1177 interval_ms=0.388167 paused=false
PRESENT CADENCE frame=1178 interval_ms=21.421416 paused=false
PRESENT CADENCE frame=1179 interval_ms=0.539459 paused=false
PRESENT CADENCE frame=1180 interval_ms=30.134666 paused=false
PRESENT CADENCE frame=1181 interval_ms=0.515667 paused=false
PRESENT CADENCE frame=1182 interval_ms=18.016792 paused=false
PRESENT CADENCE frame=1183 interval_ms=0.444041 paused=false
PRESENT CADENCE frame=1184 interval_ms=18.168250 paused=false
PRESENT CADENCE frame=1185 interval_ms=0.418917 paused=false
PRESENT CADENCE frame=1186 interval_ms=17.660625 paused=false
PRESENT CADENCE frame=1187 interval_ms=0.423875 paused=false
PRESENT CADENCE frame=1188 interval_ms=17.403167 paused=false
PRESENT CADENCE frame=1189 interval_ms=0.590958 paused=false
PRESENT CADENCE frame=1190 interval_ms=14.983833 paused=false
PRESENT CADENCE frame=1191 interval_ms=0.488417 paused=false
PRESENT CADENCE frame=1192 interval_ms=16.015875 paused=false
PRESENT CADENCE frame=1193 interval_ms=0.435083 paused=false
PRESENT CADENCE frame=1194 interval_ms=15.844500 paused=false
PRESENT CADENCE frame=1195 interval_ms=0.417167 paused=false
PRESENT CADENCE frame=1196 interval_ms=16.226208 paused=false
PRESENT CADENCE frame=1197 interval_ms=0.711500 paused=false
PRESENT CADENCE frame=1198 interval_ms=15.796125 paused=false
PRESENT CADENCE frame=1199 interval_ms=0.402167 paused=false
PRESENT CADENCE frame=1200 interval_ms=17.251500 paused=false
PRESENT CADENCE frame=1201 interval_ms=0.340000 paused=false
PRESENT CADENCE frame=1202 interval_ms=16.814875 paused=false
PRESENT CADENCE frame=1203 interval_ms=0.361958 paused=false
PRESENT CADENCE frame=1204 interval_ms=17.040750 paused=false
PRESENT CADENCE frame=1205 interval_ms=0.205792 paused=false
PRESENT CADENCE frame=1206 interval_ms=16.830458 paused=false
PRESENT CADENCE frame=1207 interval_ms=16.678500 paused=false
PRESENT CADENCE frame=1208 interval_ms=0.689959 paused=false
PRESENT CADENCE frame=1209 interval_ms=14.679083 paused=false
PRESENT CADENCE frame=1210 interval_ms=0.401500 paused=false
PRESENT CADENCE frame=1211 interval_ms=16.634458 paused=false
PRESENT CADENCE frame=1212 interval_ms=0.395209 paused=false
PRESENT CADENCE frame=1213 interval_ms=15.526708 paused=false
PRESENT CADENCE frame=1214 interval_ms=0.384542 paused=false
PRESENT CADENCE frame=1215 interval_ms=16.286625 paused=false
PRESENT CADENCE frame=1216 interval_ms=0.466958 paused=false
PRESENT CADENCE frame=1217 interval_ms=18.173417 paused=false
PRESENT CADENCE frame=1218 interval_ms=0.438583 paused=false
PRESENT CADENCE frame=1219 interval_ms=16.582417 paused=false
PRESENT CADENCE frame=1220 interval_ms=0.415041 paused=false
PRESENT CADENCE frame=1221 interval_ms=15.833167 paused=false
PRESENT CADENCE frame=1222 interval_ms=0.375917 paused=false
PRESENT CADENCE frame=1223 interval_ms=17.206583 paused=false
PRESENT CADENCE frame=1224 interval_ms=0.398250 paused=false
PRESENT CADENCE frame=1225 interval_ms=15.569750 paused=false
PRESENT CADENCE frame=1226 interval_ms=18.578833 paused=false
PRESENT CADENCE frame=1227 interval_ms=0.280167 paused=false
PRESENT CADENCE frame=1228 interval_ms=17.326917 paused=false
PRESENT CADENCE frame=1229 interval_ms=0.431250 paused=false
PRESENT CADENCE frame=1230 interval_ms=14.350166 paused=false
PRESENT CADENCE frame=1231 interval_ms=17.681500 paused=false
PRESENT CADENCE frame=1232 interval_ms=0.535834 paused=false
PRESENT CADENCE frame=1233 interval_ms=14.687625 paused=false
PRESENT CADENCE frame=1234 interval_ms=0.386791 paused=false
PRESENT CADENCE frame=1235 interval_ms=17.609125 paused=false
PRESENT CADENCE frame=1236 interval_ms=0.367084 paused=false
PRESENT CADENCE frame=1237 interval_ms=15.153916 paused=false
PRESENT CADENCE frame=1238 interval_ms=0.432209 paused=false
PRESENT CADENCE frame=1239 interval_ms=15.432583 paused=false
PRESENT CADENCE frame=1240 interval_ms=0.537500 paused=false
PRESENT CADENCE frame=1241 interval_ms=13.712375 paused=false
PRESENT CADENCE frame=1242 interval_ms=14.840375 paused=false
PRESENT CADENCE frame=1243 interval_ms=0.255750 paused=false
PRESENT CADENCE frame=1244 interval_ms=16.481458 paused=false
PRESENT CADENCE frame=1245 interval_ms=0.437042 paused=false
PRESENT CADENCE frame=1246 interval_ms=18.115833 paused=false
PRESENT CADENCE frame=1247 interval_ms=0.251375 paused=false
PRESENT CADENCE frame=1248 interval_ms=13.925042 paused=false
PRESENT CADENCE frame=1249 interval_ms=17.856833 paused=false
PRESENT CADENCE frame=1250 interval_ms=0.457792 paused=false
PRESENT CADENCE frame=1251 interval_ms=15.370250 paused=false
PRESENT CADENCE frame=1252 interval_ms=0.396542 paused=false
PRESENT CADENCE frame=1253 interval_ms=18.121833 paused=false
PRESENT CADENCE frame=1254 interval_ms=0.377458 paused=false
PRESENT CADENCE frame=1255 interval_ms=15.347417 paused=false
PRESENT CADENCE frame=1256 interval_ms=0.362875 paused=false
PRESENT CADENCE frame=1257 interval_ms=13.794917 paused=false
PRESENT CADENCE frame=1258 interval_ms=0.339375 paused=false
PRESENT CADENCE frame=1259 interval_ms=18.679750 paused=false
PRESENT CADENCE frame=1260 interval_ms=0.443708 paused=false
PRESENT CADENCE frame=1261 interval_ms=15.285458 paused=false
PRESENT CADENCE frame=1262 interval_ms=0.413250 paused=false
PRESENT CADENCE frame=1263 interval_ms=17.038834 paused=false
PRESENT CADENCE frame=1264 interval_ms=0.357666 paused=false
PRESENT CADENCE frame=1265 interval_ms=16.283750 paused=false
PRESENT CADENCE frame=1266 interval_ms=0.408750 paused=false
PRESENT CADENCE frame=1267 interval_ms=17.266917 paused=false
PRESENT CADENCE frame=1268 interval_ms=0.495792 paused=false
PRESENT CADENCE frame=1269 interval_ms=16.115791 paused=false
PRESENT CADENCE frame=1270 interval_ms=0.456000 paused=false
PRESENT CADENCE frame=1271 interval_ms=14.576834 paused=false
PRESENT CADENCE frame=1272 interval_ms=15.260125 paused=false
PRESENT CADENCE frame=1273 interval_ms=0.471125 paused=false
PRESENT CADENCE frame=1274 interval_ms=16.168625 paused=false
PRESENT CADENCE frame=1275 interval_ms=0.243375 paused=false
PRESENT CADENCE frame=1276 interval_ms=15.217250 paused=false
PRESENT CADENCE frame=1277 interval_ms=0.393208 paused=false
PRESENT CADENCE frame=1278 interval_ms=17.279375 paused=false
PRESENT CADENCE frame=1279 interval_ms=0.324500 paused=false
PRESENT CADENCE frame=1280 interval_ms=15.468000 paused=false
PRESENT CADENCE frame=1281 interval_ms=0.193833 paused=false
PRESENT CADENCE frame=1282 interval_ms=17.752667 paused=false
PRESENT CADENCE frame=1283 interval_ms=0.244375 paused=false
PRESENT CADENCE frame=1284 interval_ms=13.964333 paused=false
PRESENT CADENCE frame=1285 interval_ms=15.537250 paused=false
PRESENT CADENCE frame=1286 interval_ms=0.544834 paused=false
PRESENT CADENCE frame=1287 interval_ms=14.042333 paused=false
PRESENT CADENCE frame=1288 interval_ms=15.037333 paused=false
PRESENT CADENCE frame=1289 interval_ms=3.671459 paused=false
PRESENT CADENCE frame=1290 interval_ms=10.840333 paused=false
PRESENT CADENCE frame=1291 interval_ms=0.267167 paused=false
PRESENT CADENCE frame=1292 interval_ms=14.389000 paused=false
PRESENT CADENCE frame=1293 interval_ms=0.369625 paused=false
PRESENT CADENCE frame=1294 interval_ms=14.840000 paused=false
PRESENT CADENCE frame=1295 interval_ms=15.496500 paused=false
PRESENT CADENCE frame=1296 interval_ms=0.458458 paused=false
