
running 1 test
SOURCE_LINEAR_POSE ([[0.0, 0.0, 0.0, 1.0], [0.0, 9.999999682655225e-21, 0.0, 1.0]], 0.0, [[0.0, 0.0], [0.0, 0.0], [0.0, 0.0], [0.9999999999999997, 1.0000000000000004]])
SOURCE_LINEAR_POSE ([[0.0, 0.0, 0.0, 1.0], [0.0, 9.999999682655225e-21, 0.0, 1.0]], 0.25, [[0.0, 0.0], [2.4999999206637443e-21, 2.49999992066387e-21], [0.0, 0.0], [0.999999999999996, 1.0000000000000078]])
SOURCE_LINEAR_POSE ([[0.0, 0.0, 0.0, 1.0], [0.0, 9.999999682655225e-21, 0.0, 1.0]], 0.5, [[0.0, 0.0], [4.9999998413274886e-21, 4.99999984132774e-21], [0.0, 0.0], [0.999999999999996, 1.0000000000000078]])
SOURCE_LINEAR_POSE ([[0.0, 0.0, 0.0, 1.0], [0.0, 9.999999682655225e-21, 0.0, 1.0]], 0.75, [[0.0, 0.0], [7.499999761991217e-21, 7.499999761991622e-21], [0.0, 0.0], [0.999999999999996, 1.0000000000000078]])
SOURCE_LINEAR_POSE ([[0.0, 0.0, 0.0, 1.0], [0.0, 9.999999682655225e-21, 0.0, 1.0]], 1.0, [[0.0, 0.0], [9.999999682654977e-21, 9.99999968265548e-21], [0.0, 0.0], [0.999999999999996, 1.0000000000000078]])
SOURCE_LINEAR_POSE ([[0.0, 0.0, 0.0, 1.0], [0.0, 0.5, 0.0, 1.0]], 0.0, [[0.0, 0.0], [0.0, 0.0], [0.0, 0.0], [0.9999999999999997, 1.0000000000000004]])
SOURCE_LINEAR_POSE ([[0.0, 0.0, 0.0, 1.0], [0.0, 0.5, 0.0, 1.0]], 0.25, [[0.0, 0.0], [0.11565251949756263, 0.11565251949757072], [0.0, 0.0], [0.9932897335288716, 0.99328973352888]])
SOURCE_LINEAR_POSE ([[0.0, 0.0, 0.0, 1.0], [0.0, 0.5, 0.0, 1.0]], 0.5, [[0.0, 0.0], [0.22975292054735413, 0.22975292054737034], [0.0, 0.0], [0.9732489894677253, 0.9732489894677345]])
SOURCE_LINEAR_POSE ([[0.0, 0.0, 0.0, 1.0], [0.0, 0.5, 0.0, 1.0]], 0.75, [[0.0, 0.0], [0.34076991495836134, 0.34076991495838677], [0.0, 0.0], [0.9401467252824172, 0.9401467252824279]])
SOURCE_LINEAR_POSE ([[0.0, 0.0, 0.0, 1.0], [0.0, 0.5, 0.0, 1.0]], 1.0, [[0.0, 0.0], [0.4472135954999435, 0.44721359549997625], [0.0, 0.0], [0.8944271909999085, 0.8944271909999214]])
SOURCE_LINEAR_POSE ([[0.0, 0.0, 0.0, 1.0], [0.0, 1.0, 0.0, 1.0]], 0.0, [[0.0, 0.0], [0.0, 0.0], [0.0, 0.0], [0.9999999999999997, 1.0000000000000004]])
SOURCE_LINEAR_POSE ([[0.0, 0.0, 0.0, 1.0], [0.0, 1.0, 0.0, 1.0]], 0.25, [[0.0, 0.0], [0.19509032201612134, 0.1950903220161373], [0.0, 0.0], [0.9807852804032259, 0.9807852804032349]])
SOURCE_LINEAR_POSE ([[0.0, 0.0, 0.0, 1.0], [0.0, 1.0, 0.0, 1.0]], 0.5, [[0.0, 0.0], [0.3826834323650757, 0.3826834323651078], [0.0, 0.0], [0.9238795325112801, 0.9238795325112921]])
SOURCE_LINEAR_POSE ([[0.0, 0.0, 0.0, 1.0], [0.0, 1.0, 0.0, 1.0]], 0.75, [[0.0, 0.0], [0.5555702330195794, 0.5555702330196305], [0.0, 0.0], [0.831469612302535, 0.8314696123025521]])
SOURCE_LINEAR_POSE ([[0.0, 0.0, 0.0, 1.0], [0.0, 1.0, 0.0, 1.0]], 1.0, [[0.0, 0.0], [0.7071067811865174, 0.7071067811865838], [0.0, 0.0], [0.7071067811865323, 0.7071067811865569]])
SOURCE_LINEAR_POSE ([[0.0, 0.0, 0.0, 1.0], [0.0, 1.0, 0.0, 0.0]], 0.0, [[0.0, 0.0], [0.0, 0.0], [0.0, 0.0], [0.9999999999999997, 1.0000000000000004]])
SOURCE_LINEAR_POSE ([[0.0, 0.0, 0.0, 1.0], [0.0, 1.0, 0.0, 0.0]], 0.25, [[0.0, 0.0], [0.38268343236508046, 0.38268343236509944], [0.0, 0.0], [0.9238795325112816, 0.923879532511292]])
SOURCE_LINEAR_POSE ([[0.0, 0.0, 0.0, 1.0], [0.0, 1.0, 0.0, 0.0]], 0.5, [[0.0, 0.0], [0.7071067811865281, 0.7071067811865673], [0.0, 0.0], [0.7071067811865388, 0.7071067811865559]])
SOURCE_LINEAR_POSE ([[0.0, 0.0, 0.0, 1.0], [0.0, 1.0, 0.0, 0.0]], 0.75, [[0.0, 0.0], [0.9238795325112574, 0.9238795325113165], [0.0, 0.0], [0.38268343236507585, 0.3826834323651034]])
SOURCE_LINEAR_POSE ([[0.0, 0.0, 0.0, 1.0], [0.0, 1.0, 0.0, 0.0]], 1.0, [[0.0, 0.0], [0.9999999999999575, 1.0000000000000462], [0.0, 0.0], [-2.4841272584007302e-14, 2.4090627843254564e-14]])
SOURCE_LINEAR_POSE ([[0.0, 0.0, 0.0, 1.0], [0.0, 1.0, 0.0, -1.0]], 0.0, [[0.0, 0.0], [0.0, 0.0], [0.0, 0.0], [0.9999999999999997, 1.0000000000000004]])
SOURCE_LINEAR_POSE ([[0.0, 0.0, 0.0, 1.0], [0.0, 1.0, 0.0, -1.0]], 0.25, [[0.0, 0.0], [-0.1950903220161373, -0.19509032201612134], [0.0, 0.0], [0.9807852804032259, 0.9807852804032349]])
SOURCE_LINEAR_POSE ([[0.0, 0.0, 0.0, 1.0], [0.0, 1.0, 0.0, -1.0]], 0.5, [[0.0, 0.0], [-0.3826834323651078, -0.3826834323650757], [0.0, 0.0], [0.9238795325112801, 0.9238795325112921]])
SOURCE_LINEAR_POSE ([[0.0, 0.0, 0.0, 1.0], [0.0, 1.0, 0.0, -1.0]], 0.75, [[0.0, 0.0], [-0.5555702330196305, -0.5555702330195794], [0.0, 0.0], [0.831469612302535, 0.8314696123025521]])
SOURCE_LINEAR_POSE ([[0.0, 0.0, 0.0, 1.0], [0.0, 1.0, 0.0, -1.0]], 1.0, [[0.0, 0.0], [-0.7071067811865838, -0.7071067811865174], [0.0, 0.0], [0.7071067811865323, 0.7071067811865569]])
SOURCE_LINEAR_POSE ([[0.5, 0.5, 0.5, 0.5], [-0.5, 0.5, 0.5, 0.5]], 0.0, [[0.4999999999999997, 0.5000000000000002], [0.4999999999999997, 0.5000000000000002], [0.4999999999999997, 0.5000000000000002], [0.4999999999999997, 0.5000000000000002]])
SOURCE_LINEAR_POSE ([[0.5, 0.5, 0.5, 0.5], [-0.5, 0.5, 0.5, 0.5]], 0.25, [[0.25881904510250514, 0.25881904510253645], [0.5576775358251894, 0.5576775358252211], [0.5576775358251895, 0.557677535825221], [0.5576775358251894, 0.5576775358252212]])
SOURCE_LINEAR_POSE ([[0.5, 0.5, 0.5, 0.5], [-0.5, 0.5, 0.5, 0.5]], 0.5, [[-3.06143999040387e-14, 2.906008766956348e-14], [0.5773502691895959, 0.5773502691896559], [0.5773502691895959, 0.5773502691896558], [0.5773502691895958, 0.577350269189656]])
SOURCE_LINEAR_POSE ([[0.5, 0.5, 0.5, 0.5], [-0.5, 0.5, 0.5, 0.5]], 0.75, [[-0.25881904510256676, -0.2588190451024749], [0.5576775358251591, 0.5576775358252514], [0.557677535825159, 0.5576775358252511], [0.557677535825159, 0.5576775358252514]])
SOURCE_LINEAR_POSE ([[0.5, 0.5, 0.5, 0.5], [-0.5, 0.5, 0.5, 0.5]], 1.0, [[-0.5000000000000644, -0.499999999999935], [0.4999999999999356, 0.5000000000000651], [0.49999999999993555, 0.500000000000065], [0.4999999999999355, 0.5000000000000651]])
test root_rigid::enclosure::linear_source::tests::source_linear_pose_encloses_short_arc_without_platform_trigonometry ... ok

test result: ok. 1 passed; 0 failed; 0 ignored; 0 measured; 178 filtered out; finished in 0.00s

