warning: unused import: `surface_distance::triangle_distance`
 --> crates/physics/src/biomechanics/contact_precision.rs:2:19
  |
2 | use super::{Vec3, surface_distance::triangle_distance};
  |                   ^^^^^^^^^^^^^^^^^^^^^^^^^^^^^^^^^^^
  |
  = note: `#[warn(unused_imports)]` (part of `#[warn(unused)]`) on by default

warning: unused import: `separation_lower_bound`
 --> crates/physics/src/biomechanics/surface_contact.rs:3:23
  |
3 |     PreparedTriangle, separation_lower_bound, triangle_distance, triangle_pair_path_is_open,
  |                       ^^^^^^^^^^^^^^^^^^^^^^

warning: `physics` (lib) generated 2 warnings (run `cargo fix --lib -p physics` to apply 2 suggestions)
warning: multiple methods are never used
   --> crates/voxy_editor/src/animation_runtime.rs:197:19
    |
194 | impl AnimationRuntime {
    | --------------------- methods in this implementation
...
197 |     pub(super) fn initialize_root_reference(
    |                   ^^^^^^^^^^^^^^^^^^^^^^^^^
...
227 |     pub(super) fn initialize_root_reference_at_phase(
    |                   ^^^^^^^^^^^^^^^^^^^^^^^^^^^^^^^^^^
...
243 |     fn initialize_root_reference_at_scaled_phase(
    |        ^^^^^^^^^^^^^^^^^^^^^^^^^^^^^^^^^^^^^^^^^
...
278 |     pub(super) fn capture_owner_reference_with_scale(
    |                   ^^^^^^^^^^^^^^^^^^^^^^^^^^^^^^^^^^
...
300 |     fn capture_owner_reference_with_similarity(
    |        ^^^^^^^^^^^^^^^^^^^^^^^^^^^^^^^^^^^^^^^
...
328 |     pub(super) fn capture_owner_reference_from_parent(
    |                   ^^^^^^^^^^^^^^^^^^^^^^^^^^^^^^^^^^^
...
636 |     pub(super) fn fixed_step_scene_fades(
    |                   ^^^^^^^^^^^^^^^^^^^^^^
...
759 |     pub(super) fn set_clip_events(
    |                   ^^^^^^^^^^^^^^^
...
989 |     pub(super) fn prepare(
    |                   ^^^^^^^
    |
    = note: `#[warn(dead_code)]` (part of `#[warn(unused)]`) on by default

warning: associated function `new` is never used
   --> crates/voxy_editor/src/foot_placement.rs:235:19
    |
228 | impl FootRuntime {
    | ---------------- associated function in this implementation
...
235 |     pub(super) fn new(model: &ModelAsset, settings: ModelFootPlacement) -> Result<Self, String> {
    |                   ^^^

warning: method `bind_motion` is never used
   --> crates/voxy_editor/src/model_playback.rs:179:19
    |
150 | impl PreparedModelFade {
    | ---------------------- method in this implementation
...
179 |     pub(crate) fn bind_motion(
    |                   ^^^^^^^^^^^

warning: methods `prepare_certified_fade`, `set_clip_events`, and `advance_with_motion` are never used
   --> crates/voxy_editor/src/model_playback.rs:370:19
    |
337 | impl ModelPlayback {
    | ------------------ methods in this implementation
...
370 |     pub(crate) fn prepare_certified_fade(
    |                   ^^^^^^^^^^^^^^^^^^^^^^
...
523 |     pub(crate) fn set_clip_events(
    |                   ^^^^^^^^^^^^^^^
...
648 |     pub(crate) fn advance_with_motion<T>(
    |                   ^^^^^^^^^^^^^^^^^^^

warning: `voxy_editor` (lib) generated 4 warnings
warning: field `initial_energy_j` is never read
  --> crates/voxy_app/src/tissue_demo.rs:82:9
   |
79 |     Continuum {
   |     --------- field in this variant
...
82 |         initial_energy_j: f64,
   |         ^^^^^^^^^^^^^^^^
   |
   = note: `DemoTissue` has derived impls for the traits `Debug` and `Clone`, but these are intentionally ignored during dead code analysis
   = note: `#[warn(dead_code)]` (part of `#[warn(unused)]`) on by default

warning: method `volumes` is never used
  --> crates/voxy_app/src/tissue_demo.rs:95:8
   |
88 | impl DemoTissue {
   | --------------- method in this implementation
...
95 |     fn volumes(&self) -> Vec<f64> {
   |        ^^^^^^^

warning: multiple associated items are never used
   --> crates/voxy_app/src/tissue_demo.rs:325:19
    |
146 | impl TissueDemo {
    | --------------- associated items in this implementation
...
325 |     pub(crate) fn body_volumes_m3(&self) -> Vec<f64> {
    |                   ^^^^^^^^^^^^^^^
...
333 |     pub(crate) fn body_energy_receipts(&self) -> Result<Vec<[f64; 4]>, &'static str> {
    |                   ^^^^^^^^^^^^^^^^^^^^
...
357 |     pub(crate) fn body_step_counts(&self) -> Vec<(u64, u64, usize)> {
    |                   ^^^^^^^^^^^^^^^^
...
374 |     pub(crate) fn body_thermal_diagnostics(&self) -> Result<Vec<(f64, f64, f64)>, &'static str> {
    |                   ^^^^^^^^^^^^^^^^^^^^^^^^
...
467 |     pub(crate) fn advance_with_palette(
    |                   ^^^^^^^^^^^^^^^^^^^^
...
477 |     pub(crate) fn bind_contact_surface(
    |                   ^^^^^^^^^^^^^^^^^^^^
...
483 |     pub(crate) fn bind_contact_surfaces(
    |                   ^^^^^^^^^^^^^^^^^^^^^
...
505 |     pub(crate) fn advance_with_palette_and_surface(
    |                   ^^^^^^^^^^^^^^^^^^^^^^^^^^^^^^^^
...
519 |     pub(crate) fn advance_with_palette_and_surfaces(
    |                   ^^^^^^^^^^^^^^^^^^^^^^^^^^^^^^^^^
...
533 |     pub(crate) fn advance_with_palette64_and_surfaces(
    |                   ^^^^^^^^^^^^^^^^^^^^^^^^^^^^^^^^^^^
...
549 |     pub(crate) fn tissue_mesh(&self) -> Result<SceneMesh, voxy_render::SceneError> {
    |                   ^^^^^^^^^^^
...
967 |     fn advance_continuum(
    |        ^^^^^^^^^^^^^^^^^

warning: associated items `female_from_assets` and `set_strain_fixture` are never used
    --> crates/voxy_app/src/female_demo.rs:199:19
     |
 195 | impl FemaleDemo {
     | --------------- associated items in this implementation
...
 199 |     pub(crate) fn female_from_assets(
     |                   ^^^^^^^^^^^^^^^^^^
...
1018 |     pub(crate) fn set_strain_fixture(&mut self, x_stretch: f64) -> Result<(), &'static str> {
     |                   ^^^^^^^^^^^^^^^^^^

warning: field `assembly_ms` is never read
 --> crates/voxy_app/src/skin_light_diffusion.rs:6:5
  |
5 | struct Timings {
  |        ------- field in this struct
6 |     assembly_ms: f64,
  |     ^^^^^^^^^^^
  |
  = note: `Timings` has a derived impl for the trait `Debug`, but this is intentionally ignored during dead code analysis

warning: function `diffuse` is never used
  --> crates/voxy_app/src/skin_light_diffusion.rs:11:15
   |
11 | pub(super) fn diffuse(
   |               ^^^^^^^

warning: function `diffuse_measured` is never used
  --> crates/voxy_app/src/skin_light_diffusion.rs:70:4
   |
70 | fn diffuse_measured(
   |    ^^^^^^^^^^^^^^^^

warning: function `diffuse_measured_with_parallel` is never used
  --> crates/voxy_app/src/skin_light_diffusion.rs:78:4
   |
78 | fn diffuse_measured_with_parallel(
   |    ^^^^^^^^^^^^^^^^^^^^^^^^^^^^^^

warning: function `status` is never used
  --> crates/voxy_app/src/model_presentation.rs:36:8
   |
36 | pub fn status(parameters: &Path, current: &Value) -> Value {
   |        ^^^^^^

warning: function `atomic_json` is never used
  --> crates/voxy_app/src/model_presentation.rs:82:4
   |
82 | fn atomic_json(path: &Path, value: &Value) -> Result<(), Box<dyn std::error::Error>> {
   |    ^^^^^^^^^^^

warning: function `request_film_state` is never used
  --> crates/voxy_app/src/model_presentation.rs:95:8
   |
95 | pub fn request_film_state(parameters: &Path) -> Result<Value, Box<dyn std::error::Error>> {
   |        ^^^^^^^^^^^^^^^^^^

warning: function `film_state_status` is never used
   --> crates/voxy_app/src/model_presentation.rs:150:8
    |
150 | pub fn film_state_status(parameters: &Path, id: &str) -> Result<Value, Box<dyn std::error::Error>> {
    |        ^^^^^^^^^^^^^^^^^

warning: method `to_json` is never used
  --> crates/voxy_app/src/view_settings.rs:15:12
   |
14 | impl ViewSettings {
   | ----------------- method in this implementation
15 |     pub fn to_json(&self) -> Value {
   |            ^^^^^^^

warning: function `deform` is never used
   --> crates/voxy_app/src/female_face.rs:107:15
    |
107 | pub(crate) fn deform(vertices: &mut [SceneVertex], body_vertices: usize, pose: FacePose) {
    |               ^^^^^^

warning: method `append` is never used
   --> crates/voxy_app/src/female_features.rs:236:12
    |
 31 | impl FaceFeatures {
    | ----------------- method in this implementation
...
236 |     pub fn append(
    |            ^^^^^^

warning: method `apply` is never used
    --> crates/voxy_app/src/face_parameters.rs:2570:19
     |
2530 | impl FaceParameters {
     | ------------------- method in this implementation
...
2570 |     pub(crate) fn apply(&self, vertices: &mut [SceneVertex], head: Mat4) {
     |                   ^^^^^

warning: method `restore_snapshot` is never used
   --> crates/voxy_app/src/surface_film_preview.rs:345:12
    |
 20 | impl FilmPreview {
    | ---------------- method in this implementation
...
345 |     pub fn restore_snapshot(&mut self, snapshot: &serde_json::Value) -> Result<(), &'static str> {
    |            ^^^^^^^^^^^^^^^^

warning: method `topology` is never used
   --> crates/voxy_app/src/fem_demo.rs:100:19
    |
 56 | impl FemDemo {
    | ------------ method in this implementation
...
100 |     pub(crate) fn topology(&self) -> Result<(usize, usize), Box<dyn std::error::Error>> {
    |                   ^^^^^^^^

warning: `voxy_app` (lib) generated 18 warnings
warning: methods `biomechanics_title`, `is_body`, and `body_motion_title` are never used
   --> crates/voxy_app/examples/../src/tissue_demo.rs:181:19
    |
146 | impl TissueDemo {
    | --------------- methods in this implementation
...
181 |     pub(crate) fn biomechanics_title(&self) -> Option<String> {
    |                   ^^^^^^^^^^^^^^^^^^
...
321 |     pub(crate) fn is_body(&self) -> bool {
    |                   ^^^^^^^
...
418 |     pub(crate) fn body_motion_title(&self) -> Option<String> {
    |                   ^^^^^^^^^^^^^^^^^
    |
    = note: `#[warn(dead_code)]` (part of `#[warn(unused)]`) on by default

warning: `voxy_app` (example "body_motion_snapshot" test) generated 1 warning
    Finished `release` profile [optimized] target(s) in 0.65s
     Running unittests examples/body_motion_snapshot.rs (/tmp/voxy-moving-supports-final-20261005/release/examples/body_motion_snapshot-80326302b011fb26)

running 1 test
IMPORTED support centers: [[-0.0990283414721489, 0.7890225052833557, 0.1306656002998352], [0.06097165495157242, 0.7890225052833557, 0.1306656002998352], [-0.08844652771949768, 0.4791085422039032, -0.05612833797931671], [0.047629572451114655, 0.4791243374347687, -0.056171491742134094]]
IMPORTED support centers: [[-0.0990283414721489, 0.7890225052833557, 0.1306656002998352], [0.06097165495157242, 0.7890225052833557, 0.1306656002998352], [-0.08844652771949768, 0.4791085422039032, -0.05612833797931671], [0.047629572451114655, 0.4791243374347687, -0.056171491742134094]]
WIDE_IMPORTED_CONTACT_COMMITTED step=12
WIDE_IMPORTED_CONTACT_COMMITTED step=24
WIDE_IMPORTED_CONTACT_COMMITTED step=36
WIDE_IMPORTED_CONTACT_COMMITTED step=48
IMPLICIT_TERMINAL_GEOMETRY dt=1.04166666666666665e-3 body_start=[[-0.08603406697738145, 0.5941664640248115, -0.10159488894793547], [0.005058663390813906, 0.594189031357091, -0.10220380699273676], [-0.1767549545495156, 0.5941467089841842, -0.10553603014461883], [-0.08688084258941607, 0.6645393264795474, -0.04474991554182173], [-0.08476712386259319, 0.5223621301622277, -0.15511830333676313], [-0.08690867314941832, 0.5535953832812541, -0.050247042622082246], [-0.0850143582414945, 0.6333131303233169, -0.1512696039266541], [-0.022887898996676304, 0.6435418885838299, -0.06187256796779359], [-0.0872764174803433, 0.6151988228878756, -0.02575829733531045], [-0.022824501345202506, 0.5655057689830748, -0.06682603627511603], [-0.0861337755660302, 0.6722702788708053, -0.09740406353603566], [-0.020985258357420565, 0.6227511633827877, -0.13728875979225252], [-0.021885189513857012, 0.5438112741584291, -0.14096181614017744], [-0.08583088067450811, 0.5148230802548568, -0.10207611817208809], [-0.08449778796883618, 0.5702363560128947, -0.17678837528914146], [-0.15028707622829818, 0.6436354138298791, -0.06403581647692781], [-0.15037568683904012, 0.5654046714542987, -0.06921031099576483], [-0.1495525505747126, 0.6227575630646623, -0.13964628007538807], [-0.14827693056937483, 0.5436179011954207, -0.1433713811898164]] body_end=[[-0.08597413757438939, 0.59509071079959, -0.10188219267974481], [0.00512437971048931, 0.5954155430006941, -0.10239221576990411], [-0.17670093041830717, 0.5954077876256705, -0.10579777049626961], [-0.0868566125052545, 0.6651068785250249, -0.04455422811458455], [-0.08470405649797672, 0.5234352459773308, -0.15556109773868546], [-0.08688473689022183, 0.5544647771389997, -0.05060866658627602], [-0.0849560724097706, 0.634364266739459, -0.1512103206091063], [-0.02298320000261669, 0.6443223442776401, -0.06171493033782085], [-0.08726094639963562, 0.6154618830395455, -0.02579257077304641], [-0.022747795580338664, 0.5664698264957098, -0.06718280772184816], [-0.08636443843148506, 0.6729496703693258, -0.09664518192900937], [-0.020822906017653853, 0.6238524695820846, -0.13754794608643858], [-0.0217169889226565, 0.5450640648744352, -0.14130139444868528], [-0.08578735414200186, 0.5158099262137561, -0.10264231059951377], [-0.08443753989237357, 0.5717467334413779, -0.17691323962256764], [-0.15015348337150378, 0.6444141769980652, -0.06390466786638566], [-0.15037455233185715, 0.5663780710794596, -0.06962488258944308], [-0.14962265474703504, 0.6238582447986305, -0.13999634426631752], [-0.14833095653129846, 0.5448901431290487, -0.1437531513401564]] nearest_end=Ok(Some(PrescribedContactFeature { distance_m: 0.0001000000000000012, gap_m: 1.1925999456928427e-18, body_face: [10, 3, 7], obstacle_face_index: 3062, body_weights: [0.9893189839887466, 0.010681016011253402, 0.0], obstacle_weights: [0.028061265200775138, 0.0, 0.9719387347992249] })) obstacle_triangle_end=Some([[-0.126679841174613, 0.6754529331010063, -0.06863771476672106], [-0.12282226834155513, 0.7048274105447977, -0.0649863831105906], [-0.08518929683783355, 0.6728915965383779, -0.09686607888652063]])
WIDE_IMPORTED_CONTACT_COMMITTED step=60
WIDE_IMPORTED_CONTACT_COMMITTED step=72
IMPLICIT_TERMINAL_GEOMETRY dt=1.30208333333333332e-4 body_start=[[-0.09489641894336917, 0.6128273984591859, -0.10621747575707509], [-0.007129049407463576, 0.6082744204749025, -0.09376605506719209], [-0.1752869882107954, 0.6243290899431057, -0.11412162839586167], [-0.0854601431515155, 0.6877894395404444, -0.02866408467306958], [-0.08096374527677261, 0.5845400959520286, -0.17603896360343102], [-0.10075294599713476, 0.5716061885748587, -0.06404951694982657], [-0.08152615531039145, 0.6894063062690823, -0.1396006551409123], [-0.019985765074290177, 0.6469108687087921, -0.0493277571001233], [-0.09307909953280291, 0.6375940454367183, -0.03158550693880308], [-0.037193197117806144, 0.5689383152856236, -0.06929441960546145], [-0.09158437854503029, 0.6801670205208663, -0.08554857806568589], [-0.018921861623384086, 0.6506738150624007, -0.12383241812597903], [-0.02016708116075626, 0.5765614999233232, -0.14652730605263384], [-0.09133790944857052, 0.5443831442392403, -0.13736652513943046], [-0.07880229874399368, 0.6419172862866442, -0.16937039414112876], [-0.16132749490774168, 0.6618291522963997, -0.05992230811951054], [-0.16197181802124438, 0.579732234736165, -0.08757031952243888], [-0.1530228116576349, 0.6613658290233032, -0.1426510836288603], [-0.15013056297772778, 0.5895635336887608, -0.16879544684166778]] body_end=[[-0.09491093944523644, 0.6128234346305734, -0.10622694007556187], [-0.007154860394791518, 0.608283648999618, -0.09371977607190966], [-0.1752770617193024, 0.624394390686667, -0.1141535004745445], [-0.08546013529904554, 0.6877939592502496, -0.02865243449957497], [-0.08096379518484957, 0.5845713340537658, -0.17604591868388136], [-0.10071899392458517, 0.5716598504603265, -0.06403515777354285], [-0.08152593417866853, 0.6894308948442802, -0.1395886468384654], [-0.019978687089745505, 0.6469116068134487, -0.049312230544233726], [-0.09307361584519641, 0.6376087719983375, -0.03161168676228638], [-0.03718260333577777, 0.5690079580748917, -0.06923088505277483], [-0.09159387030856132, 0.6802107411875348, -0.08555081676298475], [-0.01894627472639512, 0.6506858822809005, -0.12377115483892205], [-0.020162964937912736, 0.5766151487504408, -0.14647326378519554], [-0.0913418097257969, 0.5443504903576887, -0.13737809705753604], [-0.07886014126033485, 0.641953258846813, -0.16931316098486635], [-0.16137946434335476, 0.6619045173760365, -0.05994674067444238], [-0.16194485124288643, 0.5798198653003184, -0.08755252412824738], [-0.1530130417478721, 0.6614068284425907, -0.14264174238496624], [-0.15015612571892406, 0.589558519020495, -0.16880654022790517]] nearest_end=Ok(Some(PrescribedContactFeature { distance_m: 0.00010000000000004347, gap_m: 4.3457688695965553e-17, body_face: [11, 6, 10], obstacle_face_index: 3062, body_weights: [0.0, 0.008839733697418639, 0.9911602663025814], obstacle_weights: [0.1596563191384464, 0.0, 0.8403436808615536] })) obstacle_triangle_end=Some([[-0.12604367502881159, 0.6865203232949795, -0.05956135073489713], [-0.12244696427844116, 0.7134792705913571, -0.05477429014050289], [-0.08490361000364273, 0.6792182715902438, -0.09103100888238334]])
test collision_tests::wide_imported_contact_completes_full_clip has been running for over 60 seconds
IMPLICIT_TERMINAL_GEOMETRY dt=2.60416666666666663e-4 body_start=[[-0.09456454019493184, 0.6132912544689878, -0.10548547227522566], [-0.0036815289718371037, 0.6080455812741737, -0.09140297946763767], [-0.17337085736917435, 0.6319262483755751, -0.1131203467633235], [-0.085548665149142, 0.6877399985204841, -0.027416689920041176], [-0.08120751123038503, 0.5873193253533294, -0.17673767534282658], [-0.1012445053293585, 0.5735168439325923, -0.06356481317894197], [-0.08168726702025021, 0.6914712885687608, -0.13830467569891117], [-0.018965345862752947, 0.645139046513024, -0.04606062295736017], [-0.09624427670770154, 0.6391803512583226, -0.030187402456385216], [-0.03664447171269589, 0.5705192003484559, -0.0686814436125536], [-0.09103726074847548, 0.6788533031971771, -0.08574937259189859], [-0.018592841357675676, 0.6489399556586644, -0.120415507865302], [-0.0215240418610219, 0.5781904045631523, -0.14668898579502102], [-0.0929692421919683, 0.5464830211626776, -0.13653695126330215], [-0.0823273077128861, 0.6454900137676395, -0.16784430197715175], [-0.1610234382824579, 0.6695350785023139, -0.05770697337915279], [-0.16302743760649105, 0.5883314531014031, -0.08360620608539383], [-0.15303383015198793, 0.665902744513866, -0.14250737438886987], [-0.15006448602112119, 0.5906152101216476, -0.16901054835013435]] body_end=[[-0.09454965126490808, 0.613331334999533, -0.10542816399627716], [-0.003802196347572548, 0.6080282594205241, -0.09152667704654045], [-0.17331434551487696, 0.6319671909586556, -0.1130438942873912], [-0.08555039985959179, 0.6877360704534223, -0.027399433018370112], [-0.08121227448695179, 0.5873543035116622, -0.17674659765172393], [-0.10127007276806366, 0.5735013778257737, -0.0635356757944622], [-0.0816905637743373, 0.6914962206940123, -0.13828646413331835], [-0.01887427585625032, 0.6450966442983842, -0.04605100009054088], [-0.09626534369318487, 0.6391877458273257, -0.030172470005831828], [-0.036658385682977856, 0.5704465513699194, -0.06873589213019322], [-0.0908467770159177, 0.6788561613643037, -0.08578192304792699], [-0.018607557366393235, 0.6489989971089264, -0.12038206004026977], [-0.02148823767850155, 0.5781204168189664, -0.14685282834384022], [-0.09304509579153436, 0.5464043784983768, -0.136474010094449], [-0.08225095609627081, 0.6456805052939767, -0.16767223000394677], [-0.16091498960743447, 0.6695267599142458, -0.05766126405904303], [-0.16311483753454037, 0.5884135789250012, -0.08363277854359386], [-0.1530076910991658, 0.6658884732955713, -0.1424176726748038], [-0.15012731438038524, 0.5906919229465463, -0.16897270118802293]] nearest_end=Ok(Some(PrescribedContactFeature { distance_m: 0.00010000000000000331, gap_m: 3.3061616515011183e-18, body_face: [11, 6, 10], obstacle_face_index: 3062, body_weights: [0.0, 0.005999205898270965, 0.994000794101729], obstacle_weights: [0.13927621270180013, 0.0, 0.8607237872981999] })) obstacle_triangle_end=Some([[-0.1261647104955804, 0.6857396558130899, -0.05882935449971953], [-0.12259065969937336, 0.7125262232379941, -0.05400803804397121], [-0.0850237227600463, 0.6779328133049285, -0.09047676898537817]])
WIDE_IMPORTED_CONTACT_COMMITTED step=84
IMPLICIT_TERMINAL_GEOMETRY dt=8.13802083333333322e-6 body_start=[[-0.09511402353638397, 0.6104524957788909, -0.10575116316416334], [-0.006954245296176926, 0.6020723735271272, -0.09768586550690596], [-0.1740977476740579, 0.6237439882490845, -0.10426367855852973], [-0.08589000979507362, 0.6865867978276488, -0.024796217002382666], [-0.08211856112331446, 0.5920548861595911, -0.17792827914231188], [-0.09588109656069292, 0.5671141718373385, -0.06448183065480982], [-0.08233405064310567, 0.6946307696663102, -0.1354652179539889], [-0.01763446249677916, 0.6386162233150776, -0.05084909299239393], [-0.0907860638959226, 0.6361622738429583, -0.03053045219520013], [-0.035146219344838095, 0.5623954675825391, -0.07428472949396142], [-0.09269464691029787, 0.6757021159435797, -0.08352387326714021], [-0.01940278525337453, 0.6468905313353819, -0.12301682047619299], [-0.020718640019793656, 0.574735123999385, -0.15286517876973443], [-0.09188611810005075, 0.5463932296711465, -0.14397111783834252], [-0.07974343913290058, 0.6490481273329738, -0.16527717642810913], [-0.16294416162510494, 0.6581311818817397, -0.049732154414113126], [-0.15641024083171978, 0.5760856103649086, -0.0798105570691185], [-0.15448284166073198, 0.6629447497839537, -0.13361853758165268], [-0.15158856179280836, 0.5932458210960211, -0.16518407906187008]] body_end=[[-0.0951147143540337, 0.6104522715802826, -0.10575238420177788], [-0.006951320879175935, 0.6020681584704273, -0.09768224997225163], [-0.17409520114588592, 0.6237390491318426, -0.10426210687701419], [-0.08589010042124531, 0.6865863789209067, -0.024795788073239594], [-0.082118792168132, 0.5920554262028455, -0.17792844477266134], [-0.09588076615250007, 0.5671230882661636, -0.0644783565179005], [-0.08233422094726045, 0.6946310432502221, -0.13546474078636234], [-0.017634453615069892, 0.6386159583255685, -0.05084735661170975], [-0.09078740831636024, 0.636161571497461, -0.030529408368897195], [-0.03514508067917049, 0.5623925042899336, -0.0742864900445618], [-0.09269370182008917, 0.6757027521462593, -0.08352413618055136], [-0.019400428028665588, 0.6468945372057425, -0.12301958270797576], [-0.020716029431692887, 0.5747373493441799, -0.1528648047914621], [-0.09188138812990639, 0.5463891904627912, -0.14397131708887953], [-0.07974515096248783, 0.6490467375017158, -0.16527751716881298], [-0.16294760670117564, 0.6581314590208946, -0.049733992629311205], [-0.15641064103735206, 0.5760805400033048, -0.07981018264040095], [-0.1544837204560926, 0.6629432336774752, -0.1336198932229432], [-0.15158870611229305, 0.593243483104866, -0.16518121636319538]] nearest_end=Ok(Some(PrescribedContactFeature { distance_m: 0.00010000000000000473, gap_m: 4.739493730509276e-18, body_face: [6, 17, 10], obstacle_face_index: 3062, body_weights: [0.0023467555383591887, 0.0, 0.9976532444616408], obstacle_weights: [0.1760452255420571, 0.0, 0.823954774457943] })) obstacle_triangle_end=Some([[-0.1265425067075946, 0.6831522646648744, -0.05727945912412716], [-0.12300845265596544, 0.7095887398222513, -0.05239919017943336], [-0.08537512884850448, 0.6742615384453072, -0.08923293843859798]])
IMPLICIT_TERMINAL_GEOMETRY dt=8.13802083333333322e-6 body_start=[[-0.09516621131281668, 0.6100873581558813, -0.10617749379045058], [-0.005600193839192563, 0.6017371507111172, -0.09832778708975426], [-0.17305526888969694, 0.6222257320222776, -0.10424054406490761], [-0.08593132027392256, 0.6863956575227953, -0.024600529655815495], [-0.0822239328413262, 0.5923012071420971, -0.17800341219521854], [-0.09608642755878892, 0.5687875114065613, -0.06298698080047654], [-0.082411696201846, 0.6947553892455471, -0.13524732049987936], [-0.017607874428909927, 0.6372769509489954, -0.05047033514796075], [-0.09171794811793035, 0.6371526411851872, -0.03056942683117985], [-0.03455440913610736, 0.5613622605238455, -0.07525270889705811], [-0.09215949860992473, 0.6750845632601487, -0.08361656214648315], [-0.01925549784531762, 0.6460379224124606, -0.12346898625374358], [-0.020744203284271068, 0.576455266402871, -0.15201966673651557], [-0.0899298088132915, 0.5463302961108166, -0.1437291461061433], [-0.0803940598780394, 0.649740155930081, -0.1655012980807081], [-0.1628457014592808, 0.6575383507594188, -0.05047455089481943], [-0.1571154431394989, 0.5743695810111163, -0.07988477470256912], [-0.1557579601847215, 0.6625492424902412, -0.13409944628473866], [-0.15243600532326304, 0.5916601640895933, -0.16432567745206994]] body_end=[[-0.09516659049300517, 0.6100862583393107, -0.10617805193421773], [-0.005595922336384766, 0.6017394529857714, -0.09832257118063052], [-0.1730553729204391, 0.6222246153356322, -0.10424234899406723], [-0.08593141074161595, 0.6863952373652059, -0.024600099719753195], [-0.0822241640469986, 0.5923017478301781, -0.17800357367413172], [-0.09608744225601895, 0.5687884805398125, -0.06298704186402222], [-0.08241186636772878, 0.6947556614117268, -0.13524684007944857], [-0.01760483516396121, 0.6372745533574381, -0.05047247572724748], [-0.09172164829832864, 0.637153014139959, -0.030567657333747465], [-0.03455334226792224, 0.5613603989239525, -0.07525423670287557], [-0.09215483931898097, 0.6750860401139696, -0.08361608750958437], [-0.019254286698087878, 0.6460380578139304, -0.12346750580067997], [-0.020744376884495343, 0.5764571742225193, -0.15202246327692318], [-0.08992794947532126, 0.546333661357112, -0.14372731744800568], [-0.08039713643200758, 0.6497447540370679, -0.16550141031956508], [-0.16284281623249777, 0.6575355148734734, -0.050475631348163554], [-0.15711602790950027, 0.5743674186091734, -0.07988570616288117], [-0.1557596768313793, 0.6625482497520833, -0.13409993022073227], [-0.1524377726584683, 0.5916556349237699, -0.1643240419809396]] nearest_end=Ok(Some(PrescribedContactFeature { distance_m: 0.00010000000000001254, gap_m: 1.2540747732793025e-17, body_face: [6, 17, 10], obstacle_face_index: 3062, body_weights: [0.008134021053385882, 0.0, 0.9918659789466141], obstacle_weights: [0.16068205160374666, 0.0, 0.8393179483962534] })) obstacle_triangle_end=Some([[-0.1265843083250521, 0.682856652896615, -0.057159796015708086], [-0.12305255457249611, 0.709267275341499, -0.05227536938588064], [-0.0854125324442948, 0.6738830128885911, -0.08913485809999604]])
IMPLICIT_TERMINAL_GEOMETRY dt=4.06901041666666661e-6 body_start=[[-0.09516640076904709, 0.6100868073461636, -0.10617777291403237], [-0.005598059083613697, 0.6017383043173017, -0.09832518461668827], [-0.1730553186816975, 0.6222251724868424, -0.10424144557432082], [-0.08593136550776925, 0.6863954474440006, -0.024600314687784345], [-0.0822240484441624, 0.5923014774861376, -0.17800349293467513], [-0.09608693506309461, 0.5687879969939742, -0.06298700992608677], [-0.08241178128478739, 0.694755525328637, -0.13524708028966398], [-0.01760635599196279, 0.6372757518126837, -0.05047140465943158], [-0.09171979794328432, 0.6371528310754532, -0.030568544502652343], [-0.03455387593253763, 0.5613613285088583, -0.07525347354628359], [-0.09215696385765633, 0.6750856423691942, -0.08361615230933796], [-0.019254892363207415, 0.6460379866649786, -0.12346824619908267], [-0.020744291599940137, 0.5764562211018704, -0.15202106129673976], [-0.08992887684757989, 0.5463319804155486, -0.1437282319366612], [-0.08039559637407515, 0.6497424545919787, -0.16550135619865122], [-0.16284425894515758, 0.6575369327191003, -0.05047509089675955], [-0.1571157354451803, 0.574368499973832, -0.07988524074570295], [-0.15575882154578372, 0.6625487470547298, -0.13409968908600803], [-0.152436889536676, 0.5916578993414978, -0.16432485946770342]] body_end=[[-0.09516659116182603, 0.6100862564069242, -0.1061780529144517], [-0.005595914825846807, 0.6017394570346752, -0.09832256197814118], [-0.17305537311039032, 0.6222246133847229, -0.10424235217164729], [-0.08593141074161595, 0.6863952373652059, -0.024600099719753195], [-0.0822241640469986, 0.5923017478301781, -0.17800357367413172], [-0.09608744403986419, 0.5687884822401781, -0.06298704198339652], [-0.08241186636772878, 0.6947556614117268, -0.13524684007944857], [-0.017604829810621975, 0.6372745491489866, -0.0504724794979066], [-0.09172165480327153, 0.6371530147787234, -0.03056765420820758], [-0.03455334039536841, 0.5613603956511098, -0.07525423938236778], [-0.09215483421908892, 0.6750860379599639, -0.08361608936253152], [-0.0192542845664446, 0.6460380580686875, -0.1234675031980853], [-0.020744377186218417, 0.5764571775600965, -0.15202246821129226], [-0.08992794621708168, 0.5463336672763984, -0.14372731423271104], [-0.0803971418411491, 0.649744762120484, -0.16550141051576048], [-0.1628428111650123, 0.6575355098922241, -0.05047563324368882], [-0.15711602893166562, 0.5743674148119855, -0.07988570779903696], [-0.1557596798379533, 0.6625482480054974, -0.13409993106796111], [-0.15243777575946127, 0.5916556269689244, -0.16432403910772803]] nearest_end=Ok(Some(PrescribedContactFeature { distance_m: 0.00010000000000000057, gap_m: 5.720865770310839e-19, body_face: [11, 6, 10], obstacle_face_index: 3062, body_weights: [0.0, 0.008134068498252045, 0.991865931501748], obstacle_weights: [0.1606819175152091, 0.0, 0.8393180824847909] })) obstacle_triangle_end=Some([[-0.1265843083250521, 0.682856652896615, -0.057159796015708086], [-0.12305255457249611, 0.709267275341499, -0.05227536938588064], [-0.0854125324442948, 0.6738830128885911, -0.08913485809999604]])
WIDE_IMPORTED_CONTACT_COMMITTED step=96
WIDE_IMPORTED_CONTACT_COMMITTED step=108
IMPLICIT_TERMINAL_GEOMETRY dt=1.30208333333333332e-4 body_start=[[-0.10005903444162201, 0.607588167116505, -0.10633284536639423], [-0.01379830075273467, 0.595531234672703, -0.09634720629496873], [-0.18005434022779201, 0.6269850053806378, -0.10546055770503455], [-0.08670876913990053, 0.6822937210168092, -0.021463968618912865], [-0.08402655468072444, 0.5952688970306035, -0.17900586360377735], [-0.10811333214760738, 0.5662051828764573, -0.06712631531508859], [-0.08376862783976899, 0.6956720300453556, -0.1316336875344547], [-0.01974567433295407, 0.6292808014832305, -0.04600917987694258], [-0.09761998144498495, 0.6329703870793324, -0.03155278549110176], [-0.044729631327553455, 0.5550883672985468, -0.0767710828883266], [-0.09187344235938436, 0.6682661411015554, -0.08324215902947577], [-0.01977658081544098, 0.6402262621147867, -0.12155443866952033], [-0.025966198637305156, 0.5736650160215848, -0.15335028536298714], [-0.09928674555399032, 0.5471770609965063, -0.1480876062805955], [-0.08394521227712065, 0.654113279068729, -0.1609168507024801], [-0.16798328488124892, 0.6617601919786926, -0.04984564463794492], [-0.16933036013394964, 0.5804346511985126, -0.0836403339871141], [-0.16094922757511912, 0.6643953619156693, -0.13165289814332562], [-0.1525082313995945, 0.5985737217594939, -0.1698366905797337]] body_end=[[-0.10009283907895539, 0.6075819550158238, -0.10633722000859934], [-0.013823997843078542, 0.5954833427665199, -0.09642555551241695], [-0.18005521589350354, 0.6269493705494534, -0.10540930038956159], [-0.08671047923695727, 0.6822840391414515, -0.021457660954851257], [-0.084030323486598, 0.5952735000239809, -0.17900746812748367], [-0.10815885568689253, 0.5661894863119429, -0.0670818686134425], [-0.08377149377690978, 0.6956723286409443, -0.13162619142330012], [-0.019724258659177533, 0.6293330587414041, -0.0459834903006014], [-0.0976195824372852, 0.6329905875578056, -0.03161094453749122], [-0.04478650871371139, 0.5550868842337673, -0.07676538909549324], [-0.09185029023384857, 0.6682042360529801, -0.08320424139422249], [-0.019789068275120805, 0.6401988854382845, -0.12156687018297219], [-0.025973019566061545, 0.573673794370331, -0.15329671673083656], [-0.09934631129888012, 0.5471618853497849, -0.1481650106949802], [-0.08398862434268438, 0.6541654738310188, -0.16088569135293246], [-0.16799492201025443, 0.6617651929255802, -0.04982080087017759], [-0.16938096974964006, 0.5804104300680974, -0.08362820552271702], [-0.1610067945574748, 0.6644246391240389, -0.13168580407568917], [-0.15250943488455748, 0.598561992856038, -0.16987798793210554]] nearest_end=Ok(Some(PrescribedContactFeature { distance_m: 0.0001000000000000012, gap_m: -8.805001516886867e-19, body_face: [10, 7, 11], obstacle_face_index: 1308, body_weights: [0.08181990636389458, 0.4974702166694452, 0.4207098769666603], obstacle_weights: [1.0, 0.0, 0.0] })) obstacle_triangle_end=Some([[-0.02561106077459071, 0.6371747766215933, -0.08081467194927994], [-0.02606614602528632, 0.6548285268402863, -0.09480700298533494], [0.03670990681975857, 0.6211335130496862, -0.09015699809571548]])
IMPLICIT_TERMINAL_GEOMETRY dt=6.51041666666666658e-5 body_start=[[-0.10005903444162201, 0.607588167116505, -0.10633284536639423], [-0.01379830075273467, 0.595531234672703, -0.09634720629496873], [-0.18005434022779201, 0.6269850053806378, -0.10546055770503455], [-0.08670876913990053, 0.6822937210168092, -0.021463968618912865], [-0.08402655468072444, 0.5952688970306035, -0.17900586360377735], [-0.10811333214760738, 0.5662051828764573, -0.06712631531508859], [-0.08376862783976899, 0.6956720300453556, -0.1316336875344547], [-0.01974567433295407, 0.6292808014832305, -0.04600917987694258], [-0.09761998144498495, 0.6329703870793324, -0.03155278549110176], [-0.044729631327553455, 0.5550883672985468, -0.0767710828883266], [-0.09187344235938436, 0.6682661411015554, -0.08324215902947577], [-0.01977658081544098, 0.6402262621147867, -0.12155443866952033], [-0.025966198637305156, 0.5736650160215848, -0.15335028536298714], [-0.09928674555399032, 0.5471770609965063, -0.1480876062805955], [-0.08394521227712065, 0.654113279068729, -0.1609168507024801], [-0.16798328488124892, 0.6617601919786926, -0.04984564463794492], [-0.16933036013394964, 0.5804346511985126, -0.0836403339871141], [-0.16094922757511912, 0.6643953619156693, -0.13165289814332562], [-0.1525082313995945, 0.5985737217594939, -0.1698366905797337]] body_end=[[-0.1000759491207169, 0.6075850297208031, -0.10633497652874525], [-0.013812153654099905, 0.5955075172814983, -0.0963870263079242], [-0.18005432620855738, 0.6269668570184643, -0.10543472464520987], [-0.0867096241884289, 0.6822888800791304, -0.02146081478688206], [-0.08402843908366123, 0.5952711985272923, -0.17900666586563052], [-0.1081359091151343, 0.5661978692520938, -0.06710431746213373], [-0.08377006080833937, 0.69567217934315, -0.1316299394788774], [-0.019728381502857228, 0.6293213140107916, -0.045994331759248365], [-0.09762008735298783, 0.6329805413434517, -0.031582115325515754], [-0.044758173701678346, 0.5550878054429398, -0.07676853429128468], [-0.0918598250050126, 0.6682377955570644, -0.08322173081405404], [-0.01977704603465822, 0.6402244993431897, -0.12155865693081434], [-0.025969426351716614, 0.5736694818587523, -0.15332286692087446], [-0.09931625017288744, 0.5471701542742893, -0.1481262739102781], [-0.08396681919338701, 0.6541405731881007, -0.1609010520273198], [-0.1679890866215195, 0.6617625364179951, -0.049833323314006674], [-0.1693554199285886, 0.5804231692939866, -0.08363445899165253], [-0.1609776285502603, 0.664409703351732, -0.1316689357939341], [-0.15250885479365447, 0.5985678838360111, -0.1698572695399135]] nearest_end=Ok(Some(PrescribedContactFeature { distance_m: 0.0001000000000000038, gap_m: 3.2928862999201375e-18, body_face: [10, 7, 11], obstacle_face_index: 1308, body_weights: [0.08184226278770368, 0.49748402471517783, 0.4206737124971185], obstacle_weights: [1.0, 0.0, 0.0] })) obstacle_triangle_end=Some([[-0.02561042900820173, 0.6371829163549245, -0.08081608592893356], [-0.02606546160459228, 0.65483679982672, -0.0948082094462363], [0.03671015043208284, 0.6211440672712139, -0.09016015885736847]])
IMPLICIT_TERMINAL_GEOMETRY dt=3.25520833333333329e-5 body_start=[[-0.10006749731196232, 0.6075865877829355, -0.10633389806064408], [-0.013805476748944574, 0.5955194383278841, -0.09636725429075907], [-0.1800542117828476, 0.6269758566648322, -0.10544759769153687], [-0.08670919666416471, 0.6822913005479698, -0.021462391702897463], [-0.08402749688219283, 0.5952700477789479, -0.17900626473470393], [-0.10812457360910557, 0.5662016681366661, -0.06711538335416717], [-0.08376934432405418, 0.6956721046942528, -0.13163181350666606], [-0.01973492664434002, 0.6293056096879565, -0.046001117311371804], [-0.09762011408484222, 0.6329754658292275, -0.031567500934295466], [-0.044743931533366345, 0.5550881303643194, -0.07676988512279696], [-0.09186588713092057, 0.6682530340690452, -0.08323142879600849], [-0.019774972377589073, 0.6402291962824528, -0.12155591721532202], [-0.025967770009274915, 0.5736672611136213, -0.15333642723001742], [-0.09930142660151751, 0.5471737866582692, -0.14810692645949206], [-0.08395599373752496, 0.6541272215283863, -0.16090890184181317], [-0.16798618756790828, 0.6617613266343343, -0.04983951142783379], [-0.16934282397659234, 0.5804290667359998, -0.08363744351972743], [-0.16096333127641121, 0.6644024498890282, -0.1316608090506028], [-0.15250854527680965, 0.598570811417819, -0.16984695648436027]] body_end=[[-0.10007594800931663, 0.6075850313005157, -0.10633497580150512], [-0.013812153014116476, 0.5955075108190204, -0.09638704204402104], [-0.1800543315412635, 0.6269668513660126, -0.10543471940925832], [-0.0867096241884289, 0.6822888800791304, -0.02146081478688206], [-0.08402843908366123, 0.5952711985272923, -0.17900666586563052], [-0.10813590950339282, 0.5661978640378748, -0.06710431071236922], [-0.08377006080833937, 0.69567217934315, -0.1316299394788774], [-0.019728377343311704, 0.629321334528025, -0.045994325481689496], [-0.09762008585212978, 0.6329805489685933, -0.03158212257540923], [-0.0447581718307783, 0.555087804959869, -0.07676853259170269], [-0.09185989396333306, 0.6682376702671163, -0.08322177652353027], [-0.019777046768738153, 0.640224504417301, -0.12155866010150931], [-0.025969424082540625, 0.5736694857153162, -0.15332286122890854], [-0.09931625120757812, 0.5471701487852456, -0.14812627707100737], [-0.08396681754485326, 0.6541405762256952, -0.1609010493694764], [-0.16798908264886794, 0.6617625352543037, -0.04983332177186311], [-0.16935542283125127, 0.5804231701094076, -0.0836344593723583], [-0.16097762937670496, 0.6644097089552647, -0.13166893856273443], [-0.15250885694890215, 0.5985678825146091, -0.1698572734756219]] nearest_end=Ok(Some(PrescribedContactFeature { distance_m: 0.0001000000000000005, gap_m: 2.552650679934677e-18, body_face: [10, 7, 11], obstacle_face_index: 1308, body_weights: [0.08184220643106965, 0.49748407927157035, 0.42067371429736], obstacle_weights: [1.0, 0.0, 0.0] })) obstacle_triangle_end=Some([[-0.02561042900820173, 0.6371829163549245, -0.08081608592893356], [-0.02606546160459228, 0.65483679982672, -0.0948082094462363], [0.03671015043208284, 0.6211440672712139, -0.09016015885736847]])
WIDE_IMPORTED_CONTACT_COMMITTED step=120
IMPLICIT_TERMINAL_GEOMETRY dt=1.30208333333333332e-4 body_start=[[-0.09893859795829384, 0.6000205223175893, -0.1055382820047567], [-0.012317241581087546, 0.5858520213126948, -0.1006980070260926], [-0.17662396005124942, 0.6174726141913677, -0.1073702413332264], [-0.08757454675001312, 0.6766192239777281, -0.01782979483919455], [-0.0850934598756578, 0.5981709210754373, -0.17981630436685736], [-0.10611396612551703, 0.5555970392902179, -0.06927308731157979], [-0.08472253143922184, 0.695887413165889, -0.1271256242855739], [-0.016063944696432773, 0.6197080522541886, -0.04975109103561505], [-0.09527847924726637, 0.6256892743869635, -0.0323406786232994], [-0.04403365382384286, 0.5463190702143332, -0.07923128008666507], [-0.09570489477955849, 0.6612859456179826, -0.08011061327850232], [-0.021601834809036675, 0.632962150405679, -0.1219986124539454], [-0.027979262640986925, 0.568902134835446, -0.15953006584476087], [-0.1010680811521806, 0.5448843422020688, -0.15445243758938895], [-0.08315174191959385, 0.6533578086377899, -0.1567086727467984], [-0.17020879223186947, 0.6480892774242737, -0.0504850006632894], [-0.1674242156712825, 0.5671278709143472, -0.08438001898583662], [-0.15792964752558641, 0.6607424181553632, -0.1311052919161622], [-0.1532188666283365, 0.5954791417114047, -0.16964529934666245]] body_end=[[-0.09896013301857594, 0.5999835684022768, -0.10552206850824696], [-0.012319843279709454, 0.585855178390747, -0.1006516150514539], [-0.176601909220734, 0.6174824158805327, -0.10736980861482051], [-0.0875761985565409, 0.6766077005090232, -0.01782235537248157], [-0.08509468615882415, 0.5981772417303018, -0.1798174929118286], [-0.10610271079498153, 0.5555410120028056, -0.06932197123282718], [-0.0847239033752523, 0.695887926998259, -0.1271160513539265], [-0.016013259546870755, 0.6196581064563609, -0.04974283457146418], [-0.09524581072081621, 0.6255889901673121, -0.032301295511689976], [-0.04401360654767329, 0.5463162976124933, -0.07926784577070585], [-0.09577954942504435, 0.6613266780751392, -0.08011940355476586], [-0.0215915615662016, 0.6329865637058665, -0.1220244513382044], [-0.028012404884680375, 0.5688784120710377, -0.15963089339983683], [-0.10105176127945004, 0.5449472688682765, -0.15446902385877428], [-0.08314750492444908, 0.6533812565144121, -0.156784777730167], [-0.1701949307922419, 0.6480082977710668, -0.05041662457468919], [-0.16740594065006806, 0.5670525732706849, -0.08439501473263006], [-0.15796883781463197, 0.6607370567538616, -0.13109279028405743], [-0.15323649081926793, 0.5955011996755996, -0.16967166184623472]] nearest_end=Ok(Some(PrescribedContactFeature { distance_m: 0.00010000002193137172, gap_m: 2.1931370608361095e-11, body_face: [10, 7, 11], obstacle_face_index: 1308, body_weights: [0.10578769536535754, 0.518166167225799, 0.37604613740884346], obstacle_weights: [1.0, 0.0, 0.0] })) obstacle_triangle_end=Some([[-0.026507399669120402, 0.6291680804120249, -0.0801241888131486], [-0.027004701791754678, 0.6467304935031922, -0.09414211040478267], [0.03591800707242044, 0.612589657653303, -0.08928897061277433]])
IMPLICIT_TERMINAL_GEOMETRY dt=1.30208333333333332e-4 body_start=[[-0.1009327389174518, 0.5983349837852417, -0.10469599767606941], [-0.01174819400591275, 0.5834444119735278, -0.10280860589214597], [-0.17845458318055635, 0.6142287262994858, -0.1031791645815214], [-0.08791134326598987, 0.6742469421683894, -0.016355603893694386], [-0.08534166520726974, 0.5993501001830545, -0.18001320512778998], [-0.10509028540430611, 0.5518186017714557, -0.07116420439226717], [-0.0850062393214504, 0.6958943376271277, -0.1252038292439752], [-0.01936653217701569, 0.6175891513594708, -0.051300748878158324], [-0.09649884544378191, 0.6233888775962211, -0.03060289127432125], [-0.04392033716493669, 0.5443186255365524, -0.08177278392932039], [-0.09551038327280346, 0.6582204600015827, -0.08022355350309333], [-0.020559686893287, 0.6307649052289973, -0.12386189602858602], [-0.02965567171906334, 0.5706932820886701, -0.16132936061799158], [-0.10040565576548316, 0.5445338602810699, -0.15758961804130847], [-0.0855218965458787, 0.6540510392785331, -0.1540091146690502], [-0.17055451975654087, 0.6454413757106731, -0.047459028099457984], [-0.16591814288664883, 0.5633080667551755, -0.08107532211685206], [-0.1623224610625346, 0.6571773663096026, -0.12816284940599665], [-0.1523018153514117, 0.5948319894658017, -0.16883891712385737]] body_end=[[-0.10095000382919612, 0.5983315369142737, -0.10470528454474125], [-0.011724470774166072, 0.5834111303218669, -0.1028132990785497], [-0.178430826877358, 0.6142720802767148, -0.10312283401386899], [-0.08791304841337204, 0.6742347488944267, -0.016348773919334883], [-0.08534289200814915, 0.5993546259782842, -0.18001403336666721], [-0.10513947741882623, 0.5518233498595229, -0.07110809758234414], [-0.08500772202433327, 0.6958932710616199, -0.12519478862961633], [-0.019340480776490827, 0.6175721426347927, -0.05133174570001581], [-0.09655740381929938, 0.6234086947816926, -0.03059561045483018], [-0.04393245162248144, 0.5443228834007408, -0.08176035867812513], [-0.09544874161636319, 0.6582956154241886, -0.08023154579233004], [-0.020497660725961285, 0.630725013199416, -0.12379740034080651], [-0.029704287825718323, 0.5706892753938114, -0.16130333406724506], [-0.10036193966750194, 0.5445296253578319, -0.15753636197727336], [-0.08553249599991147, 0.6540194986210317, -0.1540422483711824], [-0.17052552741572255, 0.645408450780836, -0.04749206338951298], [-0.16594513525427815, 0.563357292612584, -0.0810706119523805], [-0.16230250293323817, 0.6571774870367788, -0.12815144514094717], [-0.15235810253989232, 0.5947869198644149, -0.16884296063119586]] nearest_end=Ok(Some(PrescribedContactFeature { distance_m: 0.00010000000000006435, gap_m: 6.43538357182086e-17, body_face: [3, 10, 15], obstacle_face_index: 3062, body_weights: [0.014916440411642529, 0.9850835595883575, 0.0], obstacle_weights: [0.19107837319912854, 0.0, 0.8089216268008714] })) obstacle_triangle_end=Some([[-0.12860155989200572, 0.666992481209405, -0.05249167056021668], [-0.1251132623574976, 0.6923670698116946, -0.04741020192954432], [-0.0874731399161961, 0.6566548846769718, -0.08563659899162268]])
WIDE_IMPORTED_CONTACT_COMMITTED step=132
IMPLICIT_TERMINAL_GEOMETRY dt=1.30208333333333332e-4 body_start=[[-0.10110860629978252, 0.5981398452649699, -0.10487355447391168], [-0.011804533908359567, 0.5841040928697461, -0.10220369769723187], [-0.17869918088846357, 0.6139821459247277, -0.10271477037613781], [-0.08793862940331143, 0.6740516894051615, -0.016246225557527232], [-0.08536130571570107, 0.5994225274094607, -0.1800259751685975], [-0.10586721107446825, 0.552256521575234, -0.07030920034006036], [-0.08502997301541092, 0.6958770612797816, -0.12505882604050683], [-0.018569401568908194, 0.6171285966341351, -0.05197044556001899], [-0.0973209913467494, 0.6232906833375569, -0.030179843714841198], [-0.04422931177114516, 0.5443935095430831, -0.08172093393581699], [-0.09500271732060427, 0.6579317234082434, -0.08051001836098445], [-0.01997844038538185, 0.629951784900488, -0.12284406437825098], [-0.03022199263330661, 0.5703590884362213, -0.16095124530106733], [-0.09960126590640934, 0.544609392782699, -0.15660559704129845], [-0.08547524540269327, 0.6538551174122786, -0.15406642027472114], [-0.1702742982229611, 0.6451805054307523, -0.047477387930951014], [-0.16628639909995827, 0.5641004827837128, -0.08109296014617944], [-0.1621082281152026, 0.6576278481752607, -0.12848295231276702], [-0.15311880119895363, 0.5942119626946797, -0.16868871390645332]] body_end=[[-0.1011147828858561, 0.59812519940227, -0.10488424838996131], [-0.011802908247053335, 0.5841423276150901, -0.10214313842327163], [-0.17874378855973627, 0.6139617039845154, -0.1027489388373406], [-0.0879403350905803, 0.6740394732197954, -0.016239381476537], [-0.08536253418720345, 0.5994270552765091, -0.18002673458158502], [-0.10590290578885268, 0.5523016701095419, -0.07024919381346939], [-0.0850314572108416, 0.6958759645286707, -0.12504973494418703], [-0.01851807417941071, 0.6170926882483575, -0.05197130567179433], [-0.0973431828596193, 0.6232805595240222, -0.03016490335518143], [-0.044252836756735726, 0.5443979291376552, -0.08171365814123321], [-0.09500688148765098, 0.657967635528697, -0.08055108387579443], [-0.019971040983190778, 0.6299351938286012, -0.12282093866921776], [-0.030215162955511736, 0.5703312343397983, -0.16093647171576306], [-0.09956057417326782, 0.5445893909482231, -0.15655267048504773], [-0.08545225724826155, 0.6538642916132578, -0.15401321112748437], [-0.1702713929623583, 0.6451921998567928, -0.04744581444029979], [-0.16632299145060908, 0.5641169966494106, -0.08108596667316255], [-0.16210820644181131, 0.6576598302746846, -0.12852787499917234], [-0.15316023985285918, 0.5941880050906027, -0.16866121373092893]] nearest_end=Ok(Some(PrescribedContactFeature { distance_m: 0.00010000000000000037, gap_m: 3.719875735922642e-19, body_face: [10, 3, 7], obstacle_face_index: 3062, body_weights: [0.985517564478839, 0.014482435521161028, 0.0], obstacle_weights: [0.17976003323423845, 0.0, 0.8202399667657616] })) obstacle_triangle_end=Some([[-0.1286311517346922, 0.6667561982172425, -0.05243471354522035], [-0.1251439241995399, 0.69211663758033, -0.047349791693823765], [-0.08750783836127807, 0.6564433699830782, -0.08560751074712641]])
IMPLICIT_TERMINAL_GEOMETRY dt=6.51041666666666658e-5 body_start=[[-0.10112930137992529, 0.5981870414358722, -0.10519742646332637], [-0.013586349027772157, 0.5835472197955183, -0.10140684479022137], [-0.17925087157899117, 0.6149799427294342, -0.10224010000757401], [-0.08801710229445699, 0.6734892627686491, -0.01593110316983772], [-0.08541785046805703, 0.5996308480682508, -0.18005946269078182], [-0.10700297371148082, 0.5546171965412929, -0.06745676224297562], [-0.08509827725705986, 0.6958259733606328, -0.12463957756997865], [-0.018236715419555453, 0.6155952315069387, -0.050060352638416294], [-0.09629203650593543, 0.6231558752984452, -0.030421854368118794], [-0.04472501284772309, 0.5440242672444089, -0.08006456029330798], [-0.0961787307675562, 0.6573669390227147, -0.0800426723127571], [-0.020848047352930305, 0.6305009197299924, -0.12156529366152057], [-0.029063391361825147, 0.5694800882891552, -0.16113172562252484], [-0.09875985618885566, 0.544342509343676, -0.15502403964426567], [-0.08444165668338642, 0.6537453813591567, -0.15375632178909052], [-0.17054471151246872, 0.6459961605584698, -0.047750044151042344], [-0.16829308526054015, 0.5646078106342277, -0.08174824357664102], [-0.16314973577004058, 0.6581056192552059, -0.1303223860340779], [-0.15275307981152125, 0.5934706084287679, -0.16745252729550997]] body_end=[[-0.10112655838347845, 0.5981985961230064, -0.1051980627558347], [-0.013629429327940167, 0.58350555649435, -0.10138533599125792], [-0.179264397834966, 0.615023650483023, -0.10225732901802617], [-0.08801795540658612, 0.6734831431971644, -0.015927674113577393], [-0.08541846553864742, 0.5996331129249789, -0.18005980798119842], [-0.10701408873638842, 0.5546363487731794, -0.06743961986873587], [-0.08509902009886658, 0.6958254098096475, -0.12463500683039452], [-0.01824082713312899, 0.6155782651755373, -0.050053699185509684], [-0.09629195053502451, 0.623177930327547, -0.030444394694675147], [-0.044725651876395066, 0.5440124144758193, -0.08004200058173665], [-0.09616310932787688, 0.6573861918493019, -0.08002567899842186], [-0.02087012581050976, 0.6305075471330288, -0.12153936814147459], [-0.029079856268309678, 0.5694708352767992, -0.16114393204952604], [-0.0987388609573562, 0.5443408446704174, -0.15500851307601163], [-0.08445166291687131, 0.6537565678712576, -0.15372582837702556], [-0.1705228012683683, 0.6459856561795788, -0.047747740579529525], [-0.16831727545056668, 0.5646148848343149, -0.08175308757311311], [-0.16312683759123364, 0.6580912277675911, -0.1303313333452217], [-0.1527688715363229, 0.5934869283438102, -0.16745924117932456]] nearest_end=Ok(Some(PrescribedContactFeature { distance_m: 0.00010004041833470078, gap_m: 4.0418334700016594e-8, body_face: [10, 7, 11], obstacle_face_index: 1308, body_weights: [0.10124337799163646, 0.51936779819159, 0.3793888238167736], obstacle_weights: [1.0, 0.0, 0.0] })) obstacle_triangle_end=Some([[-0.02708607775959633, 0.6255644890625243, -0.08019186986941183], [-0.0275999362501887, 0.6431057506271483, -0.09412885628312886], [0.035182634082474205, 0.6097749921554749, -0.09015525344091624]])
IMPLICIT_TERMINAL_GEOMETRY dt=3.25520833333333329e-5 body_start=[[-0.10112930137992529, 0.5981870414358722, -0.10519742646332637], [-0.013586349027772157, 0.5835472197955183, -0.10140684479022137], [-0.17925087157899117, 0.6149799427294342, -0.10224010000757401], [-0.08801710229445699, 0.6734892627686491, -0.01593110316983772], [-0.08541785046805703, 0.5996308480682508, -0.18005946269078182], [-0.10700297371148082, 0.5546171965412929, -0.06745676224297562], [-0.08509827725705986, 0.6958259733606328, -0.12463957756997865], [-0.018236715419555453, 0.6155952315069387, -0.050060352638416294], [-0.09629203650593543, 0.6231558752984452, -0.030421854368118794], [-0.04472501284772309, 0.5440242672444089, -0.08006456029330798], [-0.0961787307675562, 0.6573669390227147, -0.0800426723127571], [-0.020848047352930305, 0.6305009197299924, -0.12156529366152057], [-0.029063391361825147, 0.5694800882891552, -0.16113172562252484], [-0.09875985618885566, 0.544342509343676, -0.15502403964426567], [-0.08444165668338642, 0.6537453813591567, -0.15375632178909052], [-0.17054471151246872, 0.6459961605584698, -0.047750044151042344], [-0.16829308526054015, 0.5646078106342277, -0.08174824357664102], [-0.16314973577004058, 0.6581056192552059, -0.1303223860340779], [-0.15275307981152125, 0.5934706084287679, -0.16745252729550997]] body_end=[[-0.10112790909784208, 0.5981928111510747, -0.10519776542308171], [-0.013607937689906594, 0.583526476052443, -0.10139600973250659], [-0.17925778846388601, 0.6150015758954155, -0.10224845128357152], [-0.08801752885052155, 0.6734862029829067, -0.015929388641707558], [-0.08541815800335223, 0.5996319804966148, -0.18005963533599012], [-0.1070085534406409, 0.554626754906418, -0.06744811474867468], [-0.08509864867796321, 0.6958256915851402, -0.12463729220018659], [-0.018238444891613647, 0.6155875033419504, -0.05005697410015472], [-0.09629196424728118, 0.6231669001128447, -0.030433078524290412], [-0.0447253143665833, 0.5440183752961661, -0.08005330846689344], [-0.09617093912549511, 0.6573763222720952, -0.08003402700085455], [-0.020858803676493027, 0.6305047696897775, -0.12155212524175066], [-0.029071617643644437, 0.5694754181975819, -0.16113786716178355], [-0.09874936525810138, 0.5443417827246605, -0.15501626656767722], [-0.0844466544346071, 0.653750915137957, -0.15374120785936066], [-0.17053376956047023, 0.6459909616526965, -0.047748916488357454], [-0.1683051798549241, 0.5646113576985805, -0.08175070550042586], [-0.16313836140639779, 0.6580985932796554, -0.13032695600261357], [-0.1527608649686337, 0.593478654565904, -0.16745588153740154]] nearest_end=Ok(Some(PrescribedContactFeature { distance_m: 0.00010000100463340426, gap_m: 1.0046334055057482e-9, body_face: [10, 7, 11], obstacle_face_index: 1308, body_weights: [0.10130053765771296, 0.5194415363031321, 0.379257926039155], obstacle_weights: [1.0, 0.0, 0.0] })) obstacle_triangle_end=Some([[-0.027085484836856268, 0.6255676455178196, -0.08019162671873793], [-0.02759933057797881, 0.6431089173709628, -0.09412873071895028], [0.03518346497513302, 0.6097769180985557, -0.0901539122743898]])
IMPLICIT_TERMINAL_GEOMETRY dt=1.62760416666666664e-5 body_start=[[-0.10112930137992529, 0.5981870414358722, -0.10519742646332637], [-0.013586349027772157, 0.5835472197955183, -0.10140684479022137], [-0.17925087157899117, 0.6149799427294342, -0.10224010000757401], [-0.08801710229445699, 0.6734892627686491, -0.01593110316983772], [-0.08541785046805703, 0.5996308480682508, -0.18005946269078182], [-0.10700297371148082, 0.5546171965412929, -0.06745676224297562], [-0.08509827725705986, 0.6958259733606328, -0.12463957756997865], [-0.018236715419555453, 0.6155952315069387, -0.050060352638416294], [-0.09629203650593543, 0.6231558752984452, -0.030421854368118794], [-0.04472501284772309, 0.5440242672444089, -0.08006456029330798], [-0.0961787307675562, 0.6573669390227147, -0.0800426723127571], [-0.020848047352930305, 0.6305009197299924, -0.12156529366152057], [-0.029063391361825147, 0.5694800882891552, -0.16113172562252484], [-0.09875985618885566, 0.544342509343676, -0.15502403964426567], [-0.08444165668338642, 0.6537453813591567, -0.15375632178909052], [-0.17054471151246872, 0.6459961605584698, -0.047750044151042344], [-0.16829308526054015, 0.5646078106342277, -0.08174824357664102], [-0.16314973577004058, 0.6581056192552059, -0.1303223860340779], [-0.15275307981152125, 0.5934706084287679, -0.16745252729550997]] body_end=[[-0.10112859897918622, 0.598189923687437, -0.10519760252325838], [-0.013597157650072468, 0.5835368764791486, -0.10140140364978345], [-0.17925437747932615, 0.6149906885494816, -0.10224419351663265], [-0.08801731557248926, 0.6734877328757779, -0.01593024590577264], [-0.08541800423570463, 0.5996314142824328, -0.18005954901338597], [-0.10700577045893078, 0.554621970815782, -0.06745241552630508], [-0.08509846296751153, 0.6958258324728865, -0.12463843488508261], [-0.01823726212017433, 0.6155920688498233, -0.050058557209003415], [-0.09629199161996074, 0.6231613841945851, -0.030427449543208633], [-0.044725158419250226, 0.5440213309507813, -0.0800589426349259], [-0.09617479933228182, 0.6573716447271576, -0.08003828655487583], [-0.02085317971898003, 0.6305033512605973, -0.12155858046252797], [-0.029067502324793278, 0.5694777397583579, -0.1611348080528664], [-0.098754613113073, 0.5443421793908049, -0.15502014977352715], [-0.08444415335132927, 0.6537481296059461, -0.15374880843667196], [-0.17053924559729497, 0.6459935781416535, -0.047749488036507394], [-0.1682991318090252, 0.5646095881088055, -0.08174948734138619], [-0.16314407248717863, 0.6581021597785136, -0.13032470075249927], [-0.15275693768655288, 0.5934745957483486, -0.16745420343623738]] nearest_end=Ok(Some(PrescribedContactFeature { distance_m: 0.00010000000066383279, gap_m: 6.638325784112592e-13, body_face: [10, 7, 11], obstacle_face_index: 1308, body_weights: [0.10132904035981055, 0.5194785291372231, 0.3791924305029663], obstacle_weights: [1.0, 0.0, 0.0] })) obstacle_triangle_end=Some([[-0.027085188375486235, 0.6255692237454673, -0.08019150514340098], [-0.027599027741873866, 0.64311050074287, -0.09412866793686099], [0.03518388042146243, 0.609777881070096, -0.0901532416911266]])
IMPLICIT_TERMINAL_GEOMETRY dt=8.13802083333333322e-6 body_start=[[-0.10112930137992529, 0.5981870414358722, -0.10519742646332637], [-0.013586349027772157, 0.5835472197955183, -0.10140684479022137], [-0.17925087157899117, 0.6149799427294342, -0.10224010000757401], [-0.08801710229445699, 0.6734892627686491, -0.01593110316983772], [-0.08541785046805703, 0.5996308480682508, -0.18005946269078182], [-0.10700297371148082, 0.5546171965412929, -0.06745676224297562], [-0.08509827725705986, 0.6958259733606328, -0.12463957756997865], [-0.018236715419555453, 0.6155952315069387, -0.050060352638416294], [-0.09629203650593543, 0.6231558752984452, -0.030421854368118794], [-0.04472501284772309, 0.5440242672444089, -0.08006456029330798], [-0.0961787307675562, 0.6573669390227147, -0.0800426723127571], [-0.020848047352930305, 0.6305009197299924, -0.12156529366152057], [-0.029063391361825147, 0.5694800882891552, -0.16113172562252484], [-0.09875985618885566, 0.544342509343676, -0.15502403964426567], [-0.08444165668338642, 0.6537453813591567, -0.15375632178909052], [-0.17054471151246872, 0.6459961605584698, -0.047750044151042344], [-0.16829308526054015, 0.5646078106342277, -0.08174824357664102], [-0.16314973577004058, 0.6581056192552059, -0.1303223860340779], [-0.15275307981152125, 0.5934706084287679, -0.16745252729550997]] body_end=[[-0.10112894863290842, 0.59818848188265, -0.10519751615398973], [-0.01359175683499438, 0.5835420554228057, -0.10140411846079887], [-0.17925263638320704, 0.6149852976794168, -0.10224212614919184], [-0.08801720893347312, 0.6734884978222135, -0.01593067453780518], [-0.08541792735188083, 0.5996311311753418, -0.1800595058520839], [-0.10700437380726767, 0.5546195825149752, -0.06745458320861472], [-0.08509837011228569, 0.6958259029167597, -0.12463900622753063], [-0.018236671510336946, 0.6155943396959659, -0.0500593298262832], [-0.09629201190522622, 0.6231586285810029, -0.030424647442004297], [-0.044725084377055246, 0.5440228014132186, -0.08006175348306932], [-0.0961767098516247, 0.6573693955188888, -0.08004044448867911], [-0.020850378576410904, 0.6305026373094761, -0.121561832923648], [-0.02906544626899977, 0.5694789106513979, -0.16113326973279044], [-0.09875723528314537, 0.5443423527782429, -0.1550220938430893], [-0.0844429044065703, 0.6537467507942264, -0.15375257629080577], [-0.1705419799284303, 0.6459948736696198, -0.04774976805080302], [-0.16829610828417518, 0.5646087004487463, -0.08174886870895312], [-0.16314691018946106, 0.6581039030037155, -0.130323550823145], [-0.1527550000209121, 0.5934725930907863, -0.1674533651041274]] nearest_end=Ok(Some(PrescribedContactFeature { distance_m: 0.00010000000000000777, gap_m: 5.031295720556242e-18, body_face: [10, 7, 11], obstacle_face_index: 1308, body_weights: [0.10134325964615049, 0.5194970748125534, 0.37915966554129615], obstacle_weights: [1.0, 0.0, 0.0] })) obstacle_triangle_end=Some([[-0.02708504014480122, 0.6255700128592911, -0.0801914443557325], [-0.027598876323821395, 0.6431112924288236, -0.09412863654581635], [0.03518408814462713, 0.6097783625558661, -0.09015290639949498]])
IMPLICIT_TERMINAL_GEOMETRY dt=4.06901041666666661e-6 body_start=[[-0.10112930137992529, 0.5981870414358722, -0.10519742646332637], [-0.013586349027772157, 0.5835472197955183, -0.10140684479022137], [-0.17925087157899117, 0.6149799427294342, -0.10224010000757401], [-0.08801710229445699, 0.6734892627686491, -0.01593110316983772], [-0.08541785046805703, 0.5996308480682508, -0.18005946269078182], [-0.10700297371148082, 0.5546171965412929, -0.06745676224297562], [-0.08509827725705986, 0.6958259733606328, -0.12463957756997865], [-0.018236715419555453, 0.6155952315069387, -0.050060352638416294], [-0.09629203650593543, 0.6231558752984452, -0.030421854368118794], [-0.04472501284772309, 0.5440242672444089, -0.08006456029330798], [-0.0961787307675562, 0.6573669390227147, -0.0800426723127571], [-0.020848047352930305, 0.6305009197299924, -0.12156529366152057], [-0.029063391361825147, 0.5694800882891552, -0.16113172562252484], [-0.09875985618885566, 0.544342509343676, -0.15502403964426567], [-0.08444165668338642, 0.6537453813591567, -0.15375632178909052], [-0.17054471151246872, 0.6459961605584698, -0.047750044151042344], [-0.16829308526054015, 0.5646078106342277, -0.08174824357664102], [-0.16314973577004058, 0.6581056192552059, -0.1303223860340779], [-0.15275307981152125, 0.5934706084287679, -0.16745252729550997]] body_end=[[-0.10112912462182737, 0.5981877614857919, -0.10519747172607208], [-0.013589053796172043, 0.5835446394503797, -0.10140548020281623], [-0.17925175694509926, 0.614982615677898, -0.10224110791135396], [-0.08801715561396506, 0.6734888802954313, -0.015930888853821448], [-0.08541788890996893, 0.5996309896217964, -0.18005948427143287], [-0.10700367419029265, 0.5546183892449258, -0.06745567131407938], [-0.08509832368467277, 0.6958259381386962, -0.12463929189875464], [-0.01823637641699986, 0.6155954722770718, -0.05005971142707195], [-0.09629202366966842, 0.6231572516121198, -0.030423249739804016], [-0.04472504830312977, 0.5440235348951666, -0.08006315738781412], [-0.09617766014055741, 0.6573682934951324, -0.08004153044757265], [-0.020848980732761344, 0.6305022792913104, -0.12156346535509832], [-0.029064418667805927, 0.5694794986265023, -0.16113249839937743], [-0.09875854589863069, 0.5443424331740874, -0.1550230665230938], [-0.08444228038475905, 0.6537460649002947, -0.1537544518706456], [-0.17054334607793686, 0.6459955182022349, -0.04774990659400699], [-0.168294596701623, 0.5646082558222862, -0.08174855696192496], [-0.16314832450703212, 0.6581047645170365, -0.13032297028689607], [-0.1527540377260894, 0.5934715985012105, -0.1674529461320977]] nearest_end=Ok(Some(PrescribedContactFeature { distance_m: 0.00010000000000000094, gap_m: 7.308002091181833e-19, body_face: [10, 7, 11], obstacle_face_index: 1308, body_weights: [0.10135036050906665, 0.5195063607602003, 0.37914327873073306], obstacle_weights: [1.0, 0.0, 0.0] })) obstacle_triangle_end=Some([[-0.027084966029458715, 0.6255704074162031, -0.08019141396189827], [-0.02759880061479516, 0.6431116882718004, -0.09412862085029403], [0.03518419200620948, 0.6097786032987513, -0.09015273875367918]])
IMPLICIT_TERMINAL_GEOMETRY dt=2.03450520833333331e-6 body_start=[[-0.1011292129050204, 0.5981874014170008, -0.10519744919933824], [-0.013587701626957717, 0.5835459300854605, -0.10140616214298756], [-0.17925131500309055, 0.6149812780675937, -0.10224060266605503], [-0.08801712895421102, 0.6734890715320402, -0.015930996011829582], [-0.08541786968901298, 0.5996309188450236, -0.18005947348110735], [-0.10700332405867936, 0.5546177928233098, -0.06745621642648839], [-0.0850983004708663, 0.6958259557496644, -0.12463943473436664], [-0.018236357882391106, 0.6155957588952756, -0.050059954499832186], [-0.09629202995430575, 0.6231565633688676, -0.030422551758027657], [-0.04472503049873031, 0.5440239012096901, -0.08006385896474613], [-0.09617815919081266, 0.6573676937271761, -0.08004208559705006], [-0.020848376607690164, 0.6305018964359816, -0.12156432212631595], [-0.029063904977435627, 0.5694797932467504, -0.16113211219120016], [-0.09875920108494002, 0.544342471788436, -0.15502355302799392], [-0.0844419684931149, 0.6537457228351297, -0.15375538754204102], [-0.17054402888632655, 0.6459958396534101, -0.04774997549625492], [-0.1682938409624345, 0.564608033299895, -0.08174840047489576], [-0.1631490305218214, 0.6581051927349444, -0.13032267862517927], [-0.15275355822029738, 0.5934711028992479, -0.16745273669659316]] body_end=[[-0.10112912462095473, 0.5981877614888353, -0.1051974717260511], [-0.013589053807258271, 0.5835446394391803, -0.10140548019621237], [-0.17925175694842604, 0.6149826156909817, -0.10224110791627646], [-0.08801715561396506, 0.6734888802954313, -0.015930888853821448], [-0.08541788890996893, 0.5996309896217964, -0.18005948427143287], [-0.10700367419290441, 0.5546183892487753, -0.06745567130935404], [-0.08509832368467277, 0.6958259381386962, -0.12463929189875464], [-0.018236376417882005, 0.6155954722734731, -0.05005971142561042], [-0.0962920236692893, 0.6231572516203482, -0.030423249748186217], [-0.04472504830284954, 0.5440235348935386, -0.08006315738298997], [-0.09617766013612623, 0.6573682935008858, -0.08004153044290095], [-0.02084898073732377, 0.630502279294906, -0.12156346534834077], [-0.02906441867202048, 0.5694794986243682, -0.16113249840240873], [-0.09875854589330778, 0.5443424331729506, -0.1550230665197664], [-0.08444228038771964, 0.6537460649032113, -0.15375445186055206], [-0.1705433460715887, 0.6459955181991291, -0.047749906593182304], [-0.16829459670799163, 0.5646082558230161, -0.08174855696255864], [-0.1631483245007042, 0.6581047645125118, -0.1303229702890245], [-0.1527540377303715, 0.5934715985056953, -0.1674529461338734]] nearest_end=Ok(Some(PrescribedContactFeature { distance_m: 0.00010000000000001193, gap_m: 1.1373562255052322e-17, body_face: [10, 7, 11], obstacle_face_index: 1308, body_weights: [0.1013503604847441, 0.5195063607211587, 0.37914327879409715], obstacle_weights: [1.0, 0.0, 0.0] })) obstacle_triangle_end=Some([[-0.027084966029458715, 0.6255704074162031, -0.08019141396189827], [-0.02759880061479516, 0.6431116882718004, -0.09412862085029403], [0.03518419200620948, 0.6097786032987513, -0.09015273875367918]])
IMPLICIT_TERMINAL_GEOMETRY dt=1.01725260416666665e-6 body_start=[[-0.1011292129050204, 0.5981874014170008, -0.10519744919933824], [-0.013587701626957717, 0.5835459300854605, -0.10140616214298756], [-0.17925131500309055, 0.6149812780675937, -0.10224060266605503], [-0.08801712895421102, 0.6734890715320402, -0.015930996011829582], [-0.08541786968901298, 0.5996309188450236, -0.18005947348110735], [-0.10700332405867936, 0.5546177928233098, -0.06745621642648839], [-0.0850983004708663, 0.6958259557496644, -0.12463943473436664], [-0.018236357882391106, 0.6155957588952756, -0.050059954499832186], [-0.09629202995430575, 0.6231565633688676, -0.030422551758027657], [-0.04472503049873031, 0.5440239012096901, -0.08006385896474613], [-0.09617815919081266, 0.6573676937271761, -0.08004208559705006], [-0.020848376607690164, 0.6305018964359816, -0.12156432212631595], [-0.029063904977435627, 0.5694797932467504, -0.16113211219120016], [-0.09875920108494002, 0.544342471788436, -0.15502355302799392], [-0.0844419684931149, 0.6537457228351297, -0.15375538754204102], [-0.17054402888632655, 0.6459958396534101, -0.04774997549625492], [-0.1682938409624345, 0.564608033299895, -0.08174840047489576], [-0.1631490305218214, 0.6581051927349444, -0.13032267862517927], [-0.15275355822029738, 0.5934711028992479, -0.16745273669659316]] body_end=[[-0.10112916873939878, 0.5981875814404894, -0.10519746048875647], [-0.013588377765260645, 0.5835452848830122, -0.10140582108394192], [-0.17925153615920505, 0.6149819465899631, -0.10224085496580777], [-0.08801714228408804, 0.6734889759137357, -0.015930942432825515], [-0.08541787929949096, 0.59963095423341, -0.1800594788762701], [-0.10700349915130054, 0.5546180910161028, -0.06745594378211145], [-0.08509831207776954, 0.6958259469441803, -0.12463936331656064], [-0.01823630267011298, 0.6155957551275966, -0.05005980633928365], [-0.09629202677846069, 0.623156907470345, -0.030422900676396213], [-0.04472503938152366, 0.5440237180880929, -0.08006350820779431], [-0.09617789719148877, 0.6573680203509765, -0.08004180266388447], [-0.020848631559458004, 0.630502189678465, -0.12156387411016573], [-0.029064161813293233, 0.569479645883972, -0.16113230534033948], [-0.09875887350208974, 0.5443424526131879, -0.1550233097619778], [-0.08444212442894901, 0.6537458937941529, -0.1537549198830327], [-0.17054368750448073, 0.6459956789958089, -0.0477499410759062], [-0.16829421882748966, 0.5646081445783921, -0.08174847876945376], [-0.16314867760992816, 0.6581049788376164, -0.13032282457208202], [-0.15275379783627985, 0.5934713505590475, -0.16745284141008304]] nearest_end=Ok(Some(PrescribedContactFeature { distance_m: 0.00010000000000000198, gap_m: 3.984840192621787e-19, body_face: [10, 7, 11], obstacle_face_index: 1308, body_weights: [0.10135213476893445, 0.5195086836581474, 0.37913918157291815], obstacle_weights: [1.0, 0.0, 0.0] })) obstacle_triangle_end=Some([[-0.02708494750062309, 0.6255705060554311, -0.08019140636343972], [-0.0275987816875386, 0.6431117872325447, -0.09412861692641344], [0.03518421797160507, 0.6097786634844726, -0.09015269684222524]])
IMPLICIT_TERMINAL_GEOMETRY dt=5.08626302083333326e-7 body_start=[[-0.1011291908162113, 0.5981874914260603, -0.10519745485059404], [-0.013588039709742587, 0.5835456075129064, -0.10140599159127019], [-0.1792514256275372, 0.6149816122579733, -0.10224072873516875], [-0.08801713561914953, 0.6734890237228879, -0.01593096922232755], [-0.08541787449425198, 0.5996309365392167, -0.18005947617868873], [-0.10700341161178568, 0.5546179419154484, -0.06745608008221125], [-0.08509830627431791, 0.6958259513469224, -0.12463939902546364], [-0.018236274357811433, 0.6155958779962657, -0.05005985726867122], [-0.09629202835804855, 0.6231567354142913, -0.030422726198795425], [-0.044725034935341225, 0.5440238096575489, -0.08006368359390416], [-0.09617801730810314, 0.6573678805215379, -0.08004193957275514], [-0.020848463261457346, 0.6305021313455067, -0.12156408117271492], [-0.029064033393110873, 0.5694797195521114, -0.16113220877711062], [-0.09875903729598329, 0.5443424622339094, -0.1550234313914216], [-0.08444204645852259, 0.6537458082962869, -0.15375515375692456], [-0.1705438582009973, 0.6459957593416267, -0.04774995829380258], [-0.16829402989391753, 0.5646080889436655, -0.081748439635056], [-0.1631488540897219, 0.6581050858392717, -0.1303227516277253], [-0.15275367799408163, 0.5934712266938656, -0.1674527890522959]] body_end=[[-0.10112916873936498, 0.5981875814406155, -0.10519746048876079], [-0.01358837776573076, 0.5835452848825635, -0.10140582108369034], [-0.17925153615935296, 0.6149819465904569, -0.1022408549659939], [-0.08801714228408804, 0.6734889759137357, -0.015930942432825515], [-0.08541787929949096, 0.59963095423341, -0.1800594788762701], [-0.1070034991514172, 0.5546180910162921, -0.06745594378191952], [-0.08509831207776954, 0.6958259469441803, -0.12463936331656064], [-0.018236302702812245, 0.6155957550563683, -0.05005980635273729], [-0.09629202677845208, 0.6231569074706236, -0.030422900676680534], [-0.04472503938152284, 0.544023718087991, -0.0800635082075682], [-0.09617789719771686, 0.6573680203372557, -0.08004180266634142], [-0.020848631583387164, 0.6305021896269751, -0.12156387411969348], [-0.029064161813470407, 0.5694796458838762, -0.16113230534046846], [-0.09875887350186464, 0.5443424526131618, -0.15502330976182044], [-0.08444212442906228, 0.653745893794272, -0.15375491988267093], [-0.17054368750423313, 0.6459956789956909, -0.04774994107587877], [-0.16829421882775286, 0.5646081445784518, -0.08174847876949759], [-0.1631486776096762, 0.658104978837453, -0.13032282457217817], [-0.15275379783645054, 0.5934713505592248, -0.16745284141015615]] nearest_end=Ok(Some(PrescribedContactFeature { distance_m: 0.00010000006468679988, gap_m: 6.468680199275995e-11, body_face: [10, 7, 11], obstacle_face_index: 1308, body_weights: [0.101352134770201, 0.5195086836538547, 0.3791391815759443], obstacle_weights: [1.0, 0.0, 0.0] })) obstacle_triangle_end=Some([[-0.02708494750062309, 0.6255705060554311, -0.08019140636343972], [-0.0275987816875386, 0.6431117872325447, -0.09412861692641344], [0.03518421797160507, 0.6097786634844726, -0.09015269684222524]])
IMPLICIT_TERMINAL_GEOMETRY dt=2.54313151041666663e-7 body_start=[[-0.1011291908162113, 0.5981874914260603, -0.10519745485059404], [-0.013588039709742587, 0.5835456075129064, -0.10140599159127019], [-0.1792514256275372, 0.6149816122579733, -0.10224072873516875], [-0.08801713561914953, 0.6734890237228879, -0.01593096922232755], [-0.08541787449425198, 0.5996309365392167, -0.18005947617868873], [-0.10700341161178568, 0.5546179419154484, -0.06745608008221125], [-0.08509830627431791, 0.6958259513469224, -0.12463939902546364], [-0.018236274357811433, 0.6155958779962657, -0.05005985726867122], [-0.09629202835804855, 0.6231567354142913, -0.030422726198795425], [-0.044725034935341225, 0.5440238096575489, -0.08006368359390416], [-0.09617801730810314, 0.6573678805215379, -0.08004193957275514], [-0.020848463261457346, 0.6305021313455067, -0.12156408117271492], [-0.029064033393110873, 0.5694797195521114, -0.16113220877711062], [-0.09875903729598329, 0.5443424622339094, -0.1550234313914216], [-0.08444204645852259, 0.6537458082962869, -0.15375515375692456], [-0.1705438582009973, 0.6459957593416267, -0.04774995829380258], [-0.16829402989391753, 0.5646080889436655, -0.081748439635056], [-0.1631488540897219, 0.6581050858392717, -0.1303227516277253], [-0.15275367799408163, 0.5934712266938656, -0.1674527890522959]] body_end=[[-0.10112917977629253, 0.5981875364326518, -0.10519745767131307], [-0.013588208741087529, 0.5835454462049524, -0.10140590633195902], [-0.17925148090502394, 0.6149817794064608, -0.10224079183037063], [-0.08801713895161878, 0.6734889998183118, -0.01593095582757653], [-0.08541787689687147, 0.5996309453863133, -0.18005947752747942], [-0.10700345538328569, 0.5546180164647803, -0.06745601192656543], [-0.08509830917604372, 0.6958259491455514, -0.12463938117101214], [-0.01823628423525262, 0.6155958258211698, -0.05005983003682115], [-0.09629202756616718, 0.6231568214411024, -0.030422813433106675], [-0.04472503715723457, 0.5440237638749494, -0.08006359590267392], [-0.09617795642157144, 0.6573679522124929, -0.08004187076321954], [-0.020848544284587024, 0.6305021672681336, -0.12156397633912404], [-0.029064097602706063, 0.5694796827146932, -0.16113225706160964], [-0.09875895539956811, 0.5443424574318108, -0.15502337057575064], [-0.08444208544315289, 0.6537458510406772, -0.15375503683093156], [-0.17054377285404126, 0.6459957191729258, -0.0477499496867736], [-0.16829412436054308, 0.5646081167621789, -0.08174845920549002], [-0.16314876585568952, 0.6581050323516269, -0.1303227881072133], [-0.15275373790669494, 0.5934712886177047, -0.16745281523095693]] nearest_end=Ok(Some(PrescribedContactFeature { distance_m: 0.00010000000051380839, gap_m: 5.138086733910683e-13, body_face: [10, 7, 11], obstacle_face_index: 1308, body_weights: [0.10135257827315786, 0.5195092644684489, 0.3791381572583932], obstacle_weights: [1.0, 0.0, 0.0] })) obstacle_triangle_end=Some([[-0.02708494286841418, 0.625570530715238, -0.08019140446382508], [-0.027598776955724456, 0.6431118119727307, -0.0941286159454433], [0.03518422446295397, 0.609778678530903, -0.09015268636436174]])

thread 'collision_tests::wide_imported_contact_completes_full_clip' (37071865) panicked at crates/voxy_app/examples/body_motion_snapshot.rs:911:37:
imported contact rejected step 134: implicit contact nonlinear nonconvergence
note: run with `RUST_BACKTRACE=1` environment variable to display a backtrace
test collision_tests::wide_imported_contact_completes_full_clip ... FAILED

failures:

failures:
    collision_tests::wide_imported_contact_completes_full_clip

test result: FAILED. 0 passed; 1 failed; 0 ignored; 0 measured; 32 filtered out; finished in 653.73s

error: test failed, to rerun pass `-p voxy_app --example body_motion_snapshot`
