warning: unused import: `surface_distance::triangle_distance`
 --> crates/physics/src/biomechanics/contact_precision.rs:2:19
  |
2 | use super::{Vec3, surface_distance::triangle_distance};
  |                   ^^^^^^^^^^^^^^^^^^^^^^^^^^^^^^^^^^^
  |
  = note: `#[warn(unused_imports)]` (part of `#[warn(unused)]`) on by default

warning: unused import: `separation_lower_bound`
 --> crates/physics/src/biomechanics/surface_contact.rs:3:23
  |
3 |     PreparedTriangle, separation_lower_bound, triangle_distance, triangle_pair_path_is_open,
  |                       ^^^^^^^^^^^^^^^^^^^^^^

warning: `physics` (lib) generated 2 warnings (run `cargo fix --lib -p physics` to apply 2 suggestions)
warning: multiple methods are never used
   --> crates/voxy_editor/src/animation_runtime.rs:197:19
    |
194 | impl AnimationRuntime {
    | --------------------- methods in this implementation
...
197 |     pub(super) fn initialize_root_reference(
    |                   ^^^^^^^^^^^^^^^^^^^^^^^^^
...
227 |     pub(super) fn initialize_root_reference_at_phase(
    |                   ^^^^^^^^^^^^^^^^^^^^^^^^^^^^^^^^^^
...
243 |     fn initialize_root_reference_at_scaled_phase(
    |        ^^^^^^^^^^^^^^^^^^^^^^^^^^^^^^^^^^^^^^^^^
...
278 |     pub(super) fn capture_owner_reference_with_scale(
    |                   ^^^^^^^^^^^^^^^^^^^^^^^^^^^^^^^^^^
...
300 |     fn capture_owner_reference_with_similarity(
    |        ^^^^^^^^^^^^^^^^^^^^^^^^^^^^^^^^^^^^^^^
...
328 |     pub(super) fn capture_owner_reference_from_parent(
    |                   ^^^^^^^^^^^^^^^^^^^^^^^^^^^^^^^^^^^
...
636 |     pub(super) fn fixed_step_scene_fades(
    |                   ^^^^^^^^^^^^^^^^^^^^^^
...
759 |     pub(super) fn set_clip_events(
    |                   ^^^^^^^^^^^^^^^
...
989 |     pub(super) fn prepare(
    |                   ^^^^^^^
    |
    = note: `#[warn(dead_code)]` (part of `#[warn(unused)]`) on by default

warning: associated function `new` is never used
   --> crates/voxy_editor/src/foot_placement.rs:235:19
    |
228 | impl FootRuntime {
    | ---------------- associated function in this implementation
...
235 |     pub(super) fn new(model: &ModelAsset, settings: ModelFootPlacement) -> Result<Self, String> {
    |                   ^^^

warning: method `bind_motion` is never used
   --> crates/voxy_editor/src/model_playback.rs:179:19
    |
150 | impl PreparedModelFade {
    | ---------------------- method in this implementation
...
179 |     pub(crate) fn bind_motion(
    |                   ^^^^^^^^^^^

warning: methods `prepare_certified_fade`, `set_clip_events`, and `advance_with_motion` are never used
   --> crates/voxy_editor/src/model_playback.rs:370:19
    |
337 | impl ModelPlayback {
    | ------------------ methods in this implementation
...
370 |     pub(crate) fn prepare_certified_fade(
    |                   ^^^^^^^^^^^^^^^^^^^^^^
...
523 |     pub(crate) fn set_clip_events(
    |                   ^^^^^^^^^^^^^^^
...
648 |     pub(crate) fn advance_with_motion<T>(
    |                   ^^^^^^^^^^^^^^^^^^^

warning: `voxy_editor` (lib) generated 4 warnings
warning: field `initial_energy_j` is never read
  --> crates/voxy_app/src/tissue_demo.rs:82:9
   |
79 |     Continuum {
   |     --------- field in this variant
...
82 |         initial_energy_j: f64,
   |         ^^^^^^^^^^^^^^^^
   |
   = note: `DemoTissue` has derived impls for the traits `Debug` and `Clone`, but these are intentionally ignored during dead code analysis
   = note: `#[warn(dead_code)]` (part of `#[warn(unused)]`) on by default

warning: method `volumes` is never used
  --> crates/voxy_app/src/tissue_demo.rs:95:8
   |
88 | impl DemoTissue {
   | --------------- method in this implementation
...
95 |     fn volumes(&self) -> Vec<f64> {
   |        ^^^^^^^

warning: multiple associated items are never used
   --> crates/voxy_app/src/tissue_demo.rs:325:19
    |
146 | impl TissueDemo {
    | --------------- associated items in this implementation
...
325 |     pub(crate) fn body_volumes_m3(&self) -> Vec<f64> {
    |                   ^^^^^^^^^^^^^^^
...
333 |     pub(crate) fn body_energy_receipts(&self) -> Result<Vec<[f64; 4]>, &'static str> {
    |                   ^^^^^^^^^^^^^^^^^^^^
...
357 |     pub(crate) fn body_step_counts(&self) -> Vec<(u64, u64, usize)> {
    |                   ^^^^^^^^^^^^^^^^
...
374 |     pub(crate) fn body_thermal_diagnostics(&self) -> Result<Vec<(f64, f64, f64)>, &'static str> {
    |                   ^^^^^^^^^^^^^^^^^^^^^^^^
...
467 |     pub(crate) fn advance_with_palette(
    |                   ^^^^^^^^^^^^^^^^^^^^
...
477 |     pub(crate) fn bind_contact_surface(
    |                   ^^^^^^^^^^^^^^^^^^^^
...
483 |     pub(crate) fn bind_contact_surfaces(
    |                   ^^^^^^^^^^^^^^^^^^^^^
...
505 |     pub(crate) fn advance_with_palette_and_surface(
    |                   ^^^^^^^^^^^^^^^^^^^^^^^^^^^^^^^^
...
519 |     pub(crate) fn advance_with_palette_and_surfaces(
    |                   ^^^^^^^^^^^^^^^^^^^^^^^^^^^^^^^^^
...
533 |     pub(crate) fn advance_with_palette64_and_surfaces(
    |                   ^^^^^^^^^^^^^^^^^^^^^^^^^^^^^^^^^^^
...
549 |     pub(crate) fn tissue_mesh(&self) -> Result<SceneMesh, voxy_render::SceneError> {
    |                   ^^^^^^^^^^^
...
967 |     fn advance_continuum(
    |        ^^^^^^^^^^^^^^^^^

warning: associated items `female_from_assets` and `set_strain_fixture` are never used
    --> crates/voxy_app/src/female_demo.rs:199:19
     |
 195 | impl FemaleDemo {
     | --------------- associated items in this implementation
...
 199 |     pub(crate) fn female_from_assets(
     |                   ^^^^^^^^^^^^^^^^^^
...
1018 |     pub(crate) fn set_strain_fixture(&mut self, x_stretch: f64) -> Result<(), &'static str> {
     |                   ^^^^^^^^^^^^^^^^^^

warning: field `assembly_ms` is never read
 --> crates/voxy_app/src/skin_light_diffusion.rs:6:5
  |
5 | struct Timings {
  |        ------- field in this struct
6 |     assembly_ms: f64,
  |     ^^^^^^^^^^^
  |
  = note: `Timings` has a derived impl for the trait `Debug`, but this is intentionally ignored during dead code analysis

warning: function `diffuse` is never used
  --> crates/voxy_app/src/skin_light_diffusion.rs:11:15
   |
11 | pub(super) fn diffuse(
   |               ^^^^^^^

warning: function `diffuse_measured` is never used
  --> crates/voxy_app/src/skin_light_diffusion.rs:70:4
   |
70 | fn diffuse_measured(
   |    ^^^^^^^^^^^^^^^^

warning: function `diffuse_measured_with_parallel` is never used
  --> crates/voxy_app/src/skin_light_diffusion.rs:78:4
   |
78 | fn diffuse_measured_with_parallel(
   |    ^^^^^^^^^^^^^^^^^^^^^^^^^^^^^^

warning: function `status` is never used
  --> crates/voxy_app/src/model_presentation.rs:36:8
   |
36 | pub fn status(parameters: &Path, current: &Value) -> Value {
   |        ^^^^^^

warning: function `atomic_json` is never used
  --> crates/voxy_app/src/model_presentation.rs:82:4
   |
82 | fn atomic_json(path: &Path, value: &Value) -> Result<(), Box<dyn std::error::Error>> {
   |    ^^^^^^^^^^^

warning: function `request_film_state` is never used
  --> crates/voxy_app/src/model_presentation.rs:95:8
   |
95 | pub fn request_film_state(parameters: &Path) -> Result<Value, Box<dyn std::error::Error>> {
   |        ^^^^^^^^^^^^^^^^^^

warning: function `film_state_status` is never used
   --> crates/voxy_app/src/model_presentation.rs:150:8
    |
150 | pub fn film_state_status(parameters: &Path, id: &str) -> Result<Value, Box<dyn std::error::Error>> {
    |        ^^^^^^^^^^^^^^^^^

warning: method `to_json` is never used
  --> crates/voxy_app/src/view_settings.rs:15:12
   |
14 | impl ViewSettings {
   | ----------------- method in this implementation
15 |     pub fn to_json(&self) -> Value {
   |            ^^^^^^^

warning: function `deform` is never used
   --> crates/voxy_app/src/female_face.rs:107:15
    |
107 | pub(crate) fn deform(vertices: &mut [SceneVertex], body_vertices: usize, pose: FacePose) {
    |               ^^^^^^

warning: method `append` is never used
   --> crates/voxy_app/src/female_features.rs:236:12
    |
 31 | impl FaceFeatures {
    | ----------------- method in this implementation
...
236 |     pub fn append(
    |            ^^^^^^

warning: method `apply` is never used
    --> crates/voxy_app/src/face_parameters.rs:2570:19
     |
2530 | impl FaceParameters {
     | ------------------- method in this implementation
...
2570 |     pub(crate) fn apply(&self, vertices: &mut [SceneVertex], head: Mat4) {
     |                   ^^^^^

warning: method `restore_snapshot` is never used
   --> crates/voxy_app/src/surface_film_preview.rs:345:12
    |
 20 | impl FilmPreview {
    | ---------------- method in this implementation
...
345 |     pub fn restore_snapshot(&mut self, snapshot: &serde_json::Value) -> Result<(), &'static str> {
    |            ^^^^^^^^^^^^^^^^

warning: method `topology` is never used
   --> crates/voxy_app/src/fem_demo.rs:100:19
    |
 56 | impl FemDemo {
    | ------------ method in this implementation
...
100 |     pub(crate) fn topology(&self) -> Result<(usize, usize), Box<dyn std::error::Error>> {
    |                   ^^^^^^^^

warning: `voxy_app` (lib) generated 18 warnings
warning: methods `biomechanics_title`, `is_body`, and `body_motion_title` are never used
   --> crates/voxy_app/examples/../src/tissue_demo.rs:181:19
    |
146 | impl TissueDemo {
    | --------------- methods in this implementation
...
181 |     pub(crate) fn biomechanics_title(&self) -> Option<String> {
    |                   ^^^^^^^^^^^^^^^^^^
...
321 |     pub(crate) fn is_body(&self) -> bool {
    |                   ^^^^^^^
...
418 |     pub(crate) fn body_motion_title(&self) -> Option<String> {
    |                   ^^^^^^^^^^^^^^^^^
    |
    = note: `#[warn(dead_code)]` (part of `#[warn(unused)]`) on by default

warning: `voxy_app` (example "body_motion_snapshot" test) generated 1 warning
    Finished `release` profile [optimized] target(s) in 0.10s
     Running unittests examples/body_motion_snapshot.rs (/tmp/voxy-moving-supports-final-20261005/release/examples/body_motion_snapshot-80326302b011fb26)

running 1 test
IMPORTED support centers: [[-0.0990283414721489, 0.7890225052833557, 0.1306656002998352], [0.06097165495157242, 0.7890225052833557, 0.1306656002998352], [-0.08844652771949768, 0.4791085422039032, -0.05612833797931671], [0.047629572451114655, 0.4791243374347687, -0.056171491742134094]]
IMPORTED support centers: [[-0.0990283414721489, 0.7890225052833557, 0.1306656002998352], [0.06097165495157242, 0.7890225052833557, 0.1306656002998352], [-0.08844652771949768, 0.4791085422039032, -0.05612833797931671], [0.047629572451114655, 0.4791243374347687, -0.056171491742134094]]
WIDE_IMPORTED_CONTACT_COMMITTED step=12
WIDE_IMPORTED_CONTACT_COMMITTED step=24
WIDE_IMPORTED_CONTACT_COMMITTED step=36
WIDE_IMPORTED_CONTACT_COMMITTED step=48
IMPLICIT_TERMINAL_GEOMETRY dt=1.04166666666666665e-3 body_start=[[-0.08603406697738145, 0.5941664640248115, -0.10159488894793547], [0.005058663390813906, 0.594189031357091, -0.10220380699273676], [-0.1767549545495156, 0.5941467089841842, -0.10553603014461883], [-0.08688084258941607, 0.6645393264795474, -0.04474991554182173], [-0.08476712386259319, 0.5223621301622277, -0.15511830333676313], [-0.08690867314941832, 0.5535953832812541, -0.050247042622082246], [-0.0850143582414945, 0.6333131303233169, -0.1512696039266541], [-0.022887898996676304, 0.6435418885838299, -0.06187256796779359], [-0.0872764174803433, 0.6151988228878756, -0.02575829733531045], [-0.022824501345202506, 0.5655057689830748, -0.06682603627511603], [-0.0861337755660302, 0.6722702788708053, -0.09740406353603566], [-0.020985258357420565, 0.6227511633827877, -0.13728875979225252], [-0.021885189513857012, 0.5438112741584291, -0.14096181614017744], [-0.08583088067450811, 0.5148230802548568, -0.10207611817208809], [-0.08449778796883618, 0.5702363560128947, -0.17678837528914146], [-0.15028707622829818, 0.6436354138298791, -0.06403581647692781], [-0.15037568683904012, 0.5654046714542987, -0.06921031099576483], [-0.1495525505747126, 0.6227575630646623, -0.13964628007538807], [-0.14827693056937483, 0.5436179011954207, -0.1433713811898164]] body_end=[[-0.08597413757438939, 0.5950907107995899, -0.1018821926797447], [0.005124379710489209, 0.5954155430006941, -0.102392215769904], [-0.17670093041830712, 0.5954077876256704, -0.10579777049626961], [-0.0868566125052545, 0.6651068785250249, -0.04455422811458455], [-0.08470405649797672, 0.5234352459773308, -0.15556109773868546], [-0.08688473689022183, 0.5544647771389997, -0.05060866658627606], [-0.0849560724097706, 0.634364266739459, -0.1512103206091063], [-0.02298320000261657, 0.6443223442776399, -0.0617149303378208], [-0.08726094639963564, 0.6154618830395455, -0.02579257077304625], [-0.022747795580338685, 0.5664698264957099, -0.06718280772184823], [-0.08636443843148638, 0.672949670369326, -0.09664518192900866], [-0.020822906017653808, 0.6238524695820846, -0.13754794608643858], [-0.02171698892265652, 0.5450640648744352, -0.1413013944486853], [-0.08578735414200186, 0.5158099262137561, -0.10264231059951377], [-0.08443753989237358, 0.5717467334413778, -0.1769132396225676], [-0.15015348337150405, 0.644414176998065, -0.0639046678663856], [-0.15037455233185715, 0.5663780710794596, -0.06962488258944313], [-0.14962265474703507, 0.6238582447986305, -0.13999634426631755], [-0.14833095653129844, 0.5448901431290487, -0.1437531513401563]] nearest_end=Ok(Some(PrescribedContactFeature { distance_m: 0.00010000000000000037, gap_m: 3.7051549138083836e-19, body_face: [10, 3, 7], obstacle_face_index: 3062, body_weights: [0.989318983988743, 0.010681016011257018, 0.0], obstacle_weights: [0.028061265200806616, 0.0, 0.9719387347991933] })) obstacle_triangle_end=Some([[-0.126679841174613, 0.6754529331010063, -0.06863771476672106], [-0.12282226834155513, 0.7048274105447977, -0.0649863831105906], [-0.08518929683783355, 0.6728915965383779, -0.09686607888652063]])
WIDE_IMPORTED_CONTACT_COMMITTED step=60
IMPLICIT_TERMINAL_GEOMETRY dt=2.60416666666666663e-4 body_start=[[-0.08116846376044973, 0.6109288586033914, -0.10264410980124666], [0.00983458334426519, 0.6117185798641143, -0.09983765972696067], [-0.16866388664060422, 0.6133800221421393, -0.10173627600781233], [-0.08560172340626904, 0.6847805320331429, -0.03370816905863413], [-0.08132671194804997, 0.569819313569405, -0.17214656097749503], [-0.08137965127990156, 0.5709115226317398, -0.057275737148036014], [-0.08192556023319378, 0.6773149740100011, -0.14441312229157077], [-0.013572577084627259, 0.6526255537845098, -0.05341070081848733], [-0.08577020665942503, 0.6361857768720508, -0.02752515977037348], [-0.01744783986965606, 0.5756094589621219, -0.0702786820403377], [-0.08660712048146275, 0.6814310646666926, -0.08725963935356791], [-0.015639036108087128, 0.6481472444930596, -0.12895577818357631], [-0.01577673692096501, 0.5767493758998419, -0.15214518811107175], [-0.08062413650744214, 0.5404861845484881, -0.12523320429029347], [-0.08245487191369884, 0.6269750218306952, -0.1742780958350125], [-0.15370841801697585, 0.6535488123873628, -0.05486201973157043], [-0.14491387236778674, 0.5747351753642351, -0.0711866816771145], [-0.14754224789565581, 0.64955837387548, -0.13344721062925935], [-0.14715181341533995, 0.5761512216497379, -0.15182719229708067]] body_end=[[-0.08118496489688075, 0.6109325677962143, -0.10270220881237929], [0.009844790010795556, 0.6116762640368958, -0.09978363095019843], [-0.1686331400249017, 0.6136248187626624, -0.10167743501754607], [-0.08559937580855026, 0.6848083386300374, -0.03367852728406319], [-0.08132042613073436, 0.5699171508114595, -0.17217477314963034], [-0.08137773400498692, 0.5711451859111485, -0.05739147638639336], [-0.08191994025897249, 0.6773987168969181, -0.14438705868658014], [-0.013661674560049467, 0.6526464046287833, -0.05356775274658409], [-0.08580962304619126, 0.6362165747122924, -0.02744833924204336], [-0.01738689663880697, 0.575628362446105, -0.07026199928386452], [-0.08675848927398969, 0.6814267334550836, -0.08704115664020527], [-0.015599940535877913, 0.6482296249983898, -0.12891638106050907], [-0.01574025021056845, 0.576792664465773, -0.15214693596603596], [-0.08057611466870626, 0.5406267906616802, -0.12522390614423184], [-0.08246598189077753, 0.6271152191773808, -0.17415277301310567], [-0.1536742874640114, 0.6536988158653103, -0.054885645590657256], [-0.14495769110799686, 0.5748739621263851, -0.07116866862413353], [-0.14749749848253776, 0.6497427726831406, -0.13361034563903615], [-0.14716868133281194, 0.5763356626073038, -0.15187832271829835]] nearest_end=Ok(Some(PrescribedContactFeature { distance_m: 0.00010000048188545475, gap_m: 4.818854560596585e-10, body_face: [10, 7, 11], obstacle_face_index: 1308, body_weights: [0.139976970533907, 0.504845475587375, 0.35517755387871797], obstacle_weights: [1.0, 0.0, 0.0] })) obstacle_triangle_end=Some([[-0.02454289392357514, 0.6551980730953052, -0.08502178786078807], [-0.02477256927611875, 0.673147630935824, -0.0981171885094326], [0.03716697670633697, 0.6504639921567401, -0.09784431499504405]])
WIDE_IMPORTED_CONTACT_COMMITTED step=72
IMPLICIT_TERMINAL_GEOMETRY dt=5.20833333333333326e-4 body_start=[[-0.09404303322017607, 0.6126195511324168, -0.10557487209561503], [-0.005740230285500628, 0.6061520808131138, -0.09655309261111591], [-0.1751014203086802, 0.6222620389029127, -0.1129300166683388], [-0.08546059296966001, 0.6875870857617798, -0.029173516897571715], [-0.0809618451449278, 0.583168205448868, -0.17572113563106456], [-0.10154248248835007, 0.5685047366589341, -0.06525452760424671], [-0.08153616541163403, 0.688320832466122, -0.14011934385415883], [-0.019211008535457656, 0.645471561225524, -0.05060499110718938], [-0.09273884971613608, 0.6360449352414917, -0.03165658366387903], [-0.037907688272105285, 0.5679867210033971, -0.07199800465306912], [-0.08950637752320534, 0.679667990037416, -0.08632312422981683], [-0.018310205702410067, 0.6485477076386864, -0.12495997245753966], [-0.019565495978250254, 0.5751523368427921, -0.14971093964297064], [-0.09337125377946441, 0.5437303502653794, -0.13640463919097565], [-0.0772046445442783, 0.6415556582029627, -0.16924537164520306], [-0.15941855237136113, 0.6591076210725345, -0.05891842018374692], [-0.16230316023887484, 0.5770165333492749, -0.08806735315493132], [-0.15276365458246513, 0.659414732597904, -0.14180380183736355], [-0.14969311106666694, 0.5888808092105194, -0.16788764023824285]] body_end=[[-0.09416072124449129, 0.6126692470466761, -0.10557977079446237], [-0.006061695900022999, 0.6062654773696896, -0.09636188904832552], [-0.17515747013533292, 0.622646567788578, -0.11298215238809571], [-0.08546054660883576, 0.6876056618569761, -0.02912737070019901], [-0.08096200259595024, 0.5832927854869387, -0.17575064166677823], [-0.1015870933447982, 0.5686680434883644, -0.06526870336932498], [-0.08153524080546584, 0.6884196952711323, -0.14007269390247018], [-0.0192999939841716, 0.6455933292108808, -0.05048312021013264], [-0.09284041393983626, 0.6363053870027717, -0.03163033957649263], [-0.037926126136793366, 0.5679335571612908, -0.07185194299274328], [-0.08941211016097096, 0.6798702727440309, -0.08642286901758306], [-0.018585479592769055, 0.6487639467653815, -0.1248857011491577], [-0.01951299249262758, 0.5751380428898497, -0.14925954248926931], [-0.09312130301339808, 0.543981098140578, -0.13637189272686806], [-0.07719048510258272, 0.6418589782498025, -0.16933934201803472], [-0.1595255041648268, 0.6591863507747904, -0.05910604566881574], [-0.1622360161812834, 0.5772316695038185, -0.08811185981907822], [-0.15269013570164686, 0.659514662976984, -0.14181186058214681], [-0.14976733759086322, 0.5888873491809729, -0.16801592912452168]] nearest_end=Ok(Some(PrescribedContactFeature { distance_m: 0.00010000021225523265, gap_m: 2.12255232654045e-10, body_face: [11, 6, 10], obstacle_face_index: 3062, body_weights: [0.0, 0.029300097256678703, 0.9706999027433213], obstacle_weights: [0.10372027564163773, 0.0, 0.8962797243583622] })) obstacle_triangle_end=Some([[-0.12602860261420382, 0.6866086680583817, -0.05982968916126574], [-0.12242336183840154, 0.7136329270828324, -0.0550572879196448], [-0.0848827219119447, 0.6794738464091826, -0.09123254974534149]])
IMPLICIT_TERMINAL_GEOMETRY dt=2.60416666666666663e-4 body_start=[[-0.09410627460134949, 0.6126477500066149, -0.10557464645764174], [-0.005901884268924324, 0.6062030906686122, -0.09645210359036166], [-0.17511581312769456, 0.6224465934308913, -0.11294925636392127], [-0.08546056978924788, 0.687596373809378, -0.029150443798885362], [-0.08096192387043902, 0.5832304954679034, -0.1757358886489214], [-0.10156557445707186, 0.5685844140353865, -0.06526323815049345], [-0.08153570310854993, 0.6883702638686271, -0.14009601887831452], [-0.019259615545092985, 0.6455280623456215, -0.05054319692645013], [-0.09278977360524165, 0.6361826950684083, -0.03165696472749686], [-0.037917352215831715, 0.5679632808048561, -0.07192355665137239], [-0.08944616263216039, 0.6797866319014353, -0.08636672935096056], [-0.01845393399469072, 0.6486579874294824, -0.12492755045332202], [-0.019527754776886987, 0.5751467276702193, -0.1494870165345772], [-0.09324981905953125, 0.5438463921446677, -0.13638553519797414], [-0.07719589599160674, 0.6417151720774203, -0.16928271896758537], [-0.15946154183748948, 0.6591347446793007, -0.059014897293691235], [-0.16226641156059537, 0.5771368055737269, -0.08809922297921854], [-0.1527196175731992, 0.6594563682167781, -0.14180750007404652], [-0.14973161597578874, 0.588891043344546, -0.16794548868526982]] body_end=[[-0.09416050462942205, 0.6126683983858671, -0.10557922797325438], [-0.006062977488104036, 0.6062653675439009, -0.0963632252046022], [-0.1751576053963507, 0.622651198304146, -0.1129817208073248], [-0.08546054660883576, 0.6876056618569761, -0.02912737070019901], [-0.08096200259595024, 0.5832927854869387, -0.17575064166677823], [-0.10158767926664747, 0.5686690273660676, -0.06527082029123588], [-0.08153524080546584, 0.6884196952711323, -0.14007269390247018], [-0.019299011805389434, 0.645594040746855, -0.050483559774570315], [-0.09284075207749484, 0.6363060229402187, -0.03163006061055175], [-0.037926568352348596, 0.5679336118383316, -0.07185348606662723], [-0.08941188414454512, 0.6798710841304695, -0.0864271269989596], [-0.018586123218231033, 0.648763778309649, -0.12488505292560759], [-0.01951342441848121, 0.5751375517014194, -0.14925757272979714], [-0.09312035990874055, 0.5439846168129441, -0.13637108231608933], [-0.07718966577946484, 0.6418614255842396, -0.1693411798088115], [-0.15952646967265072, 0.6591857337174701, -0.05910660697888008], [-0.16223505229541152, 0.5772302848717363, -0.08811127716093656], [-0.15269060892660685, 0.6595145859602988, -0.14181102538888676], [-0.14976784846376556, 0.588885736065992, -0.16801731881465098]] nearest_end=Ok(Some(PrescribedContactFeature { distance_m: 0.00010000000000002879, gap_m: 2.8777967993723067e-17, body_face: [11, 6, 10], obstacle_face_index: 3062, body_weights: [0.0, 0.02921684020388804, 0.970783159796112], obstacle_weights: [0.10373088321465772, 0.0, 0.8962691167853423] })) obstacle_triangle_end=Some([[-0.12602860261420382, 0.6866086680583817, -0.05982968916126574], [-0.12242336183840154, 0.7136329270828324, -0.0550572879196448], [-0.0848827219119447, 0.6794738464091826, -0.09123254974534149]])
IMPLICIT_TERMINAL_GEOMETRY dt=2.60416666666666663e-4 body_start=[[-0.09456399932524605, 0.6127006109072295, -0.10595409038552475], [-0.007354723605572988, 0.6074207738375211, -0.0950666658148959], [-0.1760076508114891, 0.6238790558492733, -0.11394178901832717], [-0.08546029851935139, 0.6877161267939067, -0.02884958148926159], [-0.08096303138738388, 0.5840410207575543, -0.17592430867081826], [-0.10146839614071537, 0.5699621684691558, -0.06444309729809673], [-0.08152977345176048, 0.6890118635751177, -0.1397900245700026], [-0.019789211604406835, 0.6464200252756636, -0.049578859350197554], [-0.09317735251097405, 0.6372091434075539, -0.03121242052694581], [-0.03784640465364503, 0.5676061736822583, -0.07057136839501472], [-0.09040679999217667, 0.6799471154051139, -0.08611935405166783], [-0.019040028216873665, 0.6499100573996526, -0.1242480228159848], [-0.02025712142427928, 0.5751877326892186, -0.14722248225242077], [-0.09178193447595327, 0.5448415876736941, -0.13682117204075353], [-0.07784077235529026, 0.6418413683641407, -0.16988662775306693], [-0.16091180987413042, 0.6608735381255689, -0.059856621495843754], [-0.162166545405185, 0.5783681646624408, -0.08783711960130104], [-0.15301811534160437, 0.6607353176980881, -0.14204285764912625], [-0.14990699241749159, 0.588942613863272, -0.16864096934471648]] body_end=[[-0.09461155010376004, 0.6127092683547615, -0.10597801054144154], [-0.007422698580683389, 0.6074850575196895, -0.09488717124735378], [-0.17593766770275468, 0.6238437179374281, -0.11400795963429569], [-0.08546027909837191, 0.6877252908872239, -0.028826394387237587], [-0.08096312062355747, 0.5841034051568635, -0.17593864053739486], [-0.10141606977257817, 0.570126427705648, -0.0643368205083395], [-0.08152932118408934, 0.6890611689118633, -0.13976635339136634], [-0.01986358811250556, 0.6464420336705791, -0.049495495001671115], [-0.09317031890188142, 0.6372975211787183, -0.03134719847580177], [-0.037832934569667354, 0.5676582930279293, -0.07041786737105553], [-0.09052112379955332, 0.6800093741009939, -0.08599352597840289], [-0.01903793260010364, 0.6499951185868349, -0.12420361347772232], [-0.02029259458859723, 0.575244687593687, -0.14713555468724226], [-0.09174537541636217, 0.5447263741771537, -0.13688658572596984], [-0.07796409997420303, 0.641768858613563, -0.1698045781131483], [-0.1609827677753853, 0.6609961488464932, -0.05992953343854093], [-0.16213268780968346, 0.5786019362090802, -0.08785378002821218], [-0.15303496144439607, 0.6607880986345877, -0.1420417686698686], [-0.14992185162642893, 0.5890195005439158, -0.16861612031503606]] nearest_end=Ok(Some(PrescribedContactFeature { distance_m: 0.00010000000000000357, gap_m: 3.5647824009523894e-18, body_face: [11, 6, 10], obstacle_face_index: 3062, body_weights: [0.0, 0.018287521026526532, 0.9817124789734735], obstacle_weights: [0.13194377894904671, 0.0, 0.8680562210509533] })) obstacle_triangle_end=Some([[-0.12603817596810513, 0.6865527422421325, -0.059659596213855415], [-0.12243835473407512, 0.7135355834966246, -0.05487786037144701], [-0.08489598414652202, 0.6793118308901885, -0.09110498994118399]])
IMPLICIT_TERMINAL_GEOMETRY dt=2.60416666666666663e-4 body_start=[[-0.09480913946540184, 0.6127475559420226, -0.10607642993679534], [-0.007773149492417218, 0.6077019028038049, -0.09409462501353089], [-0.17562893391779802, 0.6240248656008176, -0.11436017553735509], [-0.08546018199347447, 0.68777111135381, -0.02871045887711758], [-0.08096356680442543, 0.58441532715341, -0.17601029987027783], [-0.10110240443127641, 0.5709293956177532, -0.06401075543751507], [-0.0815270598457337, 0.6893076955955911, -0.13964799749818488], [-0.02002584123250458, 0.6464907011640768, -0.04917165610747589], [-0.0931346561874614, 0.6375278506440029, -0.03187465399180105], [-0.03777314182869199, 0.5681213567097114, -0.06963506416170581], [-0.09111662593754632, 0.680007330503563, -0.08578199476948184], [-0.019148216253882987, 0.6502941540569587, -0.12385587664390692], [-0.020315932264969253, 0.5756862215552105, -0.14669912383816575], [-0.09170715994288753, 0.5440419080741723, -0.137148299545477], [-0.07858062558612225, 0.6417014113027102, -0.16926652470160636], [-0.16139024395231147, 0.6616268293545405, -0.06024609022199888], [-0.16195626362276355, 0.5796544297681316, -0.08778113223430573], [-0.1530487847293935, 0.6610582718390512, -0.1420073934547766], [-0.15012494558320433, 0.5893168645303177, -0.16863714603612034]] body_end=[[-0.09483380273485109, 0.612745783716114, -0.1060979600156889], [-0.007829655192645937, 0.6077329331151933, -0.09398566544157083], [-0.17563092738470848, 0.6241703717657293, -0.11443937210862777], [-0.08546016257249499, 0.6877802754471272, -0.02868727177509358], [-0.08096365604059902, 0.5844777115527193, -0.17602463173685443], [-0.1010402496543564, 0.5710486919788923, -0.0639975617676492], [-0.08152660757806258, 0.6893570009323366, -0.13962432631954858], [-0.019992132377662064, 0.6465043318467042, -0.04912568930020553], [-0.09313771800221146, 0.6375162698085732, -0.031881833164289136], [-0.037760203620286634, 0.5682361832436879, -0.06948074170424716], [-0.09116272930434485, 0.6801292240309957, -0.08579731323733002], [-0.0191918912433851, 0.6503297633356386, -0.1237489749198694], [-0.020304060281927907, 0.5757939499544318, -0.14659911590704158], [-0.09171564285839791, 0.5439491342674232, -0.13718404476048443], [-0.07868963014280876, 0.6417679115584233, -0.16917738690251785], [-0.16149901524670876, 0.6617744358246642, -0.06028548430903385], [-0.16193093836615535, 0.5797998941458772, -0.08771417852090024], [-0.15304979555712278, 0.6611448463194523, -0.14200957777161405], [-0.150188228084721, 0.5893279120607847, -0.1686960306599628]] nearest_end=Ok(Some(PrescribedContactFeature { distance_m: 0.00010000000000000338, gap_m: 3.3843941169023777e-18, body_face: [6, 17, 10], obstacle_face_index: 3062, body_weights: [0.010914954059093011, 0.0, 0.989085045940907], obstacle_weights: [0.14882224936138583, 0.0, 0.8511777506386142] })) obstacle_triangle_end=Some([[-0.12604257862914095, 0.6865268291570584, -0.05958101602207096], [-0.1224452480797088, 0.7134905550892167, -0.05479501170662291], [-0.08490208845914496, 0.6792369956428845, -0.09104586032178118]])
IMPLICIT_TERMINAL_GEOMETRY dt=5.20833333333333326e-4 body_start=[[-0.09527293321787388, 0.613065104978963, -0.10601146946653506], [-0.00183551012966914, 0.6086097516540785, -0.08948208765108732], [-0.1730237418186592, 0.6302809469091951, -0.11384138544195653], [-0.08551565469874883, 0.687813585973452, -0.0277436552183834], [-0.08111713496142932, 0.5866554432039996, -0.17656463092848224], [-0.10070768704261707, 0.5728569869327762, -0.06422618815485832], [-0.08162461890694528, 0.69099646869961, -0.13864785255434586], [-0.018575743816146493, 0.6468924322167987, -0.04684814058468678], [-0.09496965700605078, 0.6387578135298712, -0.0306802791535182], [-0.03699526449420343, 0.5721359275425211, -0.06702317937892437], [-0.09170120689896104, 0.6792911217132932, -0.08584590951296954], [-0.01941150104554496, 0.6488840447333535, -0.12032380750595892], [-0.01980863538284003, 0.5797441504400349, -0.14436001740898896], [-0.0926608029994358, 0.5460507395715773, -0.13786179438565818], [-0.08219308726548862, 0.6458273403212285, -0.1690838859015564], [-0.16119110556498098, 0.6683598506614205, -0.05881625660607507], [-0.16266824521396933, 0.5867725078572432, -0.08390916791468585], [-0.15283832474879025, 0.6649839002539845, -0.1439017190619246], [-0.15009775321043606, 0.5908557949882939, -0.1697136200313526]] body_end=[[-0.09523060911334646, 0.6131180841865583, -0.10597577707555363], [-0.001968904308447294, 0.6083905187820668, -0.08970487066411527], [-0.1727454210597036, 0.6304396015133809, -0.11377438781319948], [-0.0855191304886293, 0.6878058605669792, -0.027709255894217272], [-0.08112664577383624, 0.5867253116632911, -0.17658291561443878], [-0.10085975504571064, 0.5729271219735278, -0.06388737347550971], [-0.08163121363832573, 0.6910464716362845, -0.13861178478451383], [-0.018777786752629325, 0.6468670105231501, -0.04672874525402375], [-0.09522405393570522, 0.6389520834411822, -0.030608027281300486], [-0.03679176993411446, 0.5719563331524877, -0.06711213748131205], [-0.09179196592035443, 0.6794265043411455, -0.08573566377820732], [-0.019203817039365596, 0.6488051170875798, -0.1202095472268568], [-0.019902159938213624, 0.5796531519431601, -0.1443905417875424], [-0.09275317894039876, 0.5458688473535313, -0.1378324451064525], [-0.08234537145875906, 0.6456905371833159, -0.16917969542958336], [-0.1612670936370882, 0.6685055511257938, -0.05869106142322529], [-0.16272615869853213, 0.5871065167148624, -0.08397032810440325], [-0.15291840817996044, 0.6650442126756837, -0.14380838903645013], [-0.1500726174473641, 0.590952155797558, -0.16955817533887324]] nearest_end=Ok(Some(PrescribedContactFeature { distance_m: 0.00010000000000000177, gap_m: 1.7653445526252815e-18, body_face: [3, 10, 15], obstacle_face_index: 3062, body_weights: [0.005655848729108071, 0.9943441512708919, 0.0], obstacle_weights: [0.16436572395454413, 0.0, 0.8356342760454558] })) obstacle_triangle_end=Some([[-0.12612692915724238, 0.6859869146178624, -0.059012647036127665], [-0.12254733716929218, 0.7128160098163123, -0.05419926960061819], [-0.0849877230619171, 0.6783108439837054, -0.09061716164816315]])
WIDE_IMPORTED_CONTACT_COMMITTED step=84
test collision_tests::wide_imported_contact_completes_full_clip has been running for over 60 seconds
IMPLICIT_TERMINAL_GEOMETRY dt=2.60416666666666663e-4 body_start=[[-0.09468592407968027, 0.6106061814635871, -0.1059446444890287], [-0.0061296601365806455, 0.6021346800672571, -0.09841178411370081], [-0.1728911443069648, 0.6224748749429827, -0.10447244374541798], [-0.08590242558059386, 0.6865294076039945, -0.02473745370978191], [-0.08215021426331842, 0.5921288720854357, -0.17795097050018746], [-0.09450244993673597, 0.5683263800858062, -0.06419633518815697], [-0.08235738231231093, 0.6946682506622295, -0.13539984598915217], [-0.018042381387468012, 0.6387072940931301, -0.05120794875480161], [-0.09079856726529532, 0.6362791922762956, -0.029916992045356125], [-0.03383746987462224, 0.5623813210164123, -0.07528382373533296], [-0.09309588012151446, 0.6754699850987491, -0.08348875776529927], [-0.01958956199890108, 0.6470252028837717, -0.12382168127203103], [-0.02042462402932522, 0.5752632979475781, -0.15260760441636814], [-0.09091603775706221, 0.545888339768831, -0.14357940826871318], [-0.07953704874589629, 0.6485042956611444, -0.16551651561838385], [-0.16248779904173016, 0.6574846174682882, -0.04954019080205672], [-0.15552066678370127, 0.5744606615868981, -0.0801600142905144], [-0.15476605739457724, 0.6626561233709104, -0.13371212018529494], [-0.15193508014176768, 0.592267611895216, -0.16459741386204838]] body_end=[[-0.09468599573698182, 0.6106261328157093, -0.10598654587140974], [-0.006136059500278061, 0.6021222778548323, -0.0984681721596479], [-0.17279147149518828, 0.6224072994186872, -0.10441850699274255], [-0.08590532561808764, 0.6865160025882505, -0.02472372797720363], [-0.08215760769747993, 0.5921461534695747, -0.1779562706713701], [-0.09448110144691729, 0.568443940186728, -0.06407647172643442], [-0.082362832045264, 0.6946770053474077, -0.1353845766251027], [-0.018047735832756075, 0.638705525416085, -0.05117419978217389], [-0.09087623682869092, 0.6362684616807953, -0.029873384533149347], [-0.03377805010847056, 0.5623071575667059, -0.07534511151249947], [-0.09295905161898198, 0.6755059626932822, -0.08340150690129787], [-0.01954653764496596, 0.6470363307624254, -0.12386691076725521], [-0.020390072128307995, 0.5754167603130252, -0.15252751686117072], [-0.0907785282650994, 0.545796722418442, -0.1435352418851006], [-0.07959830859182669, 0.6484375381075986, -0.16551781869964882], [-0.16245862141644843, 0.6573998542006277, -0.04959038304659145], [-0.15553754175813286, 0.5743349720514973, -0.08018987877753975], [-0.15480823219612594, 0.6626036115119369, -0.13377600861409697], [-0.1519778661344584, 0.5921816126683997, -0.1645165653261045]] nearest_end=Ok(Some(PrescribedContactFeature { distance_m: 0.00010000000000000491, gap_m: 4.841442790239488e-18, body_face: [10, 7, 11], obstacle_face_index: 1308, body_weights: [0.08598551502957008, 0.5239135793514811, 0.39010090561894883], obstacle_weights: [1.0, 0.0, 0.0] })) obstacle_triangle_end=Some([[-0.025033170010069727, 0.6452105959114159, -0.08229319088899145], [-0.02542741053298682, 0.6629913264277187, -0.09603306271797765], [0.03689829970842485, 0.6321704869023123, -0.09340951426881454]])
WIDE_IMPORTED_CONTACT_COMMITTED step=96
IMPLICIT_TERMINAL_GEOMETRY dt=1.30208333333333332e-4 body_start=[[-0.09304766964720443, 0.6088805182318839, -0.1051939737197174], [-0.005797838705982832, 0.5982433137088021, -0.09928159986104969], [-0.17335650798098723, 0.6175778153334203, -0.10741253864821929], [-0.08614200527755908, 0.6854079569791574, -0.023591166712018788], [-0.08276498449162621, 0.5935676471561812, -0.1783616404760534], [-0.0978738185871982, 0.5660282707153329, -0.06476580027235192], [-0.08280871836134643, 0.6953848158853672, -0.1341096316934623], [-0.017077017652223088, 0.6352772931225829, -0.049836582556826076], [-0.0912836542552272, 0.6349382278544273, -0.030214908315127117], [-0.03509665863177682, 0.5578387875019298, -0.07812582603635405], [-0.09117493926120035, 0.6730519687821547, -0.08438645635168059], [-0.01663562490392691, 0.6424554288293637, -0.12463728014558977], [-0.023295549658072186, 0.5762660990622117, -0.15715739001167495], [-0.0920241364560244, 0.5449735412310652, -0.14377124723748316], [-0.08415843966057744, 0.6530902415811071, -0.16306662995208138], [-0.16205747495302048, 0.6551756342613615, -0.05221762673276409], [-0.15928716376861832, 0.5727144037758557, -0.08309853728831149], [-0.15779427195936394, 0.6569140652699262, -0.13482076542107535], [-0.1489768428768323, 0.5873851140084487, -0.16717472619052345]] body_end=[[-0.0930534037025648, 0.608889013234195, -0.10518096088748172], [-0.005829860473608871, 0.5981990153074299, -0.09931597053232995], [-0.17339845321593375, 0.6176024102033852, -0.10737158964032684], [-0.0861434424800793, 0.6854011538978246, -0.02358422396263222], [-0.0827686937691301, 0.5935763373021253, -0.17836395812516387], [-0.09787295657597646, 0.5659735755995186, -0.0648024879553463], [-0.08281143183824073, 0.6953890781527544, -0.13410173755049598], [-0.017074615511539954, 0.6352430240646951, -0.04980368373336061], [-0.09126434884663157, 0.6348842608067299, -0.03018074903192642], [-0.03512217338448668, 0.5578127469758898, -0.07809002604234928], [-0.09119998171867037, 0.6730702382128951, -0.08443012461295529], [-0.016632876087400408, 0.6424785125704506, -0.1246170754524409], [-0.023375399227522853, 0.5761650811610407, -0.1572547869975123], [-0.09206472444997144, 0.5449421502896273, -0.1437915465939971], [-0.08410639891288235, 0.6530148695791048, -0.16304084640396843], [-0.1620356189753366, 0.6551825597813287, -0.052176590718070445], [-0.15928323211422363, 0.5727237330866899, -0.08313741010706106], [-0.1577738124722629, 0.656908343636519, -0.13489713417041685], [-0.1489399501799894, 0.5873821296084429, -0.16724281707222075]] nearest_end=Ok(Some(PrescribedContactFeature { distance_m: 0.00010000000000000013, gap_m: 1.1417569954590488e-19, body_face: [10, 3, 7], obstacle_face_index: 3062, body_weights: [0.9970906956526897, 0.002909304347310253, 0.0], obstacle_weights: [0.13532342005901005, 0.0, 0.8646765799409899] })) obstacle_triangle_end=Some([[-0.12679753223513018, 0.6813290380726887, -0.05654072290452198], [-0.12327662777747374, 0.707606993580342, -0.05163645616781001], [-0.08560442534907126, 0.6719321976207612, -0.08861366047815872]])
IMPLICIT_TERMINAL_GEOMETRY dt=6.51041666666666658e-5 body_start=[[-0.09335872983659677, 0.6087942014934699, -0.10453620706961216], [-0.007596578718671129, 0.5971216262537298, -0.10054945318743728], [-0.17292277690860983, 0.6186825897019235, -0.10743207791415209], [-0.08619008527199462, 0.6851795358454088, -0.023358182685599617], [-0.08288930699046995, 0.5938590011653356, -0.17843758388468878], [-0.09832873552761301, 0.563972874062631, -0.06640311749274147], [-0.08289955931220803, 0.69552700072807, -0.13384386093541065], [-0.016926245743874496, 0.635351254097088, -0.049814935042259034], [-0.09048195063398697, 0.6337420764522395, -0.029650712959205305], [-0.03610281070224469, 0.5581201380912644, -0.07754200348564139], [-0.09219100347042825, 0.6725450377190466, -0.08399600878635725], [-0.01681579243502193, 0.6420405579822915, -0.12371094163695541], [-0.024194071908952876, 0.5742587023805733, -0.15800016197310152], [-0.09285863535325788, 0.5443421163136796, -0.14419499989364265], [-0.0806704904465351, 0.6524648230772183, -0.16203632727222286], [-0.16122923741272416, 0.6552765961225788, -0.05116861643305935], [-0.1590798656907099, 0.5735041617303722, -0.08391717891783139], [-0.15726755636968118, 0.6559580099357865, -0.1368717838019557], [-0.14883193210365103, 0.588831416321604, -0.16898727002728334]] body_end=[[-0.09336814203687677, 0.6087839700690527, -0.10452903489326981], [-0.007581020654494032, 0.5971216230879147, -0.10053874118396568], [-0.172927243963849, 0.6186621439981729, -0.10745986425539233], [-0.08619080257345098, 0.685176124149662, -0.02335470343008341], [-0.08289116283907412, 0.5938633508288965, -0.17843870941833095], [-0.09834638879483197, 0.5639145789385207, -0.06640506074718587], [-0.08290091486388856, 0.6955291200751996, -0.1338398880410122], [-0.016925886908859898, 0.6353646522485513, -0.04981960219384506], [-0.09046184956308695, 0.6337458345627782, -0.029638399177820924], [-0.03611426210942716, 0.5581080302234896, -0.0775306171006036], [-0.09221261116672369, 0.6725278560334067, -0.08396424043584585], [-0.016807615385156075, 0.6420312669063031, -0.12370897520712792], [-0.024193245499974942, 0.5742302411165371, -0.1580058864831649], [-0.0928653820732805, 0.5443704714968913, -0.14420867299705425], [-0.080599938002766, 0.65248991941871, -0.16203520242010488], [-0.1612252486284199, 0.6553008475378068, -0.051149727516743286], [-0.15908643102983042, 0.5735108558931123, -0.08392181722439507], [-0.15725679312053026, 0.6559581974347138, -0.13690269223433388], [-0.14883428359533712, 0.5888653947822808, -0.16899958294676565]] nearest_end=Ok(Some(PrescribedContactFeature { distance_m: 0.00010000000000002871, gap_m: 2.4925982090739463e-17, body_face: [10, 7, 11], obstacle_face_index: 1308, body_weights: [0.11143713750317624, 0.5093830070775996, 0.3791798554192241], obstacle_weights: [1.0, 0.0, 0.0] })) obstacle_triangle_end=Some([[-0.02522970224339758, 0.6421246590868008, -0.0816336866228789], [-0.025651982289287584, 0.6598537807195537, -0.09549875684126188], [0.036854342392049426, 0.6276149037849378, -0.09196892470515165]])
IMPLICIT_TERMINAL_GEOMETRY dt=6.51041666666666658e-5 body_start=[[-0.0940472190941811, 0.6081533282487183, -0.1039030984500507], [-0.006832898038702306, 0.5955079620996251, -0.09956449317688955], [-0.1730774037652247, 0.6196002283644069, -0.10680185796282479], [-0.0862461146842325, 0.6848778741904018, -0.023145713600525704], [-0.08301477047922694, 0.5940382346743557, -0.1785088139002489], [-0.09882837746647634, 0.5631947025063413, -0.06598416851449233], [-0.08299508204813258, 0.6955674846270623, -0.13360001720740042], [-0.016616990987102485, 0.6357247957740652, -0.05082666743070352], [-0.0895429051205197, 0.6331652452423642, -0.02988400243543609], [-0.03717172770493711, 0.5574494734332258, -0.07660426573545594], [-0.0924422512805195, 0.6723037341193999, -0.08348264743422906], [-0.01667342557685846, 0.6400003024124299, -0.1238971923447388], [-0.024555310922703483, 0.5737247741002114, -0.15738894488771282], [-0.09377066016211405, 0.54527586673083, -0.14598412204524355], [-0.07738330006167572, 0.6518860559317773, -0.1619173099673021], [-0.16193529002437843, 0.6565304933433552, -0.05190480757721564], [-0.15939703961587223, 0.5733816386785568, -0.08386036283384092], [-0.15489310283930902, 0.6558804434399453, -0.13793684318758132], [-0.14907270702492703, 0.5913464965197335, -0.1702855084568253]] body_end=[[-0.09405450931046179, 0.6081415032687149, -0.10389153657946536], [-0.006845912080445935, 0.595477503721441, -0.09956687242130317], [-0.1730852550388061, 0.619607115014974, -0.10677543375149247], [-0.08624697958225667, 0.6848731091976186, -0.023142616586389348], [-0.0830166470987992, 0.594040506672184, -0.17850986201280836], [-0.09884011619158072, 0.5631882673214751, -0.06595307373687363], [-0.08299652465117105, 0.6955677241156977, -0.133596458020348], [-0.01660264024503566, 0.6357360928371336, -0.05084798803086837], [-0.08954254543130019, 0.6331596994695586, -0.029902488975956928], [-0.03717472367904942, 0.5574445211519466, -0.07658794737790121], [-0.0924296153305339, 0.672336713663353, -0.08347318611116883], [-0.016662734130585725, 0.639962570824223, -0.12388552494151191], [-0.024566253037912458, 0.5737290511170816, -0.1573670634407201], [-0.09379854354237696, 0.5452636867235792, -0.14602228707985934], [-0.07736612968920523, 0.6518472071605127, -0.16193132011829675], [-0.1619537129570078, 0.6565355570732267, -0.051924374982842005], [-0.15939948581707575, 0.5733975331895633, -0.0838641077793193], [-0.15485735096554903, 0.6558993296948215, -0.1379487205880063], [-0.1490812136990205, 0.5913823410311835, -0.17030219318548773]] nearest_end=Ok(Some(PrescribedContactFeature { distance_m: 0.00010000000000575842, gap_m: 5.75894898682968e-15, body_face: [10, 7, 11], obstacle_face_index: 1308, body_weights: [0.11456566383689704, 0.5162857560102767, 0.36914858015282626], obstacle_weights: [1.0, 0.0, 0.0] })) obstacle_triangle_end=Some([[-0.025270411629560258, 0.6415802613261037, -0.08154219867200875], [-0.025696545383693776, 0.6593013025653204, -0.09542250238638719], [0.03683991089697653, 0.6268851206374599, -0.09176815042800524]])
IMPLICIT_TERMINAL_GEOMETRY dt=1.30208333333333332e-4 body_start=[[-0.09407056144203417, 0.6066765841761298, -0.10324390636334739], [-0.007102126460739698, 0.5940289749992108, -0.09968727081118124], [-0.17291084238775214, 0.6219776226468009, -0.10901767186071991], [-0.08634455803474453, 0.6843334596510777, -0.022791731381501174], [-0.08322883595140386, 0.5942977568379184, -0.17862437036578918], [-0.09979060571013283, 0.5621620381649752, -0.0663613521050802], [-0.08315939100981001, 0.6955933757787651, -0.13319123202818475], [-0.01600673556772444, 0.6349622012468671, -0.05059283429165623], [-0.09047709864091873, 0.6330664059786238, -0.02919827568911263], [-0.03801964346178756, 0.5569024034568333, -0.0753666242197044], [-0.09403149070141097, 0.6718721222315419, -0.08204556390101632], [-0.019023698102695885, 0.6393734555018524, -0.1225627955569836], [-0.025570470482523967, 0.5702991576509491, -0.15660164510399155], [-0.09777302547196334, 0.5455691787408089, -0.14686504122430602], [-0.07970936623040711, 0.6506239250837507, -0.16129735064678466], [-0.1639443367917516, 0.6568994151988506, -0.054107260484707834], [-0.16000439230670366, 0.5751801300633068, -0.08309805000948912], [-0.154254032087383, 0.6607982551195779, -0.13694697564175445], [-0.15001341618909267, 0.5942122311462653, -0.17042781713093208]] body_end=[[-0.09407258191614275, 0.6066783517531442, -0.10324307290991158], [-0.007102784885961695, 0.5940255758551825, -0.09967810810711634], [-0.17288569280574703, 0.622061386159987, -0.10907601998417232], [-0.08634628352029507, 0.684323896166952, -0.022785511747575073], [-0.08323259281473158, 0.5943023150524215, -0.17862635746037359], [-0.0998259001003811, 0.5621818229152363, -0.06638602297113272], [-0.0831622721002729, 0.6955938155199071, -0.1331840292953145], [-0.015989949059440796, 0.6349534259732262, -0.050539669097004476], [-0.09048995830125389, 0.6330598901998225, -0.02918023347764415], [-0.03802582560192465, 0.55689559707689, -0.07534651151933194], [-0.09400136505917661, 0.6717955693427682, -0.08205464836563385], [-0.019078723017357493, 0.6394365764994727, -0.12256146535839482], [-0.0255848763194041, 0.5702309001531213, -0.1566119084950677], [-0.0978391193248975, 0.5455707324567566, -0.14686956184555147], [-0.07981396006551979, 0.6505273793190561, -0.16131156597373078], [-0.16395724528173, 0.6569111791822011, -0.054149335629322115], [-0.16005035543337107, 0.5751716615023862, -0.0830533502896939], [-0.15423966951000784, 0.6608801796983604, -0.1369311795584662], [-0.14996337608778862, 0.5942755305070975, -0.1703963880687255]] nearest_end=Ok(Some(PrescribedContactFeature { distance_m: 0.00010000000000012423, gap_m: 1.2513247453851112e-16, body_face: [10, 7, 11], obstacle_face_index: 1308, body_weights: [0.10528616596979745, 0.5123481504062704, 0.3823656836239322], obstacle_weights: [1.0, 0.0, 0.0] })) obstacle_triangle_end=Some([[-0.025343129637227124, 0.6406375491010945, -0.0813925370838484], [-0.025775529930196373, 0.6583449542071017, -0.09529675473135912], [0.03681232761052245, 0.6256483242474488, -0.09143929083773196]])
WIDE_IMPORTED_CONTACT_COMMITTED step=108
IMPLICIT_TERMINAL_GEOMETRY dt=2.60416666666666663e-4 body_start=[[-0.10349341399548757, 0.6059524216781251, -0.10552336721727035], [-0.014607734058484057, 0.5931711370327707, -0.09643368199295532], [-0.18126623187387284, 0.6266529623111298, -0.10794105408987614], [-0.08687472808517976, 0.6812670535926727, -0.020807179371135527], [-0.08429353507455098, 0.5957708369318419, -0.17918544741541098], [-0.1122880084521514, 0.5619997199806855, -0.06885346665596495], [-0.08398748298171704, 0.6957105646506502, -0.13084368096879898], [-0.020704596027040292, 0.6294774414230777, -0.048006275228544545], [-0.09775863212694944, 0.6313271501137372, -0.031161147172656813], [-0.050079674891158055, 0.5553539713005596, -0.07517749198020271], [-0.09477332839527007, 0.6671275092829199, -0.08225871671108957], [-0.022348856259936562, 0.6383591085036007, -0.1212620423549279], [-0.027908676342050506, 0.5724475025706335, -0.15301008575886604], [-0.10348569650731236, 0.5468356070625351, -0.15054330364846405], [-0.084360861105468, 0.6519421409822931, -0.15970040937091176], [-0.16927130093724402, 0.6586440280462622, -0.0522562663366288], [-0.17248569816457163, 0.5782299281361687, -0.08344883105774803], [-0.161405903602777, 0.665889887486675, -0.13397711671103796], [-0.15347911617746043, 0.5993627715890786, -0.17145173496914157]] body_end=[[-0.10353049320163021, 0.6058989334763495, -0.10547485573846217], [-0.014704251271914472, 0.5932006697628107, -0.09638557844920063], [-0.1813426847185462, 0.6266145401303482, -0.10805202279004], [-0.0868781023762131, 0.6812455301073613, -0.02079347988943235], [-0.08429830986807203, 0.5957814345431381, -0.17918908514282017], [-0.11231621833706325, 0.5619176372169796, -0.06882863102238244], [-0.08399153827543168, 0.6957113444309135, -0.1308270579948667], [-0.020736495821904562, 0.6295304614868505, -0.04807859854596296], [-0.0978047251315489, 0.631179236132188, -0.031062113153153825], [-0.05010741266603194, 0.5552653122016139, -0.07520174213052878], [-0.09466002531532852, 0.6671350103699395, -0.08219047180699057], [-0.0224448333138275, 0.6385120227881439, -0.12119660055012908], [-0.027936733359678754, 0.5722552474551397, -0.15301292525571447], [-0.10340866115107154, 0.5468755842230714, -0.15057092415495374], [-0.08425726986842438, 0.6520280826095702, -0.1596300284920855], [-0.16942606517732667, 0.6585461099380205, -0.05230857281681608], [-0.17250779077637687, 0.5782005820302206, -0.0834942209722168], [-0.16128296850585896, 0.6658721450913939, -0.13403497853412227], [-0.1534591346686685, 0.599477529103864, -0.17143249866241553]] nearest_end=Ok(Some(PrescribedContactFeature { distance_m: 0.00010000000000001677, gap_m: 1.8288634649485406e-17, body_face: [10, 7, 11], obstacle_face_index: 1308, body_weights: [0.058878640740055, 0.5234408492960891, 0.41768050996385586], obstacle_weights: [1.0, 0.0, 0.0] })) obstacle_triangle_end=Some([[-0.02576120598310324, 0.635586474151137, -0.08061687481237548], [-0.026225226618189598, 0.6532188031152788, -0.09462983479863318], [0.03661103259966592, 0.6192698543123284, -0.08977993659207245]])
IMPLICIT_TERMINAL_GEOMETRY dt=1.30208333333333332e-4 body_start=[[-0.10351170424165244, 0.605926239480109, -0.10549906234759414], [-0.014655709636614396, 0.5931812532613706, -0.09641039991978842], [-0.18130506908440136, 0.6266360513279884, -0.10799590439132521], [-0.08687641523069643, 0.681256291850017, -0.02080032963028394], [-0.08429592247131151, 0.59577613573749, -0.17918726627911558], [-0.1123003718406297, 0.5619573308264633, -0.0688418303510747], [-0.08398951062857436, 0.6957109545407818, -0.13083536948183283], [-0.020717904900739006, 0.6295129529682414, -0.04804158398193057], [-0.09778253952652054, 0.6312532466392453, -0.031110628616098826], [-0.05009428549490056, 0.5553096317653352, -0.07518907093079157], [-0.0947183727944822, 0.667124248851425, -0.08222266299635296], [-0.022394360621075075, 0.6384414303022676, -0.12122959459163199], [-0.027921173104389144, 0.5723528184725549, -0.153010452096309], [-0.10344808447519309, 0.5468525009535772, -0.1505571236872684], [-0.08430862356401975, 0.6519836824840335, -0.15966618008012254], [-0.16934872138149698, 0.6585939145610159, -0.052282539385950275], [-0.17249814621412096, 0.5782149763382414, -0.08347043963121745], [-0.16134577948503817, 0.6658815196813885, -0.13400587159932265], [-0.15347000635058708, 0.5994200703347186, -0.17144429569233433]] body_end=[[-0.10353051929239837, 0.6058988538961555, -0.10547496463983948], [-0.014704115768603363, 0.5932008808858826, -0.09638495891537721], [-0.1813427059829407, 0.6266142261851361, -0.10805212294650611], [-0.0868781023762131, 0.6812455301073613, -0.02079347988943235], [-0.08429830986807203, 0.5957814345431381, -0.17918908514282017], [-0.11231622492652649, 0.561917705319505, -0.06882866477743843], [-0.08399153827543168, 0.6957113444309135, -0.1308270579948667], [-0.020736313595882284, 0.6295302488325744, -0.04807885737149156], [-0.09780487888058789, 0.6311786372446463, -0.0310614191957058], [-0.05010745053197801, 0.555265249746519, -0.07520183829380242], [-0.09465968611688104, 0.6671363201942927, -0.08219092033550678], [-0.022444876847771023, 0.6385120299417539, -0.1211964947383467], [-0.027936733551190668, 0.5722549553964491, -0.15301315172912577], [-0.10340856615359194, 0.5468758591522334, -0.15057084450264646], [-0.0842573450999406, 0.6520284554167307, -0.15962982397761902], [-0.16942644862633538, 0.6585462290033632, -0.05230834505151741], [-0.17250772760450306, 0.578200663154109, -0.08349423411147752], [-0.16128289882506477, 0.6658721936920429, -0.13403516779977492], [-0.1534591316999443, 0.5994775793875159, -0.1714323351874108]] nearest_end=Ok(Some(PrescribedContactFeature { distance_m: 0.00010000000000001174, gap_m: 9.618050752606666e-18, body_face: [10, 7, 11], obstacle_face_index: 1308, body_weights: [0.05888002810884563, 0.5234417178385306, 0.4176782540526238], obstacle_weights: [1.0, 0.0, 0.0] })) obstacle_triangle_end=Some([[-0.02576120598310324, 0.635586474151137, -0.08061687481237548], [-0.026225226618189598, 0.6532188031152788, -0.09462983479863318], [0.03661103259966592, 0.6192698543123284, -0.08977993659207245]])
WIDE_IMPORTED_CONTACT_COMMITTED step=120
IMPLICIT_TERMINAL_GEOMETRY dt=2.60416666666666663e-4 body_start=[[-0.09996183857376931, 0.6020262939116008, -0.10621101940909865], [-0.013215134576048585, 0.5885854235646912, -0.09826152031473433], [-0.1807658725301288, 0.6231594477566442, -0.10823808559982885], [-0.08740782891289768, 0.6777786930835503, -0.018578308067975335], [-0.08496987838425339, 0.5975332875753957, -0.17968284298101905], [-0.10772212869542412, 0.5599626653032271, -0.06749705934787752], [-0.08458424747195081, 0.6958298813285204, -0.12808248446817788], [-0.01885326459030783, 0.6206652858872919, -0.04697821225309967], [-0.0958800529773875, 0.6281042258730881, -0.030433904112885404], [-0.045004119825214746, 0.549280687847698, -0.07657373870584547], [-0.09291148819853971, 0.662055295768182, -0.08230424551191963], [-0.018666577486484325, 0.6345298771588166, -0.12097945727719564], [-0.02759675005287517, 0.5708279997787051, -0.15746521514300818], [-0.09851618268681685, 0.5438008511583127, -0.1515645175817484], [-0.08207326550284309, 0.653312914337186, -0.15573570550677074], [-0.1671289330847112, 0.6557945139203957, -0.0529759269502698], [-0.1679958236764753, 0.5752524741233312, -0.08481280485836368], [-0.16232670863496185, 0.6606111428813071, -0.13532600362377162], [-0.15286722854018625, 0.5957422313740918, -0.17056010487455997]] body_end=[[-0.09991470484109917, 0.6020378276536198, -0.10621886341983582], [-0.013156603463957667, 0.5886621099038126, -0.09837427350537337], [-0.18082080579657614, 0.6230571393424927, -0.10810857604160554], [-0.08741112842388733, 0.6777558031945392, -0.01856353194964913], [-0.08497232119952385, 0.5975459013609395, -0.17968569926094846], [-0.10763522875697608, 0.5599933467100616, -0.06754624038496836], [-0.08458698127772452, 0.6958311097539347, -0.12806369622904182], [-0.018784948392304882, 0.6207333131137659, -0.04703444120315748], [-0.09591198191685288, 0.6279435596030314, -0.03054034559279011], [-0.044981332718393996, 0.5493123204193853, -0.07657646364403964], [-0.09289994878247197, 0.6620709852208223, -0.08239213216312508], [-0.018701608055149442, 0.6346466695200705, -0.12089334298872599], [-0.027676883031054204, 0.570790214470731, -0.15749996550081785], [-0.09851445270034906, 0.5438378921223489, -0.15159553344805865], [-0.08213465172931339, 0.6532429994465223, -0.15564023947599231], [-0.16713338028061703, 0.6556752003824552, -0.05299609151866702], [-0.1679369641312925, 0.5751409432307101, -0.08474798304519056], [-0.1621609346331616, 0.6605709220677198, -0.13531421039362473], [-0.15284862636073063, 0.5957626006440476, -0.17047862129074862]] nearest_end=Ok(Some(PrescribedContactFeature { distance_m: 0.00010000000000000029, gap_m: 5.062290655744447e-18, body_face: [10, 7, 11], obstacle_face_index: 1308, body_weights: [0.10243451327429115, 0.4979030669171428, 0.39966241980856604], obstacle_weights: [1.0, 0.0, 0.0] })) obstacle_triangle_end=Some([[-0.026301821064634252, 0.6306176501460647, -0.08015804969868855], [-0.026791937736790047, 0.6481915576284174, -0.09419372888152666], [0.03615462436930943, 0.6138919167116718, -0.08913424542341092]])
IMPLICIT_TERMINAL_GEOMETRY dt=1.30208333333333332e-4 body_start=[[-0.09993878895260709, 0.6020328069715417, -0.10621554167626833], [-0.013185679239921777, 0.588625468858323, -0.0983181433581189], [-0.18079445146656833, 0.6231074222959582, -0.10817518256381524], [-0.0874094786683925, 0.6777672481390448, -0.018570920008812233], [-0.08497109979188862, 0.5975395944681676, -0.17968427112098376], [-0.10767987819498982, 0.5599764233116142, -0.06752068436807614], [-0.08458561437483766, 0.6958304955412276, -0.12807309034860986], [-0.018812462586331565, 0.6207106806343351, -0.04700277938978313], [-0.09589568833661255, 0.6280253005711248, -0.030487968912110492], [-0.04499154994819134, 0.5492958932489679, -0.07657391875573293], [-0.0929049438373054, 0.6620628503428015, -0.082347002700024], [-0.018680266059853446, 0.634598038482417, -0.12093674749048214], [-0.027634685023690323, 0.5708104678962955, -0.15748245885920217], [-0.09851662026018732, 0.5438164477635355, -0.15158033849007677], [-0.08210326328240986, 0.6532770667066942, -0.15568170390895444], [-0.16712874095113922, 0.6557350727489354, -0.05298577503751001], [-0.16796555226952398, 0.5751979081082856, -0.08478087630151131], [-0.16224234113277347, 0.6605899925871228, -0.1353200768841922], [-0.15285756852024998, 0.5957525463367493, -0.17051742773675552]] body_end=[[-0.09991465932914832, 0.6020378389246294, -0.1062188847059015], [-0.013156569466475565, 0.5886624702378258, -0.09837447186961489], [-0.1808211245494379, 0.6230568661051239, -0.1081082706643581], [-0.08741112842388733, 0.6777558031945392, -0.01856353194964913], [-0.08497232119952385, 0.5975459013609395, -0.17968569926094846], [-0.10763488684615154, 0.5599941086777396, -0.06754665192784984], [-0.08458698127772452, 0.6958311097539347, -0.12806369622904182], [-0.018784831664621138, 0.6207333315624582, -0.04703459677925465], [-0.09591208688420196, 0.627943105095283, -0.0305404138950848], [-0.04498165300170484, 0.5493123438250411, -0.07657650170043016], [-0.09289981870471203, 0.6620719982064434, -0.08239342913567867], [-0.018701939477091156, 0.6346465228137352, -0.12089315829000087], [-0.02767719934412211, 0.5707901875628582, -0.15749994048426796], [-0.09851433318549489, 0.5438382074221907, -0.1515954235967725], [-0.08213494848103713, 0.6532427256867126, -0.155639687772976], [-0.16713349674598782, 0.6556752058390481, -0.05299610136674984], [-0.1679367670981717, 0.5751409062054121, -0.08474797810982593], [-0.16216037803436087, 0.6605709135239938, -0.13531434745999207], [-0.15284845899029698, 0.5957626781781027, -0.17047851391405366]] nearest_end=Ok(Some(PrescribedContactFeature { distance_m: 0.00010000000000000154, gap_m: -1.9498876369384753e-18, body_face: [10, 7, 11], obstacle_face_index: 1308, body_weights: [0.10243370129035989, 0.49790534428563077, 0.3996609544240094], obstacle_weights: [1.0, 0.0, 0.0] })) obstacle_triangle_end=Some([[-0.026301821064634252, 0.6306176501460647, -0.08015804969868855], [-0.026791937736790047, 0.6481915576284174, -0.09419372888152666], [0.03615462436930943, 0.6138919167116718, -0.08913424542341092]])
IMPLICIT_TERMINAL_GEOMETRY dt=6.51041666666666658e-5 body_start=[[-0.09992685511035393, 0.6020355134025016, -0.10621736735790006], [-0.01317106539851385, 0.5886444054642692, -0.09834638076106052], [-0.18080808334587747, 0.6230819083124143, -0.10814217870597989], [-0.08741030354613992, 0.6777615256667919, -0.018567225979230682], [-0.08497171049570623, 0.5975427479145536, -0.1796849851909661], [-0.10765766990306146, 0.5599849102421884, -0.06753344519059598], [-0.08458629782628109, 0.6958308026475811, -0.12806839328882585], [-0.018792534154844345, 0.6207343552864982, -0.04701600748939064], [-0.09590381363912558, 0.6279845356839856, -0.030514400200102397], [-0.044986325000536245, 0.5493039542585857, -0.07657490999556084], [-0.09290126318154501, 0.662069406768586, -0.08236963542785013], [-0.01868660126150018, 0.634632340119558, -0.12091359808906249], [-0.027655421771675837, 0.5708006685869644, -0.1574911671877158], [-0.09851579844625394, 0.5438266076133893, -0.15158795423991597], [-0.08211895117098326, 0.6532596585403498, -0.15565907929525252], [-0.16713051814932595, 0.6557051977292241, -0.052990878946428115], [-0.1679509391095182, 0.5751697128374813, -0.08476455144597754], [-0.1622009534673197, 0.6605801903469908, -0.1353172139194437], [-0.152852912330078, 0.5957576525042414, -0.17049747780812594]] body_end=[[-0.09991465021562129, 0.6020378419857378, -0.10621888609595122], [-0.013156585601168126, 0.5886625421036508, -0.0983744926124423], [-0.180821163383787, 0.6230568341559417, -0.10810823568478507], [-0.08741112842388733, 0.6777558031945392, -0.01856353194964913], [-0.08497232119952385, 0.5975459013609395, -0.17968569926094846], [-0.10763484570716146, 0.5599942050479676, -0.06754670322769928], [-0.08458698127772452, 0.6958311097539347, -0.12806369622904182], [-0.018784819010230807, 0.6207333450822037, -0.047034622196666466], [-0.09591209323840853, 0.6279430553256728, -0.03054042898647353], [-0.044981693090525, 0.5493123587017367, -0.07657651197870502], [-0.09289982179867859, 0.6620721282802305, -0.08239362045652462], [-0.0187019864776048, 0.6346464975033917, -0.12089312996032484], [-0.02767723793934529, 0.5707901918785885, -0.15749992695489134], [-0.09851431803356897, 0.5438382467588142, -0.1515954085618342], [-0.08213498183329457, 0.6532426905139632, -0.15563961243346186], [-0.16713350937311836, 0.6556752102730207, -0.05299610343504961], [-0.16793674349957238, 0.5751409047021155, -0.08474797934338006], [-0.16216031089369498, 0.6605709129396341, -0.13531436363556856], [-0.15284843826536773, 0.5957626873146435, -0.1704785025400342]] nearest_end=Ok(Some(PrescribedContactFeature { distance_m: 0.00010000000000000057, gap_m: -1.88884893354045e-18, body_face: [10, 7, 11], obstacle_face_index: 1308, body_weights: [0.10243352982520071, 0.4979057180737607, 0.3996607521010386], obstacle_weights: [1.0, 0.0, 0.0] })) obstacle_triangle_end=Some([[-0.026301821064634252, 0.6306176501460647, -0.08015804969868855], [-0.026791937736790047, 0.6481915576284174, -0.09419372888152666], [0.03615462436930943, 0.6138919167116718, -0.08913424542341092]])
IMPLICIT_TERMINAL_GEOMETRY dt=3.25520833333333329e-5 body_start=[[-0.09992685511035393, 0.6020355134025016, -0.10621736735790006], [-0.01317106539851385, 0.5886444054642692, -0.09834638076106052], [-0.18080808334587747, 0.6230819083124143, -0.10814217870597989], [-0.08741030354613992, 0.6777615256667919, -0.018567225979230682], [-0.08497171049570623, 0.5975427479145536, -0.1796849851909661], [-0.10765766990306146, 0.5599849102421884, -0.06753344519059598], [-0.08458629782628109, 0.6958308026475811, -0.12806839328882585], [-0.018792534154844345, 0.6207343552864982, -0.04701600748939064], [-0.09590381363912558, 0.6279845356839856, -0.030514400200102397], [-0.044986325000536245, 0.5493039542585857, -0.07657490999556084], [-0.09290126318154501, 0.662069406768586, -0.08236963542785013], [-0.01868660126150018, 0.634632340119558, -0.12091359808906249], [-0.027655421771675837, 0.5708006685869644, -0.1574911671877158], [-0.09851579844625394, 0.5438266076133893, -0.15158795423991597], [-0.08211895117098326, 0.6532596585403498, -0.15565907929525252], [-0.16713051814932595, 0.6557051977292241, -0.052990878946428115], [-0.1679509391095182, 0.5751697128374813, -0.08476455144597754], [-0.1622009534673197, 0.6605801903469908, -0.1353172139194437], [-0.152852912330078, 0.5957576525042414, -0.17049747780812594]] body_end=[[-0.09992078790658557, 0.6020367246642405, -0.10621816544190785], [-0.013163812922355134, 0.588653576447599, -0.09836045334307111], [-0.18081469760996396, 0.6230693141886406, -0.10812531989374592], [-0.08741071598501363, 0.6777586644306656, -0.018565378964439907], [-0.08497201584761505, 0.5975443246377465, -0.17968534222595728], [-0.10764633242379959, 0.5599894710747482, -0.06754001933695569], [-0.0845866395520028, 0.6958309562007579, -0.12806604475893385], [-0.018786056480011398, 0.6207392737840328, -0.04702419706717768], [-0.09590793590547336, 0.6279638865433544, -0.030527462356530564], [-0.044983943900649075, 0.5493081133647206, -0.07657563507134434], [-0.09290003564160336, 0.6620717651345148, -0.08238139920843572], [-0.018692290703423632, 0.6346438040772934, -0.12090267642572301], [-0.02766619648219047, 0.57079551763981, -0.15749553632902438], [-0.09851513829081797, 0.5438322466900826, -0.1515916967947643], [-0.08212692930271429, 0.6532511198685548, -0.155648942617809], [-0.16713186381637943, 0.6556902274986259, -0.052993474859509185], [-0.16794378925429743, 0.5751553944141007, -0.08475629754402789], [-0.16218053745711075, 0.6605754888618243, -0.13531579108120456], [-0.1528506501350543, 0.5957601793412904, -0.17048787185764946]] nearest_end=Ok(Some(PrescribedContactFeature { distance_m: 0.00010000000000000404, gap_m: 7.046666914044137e-19, body_face: [10, 7, 11], obstacle_face_index: 1308, body_weights: [0.10247027955529198, 0.49784998766042377, 0.39967973278428426], obstacle_weights: [1.0, 0.0, 0.0] })) obstacle_triangle_end=Some([[-0.02630130733848313, 0.6306212735191945, -0.08015813246556924], [-0.026791406014424896, 0.6481952095812961, -0.09419385618689835], [0.036155215295774826, 0.613895173872627, -0.08913385517216002]])
IMPLICIT_TERMINAL_GEOMETRY dt=1.62760416666666664e-5 body_start=[[-0.09992382885549839, 0.6020361312515973, -0.10621777623585762], [-0.013167432224007973, 0.5886490195904048, -0.09835342323178337], [-0.18081140960393252, 0.6230755945749564, -0.10813377704551706], [-0.08741050976557677, 0.6777600950487288, -0.018566302471835293], [-0.08497186317166064, 0.5975435362761501, -0.1796851637084617], [-0.10765201704133175, 0.5599871691451266, -0.06753671882064854], [-0.08458646868914194, 0.6958308794241694, -0.12806721902387985], [-0.018787695480713747, 0.6207401875532613, -0.04701944586314825], [-0.09590587060981667, 0.6279742265992285, -0.03052094577387427], [-0.04498511609548185, 0.5493060229983866, -0.0765752535293874], [-0.09290032785543675, 0.6620712473609819, -0.082375380162742], [-0.018688188861554822, 0.6346407919668298, -0.12090765584160681], [-0.027660778863461622, 0.5707981127507192, -0.15749335186786353], [-0.09851548847830358, 0.5438293829698362, -0.1515898313460872], [-0.08212293099882496, 0.6532553713909179, -0.15565390772048043], [-0.1671311537083756, 0.6556977118500575, -0.052992173812683084], [-0.1679473483007289, 0.5751625682461701, -0.08476043180237677], [-0.1621907149009639, 0.660577821629636, -0.135316502235792], [-0.15285177422920843, 0.5957589191335002, -0.1704926410225653]] body_end=[[-0.09992078550319321, 0.602036725475541, -0.10621816572467763], [-0.013163808702018873, 0.5886535839485512, -0.09836045702056476], [-0.18081470018422502, 0.6230693094385923, -0.1081253176905733], [-0.08741071598501363, 0.6777586644306656, -0.018565378964439907], [-0.08497201584761505, 0.5975443246377465, -0.17968534222595728], [-0.10764632681321329, 0.5599894757425965, -0.06754002208881779], [-0.0845866395520028, 0.6958309562007579, -0.12806604475893385], [-0.018786054576740673, 0.6207392725699973, -0.04702420340787477], [-0.09590793647007329, 0.6279638745416487, -0.030527466536171634], [-0.04498394299647066, 0.5493081140528762, -0.07657563552608991], [-0.09290003524604754, 0.6620717681895483, -0.0823814068760415], [-0.01869229508679953, 0.6346438063706904, -0.12090267011421862], [-0.02766620238898405, 0.5707955149421919, -0.1574955393681557], [-0.09851513772628147, 0.5438322497601518, -0.15159169874511996], [-0.08212693095044135, 0.6532511126602485, -0.15564893568512078], [-0.16713186465850877, 0.655690218849524, -0.05299347628859475], [-0.16794378431623228, 0.5751553853033263, -0.08475629663277841], [-0.16218052507335404, 0.6605754857685879, -0.1353157907084921], [-0.15285064820088876, 0.5957601809257365, -0.1704878656487437]] nearest_end=Ok(Some(PrescribedContactFeature { distance_m: 0.00010000000000001215, gap_m: 8.09257442145457e-18, body_face: [10, 7, 11], obstacle_face_index: 1308, body_weights: [0.10247026925264507, 0.49785001220607067, 0.3996797185412842], obstacle_weights: [1.0, 0.0, 0.0] })) obstacle_triangle_end=Some([[-0.02630130733848313, 0.6306212735191945, -0.08015813246556924], [-0.026791406014424896, 0.6481952095812961, -0.09419385618689835], [0.036155215295774826, 0.613895173872627, -0.08913385517216002]])
IMPLICIT_TERMINAL_GEOMETRY dt=8.13802083333333322e-6 body_start=[[-0.09992382885549839, 0.6020361312515973, -0.10621777623585762], [-0.013167432224007973, 0.5886490195904048, -0.09835342323178337], [-0.18081140960393252, 0.6230755945749564, -0.10813377704551706], [-0.08741050976557677, 0.6777600950487288, -0.018566302471835293], [-0.08497186317166064, 0.5975435362761501, -0.1796851637084617], [-0.10765201704133175, 0.5599871691451266, -0.06753671882064854], [-0.08458646868914194, 0.6958308794241694, -0.12806721902387985], [-0.018787695480713747, 0.6207401875532613, -0.04701944586314825], [-0.09590587060981667, 0.6279742265992285, -0.03052094577387427], [-0.04498511609548185, 0.5493060229983866, -0.0765752535293874], [-0.09290032785543675, 0.6620712473609819, -0.082375380162742], [-0.018688188861554822, 0.6346407919668298, -0.12090765584160681], [-0.027660778863461622, 0.5707981127507192, -0.15749335186786353], [-0.09851548847830358, 0.5438293829698362, -0.1515898313460872], [-0.08212293099882496, 0.6532553713909179, -0.15565390772048043], [-0.1671311537083756, 0.6556977118500575, -0.052992173812683084], [-0.1679473483007289, 0.5751625682461701, -0.08476043180237677], [-0.1621907149009639, 0.660577821629636, -0.135316502235792], [-0.15285177422920843, 0.5957589191335002, -0.1704926410225653]] body_end=[[-0.09992230930356914, 0.6020364313236679, -0.1062179734127155], [-0.01316561925644163, 0.5886513081323123, -0.0983569412745951], [-0.1808130594652219, 0.6230724483368498, -0.10812955448470138], [-0.0874106128752952, 0.6777593797396972, -0.018565840718137598], [-0.08497193950963784, 0.5975439304569483, -0.1796852529672095], [-0.10764917648554556, 0.5599883167569977, -0.0675383668935435], [-0.08458655412057237, 0.6958309178124636, -0.12806663189140685], [-0.018786388931880473, 0.62074075808026, -0.047021624885491234], [-0.09590690246164135, 0.6279690557968924, -0.030524209275391522], [-0.044984525188018695, 0.549307065741591, -0.07657543973219753], [-0.09290008341862714, 0.6620717113575645, -0.08237835167079559], [-0.01868985799459537, 0.634643126911486, -0.12090501534626981], [-0.027663482426953875, 0.5707968190941752, -0.1574944452466519], [-0.0985153181592736, 0.5438308050428833, -0.1515907662167631], [-0.0821249285623814, 0.65325323837701, -0.15565139654165575], [-0.1671314997982659, 0.6556939662555448, -0.05299282410090001], [-0.16794556288807092, 0.575158981571374, -0.084758366165337], [-0.16218561369924783, 0.6605766495898377, -0.13531614650403606], [-0.15285120964414137, 0.5957595506635922, -0.17049024562322365]] nearest_end=Ok(Some(PrescribedContactFeature { distance_m: 0.00010000000000001119, gap_m: 1.0462286390949258e-17, body_face: [10, 7, 11], obstacle_face_index: 1308, body_weights: [0.10247936869530266, 0.4978360898275917, 0.3996845414771056], obstacle_weights: [1.0, 0.0, 0.0] })) obstacle_triangle_end=Some([[-0.026301178906945347, 0.6306221793624769, -0.08015815315728941], [-0.026791273083833608, 0.6481961225695156, -0.09419388801324127], [0.036155363027391176, 0.6138959881628658, -0.0891337576093473]])
IMPLICIT_TERMINAL_GEOMETRY dt=4.06901041666666661e-6 body_start=[[-0.09992382885549839, 0.6020361312515973, -0.10621777623585762], [-0.013167432224007973, 0.5886490195904048, -0.09835342323178337], [-0.18081140960393252, 0.6230755945749564, -0.10813377704551706], [-0.08741050976557677, 0.6777600950487288, -0.018566302471835293], [-0.08497186317166064, 0.5975435362761501, -0.1796851637084617], [-0.10765201704133175, 0.5599871691451266, -0.06753671882064854], [-0.08458646868914194, 0.6958308794241694, -0.12806721902387985], [-0.018787695480713747, 0.6207401875532613, -0.04701944586314825], [-0.09590587060981667, 0.6279742265992285, -0.03052094577387427], [-0.04498511609548185, 0.5493060229983866, -0.0765752535293874], [-0.09290032785543675, 0.6620712473609819, -0.082375380162742], [-0.018688188861554822, 0.6346407919668298, -0.12090765584160681], [-0.027660778863461622, 0.5707981127507192, -0.15749335186786353], [-0.09851548847830358, 0.5438293829698362, -0.1515898313460872], [-0.08212293099882496, 0.6532553713909179, -0.15565390772048043], [-0.1671311537083756, 0.6556977118500575, -0.052992173812683084], [-0.1679473483007289, 0.5751625682461701, -0.08476043180237677], [-0.1621907149009639, 0.660577821629636, -0.135316502235792], [-0.15285177422920843, 0.5957589191335002, -0.1704926410225653]] body_end=[[-0.09992308110544552, 0.6020362797441399, -0.1062178739302377], [-0.013166539158511265, 0.5886501480832474, -0.09835515590401611], [-0.18081222316020906, 0.623074044374597, -0.10813169948551395], [-0.08741056132043598, 0.677759737394213, -0.018566071594986445], [-0.08497190134064925, 0.5975437333665492, -0.17968520833783558], [-0.1076506193970815, 0.5599877328318238, -0.06753752948987116], [-0.08458651140485715, 0.6958308986183166, -0.12806692545764337], [-0.018786565696276982, 0.6207415058548119, -0.047020321663454906], [-0.09590637845881514, 0.6279716816345274, -0.030522553589760876], [-0.04498482402658411, 0.5493065357886955, -0.07657534403773857], [-0.09290010782762756, 0.6620716873636555, -0.08237680257598311], [-0.018688621808911395, 0.634642775231687, -0.12090620038783767], [-0.027662108152637154, 0.57079747700308, -0.15749389019592536], [-0.09851540585799459, 0.5438300804430731, -0.15159029199992616], [-0.08212391405713158, 0.6532543201407638, -0.15565266496904118], [-0.1671313218191481, 0.6556958676205248, -0.05299249380094223], [-0.16794646827254156, 0.5751608032335749, -0.0847594150953861], [-0.1621882013820334, 0.6605772434683741, -0.13531632706408894], [-0.15285149583021634, 0.5957592302717049, -0.17049145955667044]] nearest_end=Ok(Some(PrescribedContactFeature { distance_m: 0.00010000000000000842, gap_m: 1.0014725452080449e-17, body_face: [10, 7, 11], obstacle_face_index: 1308, body_weights: [0.10248394905780683, 0.4978290563527883, 0.3996869945894049], obstacle_weights: [1.0, 0.0, 0.0] })) obstacle_triangle_end=Some([[-0.026301114691176457, 0.6306226322841182, -0.0801581635031495], [-0.026791206618537962, 0.6481965790636255, -0.09419390392641273], [0.03615543689319935, 0.6138963953079852, -0.08913370882794094]])
IMPLICIT_TERMINAL_GEOMETRY dt=2.03450520833333331e-6 body_start=[[-0.0999234493681399, 0.6020362068234154, -0.10621782598557954], [-0.01316697875032332, 0.5886495928964175, -0.09835430295216951], [-0.18081182291453765, 0.623074807336829, -0.10813272274913574], [-0.08741053554300637, 0.6777599162214709, -0.01856618703341087], [-0.08497188225615494, 0.5975436348213496, -0.17968518602314865], [-0.1076513077688032, 0.5599874549518363, -0.06753713015571083], [-0.08458649004699954, 0.695830889021243, -0.1280670722407616], [-0.018787103447999585, 0.6207408955933131, -0.047019882823094154], [-0.09590612836890021, 0.627972934892342, -0.03052176223050019], [-0.044984967538747256, 0.5493062831582707, -0.07657529917804981], [-0.09290021246798365, 0.6620714782041469, -0.0823761006473194], [-0.018688394224382163, 0.6346418301197734, -0.12090691157273943], [-0.02766145320587084, 0.5707977903183805, -0.1574936251477315], [-0.09851544685125235, 0.5438297363536646, -0.15159006528826863], [-0.0821234299272996, 0.6532548374639887, -0.15565327523306702], [-0.16713123846755706, 0.6556967756185286, -0.05299233620622964], [-0.1679469013131806, 0.5751616724757459, -0.08475991575707832], [-0.16218943844189565, 0.6605775278492861, -0.1353164133035542], [-0.15285163279499028, 0.5957590771319099, -0.1704920407298892]] body_end=[[-0.0999230695680214, 0.6020362820352877, -0.10621787543770307], [-0.013166525378486954, 0.5886501654959279, -0.0983551826389135], [-0.1808122357140239, 0.623074020454893, -0.10813166742883272], [-0.08741056132043598, 0.677759737394213, -0.018566071594986445], [-0.08497190134064925, 0.5975437333665492, -0.17968520833783558], [-0.1076505978310053, 0.5599877415319503, -0.06753754199951531], [-0.08458651140485715, 0.6958308986183166, -0.12806692545764337], [-0.01878655981684268, 0.6207415014888688, -0.047020339840687535], [-0.09590638629515093, 0.6279716423654775, -0.030522578397475575], [-0.044984819521327206, 0.549306543700531, -0.07657534543425082], [-0.09290010680987529, 0.6620716890761325, -0.08237682548884083], [-0.018688637765536097, 0.6346427859960557, -0.12090618167481013], [-0.02766212866396178, 0.5707974671936166, -0.15749389850211196], [-0.09851540458276761, 0.5438300912058591, -0.15159029910716046], [-0.08212392922631082, 0.6532543039196544, -0.15565264579228472], [-0.16713132441352552, 0.6556958391651313, -0.05299249873817819], [-0.16794645469352007, 0.5751607760003137, -0.0847593994081655], [-0.16218816259788124, 0.6605772345476685, -0.13531632436182378], [-0.1528514915340689, 0.5957592350726908, -0.17049144132695684]] nearest_end=Ok(Some(PrescribedContactFeature { distance_m: 0.00010000000000001594, gap_m: 1.7543595926778284e-17, body_face: [10, 7, 11], obstacle_face_index: 1308, body_weights: [0.1024839038134222, 0.4978291327822416, 0.3996869634043362], obstacle_weights: [1.0, 0.0, 0.0] })) obstacle_triangle_end=Some([[-0.026301114691176457, 0.6306226322841182, -0.0801581635031495], [-0.026791206618537962, 0.6481965790636255, -0.09419390392641273], [0.03615543689319935, 0.6138963953079852, -0.08913370882794094]])
IMPLICIT_TERMINAL_GEOMETRY dt=1.01725260416666665e-6 body_start=[[-0.09992325952398415, 0.6020362444710178, -0.10621785074667515], [-0.013166752071643839, 0.5886498792592757, -0.09835474276094297], [-0.1808120293601181, 0.6230744138859783, -0.10813219526349607], [-0.08741054843172118, 0.677759826807842, -0.018566129314198657], [-0.08497189179840209, 0.5975436840939494, -0.1796851971804921], [-0.10765095291426448, 0.5599875981330711, -0.06753733599607278], [-0.08458650072592835, 0.6958308938197798, -0.12806699884920247], [-0.01878681141890967, 0.620741241622417, -0.04702010307736199], [-0.09590625729980987, 0.6279722887883107, -0.03052217031405909], [-0.044984893469411286, 0.5493064133700166, -0.0765753222281565], [-0.09290015550659589, 0.6620715923748632, -0.08237646131347648], [-0.018688499821700687, 0.6346423426589374, -0.12090654026153372], [-0.027661790765762338, 0.5707976288568215, -0.1574937618035195], [-0.09851542579897982, 0.5438299135807199, -0.15159018220269474], [-0.08212367950860397, 0.6532545706674363, -0.15565296015931745], [-0.16713128128847782, 0.6556963074610387, -0.052992417447704734], [-0.1679466779769998, 0.5751612243658385, -0.08475965764344064], [-0.16218880049909848, 0.6605773811516167, -0.13531636883792114], [-0.15285156214899864, 0.5957591561025712, -0.1704917409436637]] body_end=[[-0.09992306953044289, 0.6020362820427089, -0.10621787544259068], [-0.013166525333619635, 0.58865016555263, -0.09835518272598211], [-0.18081223575495983, 0.6230740203769805, -0.10813166732430071], [-0.08741056132043598, 0.677759737394213, -0.018566071594986445], [-0.08497190134064925, 0.5975437333665492, -0.17968520833783558], [-0.10765059776062218, 0.559987741560689, -0.06753754204045438], [-0.08458651140485715, 0.6958308986183166, -0.12806692545764337], [-0.018786559797740753, 0.62074150147462, -0.04702033989996284], [-0.09590638632072121, 0.6279716422374274, -0.03052257847816651], [-0.04498481950687738, 0.5493065437262924, -0.07657534543886144], [-0.09290010680644024, 0.6620716890828717, -0.08237682556415632], [-0.018688637817601748, 0.6346427860309406, -0.12090618161375305], [-0.027662128730948532, 0.5707974671616142, -0.15749389852914217], [-0.09851540457849944, 0.5438300912411675, -0.151590299130219], [-0.08212392927584287, 0.6532543038667977, -0.15565264572994314], [-0.1671313244221452, 0.6556958390725406, -0.0529924987542554], [-0.16794645464928964, 0.5751607759116337, -0.0847593993571006], [-0.16218816247150478, 0.6605772345186913, -0.1353163243530995], [-0.15285149152002953, 0.5957592350883435, -0.17049144126768845]] nearest_end=Ok(Some(PrescribedContactFeature { distance_m: 0.00010000000000002741, gap_m: 2.4371212654011003e-17, body_face: [10, 7, 11], obstacle_face_index: 1308, body_weights: [0.10248390366541305, 0.4978291330323659, 0.3996869633022211], obstacle_weights: [1.0, 0.0, 0.0] })) obstacle_triangle_end=Some([[-0.026301114691176457, 0.6306226322841182, -0.0801581635031495], [-0.026791206618537962, 0.6481965790636255, -0.09419390392641273], [0.03615543689319935, 0.6138963953079852, -0.08913370882794094]])
IMPLICIT_TERMINAL_GEOMETRY dt=5.08626302083333326e-7 body_start=[[-0.09992316457678735, 0.6020362632602418, -0.10621786309876655], [-0.0131666387469172, 0.5886500223680965, -0.09835496265238798], [-0.18081213253033976, 0.6230742172027263, -0.10813193143643561], [-0.08741055487607857, 0.6777597821010275, -0.018566100454592553], [-0.08497189656952567, 0.5975437087302493, -0.17968520275916383], [-0.10765077543256729, 0.5599876697928218, -0.06753743895928438], [-0.08458650606539275, 0.6958308962190483, -0.12806696215342292], [-0.018786667595631426, 0.6207414100850038, -0.047020214130187275], [-0.09590632177804224, 0.6279719656738455, -0.030522374319658367], [-0.044984856486853145, 0.5493064785088809, -0.07657533380965911], [-0.09290012745501944, 0.6620716486205138, -0.08237664185109446], [-0.018688554308133452, 0.6346425952435408, -0.12090635519888697], [-0.027661959642750922, 0.5707975480647194, -0.1574938301353643], [-0.09851541521320699, 0.5438300023279005, -0.15159024064579177], [-0.08212380432838509, 0.653254437310999, -0.15565280291517386], [-0.16713130280921357, 0.6556960733718498, -0.0529924580796211], [-0.16794656634839225, 0.5751610002547123, -0.08475952856386879], [-0.16218848159962515, 0.6605773078509097, -0.13531634660515757], [-0.15285152684385847, 0.5957591955807291, -0.17049159114062634]] body_end=[[-0.0999230695989037, 0.6020362820291691, -0.10621787543369174], [-0.013166525415322776, 0.5886501654494816, -0.09835518256745177], [-0.1808122356806017, 0.6230740205187668, -0.10813166751452245], [-0.08741056132043598, 0.677759737394213, -0.018566071594986445], [-0.08497190134064925, 0.5975437333665492, -0.17968520833783558], [-0.10765059788857971, 0.5599877415090537, -0.06753754196623249], [-0.08458651140485715, 0.6958308986183166, -0.12806692545764337], [-0.018786559832524672, 0.6207415015004903, -0.04702033979207624], [-0.09590638627423555, 0.627971642470383, -0.03052257833108595], [-0.0449848195335516, 0.5493065436793199, -0.07657534543050172], [-0.09290010681247395, 0.6620716890727508, -0.08237682542835166], [-0.018688637723028055, 0.6346427859671074, -0.12090618172486585], [-0.027662128609185575, 0.5707974672198771, -0.15749389847987155], [-0.09851540458613653, 0.5438300911771723, -0.15159029908807686], [-0.08212392918585854, 0.6532543039629252, -0.15565264584322622], [-0.16713132440661416, 0.6556958392413252, -0.05299249872495741], [-0.16794645472975608, 0.5751607760732308, -0.08475939945017341], [-0.1621881627013879, 0.6605772345715322, -0.13531632436913812], [-0.1528514915454712, 0.5957592350598856, -0.17049144137567437]] nearest_end=Ok(Some(PrescribedContactFeature { distance_m: 0.00010000000000000139, gap_m: 3.5664602488497083e-19, body_face: [10, 7, 11], obstacle_face_index: 1308, body_weights: [0.10248390393399431, 0.49782913257922634, 0.39968696348677935], obstacle_weights: [1.0, 0.0, 0.0] })) obstacle_triangle_end=Some([[-0.026301114691176457, 0.6306226322841182, -0.0801581635031495], [-0.026791206618537962, 0.6481965790636255, -0.09419390392641273], [0.03615543689319935, 0.6138963953079852, -0.08913370882794094]])
IMPLICIT_TERMINAL_GEOMETRY dt=2.54313151041666663e-7 body_start=[[-0.09992311709690928, 0.6020362726462095, -0.10621786926769626], [-0.013166582088216005, 0.5886500939043456, -0.09835507259486422], [-0.18081218410229116, 0.6230741188716586, -0.10813179950186039], [-0.08741055809825728, 0.6777597597476203, -0.0185660860247895], [-0.08497189895508746, 0.5975437210483993, -0.1796852055484997], [-0.10765068667812934, 0.5599877056399384, -0.0675374904516257], [-0.08458650873512495, 0.6958308974186824, -0.12806694380553313], [-0.01878659706215899, 0.6207414914025862, -0.04702027022321199], [-0.09590635402034485, 0.6279718041010252, -0.030522476313413892], [-0.044984838008583064, 0.5493065110865658, -0.07657533961452337], [-0.09290011370746544, 0.662071676167712, -0.08237673223995591], [-0.018688582639925747, 0.6346427191889478, -0.12090626308492232], [-0.02766204410548985, 0.5707975076533406, -0.1574938643022729], [-0.09851540990541768, 0.5438300467348874, -0.15159026986381754], [-0.08212386674554072, 0.653254370643254, -0.15565272436631528], [-0.1671313135971432, 0.6556959563246427, -0.0529924783983744], [-0.16794651054396978, 0.5751608881851061, -0.08475946401839386], [-0.16218832216789994, 0.6605772712125885, -0.13531633548878047], [-0.15285150919576185, 0.5957592153180102, -0.17049151626163245]] body_end=[[-0.09992306961283151, 0.6020362820264169, -0.10621787543188302], [-0.013166525431943014, 0.5886501654285028, -0.09835518253520317], [-0.18081223566547733, 0.623074020547608, -0.10813166755322384], [-0.08741056132043598, 0.677759737394213, -0.018566071594986445], [-0.08497190134064925, 0.5975437333665492, -0.17968520833783558], [-0.10765059791461369, 0.5599877414985424, -0.06753754195112979], [-0.08458651140485715, 0.6958308986183166, -0.12806692545764337], [-0.01878655983959701, 0.6207415015057539, -0.04702033977012479], [-0.09590638626477788, 0.6279716425177769, -0.03052257830116898], [-0.04498481953897306, 0.5493065436697633, -0.07657534542879796], [-0.09290010681370416, 0.6620716890706722, -0.08237682540071718], [-0.018688637703790013, 0.6346427859541242, -0.12090618174747415], [-0.027662128584409335, 0.5707974672317329, -0.1574938984698484], [-0.09851540458769412, 0.5438300911641449, -0.15159029907950564], [-0.08212392916755062, 0.6532543039824781, -0.15565264586625563], [-0.16713132440344766, 0.6556958392756601, -0.05299249871899697], [-0.1679464547461232, 0.5751607761061063, -0.08475939946910765], [-0.16218816274814923, 0.6605772345822783, -0.1353163243724], [-0.15285149155064634, 0.5957592350540967, -0.17049144139763617]] nearest_end=Ok(Some(PrescribedContactFeature { distance_m: 0.0001000000000000016, gap_m: -2.4584727137365047e-18, body_face: [10, 7, 11], obstacle_face_index: 1308, body_weights: [0.10248390398864715, 0.49782913248702293, 0.39968696352432986], obstacle_weights: [1.0, 0.0, 0.0] })) obstacle_triangle_end=Some([[-0.026301114691176457, 0.6306226322841182, -0.0801581635031495], [-0.026791206618537962, 0.6481965790636255, -0.09419390392641273], [0.03615543689319935, 0.6138963953079852, -0.08913370882794094]])

thread 'collision_tests::wide_imported_contact_completes_full_clip' (37024548) panicked at crates/voxy_app/examples/body_motion_snapshot.rs:911:37:
imported contact rejected step 123: implicit contact nonlinear nonconvergence
note: run with `RUST_BACKTRACE=1` environment variable to display a backtrace
test collision_tests::wide_imported_contact_completes_full_clip ... FAILED

failures:

failures:
    collision_tests::wide_imported_contact_completes_full_clip

test result: FAILED. 0 passed; 1 failed; 0 ignored; 0 measured; 32 filtered out; finished in 359.29s

error: test failed, to rerun pass `-p voxy_app --example body_motion_snapshot`
