BODY MODEL: 60866 vertices, 121728 triangles; actual surface skin: 636 vertices, 1268 triangles; 60866 render bindings
HAIR: 469 Cosserat guides, 20 segments each; E=4 GPa, fiber diameter=80 um; animated triangle contacts + guide self-contact
Facial render mouth opening: 340 seal triangles
Model smoke on AdapterInfo { name: "Apple M4 Max", vendor: 0, device: 0, device_type: IntegratedGpu, device_pci_bus_id: "", driver: "", driver_info: "", backend: Metal, subgroup_min_size: 4, subgroup_max_size: 64, transient_saves_memory: Some(true), limit_bucket: None }
SECONDARY SAMPLE: frame=0 simulated_s=0.000000 advance_ms=0.000
GPU BODY STREAM: vertices=171495 cpu_hair_vertices=0
GPU HAIR DRAW: vertices=2363760 frame_upload_bytes=630336 no_geometry_readback=true cpu_hair_poisoned=false
SECONDARY SAMPLE: frame=1 simulated_s=0.050000 advance_ms=779.909
GPU BODY STREAM: vertices=171495 cpu_hair_vertices=0
GPU HAIR DRAW: vertices=2363760 frame_upload_bytes=630336 no_geometry_readback=true cpu_hair_poisoned=false
SECONDARY SAMPLE: frame=2 simulated_s=0.100000 advance_ms=872.584
GPU BODY STREAM: vertices=171495 cpu_hair_vertices=0
GPU HAIR DRAW: vertices=2363760 frame_upload_bytes=630336 no_geometry_readback=true cpu_hair_poisoned=false
SECONDARY SAMPLE: frame=3 simulated_s=0.150000 advance_ms=1002.476
GPU BODY STREAM: vertices=171495 cpu_hair_vertices=0
GPU HAIR DRAW: vertices=2363760 frame_upload_bytes=630336 no_geometry_readback=true cpu_hair_poisoned=false
SECONDARY SAMPLE: frame=4 simulated_s=0.200000 advance_ms=1002.004
GPU BODY STREAM: vertices=171495 cpu_hair_vertices=0
GPU HAIR DRAW: vertices=2363760 frame_upload_bytes=630336 no_geometry_readback=true cpu_hair_poisoned=false
SECONDARY SAMPLE: frame=5 simulated_s=0.250000 advance_ms=1054.773
GPU BODY STREAM: vertices=171495 cpu_hair_vertices=0
GPU HAIR DRAW: vertices=2363760 frame_upload_bytes=630336 no_geometry_readback=true cpu_hair_poisoned=false
SECONDARY SAMPLE: frame=6 simulated_s=0.300000 advance_ms=1115.863
GPU BODY STREAM: vertices=171495 cpu_hair_vertices=0
GPU HAIR DRAW: vertices=2363760 frame_upload_bytes=630336 no_geometry_readback=true cpu_hair_poisoned=false
SECONDARY SAMPLE: frame=7 simulated_s=0.350000 advance_ms=1234.696
GPU BODY STREAM: vertices=171495 cpu_hair_vertices=0
GPU HAIR DRAW: vertices=2363760 frame_upload_bytes=630336 no_geometry_readback=true cpu_hair_poisoned=false
SECONDARY SAMPLE: frame=8 simulated_s=0.400000 advance_ms=1292.544
GPU BODY STREAM: vertices=171495 cpu_hair_vertices=0
GPU HAIR DRAW: vertices=2363760 frame_upload_bytes=630336 no_geometry_readback=true cpu_hair_poisoned=false
SECONDARY SAMPLE: frame=9 simulated_s=0.450000 advance_ms=942.077
GPU BODY STREAM: vertices=171495 cpu_hair_vertices=0
GPU HAIR DRAW: vertices=2363760 frame_upload_bytes=630336 no_geometry_readback=true cpu_hair_poisoned=false
SECONDARY SAMPLE: frame=10 simulated_s=0.500000 advance_ms=1185.803
GPU BODY STREAM: vertices=171495 cpu_hair_vertices=0
GPU HAIR DRAW: vertices=2363760 frame_upload_bytes=630336 no_geometry_readback=true cpu_hair_poisoned=false
SECONDARY SAMPLE: frame=11 simulated_s=0.550000 advance_ms=1217.907
GPU BODY STREAM: vertices=171495 cpu_hair_vertices=0
GPU HAIR DRAW: vertices=2363760 frame_upload_bytes=630336 no_geometry_readback=true cpu_hair_poisoned=false
SECONDARY SAMPLE: frame=12 simulated_s=0.600000 advance_ms=1306.798
GPU BODY STREAM: vertices=171495 cpu_hair_vertices=0
GPU HAIR DRAW: vertices=2363760 frame_upload_bytes=630336 no_geometry_readback=true cpu_hair_poisoned=false
SECONDARY SAMPLE: frame=13 simulated_s=0.650000 advance_ms=1423.466
GPU BODY STREAM: vertices=171495 cpu_hair_vertices=0
GPU HAIR DRAW: vertices=2363760 frame_upload_bytes=630336 no_geometry_readback=true cpu_hair_poisoned=false
SECONDARY SAMPLE: frame=14 simulated_s=0.700000 advance_ms=958.330
GPU BODY STREAM: vertices=171495 cpu_hair_vertices=0
GPU HAIR DRAW: vertices=2363760 frame_upload_bytes=630336 no_geometry_readback=true cpu_hair_poisoned=false
SECONDARY SAMPLE: frame=15 simulated_s=0.750000 advance_ms=1183.569
GPU BODY STREAM: vertices=171495 cpu_hair_vertices=0
GPU HAIR DRAW: vertices=2363760 frame_upload_bytes=630336 no_geometry_readback=true cpu_hair_poisoned=false
SECONDARY SAMPLE: frame=16 simulated_s=0.800000 advance_ms=1120.705
GPU BODY STREAM: vertices=171495 cpu_hair_vertices=0
GPU HAIR DRAW: vertices=2363760 frame_upload_bytes=630336 no_geometry_readback=true cpu_hair_poisoned=false
SECONDARY SAMPLE: frame=17 simulated_s=0.850000 advance_ms=1263.655
GPU BODY STREAM: vertices=171495 cpu_hair_vertices=0
GPU HAIR DRAW: vertices=2363760 frame_upload_bytes=630336 no_geometry_readback=true cpu_hair_poisoned=false
SECONDARY SAMPLE: frame=18 simulated_s=0.900000 advance_ms=1049.468
GPU BODY STREAM: vertices=171495 cpu_hair_vertices=0
GPU HAIR DRAW: vertices=2363760 frame_upload_bytes=630336 no_geometry_readback=true cpu_hair_poisoned=false
SECONDARY SAMPLE: frame=19 simulated_s=0.950000 advance_ms=1354.674
GPU BODY STREAM: vertices=171495 cpu_hair_vertices=0
GPU HAIR DRAW: vertices=2363760 frame_upload_bytes=630336 no_geometry_readback=true cpu_hair_poisoned=false
SECONDARY SAMPLE: frame=20 simulated_s=1.000000 advance_ms=933.426
GPU BODY STREAM: vertices=171495 cpu_hair_vertices=0
GPU HAIR DRAW: vertices=2363760 frame_upload_bytes=630336 no_geometry_readback=true cpu_hair_poisoned=false
SECONDARY SAMPLE: frame=21 simulated_s=1.050000 advance_ms=1286.005
GPU BODY STREAM: vertices=171495 cpu_hair_vertices=0
GPU HAIR DRAW: vertices=2363760 frame_upload_bytes=630336 no_geometry_readback=true cpu_hair_poisoned=false
SECONDARY SAMPLE: frame=22 simulated_s=1.100000 advance_ms=1578.017
GPU BODY STREAM: vertices=171495 cpu_hair_vertices=0
GPU HAIR DRAW: vertices=2363760 frame_upload_bytes=630336 no_geometry_readback=true cpu_hair_poisoned=false
SECONDARY SAMPLE: frame=23 simulated_s=1.150000 advance_ms=949.628
GPU BODY STREAM: vertices=171495 cpu_hair_vertices=0
GPU HAIR DRAW: vertices=2363760 frame_upload_bytes=630336 no_geometry_readback=true cpu_hair_poisoned=false
SECONDARY SAMPLE: frame=24 simulated_s=1.200000 advance_ms=1213.665
GPU BODY STREAM: vertices=171495 cpu_hair_vertices=0
GPU HAIR DRAW: vertices=2363760 frame_upload_bytes=630336 no_geometry_readback=true cpu_hair_poisoned=false
SECONDARY SAMPLE: frame=25 simulated_s=1.250000 advance_ms=1022.846
GPU BODY STREAM: vertices=171495 cpu_hair_vertices=0
GPU HAIR DRAW: vertices=2363760 frame_upload_bytes=630336 no_geometry_readback=true cpu_hair_poisoned=false
SECONDARY SAMPLE: frame=26 simulated_s=1.300000 advance_ms=950.945
GPU BODY STREAM: vertices=171495 cpu_hair_vertices=0
GPU HAIR DRAW: vertices=2363760 frame_upload_bytes=630336 no_geometry_readback=true cpu_hair_poisoned=false
SECONDARY SAMPLE: frame=27 simulated_s=1.350000 advance_ms=1185.147
GPU BODY STREAM: vertices=171495 cpu_hair_vertices=0
GPU HAIR DRAW: vertices=2363760 frame_upload_bytes=630336 no_geometry_readback=true cpu_hair_poisoned=false
SECONDARY SAMPLE: frame=28 simulated_s=1.400000 advance_ms=1259.060
GPU BODY STREAM: vertices=171495 cpu_hair_vertices=0
GPU HAIR DRAW: vertices=2363760 frame_upload_bytes=630336 no_geometry_readback=true cpu_hair_poisoned=false
SECONDARY SAMPLE: frame=29 simulated_s=1.450000 advance_ms=926.509
GPU BODY STREAM: vertices=171495 cpu_hair_vertices=0
GPU HAIR DRAW: vertices=2363760 frame_upload_bytes=630336 no_geometry_readback=true cpu_hair_poisoned=false
SECONDARY SAMPLE: frame=30 simulated_s=1.500000 advance_ms=972.225
GPU BODY STREAM: vertices=171495 cpu_hair_vertices=0
GPU HAIR DRAW: vertices=2363760 frame_upload_bytes=630336 no_geometry_readback=true cpu_hair_poisoned=false
SECONDARY SAMPLE: frame=31 simulated_s=1.550000 advance_ms=1216.680
GPU BODY STREAM: vertices=171495 cpu_hair_vertices=0
GPU HAIR DRAW: vertices=2363760 frame_upload_bytes=630336 no_geometry_readback=true cpu_hair_poisoned=false
SECONDARY SAMPLE: frame=32 simulated_s=1.600000 advance_ms=1060.720
GPU BODY STREAM: vertices=171495 cpu_hair_vertices=0
GPU HAIR DRAW: vertices=2363760 frame_upload_bytes=630336 no_geometry_readback=true cpu_hair_poisoned=false
SECONDARY SAMPLE: frame=33 simulated_s=1.650000 advance_ms=1062.396
GPU BODY STREAM: vertices=171495 cpu_hair_vertices=0
GPU HAIR DRAW: vertices=2363760 frame_upload_bytes=630336 no_geometry_readback=true cpu_hair_poisoned=false
SECONDARY SAMPLE: frame=34 simulated_s=1.700000 advance_ms=1089.111
GPU BODY STREAM: vertices=171495 cpu_hair_vertices=0
GPU HAIR DRAW: vertices=2363760 frame_upload_bytes=630336 no_geometry_readback=true cpu_hair_poisoned=false
SECONDARY SAMPLE: frame=35 simulated_s=1.750000 advance_ms=996.012
GPU BODY STREAM: vertices=171495 cpu_hair_vertices=0
GPU HAIR DRAW: vertices=2363760 frame_upload_bytes=630336 no_geometry_readback=true cpu_hair_poisoned=false
SECONDARY SAMPLE: frame=36 simulated_s=1.800000 advance_ms=1378.809
GPU BODY STREAM: vertices=171495 cpu_hair_vertices=0
GPU HAIR DRAW: vertices=2363760 frame_upload_bytes=630336 no_geometry_readback=true cpu_hair_poisoned=false
SECONDARY SAMPLE: frame=37 simulated_s=1.850000 advance_ms=1072.335
GPU BODY STREAM: vertices=171495 cpu_hair_vertices=0
GPU HAIR DRAW: vertices=2363760 frame_upload_bytes=630336 no_geometry_readback=true cpu_hair_poisoned=false
SECONDARY SAMPLE: frame=38 simulated_s=1.900000 advance_ms=798.771
GPU BODY STREAM: vertices=171495 cpu_hair_vertices=0
GPU HAIR DRAW: vertices=2363760 frame_upload_bytes=630336 no_geometry_readback=true cpu_hair_poisoned=false
SECONDARY SAMPLE: frame=39 simulated_s=1.950000 advance_ms=762.842
GPU BODY STREAM: vertices=171495 cpu_hair_vertices=0
GPU HAIR DRAW: vertices=2363760 frame_upload_bytes=630336 no_geometry_readback=true cpu_hair_poisoned=false
SECONDARY SAMPLE: frame=40 simulated_s=2.000000 advance_ms=1085.695
GPU BODY STREAM: vertices=171495 cpu_hair_vertices=0
GPU HAIR DRAW: vertices=2363760 frame_upload_bytes=630336 no_geometry_readback=true cpu_hair_poisoned=false
SECONDARY SAMPLE: frame=41 simulated_s=2.050000 advance_ms=962.377
GPU BODY STREAM: vertices=171495 cpu_hair_vertices=0
GPU HAIR DRAW: vertices=2363760 frame_upload_bytes=630336 no_geometry_readback=true cpu_hair_poisoned=false
SECONDARY SAMPLE: frame=42 simulated_s=2.100000 advance_ms=1002.154
GPU BODY STREAM: vertices=171495 cpu_hair_vertices=0
GPU HAIR DRAW: vertices=2363760 frame_upload_bytes=630336 no_geometry_readback=true cpu_hair_poisoned=false
SECONDARY SAMPLE: frame=43 simulated_s=2.150000 advance_ms=1545.389
GPU BODY STREAM: vertices=171495 cpu_hair_vertices=0
GPU HAIR DRAW: vertices=2363760 frame_upload_bytes=630336 no_geometry_readback=true cpu_hair_poisoned=false
SECONDARY SAMPLE: frame=44 simulated_s=2.200000 advance_ms=1146.807
GPU BODY STREAM: vertices=171495 cpu_hair_vertices=0
GPU HAIR DRAW: vertices=2363760 frame_upload_bytes=630336 no_geometry_readback=true cpu_hair_poisoned=false
SECONDARY SAMPLE: frame=45 simulated_s=2.250000 advance_ms=1081.522
GPU BODY STREAM: vertices=171495 cpu_hair_vertices=0
GPU HAIR DRAW: vertices=2363760 frame_upload_bytes=630336 no_geometry_readback=true cpu_hair_poisoned=false
SECONDARY SAMPLE: frame=46 simulated_s=2.300000 advance_ms=1035.138
GPU BODY STREAM: vertices=171495 cpu_hair_vertices=0
GPU HAIR DRAW: vertices=2363760 frame_upload_bytes=630336 no_geometry_readback=true cpu_hair_poisoned=false
SECONDARY SAMPLE: frame=47 simulated_s=2.350000 advance_ms=904.173
GPU BODY STREAM: vertices=171495 cpu_hair_vertices=0
GPU HAIR DRAW: vertices=2363760 frame_upload_bytes=630336 no_geometry_readback=true cpu_hair_poisoned=false
SECONDARY SAMPLE: frame=48 simulated_s=2.400000 advance_ms=929.622
GPU BODY STREAM: vertices=171495 cpu_hair_vertices=0
GPU HAIR DRAW: vertices=2363760 frame_upload_bytes=630336 no_geometry_readback=true cpu_hair_poisoned=false
SECONDARY SAMPLE: frame=49 simulated_s=2.450000 advance_ms=1083.485
GPU BODY STREAM: vertices=171495 cpu_hair_vertices=0
GPU HAIR DRAW: vertices=2363760 frame_upload_bytes=630336 no_geometry_readback=true cpu_hair_poisoned=false
SECONDARY SAMPLE: frame=50 simulated_s=2.500000 advance_ms=1121.669
GPU BODY STREAM: vertices=171495 cpu_hair_vertices=0
GPU HAIR DRAW: vertices=2363760 frame_upload_bytes=630336 no_geometry_readback=true cpu_hair_poisoned=false
SECONDARY SAMPLE: frame=51 simulated_s=2.550000 advance_ms=993.286
GPU BODY STREAM: vertices=171495 cpu_hair_vertices=0
GPU HAIR DRAW: vertices=2363760 frame_upload_bytes=630336 no_geometry_readback=true cpu_hair_poisoned=false
SECONDARY SAMPLE: frame=52 simulated_s=2.600000 advance_ms=1121.083
GPU BODY STREAM: vertices=171495 cpu_hair_vertices=0
GPU HAIR DRAW: vertices=2363760 frame_upload_bytes=630336 no_geometry_readback=true cpu_hair_poisoned=false
SECONDARY SAMPLE: frame=53 simulated_s=2.650000 advance_ms=1149.476
GPU BODY STREAM: vertices=171495 cpu_hair_vertices=0
GPU HAIR DRAW: vertices=2363760 frame_upload_bytes=630336 no_geometry_readback=true cpu_hair_poisoned=false
SECONDARY SAMPLE: frame=54 simulated_s=2.700000 advance_ms=1069.343
GPU BODY STREAM: vertices=171495 cpu_hair_vertices=0
GPU HAIR DRAW: vertices=2363760 frame_upload_bytes=630336 no_geometry_readback=true cpu_hair_poisoned=false
SECONDARY SAMPLE: frame=55 simulated_s=2.750000 advance_ms=927.621
GPU BODY STREAM: vertices=171495 cpu_hair_vertices=0
GPU HAIR DRAW: vertices=2363760 frame_upload_bytes=630336 no_geometry_readback=true cpu_hair_poisoned=false
SECONDARY SAMPLE: frame=56 simulated_s=2.800000 advance_ms=996.884
GPU BODY STREAM: vertices=171495 cpu_hair_vertices=0
GPU HAIR DRAW: vertices=2363760 frame_upload_bytes=630336 no_geometry_readback=true cpu_hair_poisoned=false
SECONDARY SAMPLE: frame=57 simulated_s=2.850000 advance_ms=1170.045
GPU BODY STREAM: vertices=171495 cpu_hair_vertices=0
GPU HAIR DRAW: vertices=2363760 frame_upload_bytes=630336 no_geometry_readback=true cpu_hair_poisoned=false
SECONDARY SAMPLE: frame=58 simulated_s=2.900000 advance_ms=945.606
GPU BODY STREAM: vertices=171495 cpu_hair_vertices=0
GPU HAIR DRAW: vertices=2363760 frame_upload_bytes=630336 no_geometry_readback=true cpu_hair_poisoned=false
SECONDARY SAMPLE: frame=59 simulated_s=2.950000 advance_ms=1192.433
GPU BODY STREAM: vertices=171495 cpu_hair_vertices=0
GPU HAIR DRAW: vertices=2363760 frame_upload_bytes=630336 no_geometry_readback=true cpu_hair_poisoned=false
SECONDARY SAMPLE: frame=60 simulated_s=3.000000 advance_ms=1032.804
GPU BODY STREAM: vertices=171495 cpu_hair_vertices=0
GPU HAIR DRAW: vertices=2363760 frame_upload_bytes=630336 no_geometry_readback=true cpu_hair_poisoned=false
SECONDARY SAMPLE: frame=61 simulated_s=3.050000 advance_ms=1042.043
GPU BODY STREAM: vertices=171495 cpu_hair_vertices=0
GPU HAIR DRAW: vertices=2363760 frame_upload_bytes=630336 no_geometry_readback=true cpu_hair_poisoned=false
SECONDARY SAMPLE: frame=62 simulated_s=3.100000 advance_ms=967.311
GPU BODY STREAM: vertices=171495 cpu_hair_vertices=0
GPU HAIR DRAW: vertices=2363760 frame_upload_bytes=630336 no_geometry_readback=true cpu_hair_poisoned=false
SECONDARY SAMPLE: frame=63 simulated_s=3.150000 advance_ms=1035.784
GPU BODY STREAM: vertices=171495 cpu_hair_vertices=0
GPU HAIR DRAW: vertices=2363760 frame_upload_bytes=630336 no_geometry_readback=true cpu_hair_poisoned=false
SECONDARY SAMPLE: frame=64 simulated_s=3.200000 advance_ms=1194.401
GPU BODY STREAM: vertices=171495 cpu_hair_vertices=0
GPU HAIR DRAW: vertices=2363760 frame_upload_bytes=630336 no_geometry_readback=true cpu_hair_poisoned=false
SECONDARY SAMPLE: frame=65 simulated_s=3.250000 advance_ms=1125.126
GPU BODY STREAM: vertices=171495 cpu_hair_vertices=0
GPU HAIR DRAW: vertices=2363760 frame_upload_bytes=630336 no_geometry_readback=true cpu_hair_poisoned=false
SECONDARY SAMPLE: frame=66 simulated_s=3.300000 advance_ms=959.514
GPU BODY STREAM: vertices=171495 cpu_hair_vertices=0
GPU HAIR DRAW: vertices=2363760 frame_upload_bytes=630336 no_geometry_readback=true cpu_hair_poisoned=false
SECONDARY SAMPLE: frame=67 simulated_s=3.350000 advance_ms=1023.268
GPU BODY STREAM: vertices=171495 cpu_hair_vertices=0
GPU HAIR DRAW: vertices=2363760 frame_upload_bytes=630336 no_geometry_readback=true cpu_hair_poisoned=false
SECONDARY SAMPLE: frame=68 simulated_s=3.400000 advance_ms=906.283
GPU BODY STREAM: vertices=171495 cpu_hair_vertices=0
GPU HAIR DRAW: vertices=2363760 frame_upload_bytes=630336 no_geometry_readback=true cpu_hair_poisoned=false
SECONDARY SAMPLE: frame=69 simulated_s=3.450000 advance_ms=1039.462
GPU BODY STREAM: vertices=171495 cpu_hair_vertices=0
GPU HAIR DRAW: vertices=2363760 frame_upload_bytes=630336 no_geometry_readback=true cpu_hair_poisoned=false
SECONDARY SAMPLE: frame=70 simulated_s=3.500000 advance_ms=1130.143
GPU BODY STREAM: vertices=171495 cpu_hair_vertices=0
GPU HAIR DRAW: vertices=2363760 frame_upload_bytes=630336 no_geometry_readback=true cpu_hair_poisoned=false
SECONDARY SAMPLE: frame=71 simulated_s=3.550000 advance_ms=993.338
GPU BODY STREAM: vertices=171495 cpu_hair_vertices=0
GPU HAIR DRAW: vertices=2363760 frame_upload_bytes=630336 no_geometry_readback=true cpu_hair_poisoned=false
SECONDARY SAMPLE: frame=72 simulated_s=3.600000 advance_ms=1054.807
GPU BODY STREAM: vertices=171495 cpu_hair_vertices=0
GPU HAIR DRAW: vertices=2363760 frame_upload_bytes=630336 no_geometry_readback=true cpu_hair_poisoned=false
SECONDARY SAMPLE: frame=73 simulated_s=3.650000 advance_ms=1176.964
GPU BODY STREAM: vertices=171495 cpu_hair_vertices=0
GPU HAIR DRAW: vertices=2363760 frame_upload_bytes=630336 no_geometry_readback=true cpu_hair_poisoned=false
SECONDARY SAMPLE: frame=74 simulated_s=3.700000 advance_ms=1239.338
GPU BODY STREAM: vertices=171495 cpu_hair_vertices=0
GPU HAIR DRAW: vertices=2363760 frame_upload_bytes=630336 no_geometry_readback=true cpu_hair_poisoned=false
SECONDARY SAMPLE: frame=75 simulated_s=3.750000 advance_ms=1177.676
GPU BODY STREAM: vertices=171495 cpu_hair_vertices=0
GPU HAIR DRAW: vertices=2363760 frame_upload_bytes=630336 no_geometry_readback=true cpu_hair_poisoned=false
SECONDARY SAMPLE: frame=76 simulated_s=3.800000 advance_ms=1137.534
GPU BODY STREAM: vertices=171495 cpu_hair_vertices=0
GPU HAIR DRAW: vertices=2363760 frame_upload_bytes=630336 no_geometry_readback=true cpu_hair_poisoned=false
SECONDARY SAMPLE: frame=77 simulated_s=3.850000 advance_ms=1055.763
GPU BODY STREAM: vertices=171495 cpu_hair_vertices=0
GPU HAIR DRAW: vertices=2363760 frame_upload_bytes=630336 no_geometry_readback=true cpu_hair_poisoned=false
SECONDARY SAMPLE: frame=78 simulated_s=3.900000 advance_ms=1135.803
GPU BODY STREAM: vertices=171495 cpu_hair_vertices=0
GPU HAIR DRAW: vertices=2363760 frame_upload_bytes=630336 no_geometry_readback=true cpu_hair_poisoned=false
SECONDARY SAMPLE: frame=79 simulated_s=3.950000 advance_ms=948.649
GPU BODY STREAM: vertices=171495 cpu_hair_vertices=0
GPU HAIR DRAW: vertices=2363760 frame_upload_bytes=630336 no_geometry_readback=true cpu_hair_poisoned=false
SECONDARY SAMPLE: frame=80 simulated_s=4.000000 advance_ms=927.760
GPU BODY STREAM: vertices=171495 cpu_hair_vertices=0
GPU HAIR DRAW: vertices=2363760 frame_upload_bytes=630336 no_geometry_readback=true cpu_hair_poisoned=false
SECONDARY SAMPLE: frame=81 simulated_s=4.050000 advance_ms=1029.840
GPU BODY STREAM: vertices=171495 cpu_hair_vertices=0
GPU HAIR DRAW: vertices=2363760 frame_upload_bytes=630336 no_geometry_readback=true cpu_hair_poisoned=false
SECONDARY SAMPLE: frame=82 simulated_s=4.100000 advance_ms=958.270
GPU BODY STREAM: vertices=171495 cpu_hair_vertices=0
GPU HAIR DRAW: vertices=2363760 frame_upload_bytes=630336 no_geometry_readback=true cpu_hair_poisoned=false
SECONDARY SAMPLE: frame=83 simulated_s=4.150000 advance_ms=891.169
GPU BODY STREAM: vertices=171495 cpu_hair_vertices=0
GPU HAIR DRAW: vertices=2363760 frame_upload_bytes=630336 no_geometry_readback=true cpu_hair_poisoned=false
SECONDARY SAMPLE: frame=84 simulated_s=4.200000 advance_ms=1367.622
GPU BODY STREAM: vertices=171495 cpu_hair_vertices=0
GPU HAIR DRAW: vertices=2363760 frame_upload_bytes=630336 no_geometry_readback=true cpu_hair_poisoned=false
SECONDARY SAMPLE: frame=85 simulated_s=4.250000 advance_ms=929.797
GPU BODY STREAM: vertices=171495 cpu_hair_vertices=0
GPU HAIR DRAW: vertices=2363760 frame_upload_bytes=630336 no_geometry_readback=true cpu_hair_poisoned=false
SECONDARY SAMPLE: frame=86 simulated_s=4.300000 advance_ms=1049.743
GPU BODY STREAM: vertices=171495 cpu_hair_vertices=0
GPU HAIR DRAW: vertices=2363760 frame_upload_bytes=630336 no_geometry_readback=true cpu_hair_poisoned=false
SECONDARY SAMPLE: frame=87 simulated_s=4.350000 advance_ms=793.230
GPU BODY STREAM: vertices=171495 cpu_hair_vertices=0
GPU HAIR DRAW: vertices=2363760 frame_upload_bytes=630336 no_geometry_readback=true cpu_hair_poisoned=false
SECONDARY SAMPLE: frame=88 simulated_s=4.400000 advance_ms=867.037
GPU BODY STREAM: vertices=171495 cpu_hair_vertices=0
GPU HAIR DRAW: vertices=2363760 frame_upload_bytes=630336 no_geometry_readback=true cpu_hair_poisoned=false
SECONDARY SAMPLE: frame=89 simulated_s=4.450000 advance_ms=1268.406
GPU BODY STREAM: vertices=171495 cpu_hair_vertices=0
GPU HAIR DRAW: vertices=2363760 frame_upload_bytes=630336 no_geometry_readback=true cpu_hair_poisoned=false
SECONDARY SAMPLE: frame=90 simulated_s=4.500000 advance_ms=1185.009
GPU BODY STREAM: vertices=171495 cpu_hair_vertices=0
GPU HAIR DRAW: vertices=2363760 frame_upload_bytes=630336 no_geometry_readback=true cpu_hair_poisoned=false
SECONDARY SAMPLE: frame=91 simulated_s=4.550000 advance_ms=1295.653
GPU BODY STREAM: vertices=171495 cpu_hair_vertices=0
GPU HAIR DRAW: vertices=2363760 frame_upload_bytes=630336 no_geometry_readback=true cpu_hair_poisoned=false
SECONDARY SAMPLE: frame=92 simulated_s=4.600000 advance_ms=1170.400
GPU BODY STREAM: vertices=171495 cpu_hair_vertices=0
GPU HAIR DRAW: vertices=2363760 frame_upload_bytes=630336 no_geometry_readback=true cpu_hair_poisoned=false
SECONDARY SAMPLE: frame=93 simulated_s=4.650000 advance_ms=889.982
GPU BODY STREAM: vertices=171495 cpu_hair_vertices=0
GPU HAIR DRAW: vertices=2363760 frame_upload_bytes=630336 no_geometry_readback=true cpu_hair_poisoned=false
SECONDARY SAMPLE: frame=94 simulated_s=4.700000 advance_ms=1145.456
GPU BODY STREAM: vertices=171495 cpu_hair_vertices=0
GPU HAIR DRAW: vertices=2363760 frame_upload_bytes=630336 no_geometry_readback=true cpu_hair_poisoned=false
SECONDARY SAMPLE: frame=95 simulated_s=4.750000 advance_ms=1159.673
GPU BODY STREAM: vertices=171495 cpu_hair_vertices=0
GPU HAIR DRAW: vertices=2363760 frame_upload_bytes=630336 no_geometry_readback=true cpu_hair_poisoned=false
SECONDARY SAMPLE: frame=96 simulated_s=4.800000 advance_ms=1190.611
GPU BODY STREAM: vertices=171495 cpu_hair_vertices=0
GPU HAIR DRAW: vertices=2363760 frame_upload_bytes=630336 no_geometry_readback=true cpu_hair_poisoned=false
SECONDARY SAMPLE: frame=97 simulated_s=4.850000 advance_ms=1176.520
GPU BODY STREAM: vertices=171495 cpu_hair_vertices=0
GPU HAIR DRAW: vertices=2363760 frame_upload_bytes=630336 no_geometry_readback=true cpu_hair_poisoned=false
SECONDARY SAMPLE: frame=98 simulated_s=4.900000 advance_ms=1322.192
GPU BODY STREAM: vertices=171495 cpu_hair_vertices=0
GPU HAIR DRAW: vertices=2363760 frame_upload_bytes=630336 no_geometry_readback=true cpu_hair_poisoned=false
SECONDARY SAMPLE: frame=99 simulated_s=4.950000 advance_ms=1193.597
GPU BODY STREAM: vertices=171495 cpu_hair_vertices=0
GPU HAIR DRAW: vertices=2363760 frame_upload_bytes=630336 no_geometry_readback=true cpu_hair_poisoned=false
SECONDARY SAMPLE: frame=100 simulated_s=5.000000 advance_ms=1029.907
GPU BODY STREAM: vertices=171495 cpu_hair_vertices=0
GPU HAIR DRAW: vertices=2363760 frame_upload_bytes=630336 no_geometry_readback=true cpu_hair_poisoned=false
SECONDARY SAMPLE: frame=101 simulated_s=5.050000 advance_ms=1060.376
GPU BODY STREAM: vertices=171495 cpu_hair_vertices=0
GPU HAIR DRAW: vertices=2363760 frame_upload_bytes=630336 no_geometry_readback=true cpu_hair_poisoned=false
SECONDARY SAMPLE: frame=102 simulated_s=5.100000 advance_ms=932.677
GPU BODY STREAM: vertices=171495 cpu_hair_vertices=0
GPU HAIR DRAW: vertices=2363760 frame_upload_bytes=630336 no_geometry_readback=true cpu_hair_poisoned=false
SECONDARY SAMPLE: frame=103 simulated_s=5.150000 advance_ms=995.354
GPU BODY STREAM: vertices=171495 cpu_hair_vertices=0
GPU HAIR DRAW: vertices=2363760 frame_upload_bytes=630336 no_geometry_readback=true cpu_hair_poisoned=false
SECONDARY SAMPLE: frame=104 simulated_s=5.200000 advance_ms=1231.245
GPU BODY STREAM: vertices=171495 cpu_hair_vertices=0
GPU HAIR DRAW: vertices=2363760 frame_upload_bytes=630336 no_geometry_readback=true cpu_hair_poisoned=false
SECONDARY SAMPLE: frame=105 simulated_s=5.250000 advance_ms=1081.784
GPU BODY STREAM: vertices=171495 cpu_hair_vertices=0
GPU HAIR DRAW: vertices=2363760 frame_upload_bytes=630336 no_geometry_readback=true cpu_hair_poisoned=false
SECONDARY SAMPLE: frame=106 simulated_s=5.300000 advance_ms=1302.498
GPU BODY STREAM: vertices=171495 cpu_hair_vertices=0
GPU HAIR DRAW: vertices=2363760 frame_upload_bytes=630336 no_geometry_readback=true cpu_hair_poisoned=false
SECONDARY SAMPLE: frame=107 simulated_s=5.350000 advance_ms=844.217
GPU BODY STREAM: vertices=171495 cpu_hair_vertices=0
GPU HAIR DRAW: vertices=2363760 frame_upload_bytes=630336 no_geometry_readback=true cpu_hair_poisoned=false
SECONDARY SAMPLE: frame=108 simulated_s=5.400000 advance_ms=972.014
GPU BODY STREAM: vertices=171495 cpu_hair_vertices=0
GPU HAIR DRAW: vertices=2363760 frame_upload_bytes=630336 no_geometry_readback=true cpu_hair_poisoned=false
SECONDARY SAMPLE: frame=109 simulated_s=5.450000 advance_ms=1077.279
GPU BODY STREAM: vertices=171495 cpu_hair_vertices=0
GPU HAIR DRAW: vertices=2363760 frame_upload_bytes=630336 no_geometry_readback=true cpu_hair_poisoned=false
SECONDARY SAMPLE: frame=110 simulated_s=5.500000 advance_ms=1213.398
GPU BODY STREAM: vertices=171495 cpu_hair_vertices=0
GPU HAIR DRAW: vertices=2363760 frame_upload_bytes=630336 no_geometry_readback=true cpu_hair_poisoned=false
SECONDARY SAMPLE: frame=111 simulated_s=5.550000 advance_ms=1082.437
GPU BODY STREAM: vertices=171495 cpu_hair_vertices=0
GPU HAIR DRAW: vertices=2363760 frame_upload_bytes=630336 no_geometry_readback=true cpu_hair_poisoned=false
SECONDARY SAMPLE: frame=112 simulated_s=5.600000 advance_ms=1105.066
GPU BODY STREAM: vertices=171495 cpu_hair_vertices=0
GPU HAIR DRAW: vertices=2363760 frame_upload_bytes=630336 no_geometry_readback=true cpu_hair_poisoned=false
SECONDARY SAMPLE: frame=113 simulated_s=5.650000 advance_ms=1035.842
GPU BODY STREAM: vertices=171495 cpu_hair_vertices=0
GPU HAIR DRAW: vertices=2363760 frame_upload_bytes=630336 no_geometry_readback=true cpu_hair_poisoned=false
SECONDARY SAMPLE: frame=114 simulated_s=5.700000 advance_ms=1055.115
GPU BODY STREAM: vertices=171495 cpu_hair_vertices=0
GPU HAIR DRAW: vertices=2363760 frame_upload_bytes=630336 no_geometry_readback=true cpu_hair_poisoned=false
SECONDARY SAMPLE: frame=115 simulated_s=5.750000 advance_ms=884.527
GPU BODY STREAM: vertices=171495 cpu_hair_vertices=0
GPU HAIR DRAW: vertices=2363760 frame_upload_bytes=630336 no_geometry_readback=true cpu_hair_poisoned=false
SECONDARY SAMPLE: frame=116 simulated_s=5.800000 advance_ms=895.776
GPU BODY STREAM: vertices=171495 cpu_hair_vertices=0
GPU HAIR DRAW: vertices=2363760 frame_upload_bytes=630336 no_geometry_readback=true cpu_hair_poisoned=false
SECONDARY SAMPLE: frame=117 simulated_s=5.850000 advance_ms=1076.810
GPU BODY STREAM: vertices=171495 cpu_hair_vertices=0
GPU HAIR DRAW: vertices=2363760 frame_upload_bytes=630336 no_geometry_readback=true cpu_hair_poisoned=false
SECONDARY SAMPLE: frame=118 simulated_s=5.900000 advance_ms=1148.864
GPU BODY STREAM: vertices=171495 cpu_hair_vertices=0
GPU HAIR DRAW: vertices=2363760 frame_upload_bytes=630336 no_geometry_readback=true cpu_hair_poisoned=false
SECONDARY SAMPLE: frame=119 simulated_s=5.950000 advance_ms=1204.728
GPU BODY STREAM: vertices=171495 cpu_hair_vertices=0
GPU HAIR DRAW: vertices=2363760 frame_upload_bytes=630336 no_geometry_readback=true cpu_hair_poisoned=false
Mesh update CPU: median 201.15 ms, max 967.67 ms
PASS: rendered 120 samples at 0.05 s intervals (0..5.95 s)
