   Compiling physics v0.1.0 (/tmp/voxy-contact-replay-20261006/crates/physics)
warning: unused import: `separation_lower_bound`
 --> crates/physics/src/biomechanics/surface_contact.rs:3:23
  |
3 |     PreparedTriangle, separation_lower_bound, triangle_distance, triangle_pair_path_is_open,
  |                       ^^^^^^^^^^^^^^^^^^^^^^
  |
  = note: `#[warn(unused_imports)]` (part of `#[warn(unused)]`) on by default

   Compiling physics_voxel v0.1.0 (/tmp/voxy-contact-replay-20261006/crates/physics_voxel)
   Compiling voxy_gameplay v0.1.0 (/tmp/voxy-contact-replay-20261006/crates/voxy_gameplay)
   Compiling voxy_rush v0.1.0 (/tmp/voxy-contact-replay-20261006/crates/voxy_rush)
   Compiling voxy_runtime v0.1.0 (/tmp/voxy-contact-replay-20261006/crates/voxy_runtime)
   Compiling voxy_gpu v0.1.0 (/tmp/voxy-contact-replay-20261006/crates/voxy_gpu)
   Compiling voxy_editor v0.1.0 (/tmp/voxy-contact-replay-20261006/crates/voxy_editor)
warning: multiple methods are never used
   --> crates/voxy_editor/src/animation_runtime.rs:197:19
    |
194 | impl AnimationRuntime {
    | --------------------- methods in this implementation
...
197 |     pub(super) fn initialize_root_reference(
    |                   ^^^^^^^^^^^^^^^^^^^^^^^^^
...
227 |     pub(super) fn initialize_root_reference_at_phase(
    |                   ^^^^^^^^^^^^^^^^^^^^^^^^^^^^^^^^^^
...
243 |     fn initialize_root_reference_at_scaled_phase(
    |        ^^^^^^^^^^^^^^^^^^^^^^^^^^^^^^^^^^^^^^^^^
...
278 |     pub(super) fn capture_owner_reference_with_scale(
    |                   ^^^^^^^^^^^^^^^^^^^^^^^^^^^^^^^^^^
...
300 |     fn capture_owner_reference_with_similarity(
    |        ^^^^^^^^^^^^^^^^^^^^^^^^^^^^^^^^^^^^^^^
...
328 |     pub(super) fn capture_owner_reference_from_parent(
    |                   ^^^^^^^^^^^^^^^^^^^^^^^^^^^^^^^^^^^
...
636 |     pub(super) fn fixed_step_scene_fades(
    |                   ^^^^^^^^^^^^^^^^^^^^^^
...
759 |     pub(super) fn set_clip_events(
    |                   ^^^^^^^^^^^^^^^
...
989 |     pub(super) fn prepare(
    |                   ^^^^^^^
    |
    = note: `#[warn(dead_code)]` (part of `#[warn(unused)]`) on by default

warning: associated function `new` is never used
   --> crates/voxy_editor/src/foot_placement.rs:235:19
    |
228 | impl FootRuntime {
    | ---------------- associated function in this implementation
...
235 |     pub(super) fn new(model: &ModelAsset, settings: ModelFootPlacement) -> Result<Self, String> {
    |                   ^^^

warning: method `bind_motion` is never used
   --> crates/voxy_editor/src/model_playback.rs:179:19
    |
150 | impl PreparedModelFade {
    | ---------------------- method in this implementation
...
179 |     pub(crate) fn bind_motion(
    |                   ^^^^^^^^^^^

warning: methods `prepare_certified_fade`, `set_clip_events`, and `advance_with_motion` are never used
   --> crates/voxy_editor/src/model_playback.rs:370:19
    |
337 | impl ModelPlayback {
    | ------------------ methods in this implementation
...
370 |     pub(crate) fn prepare_certified_fade(
    |                   ^^^^^^^^^^^^^^^^^^^^^^
...
523 |     pub(crate) fn set_clip_events(
    |                   ^^^^^^^^^^^^^^^
...
648 |     pub(crate) fn advance_with_motion<T>(
    |                   ^^^^^^^^^^^^^^^^^^^

   Compiling voxy_app v0.1.0 (/tmp/voxy-contact-replay-20261006/crates/voxy_app)
warning: `physics` (lib) generated 1 warning (run `cargo fix --lib -p physics` to apply 1 suggestion)
warning: field `initial_energy_j` is never read
  --> crates/voxy_app/src/tissue_demo.rs:82:9
   |
79 |     Continuum {
   |     --------- field in this variant
...
82 |         initial_energy_j: f64,
   |         ^^^^^^^^^^^^^^^^
   |
   = note: `DemoTissue` has derived impls for the traits `Debug` and `Clone`, but these are intentionally ignored during dead code analysis
   = note: `#[warn(dead_code)]` (part of `#[warn(unused)]`) on by default

warning: method `volumes` is never used
  --> crates/voxy_app/src/tissue_demo.rs:95:8
   |
88 | impl DemoTissue {
   | --------------- method in this implementation
...
95 |     fn volumes(&self) -> Vec<f64> {
   |        ^^^^^^^

warning: multiple associated items are never used
   --> crates/voxy_app/src/tissue_demo.rs:325:19
    |
146 | impl TissueDemo {
    | --------------- associated items in this implementation
...
325 |     pub(crate) fn body_volumes_m3(&self) -> Vec<f64> {
    |                   ^^^^^^^^^^^^^^^
...
333 |     pub(crate) fn body_energy_receipts(&self) -> Result<Vec<[f64; 4]>, &'static str> {
    |                   ^^^^^^^^^^^^^^^^^^^^
...
357 |     pub(crate) fn body_step_counts(&self) -> Vec<(u64, u64, usize)> {
    |                   ^^^^^^^^^^^^^^^^
...
374 |     pub(crate) fn body_thermal_diagnostics(&self) -> Result<Vec<(f64, f64, f64)>, &'static str> {
    |                   ^^^^^^^^^^^^^^^^^^^^^^^^
...
467 |     pub(crate) fn advance_with_palette(
    |                   ^^^^^^^^^^^^^^^^^^^^
...
477 |     pub(crate) fn bind_contact_surface(
    |                   ^^^^^^^^^^^^^^^^^^^^
...
483 |     pub(crate) fn bind_contact_surfaces(
    |                   ^^^^^^^^^^^^^^^^^^^^^
...
505 |     pub(crate) fn advance_with_palette_and_surface(
    |                   ^^^^^^^^^^^^^^^^^^^^^^^^^^^^^^^^
...
519 |     pub(crate) fn advance_with_palette_and_surfaces(
    |                   ^^^^^^^^^^^^^^^^^^^^^^^^^^^^^^^^^
...
533 |     pub(crate) fn advance_with_palette64_and_surfaces(
    |                   ^^^^^^^^^^^^^^^^^^^^^^^^^^^^^^^^^^^
...
549 |     pub(crate) fn tissue_mesh(&self) -> Result<SceneMesh, voxy_render::SceneError> {
    |                   ^^^^^^^^^^^
...
967 |     fn advance_continuum(
    |        ^^^^^^^^^^^^^^^^^

warning: associated items `female_from_assets` and `set_strain_fixture` are never used
    --> crates/voxy_app/src/female_demo.rs:199:19
     |
 195 | impl FemaleDemo {
     | --------------- associated items in this implementation
...
 199 |     pub(crate) fn female_from_assets(
     |                   ^^^^^^^^^^^^^^^^^^
...
1018 |     pub(crate) fn set_strain_fixture(&mut self, x_stretch: f64) -> Result<(), &'static str> {
     |                   ^^^^^^^^^^^^^^^^^^

warning: field `assembly_ms` is never read
 --> crates/voxy_app/src/skin_light_diffusion.rs:6:5
  |
5 | struct Timings {
  |        ------- field in this struct
6 |     assembly_ms: f64,
  |     ^^^^^^^^^^^
  |
  = note: `Timings` has a derived impl for the trait `Debug`, but this is intentionally ignored during dead code analysis

warning: function `diffuse` is never used
  --> crates/voxy_app/src/skin_light_diffusion.rs:11:15
   |
11 | pub(super) fn diffuse(
   |               ^^^^^^^

warning: function `diffuse_measured` is never used
  --> crates/voxy_app/src/skin_light_diffusion.rs:70:4
   |
70 | fn diffuse_measured(
   |    ^^^^^^^^^^^^^^^^

warning: function `diffuse_measured_with_parallel` is never used
  --> crates/voxy_app/src/skin_light_diffusion.rs:78:4
   |
78 | fn diffuse_measured_with_parallel(
   |    ^^^^^^^^^^^^^^^^^^^^^^^^^^^^^^

warning: function `status` is never used
  --> crates/voxy_app/src/model_presentation.rs:36:8
   |
36 | pub fn status(parameters: &Path, current: &Value) -> Value {
   |        ^^^^^^

warning: function `atomic_json` is never used
  --> crates/voxy_app/src/model_presentation.rs:82:4
   |
82 | fn atomic_json(path: &Path, value: &Value) -> Result<(), Box<dyn std::error::Error>> {
   |    ^^^^^^^^^^^

warning: function `request_film_state` is never used
  --> crates/voxy_app/src/model_presentation.rs:95:8
   |
95 | pub fn request_film_state(parameters: &Path) -> Result<Value, Box<dyn std::error::Error>> {
   |        ^^^^^^^^^^^^^^^^^^

warning: function `film_state_status` is never used
   --> crates/voxy_app/src/model_presentation.rs:150:8
    |
150 | pub fn film_state_status(parameters: &Path, id: &str) -> Result<Value, Box<dyn std::error::Error>> {
    |        ^^^^^^^^^^^^^^^^^

warning: method `to_json` is never used
  --> crates/voxy_app/src/view_settings.rs:15:12
   |
14 | impl ViewSettings {
   | ----------------- method in this implementation
15 |     pub fn to_json(&self) -> Value {
   |            ^^^^^^^

warning: function `deform` is never used
   --> crates/voxy_app/src/female_face.rs:107:15
    |
107 | pub(crate) fn deform(vertices: &mut [SceneVertex], body_vertices: usize, pose: FacePose) {
    |               ^^^^^^

warning: method `append` is never used
   --> crates/voxy_app/src/female_features.rs:236:12
    |
 31 | impl FaceFeatures {
    | ----------------- method in this implementation
...
236 |     pub fn append(
    |            ^^^^^^

warning: method `apply` is never used
    --> crates/voxy_app/src/face_parameters.rs:2570:19
     |
2530 | impl FaceParameters {
     | ------------------- method in this implementation
...
2570 |     pub(crate) fn apply(&self, vertices: &mut [SceneVertex], head: Mat4) {
     |                   ^^^^^

warning: method `restore_snapshot` is never used
   --> crates/voxy_app/src/surface_film_preview.rs:345:12
    |
 20 | impl FilmPreview {
    | ---------------- method in this implementation
...
345 |     pub fn restore_snapshot(&mut self, snapshot: &serde_json::Value) -> Result<(), &'static str> {
    |            ^^^^^^^^^^^^^^^^

warning: method `topology` is never used
   --> crates/voxy_app/src/fem_demo.rs:100:19
    |
 56 | impl FemDemo {
    | ------------ method in this implementation
...
100 |     pub(crate) fn topology(&self) -> Result<(usize, usize), Box<dyn std::error::Error>> {
    |                   ^^^^^^^^

warning: `voxy_editor` (lib) generated 4 warnings
warning: `voxy_app` (lib) generated 18 warnings
warning: methods `biomechanics_title`, `is_body`, and `body_motion_title` are never used
   --> crates/voxy_app/examples/../src/tissue_demo.rs:181:19
    |
146 | impl TissueDemo {
    | --------------- methods in this implementation
...
181 |     pub(crate) fn biomechanics_title(&self) -> Option<String> {
    |                   ^^^^^^^^^^^^^^^^^^
...
321 |     pub(crate) fn is_body(&self) -> bool {
    |                   ^^^^^^^
...
418 |     pub(crate) fn body_motion_title(&self) -> Option<String> {
    |                   ^^^^^^^^^^^^^^^^^
    |
    = note: `#[warn(dead_code)]` (part of `#[warn(unused)]`) on by default

warning: `voxy_app` (example "body_motion_snapshot" test) generated 1 warning
    Finished `release` profile [optimized] target(s) in 18.76s
     Running unittests examples/body_motion_snapshot.rs (/tmp/voxy-moving-supports-final-20261005/release/examples/body_motion_snapshot-80326302b011fb26)

running 1 test
IMPORTED support centers: [[-0.0990283414721489, 0.7890225052833557, 0.1306656002998352], [0.06097165495157242, 0.7890225052833557, 0.1306656002998352], [-0.08844652771949768, 0.4791085422039032, -0.05612833797931671], [0.047629572451114655, 0.4791243374347687, -0.056171491742134094]]
IMPORTED support centers: [[-0.0990283414721489, 0.7890225052833557, 0.1306656002998352], [0.06097165495157242, 0.7890225052833557, 0.1306656002998352], [-0.08844652771949768, 0.4791085422039032, -0.05612833797931671], [0.047629572451114655, 0.4791243374347687, -0.056171491742134094]]
WIDE_IMPORTED_CONTACT_COMMITTED step=12
WIDE_IMPORTED_CONTACT_COMMITTED step=24
WIDE_IMPORTED_CONTACT_COMMITTED step=36
WIDE_IMPORTED_CONTACT_COMMITTED step=48
IMPLICIT_TERMINAL_GEOMETRY dt=1.04166666666666665e-3 body_start=[[-0.08603406697738145, 0.5941664640248115, -0.10159488894793547], [0.005058663390813906, 0.594189031357091, -0.10220380699273676], [-0.1767549545495156, 0.5941467089841842, -0.10553603014461883], [-0.08688084258941607, 0.6645393264795474, -0.04474991554182173], [-0.08476712386259319, 0.5223621301622277, -0.15511830333676313], [-0.08690867314941832, 0.5535953832812541, -0.050247042622082246], [-0.0850143582414945, 0.6333131303233169, -0.1512696039266541], [-0.022887898996676304, 0.6435418885838299, -0.06187256796779359], [-0.0872764174803433, 0.6151988228878756, -0.02575829733531045], [-0.022824501345202506, 0.5655057689830748, -0.06682603627511603], [-0.0861337755660302, 0.6722702788708053, -0.09740406353603566], [-0.020985258357420565, 0.6227511633827877, -0.13728875979225252], [-0.021885189513857012, 0.5438112741584291, -0.14096181614017744], [-0.08583088067450811, 0.5148230802548568, -0.10207611817208809], [-0.08449778796883618, 0.5702363560128947, -0.17678837528914146], [-0.15028707622829818, 0.6436354138298791, -0.06403581647692781], [-0.15037568683904012, 0.5654046714542987, -0.06921031099576483], [-0.1495525505747126, 0.6227575630646623, -0.13964628007538807], [-0.14827693056937483, 0.5436179011954207, -0.1433713811898164]] body_end=[[-0.08597415848998072, 0.5950903255434934, -0.10188205393830116], [0.0051243086210708295, 0.5954152477438357, -0.10239210143174167], [-0.17670087467042397, 0.5954074422753899, -0.10579761369925691], [-0.0868566125052545, 0.6651068785250249, -0.04455422811458455], [-0.08470405649797672, 0.5234352459773308, -0.15556109773868546], [-0.08688478385219323, 0.554464753665606, -0.05060860537125233], [-0.0849560724097706, 0.634364266739459, -0.1512103206091063], [-0.02298324888170589, 0.6443220598444104, -0.061714878168300354], [-0.0872609508736114, 0.6154618244773707, -0.025792828212962162], [-0.022747870801657345, 0.5664696489521566, -0.0671827524497878], [-0.08636394707620143, 0.6729495720825177, -0.09664506951503982], [-0.020822957050128644, 0.6238521885772305, -0.13754793879938138], [-0.021716934414114666, 0.5450637785136476, -0.14130127708226373], [-0.08578736392996208, 0.5158098087854264, -0.10264230262549853], [-0.08443756354024709, 0.5717469551320686, -0.17691331046762085], [-0.15015345461718207, 0.6444138262118165, -0.06390460903212641], [-0.1503744191275088, 0.5663778698978544, -0.06962484343165694], [-0.14962261313290298, 0.6238579595984495, -0.13999631271113705], [-0.14833101218912842, 0.5448898629883151, -0.14375302707110854]] nearest_end=Ok(Some(PrescribedContactFeature { distance_m: 0.00010000000000003123, gap_m: 3.122502256758253e-17, body_face: [10, 3, 7], obstacle_face_index: 3062, body_weights: [0.9893275229484311, 0.010672477051568954, 0.0], obstacle_weights: [0.028049447713970502, 0.0, 0.9719505522860294] })) obstacle_triangle_end=Some([[-0.126679841174613, 0.6754529331010063, -0.06863771476672106], [-0.12282226834155513, 0.7048274105447977, -0.0649863831105906], [-0.08518929683783355, 0.6728915965383779, -0.09686607888652063]])
IMPLICIT_TERMINAL_GEOMETRY dt=1.04166666666666665e-3 body_start=[[-0.08557513615284074, 0.5997557843700345, -0.10353176428543188], [0.0063344005392092055, 0.6027896609699335, -0.10269035245369762], [-0.175473687000569, 0.6041397181914742, -0.10664857817462596], [-0.0866662526056496, 0.6693956112854655, -0.04301095369044647], [-0.08420458529155261, 0.5316888124213148, -0.15889773592399703], [-0.0868357982132819, 0.5602664101969332, -0.05353714123011932], [-0.08449710163736089, 0.6423995750119603, -0.1506729981132332], [-0.0218569881828969, 0.6514029231077987, -0.06328902695666858], [-0.0865205744221276, 0.6201182687254173, -0.02771367513298923], [-0.021130175736287126, 0.5725762198906248, -0.06860157650187029], [-0.09014841327812316, 0.6753325769536295, -0.09599220810037476], [-0.01738514604541686, 0.6324672496124987, -0.13695578644846165], [-0.020167239915029014, 0.5537320621922296, -0.14371386208114253], [-0.0853275118275443, 0.5222993685229224, -0.10701209481705959], [-0.0838062271503315, 0.5831548506386425, -0.17716219383205173], [-0.1512834487079087, 0.6505648228007479, -0.06311795666741694], [-0.15179595938055818, 0.5723114708949938, -0.07176502287902187], [-0.1520882411011682, 0.6315082688141447, -0.1424501334125845], [-0.14904843073721205, 0.5538521678842636, -0.14646184027238032]] body_end=[[-0.08555994865600361, 0.6001524048848063, -0.10371242898568478], [0.006745600548989128, 0.6036674178941082, -0.1030503919679435], [-0.17547135428133645, 0.6051214125077585, -0.10703020776418885], [-0.08664409088032021, 0.6697253811738947, -0.04286008638423716], [-0.08414759761313288, 0.5323985035281219, -0.1591945970564122], [-0.08691571313736143, 0.560805245296944, -0.053236749480684784], [-0.08444467262918143, 0.643081223011639, -0.1506085260966395], [-0.021494519618966916, 0.6519847318503608, -0.06350163433106278], [-0.08623422890906772, 0.620308156006243, -0.027983030823924233], [-0.0211005453501624, 0.5733881136461135, -0.06874669146847279], [-0.09040878695685069, 0.676098120185722, -0.09584294203487168], [-0.017004004089155783, 0.6334209953851826, -0.13657505785675], [-0.020010410070979853, 0.5545984039929145, -0.143761462952992], [-0.0852480826552744, 0.5229640040188126, -0.10762681279993538], [-0.08359846167365835, 0.584521665283375, -0.17714098004728093], [-0.15142670608105716, 0.6510878492933169, -0.06310602254000197], [-0.15188573327327665, 0.5729569079704804, -0.07202159039654886], [-0.15220460452027224, 0.632369575563019, -0.14239799927672622], [-0.149171718160595, 0.5546263571331789, -0.14650053390080994]] nearest_end=Ok(Some(PrescribedContactFeature { distance_m: 0.00010000000000000423, gap_m: 4.228388472693467e-18, body_face: [10, 3, 7], obstacle_face_index: 3062, body_weights: [0.9425169162712655, 0.05748308372873445, 0.0], obstacle_weights: [0.12228945439641524, 0.0, 0.8777105456035847] })) obstacle_triangle_end=Some([[-0.1265575871900793, 0.6784980020630489, -0.0676192414267055], [-0.12272059172734148, 0.7075790279176801, -0.06375824725408999], [-0.08510898195703949, 0.6754584142288202, -0.0962930433153297]])
WIDE_IMPORTED_CONTACT_COMMITTED step=60
WIDE_IMPORTED_CONTACT_COMMITTED step=68
test collision_tests::wide_imported_contact_preserves_open_path_and_energy ... ok

test result: ok. 1 passed; 0 failed; 0 ignored; 0 measured; 32 filtered out; finished in 11.15s

