warning: unexpected `cfg` condition value: `nightly`
 --> crates/physics/src/biomechanics/mod.rs:5:7
  |
5 | #[cfg(feature = "nightly")]
  |       ^^^^^^^^^^^^^^^^^^^ help: remove the condition
  |
  = note: no expected values for `feature`
  = help: consider adding `nightly` as a feature in `Cargo.toml`
  = note: see <https://doc.rust-lang.org/nightly/rustc/check-cfg/cargo-specifics.html> for more information about checking conditional configuration
  = note: `#[warn(unexpected_cfgs)]` on by default

warning: unexpected `cfg` condition value: `nightly`
   --> crates/physics/src/biomechanics/mod.rs:893:7
    |
893 | #[cfg(feature = "nightly")]
    |       ^^^^^^^^^^^^^^^^^^^ help: remove the condition
    |
    = note: no expected values for `feature`
    = help: consider adding `nightly` as a feature in `Cargo.toml`
    = note: see <https://doc.rust-lang.org/nightly/rustc/check-cfg/cargo-specifics.html> for more information about checking conditional configuration

warning: `physics` (lib test) generated 2 warnings
    Finished `release` profile [optimized] target(s) in 0.16s
     Running unittests src/lib.rs (/tmp/voxy-release-120fps-20261007/release/deps/physics-b8ab5053a74b0b10)

running 1 test
append experiment rows=46 compact_width=987 sorted/append seconds and max coordinate difference=[(0.005405834, 0.0025095, 2.4649982254080225e-22), (0.005955791, 0.004570209, 2.4649982254080225e-22), (0.005474542, 0.002554041, 2.4649982254080225e-22), (0.005429542, 0.00255725, 2.4649982254080225e-22), (0.005437208, 0.002535958, 2.4649982254080225e-22), (0.005415625, 0.002594041, 2.4649982254080225e-22), (0.005804583, 0.002703666, 2.4649982254080225e-22)]
test hair::contact_response_system::square_root_qr::tests::captured_guarded_append_order_retains_original_physical_admission ... ok

test result: ok. 1 passed; 0 failed; 0 ignored; 0 measured; 361 filtered out; finished in 0.15s

