TetGen 1.6.1, July 2026.
Opening artifacts/tissue-quality-remesh-2026-10-07/candidate.smesh.
Delaunizing vertices...
Delaunay seconds:  0.010354
Creating surface mesh ...
Surface mesh seconds:  0.001393
Recovering boundaries...
Boundary recovery seconds:  0.005135
Removing exterior tetrahedra ...
Exterior tets removal seconds:  0.001606
Recovering Delaunayness...
Delaunay recovery seconds:  0.002319
Refining mesh...
  3116 insertions, added 874 points, 9053 tetrahedra in queue.
Refinement seconds:  0.038402
Smoothing vertices...
Mesh smoothing seconds:  0.041569
Improving mesh...
Mesh improvement seconds:  0.001586

Writing artifacts/tissue-quality-remesh-2026-10-07/candidate.1.node.
Writing artifacts/tissue-quality-remesh-2026-10-07/candidate.1.ele.
Writing artifacts/tissue-quality-remesh-2026-10-07/candidate.1.face.
Writing artifacts/tissue-quality-remesh-2026-10-07/candidate.1.edge.

Output seconds:  0.011261
Total running seconds:  0.113743
  Checking consistency of mesh...
  In my studied opinion, the mesh appears to be consistent.
  Checking consistency of the mesh boundary...
  Mesh boundaries connected correctly.
  Checking tet->seg connections...
  Checking seg->tet connections...
  Checking seg->seg connections...
  Segments are connected properly.

Statistics:

  Input points: 2338
  Input facets: 4672
  Input segments: 7008
  Input holes: 0
  Input regions: 0

  Mesh points: 3227
  Mesh tetrahedra: 12284
  Mesh faces: 26904
  Mesh faces on exterior boundary: 4672
  Mesh faces on input facets: 4672
  Mesh edges on input segments: 7008
  Steiner points inside domain: 889

