
running 49 tests
test angular_sweep::gap::tests::advancement_never_exceeds_the_exact_gap_over_speed_step ... ok
test angular_sweep::tests::grounded_yaw_and_turning_away_are_certified_over_the_whole_arc ... ok
test angular_sweep::gap::point_tests::enclosing_corner_gaps_do_not_assume_an_exact_rounded_pose ... ok
test angular_sweep::gap::tests::projection_gap_accounts_for_axis_norm_cancellation_and_clearance ... ok
test audio_runtime::tests::same_asset_publications_reload_atomically_and_motion_keeps_cursor ... ok
test angular_sweep::tests::budget_failure_is_explicit_and_tall_yaw_uses_perpendicular_radius ... ok
test audio_runtime::tests::authored_bus_changes_preserve_cursor_and_failed_preflight_preserves_gain ... ok
test audio_runtime::tests::scene_mixer_moves_pauses_preserves_on_failure_and_consumes_one_shots ... ok
test audio_assets::tests::saved_import_config_rejects_unknown_version_and_engine_cap_escape ... ok
test audio_scene::tests::invalid_sources_and_competing_listeners_reject_without_mutation ... ok
test audio_assets::tests::common_catalog_retains_failed_publication_and_scene_uses_successful_replacement ... ok
test angular_sweep::tests::middle_of_half_and_full_turn_hits_even_when_endpoints_are_clear ... ok
test audio_scene::tests::saved_audio_extracts_parent_motion_activity_and_generation_without_graph_borrow ... ok
test behaviors::tests::batch_matches_legacy_activity_capture_deletion_and_reused_handles ... ok
test behaviors::tests::inactive_motion_and_physics_ownership_use_existing_lifecycle ... ok
test behaviors::tests::live_admission_capacity_and_physics_conflicts_preserve_poses ... ok
test behaviors::tests::live_motion_and_grant_denial_do_not_double_apply_ticks ... ok
test convex::tests::oriented_face_contact_is_analytic_and_invariant_to_extent_scale ... ok
test convex::tests::overlap_recovery_and_slope_contact_are_bounded ... ok
test convex::tests::rotated_thin_box_does_not_collide_with_empty_aabb_corner ... ok
test foot_contact::tests::acquisition_distance_validation_and_failed_budget_leave_published_state_intact ... ok
test angular_sweep::tests::clearance_stops_before_nominal_contact_and_checks_stationary_envelopes ... ok
test angular_sweep::tests::rigid_envelope_broadphase_retains_contacts_outside_the_nominal_sweep ... ok
test angular_sweep::tests::whole_body_clearance_accounts_for_pivot_signed_scale_and_evaluation_error ... ok
test audio_assets::tests::common_worker_decodes_wav_and_retains_observations ... ok
test foot_contact::tests::contact_holds_surface_point_through_animation_drift_and_platform_transform ... ok
test foot_contact::tests::missing_or_steep_support_releases_instead_of_transferring_a_planted_foot ... ok
test foot_contact::tests::release_hysteresis_prevents_replanting_until_swing_and_landing_rearms ... ok
test support::tests::a_one_ulp_thickness_change_on_a_wide_platform_releases_the_old_face_anchor ... ok
test support::tests::extreme_finite_inverse_face_vectors_keep_unit_normals_instead_of_zero_or_nan ... ok
test support::tests::invalid_input_capacity_and_budget_failures_do_not_return_partial_ground ... ok
test support::tests::nearest_contact_and_equal_distance_ties_use_stable_owner_identity ... ok
test support::tests::removal_generation_reuse_activity_dimensions_and_foreign_scenes_release_or_reject_anchors ... ok
test support::tests::shared_collision_snapshot_keeps_geometry_extents_and_scene_identity_from_one_revision ... ok
test support::tests::sheared_reflected_support_normals_and_local_anchors_follow_parent_transforms ... ok
test support::tests::support_queries_reuse_character_physics_dynamic_parent_restrictions ... ok
test support::tests::touching_faces_endpoint_hits_parallel_misses_and_corner_normal_ties_are_defined ... ok
test support::tests::unwalkable_first_hit_occludes_lower_ground_and_inside_origins_do_not_plant ... ok
test ui_actions::tests::application_callback_runs_once_at_barrier_and_rejects_expired_or_foreign_events ... ok
test ui_actions::tests::failed_handler_and_full_barrier_discard_all_staged_scene_commands ... ok
test ui_actions::tests::foreign_command_queue_rejects_before_callback_and_preserves_pending_event ... ok
test ui_runtime::tests::invalid_refresh_preserves_last_good_and_action_changes_cancel_capture ... ok
test ui_runtime::tests::shared_pointer_focus_disabled_occlusion_and_generation_replacement ... ok
test ui_scene::tests::aggregate_text_budget_counts_inactive_elements_before_publication ... ok
test angular_sweep::tests::projection_extrema_bound_independent_quaternion_samples ... ok
test ui_scene::tests::nested_layout_uses_ui_ancestry_clips_and_inherited_activity ... ok
test ui_scene::tests::strict_registered_unicode_descriptors_round_trip_and_validate_bounds ... ok
test audio_assets::tests::cached_wav_revalidates_inputs_and_repairs_corrupt_artifact ... ok
test audio_assets::tests::import_config_save_round_trip_and_invalid_edit_preserve_previous_file ... ok

test result: ok. 49 passed; 0 failed; 0 ignored; 0 measured; 0 filtered out; finished in 0.03s

